
> loveall@0.0.0 test
> vitest --run


 RUN  v4.1.9 /Users/midhunvmanikkath/Documents/PROJECTS/LOVEALL/APP/shuttlecoach

 ❯ src/components/PaymentsTabSkeleton.test.tsx (13 tests | 2 failed) 137ms
     × renders table structure skeleton 9ms
     × renders responsive grid layout for filters 7ms
 ❯ src/components/AssignmentPanel.test.tsx (14 tests | 6 failed) 266ms
     × renders assignment form when coach is selected 32ms
     × unassigns coach from batch 6ms
     × unassigns coach from individual student 4ms
     × shows "no assignments" message when coach has no assignments 4ms
     × shows message when all batches are assigned 4ms
     × shows message when all students are assigned 6ms
Not implemented: navigation to another Document
Not implemented: navigation to another Document
Not implemented: navigation to another Document
stderr | src/contexts/AuthContext.property.test.tsx > AuthContext - Property-Based Tests > Property: Successful login results in authenticated state with all required fields
Login error: AxiosError: Request failed with status code 401
    at settle (file:///Users/midhunvmanikkath/Documents/PROJECTS/LOVEALL/APP/shuttlecoach/node_modules/axios/lib/core/settle.js:19:12)
    at XMLHttpRequest.onloadend (file:///Users/midhunvmanikkath/Documents/PROJECTS/LOVEALL/APP/shuttlecoach/node_modules/axios/lib/adapters/xhr.js:63:9)
    at XMLHttpRequest.invokeTheCallbackFunction (/Users/midhunvmanikkath/Documents/PROJECTS/LOVEALL/APP/shuttlecoach/node_modules/jsdom/lib/generated/idl/EventHandlerNonNull.js:14:28)
    at XMLHttpRequest.<anonymous> (/Users/midhunvmanikkath/Documents/PROJECTS/LOVEALL/APP/shuttlecoach/node_modules/jsdom/lib/jsdom/living/helpers/create-event-accessor.js:57:32)
    at innerInvokeEventListeners (/Users/midhunvmanikkath/Documents/PROJECTS/LOVEALL/APP/shuttlecoach/node_modules/jsdom/lib/jsdom/living/events/EventTarget-impl.js:360:16)
    at invokeEventListeners (/Users/midhunvmanikkath/Documents/PROJECTS/LOVEALL/APP/shuttlecoach/node_modules/jsdom/lib/jsdom/living/events/EventTarget-impl.js:296:3)
    at XMLHttpRequestImpl._dispatch (/Users/midhunvmanikkath/Documents/PROJECTS/LOVEALL/APP/shuttlecoach/node_modules/jsdom/lib/jsdom/living/events/EventTarget-impl.js:243:9)
    at fireAnEvent (/Users/midhunvmanikkath/Documents/PROJECTS/LOVEALL/APP/shuttlecoach/node_modules/jsdom/lib/jsdom/living/helpers/events.js:18:36)
    at /Users/midhunvmanikkath/Documents/PROJECTS/LOVEALL/APP/shuttlecoach/node_modules/jsdom/lib/jsdom/living/xhr/XMLHttpRequest-impl.js:860:11
    at processTicksAndRejections (node:internal/process/task_queues:103:5)
    at Axios.request (file:///Users/midhunvmanikkath/Documents/PROJECTS/LOVEALL/APP/shuttlecoach/node_modules/axios/lib/core/Axios.js:46:41)
    at processTicksAndRejections (node:internal/process/task_queues:103:5)
    at Object.login (/Users/midhunvmanikkath/Documents/PROJECTS/LOVEALL/APP/shuttlecoach/src/contexts/AuthContext.tsx:70:24)
    at /Users/midhunvmanikkath/Documents/PROJECTS/LOVEALL/APP/shuttlecoach/src/contexts/AuthContext.property.test.tsx:48:7
    at file:///Users/midhunvmanikkath/Documents/PROJECTS/LOVEALL/APP/shuttlecoach/node_modules/@vitest/runner/dist/chunk-artifact.js:1903:20 {
  isAxiosError: true,
  code: 'ERR_BAD_REQUEST',
  config: [Object: null prototype] {
    transitional: {
      silentJSONParsing: true,
      forcedJSONParsing: true,
      clarifyTimeoutError: false,
      legacyInterceptorReqResOrdering: true,
      advertiseZstdAcceptEncoding: false,
      validateStatusUndefinedResolves: true
    },
    adapter: [ 'xhr', 'http', 'fetch' ],
    transformRequest: [ [Function: transformRequest] ],
    transformResponse: [ [Function: transformResponse] ],
    timeout: 30000,
    xsrfCookieName: 'XSRF-TOKEN',
    xsrfHeaderName: 'X-XSRF-TOKEN',
    maxContentLength: -1,
    maxBodyLength: -1,
    env: { FormData: [Function], Blob: [class Blob] },
    validateStatus: [Function: validateStatus],
    headers: Object [AxiosHeaders] {
      Accept: 'application/json, text/plain, */*',
      'Content-Type': 'application/json'
    },
    baseURL: 'http://localhost:5000/api',
    method: 'post',
    url: '/auth/login',
    data: '{"username":"head_coach","password":"password123"}',
    allowAbsoluteUrls: true
  },
  request: XMLHttpRequest {},
  response: {
    data: { error: 'Invalid credentials' },
    status: 401,
    statusText: 'Unauthorized',
    headers: Object [AxiosHeaders] {
      'content-type': 'application/json; charset=utf-8',
      'content-length': '31'
    },
    config: [Object: null prototype] {
      transitional: [Object],
      adapter: [Array],
      transformRequest: [Array],
      transformResponse: [Array],
      timeout: 30000,
      xsrfCookieName: 'XSRF-TOKEN',
      xsrfHeaderName: 'X-XSRF-TOKEN',
      maxContentLength: -1,
      maxBodyLength: -1,
      env: [Object],
      validateStatus: [Function: validateStatus],
      headers: [Object [AxiosHeaders]],
      baseURL: 'http://localhost:5000/api',
      method: 'post',
      url: '/auth/login',
      data: '{"username":"head_coach","password":"password123"}',
      allowAbsoluteUrls: true
    },
    request: XMLHttpRequest {}
  },
  status: 401
}

stderr | src/contexts/AuthContext.test.tsx > AuthContext > Login functionality > should successfully login with valid HEAD_COACH credentials
Login error: AxiosError: Request failed with status code 401
    at settle (file:///Users/midhunvmanikkath/Documents/PROJECTS/LOVEALL/APP/shuttlecoach/node_modules/axios/lib/core/settle.js:19:12)
    at XMLHttpRequest.onloadend (file:///Users/midhunvmanikkath/Documents/PROJECTS/LOVEALL/APP/shuttlecoach/node_modules/axios/lib/adapters/xhr.js:63:9)
    at XMLHttpRequest.invokeTheCallbackFunction (/Users/midhunvmanikkath/Documents/PROJECTS/LOVEALL/APP/shuttlecoach/node_modules/jsdom/lib/generated/idl/EventHandlerNonNull.js:14:28)
    at XMLHttpRequest.<anonymous> (/Users/midhunvmanikkath/Documents/PROJECTS/LOVEALL/APP/shuttlecoach/node_modules/jsdom/lib/jsdom/living/helpers/create-event-accessor.js:57:32)
    at innerInvokeEventListeners (/Users/midhunvmanikkath/Documents/PROJECTS/LOVEALL/APP/shuttlecoach/node_modules/jsdom/lib/jsdom/living/events/EventTarget-impl.js:360:16)
    at invokeEventListeners (/Users/midhunvmanikkath/Documents/PROJECTS/LOVEALL/APP/shuttlecoach/node_modules/jsdom/lib/jsdom/living/events/EventTarget-impl.js:296:3)
    at XMLHttpRequestImpl._dispatch (/Users/midhunvmanikkath/Documents/PROJECTS/LOVEALL/APP/shuttlecoach/node_modules/jsdom/lib/jsdom/living/events/EventTarget-impl.js:243:9)
    at fireAnEvent (/Users/midhunvmanikkath/Documents/PROJECTS/LOVEALL/APP/shuttlecoach/node_modules/jsdom/lib/jsdom/living/helpers/events.js:18:36)
    at /Users/midhunvmanikkath/Documents/PROJECTS/LOVEALL/APP/shuttlecoach/node_modules/jsdom/lib/jsdom/living/xhr/XMLHttpRequest-impl.js:860:11
    at processTicksAndRejections (node:internal/process/task_queues:103:5)
    at Axios.request (file:///Users/midhunvmanikkath/Documents/PROJECTS/LOVEALL/APP/shuttlecoach/node_modules/axios/lib/core/Axios.js:46:41)
    at processTicksAndRejections (node:internal/process/task_queues:103:5)
    at Object.login (/Users/midhunvmanikkath/Documents/PROJECTS/LOVEALL/APP/shuttlecoach/src/contexts/AuthContext.tsx:70:24)
    at /Users/midhunvmanikkath/Documents/PROJECTS/LOVEALL/APP/shuttlecoach/src/contexts/AuthContext.test.tsx:122:7
    at file:///Users/midhunvmanikkath/Documents/PROJECTS/LOVEALL/APP/shuttlecoach/node_modules/@vitest/runner/dist/chunk-artifact.js:1903:20 {
  isAxiosError: true,
  code: 'ERR_BAD_REQUEST',
  config: [Object: null prototype] {
    transitional: {
      silentJSONParsing: true,
      forcedJSONParsing: true,
      clarifyTimeoutError: false,
      legacyInterceptorReqResOrdering: true,
      advertiseZstdAcceptEncoding: false,
      validateStatusUndefinedResolves: true
    },
    adapter: [ 'xhr', 'http', 'fetch' ],
    transformRequest: [ [Function: transformRequest] ],
    transformResponse: [ [Function: transformResponse] ],
    timeout: 30000,
    xsrfCookieName: 'XSRF-TOKEN',
    xsrfHeaderName: 'X-XSRF-TOKEN',
    maxContentLength: -1,
    maxBodyLength: -1,
    env: { FormData: [Function], Blob: [class Blob] },
    validateStatus: [Function: validateStatus],
    headers: Object [AxiosHeaders] {
      Accept: 'application/json, text/plain, */*',
      'Content-Type': 'application/json'
    },
    baseURL: 'http://localhost:5000/api',
    method: 'post',
    url: '/auth/login',
    data: '{"username":"head_coach","password":"password123"}',
    allowAbsoluteUrls: true
  },
  request: XMLHttpRequest {},
  response: {
    data: { error: 'Invalid credentials' },
    status: 401,
    statusText: 'Unauthorized',
    headers: Object [AxiosHeaders] {
      'content-type': 'application/json; charset=utf-8',
      'content-length': '31'
    },
    config: [Object: null prototype] {
      transitional: [Object],
      adapter: [Array],
      transformRequest: [Array],
      transformResponse: [Array],
      timeout: 30000,
      xsrfCookieName: 'XSRF-TOKEN',
      xsrfHeaderName: 'X-XSRF-TOKEN',
      maxContentLength: -1,
      maxBodyLength: -1,
      env: [Object],
      validateStatus: [Function: validateStatus],
      headers: [Object [AxiosHeaders]],
      baseURL: 'http://localhost:5000/api',
      method: 'post',
      url: '/auth/login',
      data: '{"username":"head_coach","password":"password123"}',
      allowAbsoluteUrls: true
    },
    request: XMLHttpRequest {}
  },
  status: 401
}

Not implemented: navigation to another Document
Not implemented: navigation to another Document
 ❯ src/components/CoachPaymentsTab.test.tsx (10 tests | 4 failed) 513ms
       × should show Clear Filters button when filters are active 207ms
       × should clear all filters when Clear Filters button is clicked 93ms
       × should display table with both fees and expenses 12ms
       × should show financial summary cards with updated values 14ms
Not implemented: navigation to another Document
stderr | src/contexts/AuthContext.property.test.tsx > AuthContext - Property-Based Tests > Property: Invalid credentials always fail and leave state unauthenticated
Login error: AxiosError: Request failed with status code 401
    at settle (file:///Users/midhunvmanikkath/Documents/PROJECTS/LOVEALL/APP/shuttlecoach/node_modules/axios/lib/core/settle.js:19:12)
    at XMLHttpRequest.onloadend (file:///Users/midhunvmanikkath/Documents/PROJECTS/LOVEALL/APP/shuttlecoach/node_modules/axios/lib/adapters/xhr.js:63:9)
    at XMLHttpRequest.invokeTheCallbackFunction (/Users/midhunvmanikkath/Documents/PROJECTS/LOVEALL/APP/shuttlecoach/node_modules/jsdom/lib/generated/idl/EventHandlerNonNull.js:14:28)
    at XMLHttpRequest.<anonymous> (/Users/midhunvmanikkath/Documents/PROJECTS/LOVEALL/APP/shuttlecoach/node_modules/jsdom/lib/jsdom/living/helpers/create-event-accessor.js:57:32)
    at innerInvokeEventListeners (/Users/midhunvmanikkath/Documents/PROJECTS/LOVEALL/APP/shuttlecoach/node_modules/jsdom/lib/jsdom/living/events/EventTarget-impl.js:360:16)
    at invokeEventListeners (/Users/midhunvmanikkath/Documents/PROJECTS/LOVEALL/APP/shuttlecoach/node_modules/jsdom/lib/jsdom/living/events/EventTarget-impl.js:296:3)
    at XMLHttpRequestImpl._dispatch (/Users/midhunvmanikkath/Documents/PROJECTS/LOVEALL/APP/shuttlecoach/node_modules/jsdom/lib/jsdom/living/events/EventTarget-impl.js:243:9)
    at fireAnEvent (/Users/midhunvmanikkath/Documents/PROJECTS/LOVEALL/APP/shuttlecoach/node_modules/jsdom/lib/jsdom/living/helpers/events.js:18:36)
    at /Users/midhunvmanikkath/Documents/PROJECTS/LOVEALL/APP/shuttlecoach/node_modules/jsdom/lib/jsdom/living/xhr/XMLHttpRequest-impl.js:860:11
    at processTicksAndRejections (node:internal/process/task_queues:103:5)
    at Axios.request (file:///Users/midhunvmanikkath/Documents/PROJECTS/LOVEALL/APP/shuttlecoach/node_modules/axios/lib/core/Axios.js:46:41)
    at processTicksAndRejections (node:internal/process/task_queues:103:5)
    at Object.login (/Users/midhunvmanikkath/Documents/PROJECTS/LOVEALL/APP/shuttlecoach/src/contexts/AuthContext.tsx:70:24)
    at /Users/midhunvmanikkath/Documents/PROJECTS/LOVEALL/APP/shuttlecoach/src/contexts/AuthContext.property.test.tsx:112:9
    at file:///Users/midhunvmanikkath/Documents/PROJECTS/LOVEALL/APP/shuttlecoach/node_modules/@vitest/runner/dist/chunk-artifact.js:1903:20 {
  isAxiosError: true,
  code: 'ERR_BAD_REQUEST',
  config: [Object: null prototype] {
    transitional: {
      silentJSONParsing: true,
      forcedJSONParsing: true,
      clarifyTimeoutError: false,
      legacyInterceptorReqResOrdering: true,
      advertiseZstdAcceptEncoding: false,
      validateStatusUndefinedResolves: true
    },
    adapter: [ 'xhr', 'http', 'fetch' ],
    transformRequest: [ [Function: transformRequest] ],
    transformResponse: [ [Function: transformResponse] ],
    timeout: 30000,
    xsrfCookieName: 'XSRF-TOKEN',
    xsrfHeaderName: 'X-XSRF-TOKEN',
    maxContentLength: -1,
    maxBodyLength: -1,
    env: { FormData: [Function], Blob: [class Blob] },
    validateStatus: [Function: validateStatus],
    headers: Object [AxiosHeaders] {
      Accept: 'application/json, text/plain, */*',
      'Content-Type': 'application/json'
    },
    baseURL: 'http://localhost:5000/api',
    method: 'post',
    url: '/auth/login',
    data: '{"username":"nonexistent_user","password":"password123"}',
    allowAbsoluteUrls: true
  },
  request: XMLHttpRequest {},
  response: {
    data: { error: 'Invalid credentials' },
    status: 401,
    statusText: 'Unauthorized',
    headers: Object [AxiosHeaders] {
      'content-type': 'application/json; charset=utf-8',
      'content-length': '31'
    },
    config: [Object: null prototype] {
      transitional: [Object],
      adapter: [Array],
      transformRequest: [Array],
      transformResponse: [Array],
      timeout: 30000,
      xsrfCookieName: 'XSRF-TOKEN',
      xsrfHeaderName: 'X-XSRF-TOKEN',
      maxContentLength: -1,
      maxBodyLength: -1,
      env: [Object],
      validateStatus: [Function: validateStatus],
      headers: [Object [AxiosHeaders]],
      baseURL: 'http://localhost:5000/api',
      method: 'post',
      url: '/auth/login',
      data: '{"username":"nonexistent_user","password":"password123"}',
      allowAbsoluteUrls: true
    },
    request: XMLHttpRequest {}
  },
  status: 401
}

Not implemented: navigation to another Document
stderr | src/contexts/AuthContext.test.tsx > AuthContext > Login functionality > should successfully login with valid ASSISTANT_COACH credentials
Login error: AxiosError: Request failed with status code 401
    at settle (file:///Users/midhunvmanikkath/Documents/PROJECTS/LOVEALL/APP/shuttlecoach/node_modules/axios/lib/core/settle.js:19:12)
    at XMLHttpRequest.onloadend (file:///Users/midhunvmanikkath/Documents/PROJECTS/LOVEALL/APP/shuttlecoach/node_modules/axios/lib/adapters/xhr.js:63:9)
    at XMLHttpRequest.invokeTheCallbackFunction (/Users/midhunvmanikkath/Documents/PROJECTS/LOVEALL/APP/shuttlecoach/node_modules/jsdom/lib/generated/idl/EventHandlerNonNull.js:14:28)
    at XMLHttpRequest.<anonymous> (/Users/midhunvmanikkath/Documents/PROJECTS/LOVEALL/APP/shuttlecoach/node_modules/jsdom/lib/jsdom/living/helpers/create-event-accessor.js:57:32)
    at innerInvokeEventListeners (/Users/midhunvmanikkath/Documents/PROJECTS/LOVEALL/APP/shuttlecoach/node_modules/jsdom/lib/jsdom/living/events/EventTarget-impl.js:360:16)
    at invokeEventListeners (/Users/midhunvmanikkath/Documents/PROJECTS/LOVEALL/APP/shuttlecoach/node_modules/jsdom/lib/jsdom/living/events/EventTarget-impl.js:296:3)
    at XMLHttpRequestImpl._dispatch (/Users/midhunvmanikkath/Documents/PROJECTS/LOVEALL/APP/shuttlecoach/node_modules/jsdom/lib/jsdom/living/events/EventTarget-impl.js:243:9)
    at fireAnEvent (/Users/midhunvmanikkath/Documents/PROJECTS/LOVEALL/APP/shuttlecoach/node_modules/jsdom/lib/jsdom/living/helpers/events.js:18:36)
    at /Users/midhunvmanikkath/Documents/PROJECTS/LOVEALL/APP/shuttlecoach/node_modules/jsdom/lib/jsdom/living/xhr/XMLHttpRequest-impl.js:860:11
    at processTicksAndRejections (node:internal/process/task_queues:103:5)
    at Axios.request (file:///Users/midhunvmanikkath/Documents/PROJECTS/LOVEALL/APP/shuttlecoach/node_modules/axios/lib/core/Axios.js:46:41)
    at processTicksAndRejections (node:internal/process/task_queues:103:5)
    at Object.login (/Users/midhunvmanikkath/Documents/PROJECTS/LOVEALL/APP/shuttlecoach/src/contexts/AuthContext.tsx:70:24)
    at /Users/midhunvmanikkath/Documents/PROJECTS/LOVEALL/APP/shuttlecoach/src/contexts/AuthContext.test.tsx:152:7
    at file:///Users/midhunvmanikkath/Documents/PROJECTS/LOVEALL/APP/shuttlecoach/node_modules/@vitest/runner/dist/chunk-artifact.js:1903:20 {
  isAxiosError: true,
  code: 'ERR_BAD_REQUEST',
  config: [Object: null prototype] {
    transitional: {
      silentJSONParsing: true,
      forcedJSONParsing: true,
      clarifyTimeoutError: false,
      legacyInterceptorReqResOrdering: true,
      advertiseZstdAcceptEncoding: false,
      validateStatusUndefinedResolves: true
    },
    adapter: [ 'xhr', 'http', 'fetch' ],
    transformRequest: [ [Function: transformRequest] ],
    transformResponse: [ [Function: transformResponse] ],
    timeout: 30000,
    xsrfCookieName: 'XSRF-TOKEN',
    xsrfHeaderName: 'X-XSRF-TOKEN',
    maxContentLength: -1,
    maxBodyLength: -1,
    env: { FormData: [Function], Blob: [class Blob] },
    validateStatus: [Function: validateStatus],
    headers: Object [AxiosHeaders] {
      Accept: 'application/json, text/plain, */*',
      'Content-Type': 'application/json'
    },
    baseURL: 'http://localhost:5000/api',
    method: 'post',
    url: '/auth/login',
    data: '{"username":"assistant_coach1","password":"password123"}',
    allowAbsoluteUrls: true
  },
  request: XMLHttpRequest {},
  response: {
    data: { error: 'Invalid credentials' },
    status: 401,
    statusText: 'Unauthorized',
    headers: Object [AxiosHeaders] {
      'content-type': 'application/json; charset=utf-8',
      'content-length': '31'
    },
    config: [Object: null prototype] {
      transitional: [Object],
      adapter: [Array],
      transformRequest: [Array],
      transformResponse: [Array],
      timeout: 30000,
      xsrfCookieName: 'XSRF-TOKEN',
      xsrfHeaderName: 'X-XSRF-TOKEN',
      maxContentLength: -1,
      maxBodyLength: -1,
      env: [Object],
      validateStatus: [Function: validateStatus],
      headers: [Object [AxiosHeaders]],
      baseURL: 'http://localhost:5000/api',
      method: 'post',
      url: '/auth/login',
      data: '{"username":"assistant_coach1","password":"password123"}',
      allowAbsoluteUrls: true
    },
    request: XMLHttpRequest {}
  },
  status: 401
}

Not implemented: navigation to another Document
stderr | src/contexts/AuthContext.property.test.tsx > AuthContext - Property-Based Tests > Property: Logout always clears all authentication state and localStorage
Login error: AxiosError: Request failed with status code 401
    at settle (file:///Users/midhunvmanikkath/Documents/PROJECTS/LOVEALL/APP/shuttlecoach/node_modules/axios/lib/core/settle.js:19:12)
    at XMLHttpRequest.onloadend (file:///Users/midhunvmanikkath/Documents/PROJECTS/LOVEALL/APP/shuttlecoach/node_modules/axios/lib/adapters/xhr.js:63:9)
    at XMLHttpRequest.invokeTheCallbackFunction (/Users/midhunvmanikkath/Documents/PROJECTS/LOVEALL/APP/shuttlecoach/node_modules/jsdom/lib/generated/idl/EventHandlerNonNull.js:14:28)
    at XMLHttpRequest.<anonymous> (/Users/midhunvmanikkath/Documents/PROJECTS/LOVEALL/APP/shuttlecoach/node_modules/jsdom/lib/jsdom/living/helpers/create-event-accessor.js:57:32)
    at innerInvokeEventListeners (/Users/midhunvmanikkath/Documents/PROJECTS/LOVEALL/APP/shuttlecoach/node_modules/jsdom/lib/jsdom/living/events/EventTarget-impl.js:360:16)
    at invokeEventListeners (/Users/midhunvmanikkath/Documents/PROJECTS/LOVEALL/APP/shuttlecoach/node_modules/jsdom/lib/jsdom/living/events/EventTarget-impl.js:296:3)
    at XMLHttpRequestImpl._dispatch (/Users/midhunvmanikkath/Documents/PROJECTS/LOVEALL/APP/shuttlecoach/node_modules/jsdom/lib/jsdom/living/events/EventTarget-impl.js:243:9)
    at fireAnEvent (/Users/midhunvmanikkath/Documents/PROJECTS/LOVEALL/APP/shuttlecoach/node_modules/jsdom/lib/jsdom/living/helpers/events.js:18:36)
    at /Users/midhunvmanikkath/Documents/PROJECTS/LOVEALL/APP/shuttlecoach/node_modules/jsdom/lib/jsdom/living/xhr/XMLHttpRequest-impl.js:860:11
    at processTicksAndRejections (node:internal/process/task_queues:103:5)
    at Axios.request (file:///Users/midhunvmanikkath/Documents/PROJECTS/LOVEALL/APP/shuttlecoach/node_modules/axios/lib/core/Axios.js:46:41)
    at processTicksAndRejections (node:internal/process/task_queues:103:5)
    at Object.login (/Users/midhunvmanikkath/Documents/PROJECTS/LOVEALL/APP/shuttlecoach/src/contexts/AuthContext.tsx:70:24)
    at /Users/midhunvmanikkath/Documents/PROJECTS/LOVEALL/APP/shuttlecoach/src/contexts/AuthContext.property.test.tsx:156:5
    at file:///Users/midhunvmanikkath/Documents/PROJECTS/LOVEALL/APP/shuttlecoach/node_modules/@vitest/runner/dist/chunk-artifact.js:1903:20 {
  isAxiosError: true,
  code: 'ERR_BAD_REQUEST',
  config: [Object: null prototype] {
    transitional: {
      silentJSONParsing: true,
      forcedJSONParsing: true,
      clarifyTimeoutError: false,
      legacyInterceptorReqResOrdering: true,
      advertiseZstdAcceptEncoding: false,
      validateStatusUndefinedResolves: true
    },
    adapter: [ 'xhr', 'http', 'fetch' ],
    transformRequest: [ [Function: transformRequest] ],
    transformResponse: [ [Function: transformResponse] ],
    timeout: 30000,
    xsrfCookieName: 'XSRF-TOKEN',
    xsrfHeaderName: 'X-XSRF-TOKEN',
    maxContentLength: -1,
    maxBodyLength: -1,
    env: { FormData: [Function], Blob: [class Blob] },
    validateStatus: [Function: validateStatus],
    headers: Object [AxiosHeaders] {
      Accept: 'application/json, text/plain, */*',
      'Content-Type': 'application/json'
    },
    baseURL: 'http://localhost:5000/api',
    method: 'post',
    url: '/auth/login',
    data: '{"username":"head_coach","password":"password123"}',
    allowAbsoluteUrls: true
  },
  request: XMLHttpRequest {},
  response: {
    data: { error: 'Invalid credentials' },
    status: 401,
    statusText: 'Unauthorized',
    headers: Object [AxiosHeaders] {
      'content-type': 'application/json; charset=utf-8',
      'content-length': '31'
    },
    config: [Object: null prototype] {
      transitional: [Object],
      adapter: [Array],
      transformRequest: [Array],
      transformResponse: [Array],
      timeout: 30000,
      xsrfCookieName: 'XSRF-TOKEN',
      xsrfHeaderName: 'X-XSRF-TOKEN',
      maxContentLength: -1,
      maxBodyLength: -1,
      env: [Object],
      validateStatus: [Function: validateStatus],
      headers: [Object [AxiosHeaders]],
      baseURL: 'http://localhost:5000/api',
      method: 'post',
      url: '/auth/login',
      data: '{"username":"head_coach","password":"password123"}',
      allowAbsoluteUrls: true
    },
    request: XMLHttpRequest {}
  },
  status: 401
}

stderr | src/contexts/AuthContext.property.test.tsx > AuthContext - Property-Based Tests > Property: localStorage correctly persists and restores authentication state
Login error: AxiosError: Request failed with status code 401
    at settle (file:///Users/midhunvmanikkath/Documents/PROJECTS/LOVEALL/APP/shuttlecoach/node_modules/axios/lib/core/settle.js:19:12)
    at XMLHttpRequest.onloadend (file:///Users/midhunvmanikkath/Documents/PROJECTS/LOVEALL/APP/shuttlecoach/node_modules/axios/lib/adapters/xhr.js:63:9)
    at XMLHttpRequest.invokeTheCallbackFunction (/Users/midhunvmanikkath/Documents/PROJECTS/LOVEALL/APP/shuttlecoach/node_modules/jsdom/lib/generated/idl/EventHandlerNonNull.js:14:28)
    at XMLHttpRequest.<anonymous> (/Users/midhunvmanikkath/Documents/PROJECTS/LOVEALL/APP/shuttlecoach/node_modules/jsdom/lib/jsdom/living/helpers/create-event-accessor.js:57:32)
    at innerInvokeEventListeners (/Users/midhunvmanikkath/Documents/PROJECTS/LOVEALL/APP/shuttlecoach/node_modules/jsdom/lib/jsdom/living/events/EventTarget-impl.js:360:16)
    at invokeEventListeners (/Users/midhunvmanikkath/Documents/PROJECTS/LOVEALL/APP/shuttlecoach/node_modules/jsdom/lib/jsdom/living/events/EventTarget-impl.js:296:3)
    at XMLHttpRequestImpl._dispatch (/Users/midhunvmanikkath/Documents/PROJECTS/LOVEALL/APP/shuttlecoach/node_modules/jsdom/lib/jsdom/living/events/EventTarget-impl.js:243:9)
    at fireAnEvent (/Users/midhunvmanikkath/Documents/PROJECTS/LOVEALL/APP/shuttlecoach/node_modules/jsdom/lib/jsdom/living/helpers/events.js:18:36)
    at /Users/midhunvmanikkath/Documents/PROJECTS/LOVEALL/APP/shuttlecoach/node_modules/jsdom/lib/jsdom/living/xhr/XMLHttpRequest-impl.js:860:11
    at processTicksAndRejections (node:internal/process/task_queues:103:5)
    at Axios.request (file:///Users/midhunvmanikkath/Documents/PROJECTS/LOVEALL/APP/shuttlecoach/node_modules/axios/lib/core/Axios.js:46:41)
    at processTicksAndRejections (node:internal/process/task_queues:103:5)
    at Object.login (/Users/midhunvmanikkath/Documents/PROJECTS/LOVEALL/APP/shuttlecoach/src/contexts/AuthContext.tsx:70:24)
    at /Users/midhunvmanikkath/Documents/PROJECTS/LOVEALL/APP/shuttlecoach/src/contexts/AuthContext.property.test.tsx:208:5
    at file:///Users/midhunvmanikkath/Documents/PROJECTS/LOVEALL/APP/shuttlecoach/node_modules/@vitest/runner/dist/chunk-artifact.js:1903:20 {
  isAxiosError: true,
  code: 'ERR_BAD_REQUEST',
  config: [Object: null prototype] {
    transitional: {
      silentJSONParsing: true,
      forcedJSONParsing: true,
      clarifyTimeoutError: false,
      legacyInterceptorReqResOrdering: true,
      advertiseZstdAcceptEncoding: false,
      validateStatusUndefinedResolves: true
    },
    adapter: [ 'xhr', 'http', 'fetch' ],
    transformRequest: [ [Function: transformRequest] ],
    transformResponse: [ [Function: transformResponse] ],
    timeout: 30000,
    xsrfCookieName: 'XSRF-TOKEN',
    xsrfHeaderName: 'X-XSRF-TOKEN',
    maxContentLength: -1,
    maxBodyLength: -1,
    env: { FormData: [Function], Blob: [class Blob] },
    validateStatus: [Function: validateStatus],
    headers: Object [AxiosHeaders] {
      Accept: 'application/json, text/plain, */*',
      'Content-Type': 'application/json'
    },
    baseURL: 'http://localhost:5000/api',
    method: 'post',
    url: '/auth/login',
    data: '{"username":"assistant_coach1","password":"password123"}',
    allowAbsoluteUrls: true
  },
  request: XMLHttpRequest {},
  response: {
    data: { error: 'Invalid credentials' },
    status: 401,
    statusText: 'Unauthorized',
    headers: Object [AxiosHeaders] {
      'content-type': 'application/json; charset=utf-8',
      'content-length': '31'
    },
    config: [Object: null prototype] {
      transitional: [Object],
      adapter: [Array],
      transformRequest: [Array],
      transformResponse: [Array],
      timeout: 30000,
      xsrfCookieName: 'XSRF-TOKEN',
      xsrfHeaderName: 'X-XSRF-TOKEN',
      maxContentLength: -1,
      maxBodyLength: -1,
      env: [Object],
      validateStatus: [Function: validateStatus],
      headers: [Object [AxiosHeaders]],
      baseURL: 'http://localhost:5000/api',
      method: 'post',
      url: '/auth/login',
      data: '{"username":"assistant_coach1","password":"password123"}',
      allowAbsoluteUrls: true
    },
    request: XMLHttpRequest {}
  },
  status: 401
}

Not implemented: navigation to another Document
stderr | src/components/CoachBatchesTab.test.tsx
Failed to fetch available batches: AxiosError: Request failed with status code 404
    at settle (file:///Users/midhunvmanikkath/Documents/PROJECTS/LOVEALL/APP/shuttlecoach/node_modules/axios/lib/core/settle.js:19:12)
    at XMLHttpRequest.onloadend (file:///Users/midhunvmanikkath/Documents/PROJECTS/LOVEALL/APP/shuttlecoach/node_modules/axios/lib/adapters/xhr.js:63:9)
    at XMLHttpRequest.invokeTheCallbackFunction (/Users/midhunvmanikkath/Documents/PROJECTS/LOVEALL/APP/shuttlecoach/node_modules/jsdom/lib/generated/idl/EventHandlerNonNull.js:14:28)
    at XMLHttpRequest.<anonymous> (/Users/midhunvmanikkath/Documents/PROJECTS/LOVEALL/APP/shuttlecoach/node_modules/jsdom/lib/jsdom/living/helpers/create-event-accessor.js:57:32)
    at innerInvokeEventListeners (/Users/midhunvmanikkath/Documents/PROJECTS/LOVEALL/APP/shuttlecoach/node_modules/jsdom/lib/jsdom/living/events/EventTarget-impl.js:360:16)
    at invokeEventListeners (/Users/midhunvmanikkath/Documents/PROJECTS/LOVEALL/APP/shuttlecoach/node_modules/jsdom/lib/jsdom/living/events/EventTarget-impl.js:296:3)
    at XMLHttpRequestImpl._dispatch (/Users/midhunvmanikkath/Documents/PROJECTS/LOVEALL/APP/shuttlecoach/node_modules/jsdom/lib/jsdom/living/events/EventTarget-impl.js:243:9)
    at fireAnEvent (/Users/midhunvmanikkath/Documents/PROJECTS/LOVEALL/APP/shuttlecoach/node_modules/jsdom/lib/jsdom/living/helpers/events.js:18:36)
    at /Users/midhunvmanikkath/Documents/PROJECTS/LOVEALL/APP/shuttlecoach/node_modules/jsdom/lib/jsdom/living/xhr/XMLHttpRequest-impl.js:860:11
    at processTicksAndRejections (node:internal/process/task_queues:103:5)
    at Axios.request (file:///Users/midhunvmanikkath/Documents/PROJECTS/LOVEALL/APP/shuttlecoach/node_modules/axios/lib/core/Axios.js:46:41)
    at processTicksAndRejections (node:internal/process/task_queues:103:5)
    at fetchAvailableBatches (/Users/midhunvmanikkath/Documents/PROJECTS/LOVEALL/APP/shuttlecoach/src/components/AddBatchModal.tsx:54:24) {
  isAxiosError: true,
  code: 'ERR_BAD_REQUEST',
  config: [Object: null prototype] {
    transitional: {
      silentJSONParsing: true,
      forcedJSONParsing: true,
      clarifyTimeoutError: false,
      legacyInterceptorReqResOrdering: true,
      advertiseZstdAcceptEncoding: false,
      validateStatusUndefinedResolves: true
    },
    adapter: [ 'xhr', 'http', 'fetch' ],
    transformRequest: [ [Function: transformRequest] ],
    transformResponse: [ [Function: transformResponse] ],
    timeout: 30000,
    xsrfCookieName: 'XSRF-TOKEN',
    xsrfHeaderName: 'X-XSRF-TOKEN',
    maxContentLength: -1,
    maxBodyLength: -1,
    env: { FormData: [Function], Blob: [class Blob] },
    validateStatus: [Function: validateStatus],
    headers: Object [AxiosHeaders] {
      Accept: 'application/json, text/plain, */*',
      'Content-Type': 'application/json'
    },
    baseURL: 'http://localhost:5000/api',
    method: 'get',
    url: '/batches',
    allowAbsoluteUrls: true,
    data: undefined
  },
  request: XMLHttpRequest {},
  response: {
    data: { error: 'Route /api/batches not found' },
    status: 404,
    statusText: 'Not Found',
    headers: Object [AxiosHeaders] {
      'content-type': 'application/json; charset=utf-8',
      'content-length': '40'
    },
    config: [Object: null prototype] {
      transitional: [Object],
      adapter: [Array],
      transformRequest: [Array],
      transformResponse: [Array],
      timeout: 30000,
      xsrfCookieName: 'XSRF-TOKEN',
      xsrfHeaderName: 'X-XSRF-TOKEN',
      maxContentLength: -1,
      maxBodyLength: -1,
      env: [Object],
      validateStatus: [Function: validateStatus],
      headers: [Object [AxiosHeaders]],
      baseURL: 'http://localhost:5000/api',
      method: 'get',
      url: '/batches',
      allowAbsoluteUrls: true,
      data: undefined
    },
    request: XMLHttpRequest {}
  },
  status: 404
}

stderr | src/components/CoachBatchesTab.test.tsx
Failed to fetch available batches: AxiosError: Request failed with status code 404
    at settle (file:///Users/midhunvmanikkath/Documents/PROJECTS/LOVEALL/APP/shuttlecoach/node_modules/axios/lib/core/settle.js:19:12)
    at XMLHttpRequest.onloadend (file:///Users/midhunvmanikkath/Documents/PROJECTS/LOVEALL/APP/shuttlecoach/node_modules/axios/lib/adapters/xhr.js:63:9)
    at XMLHttpRequest.invokeTheCallbackFunction (/Users/midhunvmanikkath/Documents/PROJECTS/LOVEALL/APP/shuttlecoach/node_modules/jsdom/lib/generated/idl/EventHandlerNonNull.js:14:28)
    at XMLHttpRequest.<anonymous> (/Users/midhunvmanikkath/Documents/PROJECTS/LOVEALL/APP/shuttlecoach/node_modules/jsdom/lib/jsdom/living/helpers/create-event-accessor.js:57:32)
    at innerInvokeEventListeners (/Users/midhunvmanikkath/Documents/PROJECTS/LOVEALL/APP/shuttlecoach/node_modules/jsdom/lib/jsdom/living/events/EventTarget-impl.js:360:16)
    at invokeEventListeners (/Users/midhunvmanikkath/Documents/PROJECTS/LOVEALL/APP/shuttlecoach/node_modules/jsdom/lib/jsdom/living/events/EventTarget-impl.js:296:3)
    at XMLHttpRequestImpl._dispatch (/Users/midhunvmanikkath/Documents/PROJECTS/LOVEALL/APP/shuttlecoach/node_modules/jsdom/lib/jsdom/living/events/EventTarget-impl.js:243:9)
    at fireAnEvent (/Users/midhunvmanikkath/Documents/PROJECTS/LOVEALL/APP/shuttlecoach/node_modules/jsdom/lib/jsdom/living/helpers/events.js:18:36)
    at /Users/midhunvmanikkath/Documents/PROJECTS/LOVEALL/APP/shuttlecoach/node_modules/jsdom/lib/jsdom/living/xhr/XMLHttpRequest-impl.js:860:11
    at processTicksAndRejections (node:internal/process/task_queues:103:5)
    at Axios.request (file:///Users/midhunvmanikkath/Documents/PROJECTS/LOVEALL/APP/shuttlecoach/node_modules/axios/lib/core/Axios.js:46:41)
    at processTicksAndRejections (node:internal/process/task_queues:103:5)
    at fetchAvailableBatches (/Users/midhunvmanikkath/Documents/PROJECTS/LOVEALL/APP/shuttlecoach/src/components/AddBatchModal.tsx:54:24) {
  isAxiosError: true,
  code: 'ERR_BAD_REQUEST',
  config: [Object: null prototype] {
    transitional: {
      silentJSONParsing: true,
      forcedJSONParsing: true,
      clarifyTimeoutError: false,
      legacyInterceptorReqResOrdering: true,
      advertiseZstdAcceptEncoding: false,
      validateStatusUndefinedResolves: true
    },
    adapter: [ 'xhr', 'http', 'fetch' ],
    transformRequest: [ [Function: transformRequest] ],
    transformResponse: [ [Function: transformResponse] ],
    timeout: 30000,
    xsrfCookieName: 'XSRF-TOKEN',
    xsrfHeaderName: 'X-XSRF-TOKEN',
    maxContentLength: -1,
    maxBodyLength: -1,
    env: { FormData: [Function], Blob: [class Blob] },
    validateStatus: [Function: validateStatus],
    headers: Object [AxiosHeaders] {
      Accept: 'application/json, text/plain, */*',
      'Content-Type': 'application/json'
    },
    baseURL: 'http://localhost:5000/api',
    method: 'get',
    url: '/batches',
    allowAbsoluteUrls: true,
    data: undefined
  },
  request: XMLHttpRequest {},
  response: {
    data: { error: 'Route /api/batches not found' },
    status: 404,
    statusText: 'Not Found',
    headers: Object [AxiosHeaders] {
      'content-type': 'application/json; charset=utf-8',
      'content-length': '40'
    },
    config: [Object: null prototype] {
      transitional: [Object],
      adapter: [Array],
      transformRequest: [Array],
      transformResponse: [Array],
      timeout: 30000,
      xsrfCookieName: 'XSRF-TOKEN',
      xsrfHeaderName: 'X-XSRF-TOKEN',
      maxContentLength: -1,
      maxBodyLength: -1,
      env: [Object],
      validateStatus: [Function: validateStatus],
      headers: [Object [AxiosHeaders]],
      baseURL: 'http://localhost:5000/api',
      method: 'get',
      url: '/batches',
      allowAbsoluteUrls: true,
      data: undefined
    },
    request: XMLHttpRequest {}
  },
  status: 404
}

 ❯ src/components/CoachBatchesTab.test.tsx (26 tests | 3 failed) 599ms
       × calls onBatchUnassigned callback when unassign is confirmed 71ms
       × shows loading state when unassign is in progress 63ms
       × prevents multiple simultaneous unassignments 43ms
stderr | src/contexts/AuthContext.test.tsx > AuthContext > Login functionality > should successfully login with valid STUDENT credentials
Login error: AxiosError: Request failed with status code 401
    at settle (file:///Users/midhunvmanikkath/Documents/PROJECTS/LOVEALL/APP/shuttlecoach/node_modules/axios/lib/core/settle.js:19:12)
    at XMLHttpRequest.onloadend (file:///Users/midhunvmanikkath/Documents/PROJECTS/LOVEALL/APP/shuttlecoach/node_modules/axios/lib/adapters/xhr.js:63:9)
    at XMLHttpRequest.invokeTheCallbackFunction (/Users/midhunvmanikkath/Documents/PROJECTS/LOVEALL/APP/shuttlecoach/node_modules/jsdom/lib/generated/idl/EventHandlerNonNull.js:14:28)
    at XMLHttpRequest.<anonymous> (/Users/midhunvmanikkath/Documents/PROJECTS/LOVEALL/APP/shuttlecoach/node_modules/jsdom/lib/jsdom/living/helpers/create-event-accessor.js:57:32)
    at innerInvokeEventListeners (/Users/midhunvmanikkath/Documents/PROJECTS/LOVEALL/APP/shuttlecoach/node_modules/jsdom/lib/jsdom/living/events/EventTarget-impl.js:360:16)
    at invokeEventListeners (/Users/midhunvmanikkath/Documents/PROJECTS/LOVEALL/APP/shuttlecoach/node_modules/jsdom/lib/jsdom/living/events/EventTarget-impl.js:296:3)
    at XMLHttpRequestImpl._dispatch (/Users/midhunvmanikkath/Documents/PROJECTS/LOVEALL/APP/shuttlecoach/node_modules/jsdom/lib/jsdom/living/events/EventTarget-impl.js:243:9)
    at fireAnEvent (/Users/midhunvmanikkath/Documents/PROJECTS/LOVEALL/APP/shuttlecoach/node_modules/jsdom/lib/jsdom/living/helpers/events.js:18:36)
    at /Users/midhunvmanikkath/Documents/PROJECTS/LOVEALL/APP/shuttlecoach/node_modules/jsdom/lib/jsdom/living/xhr/XMLHttpRequest-impl.js:860:11
    at processTicksAndRejections (node:internal/process/task_queues:103:5)
    at Axios.request (file:///Users/midhunvmanikkath/Documents/PROJECTS/LOVEALL/APP/shuttlecoach/node_modules/axios/lib/core/Axios.js:46:41)
    at processTicksAndRejections (node:internal/process/task_queues:103:5)
    at Object.login (/Users/midhunvmanikkath/Documents/PROJECTS/LOVEALL/APP/shuttlecoach/src/contexts/AuthContext.tsx:70:24)
    at /Users/midhunvmanikkath/Documents/PROJECTS/LOVEALL/APP/shuttlecoach/src/contexts/AuthContext.test.tsx:180:7
    at file:///Users/midhunvmanikkath/Documents/PROJECTS/LOVEALL/APP/shuttlecoach/node_modules/@vitest/runner/dist/chunk-artifact.js:1903:20 {
  isAxiosError: true,
  code: 'ERR_BAD_REQUEST',
  config: [Object: null prototype] {
    transitional: {
      silentJSONParsing: true,
      forcedJSONParsing: true,
      clarifyTimeoutError: false,
      legacyInterceptorReqResOrdering: true,
      advertiseZstdAcceptEncoding: false,
      validateStatusUndefinedResolves: true
    },
    adapter: [ 'xhr', 'http', 'fetch' ],
    transformRequest: [ [Function: transformRequest] ],
    transformResponse: [ [Function: transformResponse] ],
    timeout: 30000,
    xsrfCookieName: 'XSRF-TOKEN',
    xsrfHeaderName: 'X-XSRF-TOKEN',
    maxContentLength: -1,
    maxBodyLength: -1,
    env: { FormData: [Function], Blob: [class Blob] },
    validateStatus: [Function: validateStatus],
    headers: Object [AxiosHeaders] {
      Accept: 'application/json, text/plain, */*',
      'Content-Type': 'application/json'
    },
    baseURL: 'http://localhost:5000/api',
    method: 'post',
    url: '/auth/login',
    data: '{"username":"student1","password":"password123"}',
    allowAbsoluteUrls: true
  },
  request: XMLHttpRequest {},
  response: {
    data: { error: 'Invalid credentials' },
    status: 401,
    statusText: 'Unauthorized',
    headers: Object [AxiosHeaders] {
      'content-type': 'application/json; charset=utf-8',
      'content-length': '31'
    },
    config: [Object: null prototype] {
      transitional: [Object],
      adapter: [Array],
      transformRequest: [Array],
      transformResponse: [Array],
      timeout: 30000,
      xsrfCookieName: 'XSRF-TOKEN',
      xsrfHeaderName: 'X-XSRF-TOKEN',
      maxContentLength: -1,
      maxBodyLength: -1,
      env: [Object],
      validateStatus: [Function: validateStatus],
      headers: [Object [AxiosHeaders]],
      baseURL: 'http://localhost:5000/api',
      method: 'post',
      url: '/auth/login',
      data: '{"username":"student1","password":"password123"}',
      allowAbsoluteUrls: true
    },
    request: XMLHttpRequest {}
  },
  status: 401
}

stderr | src/contexts/AuthContext.test.tsx > AuthContext > Login functionality > should throw error on invalid username
Login error: AxiosError: Request failed with status code 401
    at settle (file:///Users/midhunvmanikkath/Documents/PROJECTS/LOVEALL/APP/shuttlecoach/node_modules/axios/lib/core/settle.js:19:12)
    at XMLHttpRequest.onloadend (file:///Users/midhunvmanikkath/Documents/PROJECTS/LOVEALL/APP/shuttlecoach/node_modules/axios/lib/adapters/xhr.js:63:9)
    at XMLHttpRequest.invokeTheCallbackFunction (/Users/midhunvmanikkath/Documents/PROJECTS/LOVEALL/APP/shuttlecoach/node_modules/jsdom/lib/generated/idl/EventHandlerNonNull.js:14:28)
    at XMLHttpRequest.<anonymous> (/Users/midhunvmanikkath/Documents/PROJECTS/LOVEALL/APP/shuttlecoach/node_modules/jsdom/lib/jsdom/living/helpers/create-event-accessor.js:57:32)
    at innerInvokeEventListeners (/Users/midhunvmanikkath/Documents/PROJECTS/LOVEALL/APP/shuttlecoach/node_modules/jsdom/lib/jsdom/living/events/EventTarget-impl.js:360:16)
    at invokeEventListeners (/Users/midhunvmanikkath/Documents/PROJECTS/LOVEALL/APP/shuttlecoach/node_modules/jsdom/lib/jsdom/living/events/EventTarget-impl.js:296:3)
    at XMLHttpRequestImpl._dispatch (/Users/midhunvmanikkath/Documents/PROJECTS/LOVEALL/APP/shuttlecoach/node_modules/jsdom/lib/jsdom/living/events/EventTarget-impl.js:243:9)
    at fireAnEvent (/Users/midhunvmanikkath/Documents/PROJECTS/LOVEALL/APP/shuttlecoach/node_modules/jsdom/lib/jsdom/living/helpers/events.js:18:36)
    at /Users/midhunvmanikkath/Documents/PROJECTS/LOVEALL/APP/shuttlecoach/node_modules/jsdom/lib/jsdom/living/xhr/XMLHttpRequest-impl.js:860:11
    at processTicksAndRejections (node:internal/process/task_queues:103:5)
    at Axios.request (file:///Users/midhunvmanikkath/Documents/PROJECTS/LOVEALL/APP/shuttlecoach/node_modules/axios/lib/core/Axios.js:46:41)
    at processTicksAndRejections (node:internal/process/task_queues:103:5)
    at Object.login (/Users/midhunvmanikkath/Documents/PROJECTS/LOVEALL/APP/shuttlecoach/src/contexts/AuthContext.tsx:70:24)
    at /Users/midhunvmanikkath/Documents/PROJECTS/LOVEALL/APP/shuttlecoach/src/contexts/AuthContext.test.tsx:209:9
    at file:///Users/midhunvmanikkath/Documents/PROJECTS/LOVEALL/APP/shuttlecoach/node_modules/@vitest/runner/dist/chunk-artifact.js:1903:20 {
  isAxiosError: true,
  code: 'ERR_BAD_REQUEST',
  config: [Object: null prototype] {
    transitional: {
      silentJSONParsing: true,
      forcedJSONParsing: true,
      clarifyTimeoutError: false,
      legacyInterceptorReqResOrdering: true,
      advertiseZstdAcceptEncoding: false,
      validateStatusUndefinedResolves: true
    },
    adapter: [ 'xhr', 'http', 'fetch' ],
    transformRequest: [ [Function: transformRequest] ],
    transformResponse: [ [Function: transformResponse] ],
    timeout: 30000,
    xsrfCookieName: 'XSRF-TOKEN',
    xsrfHeaderName: 'X-XSRF-TOKEN',
    maxContentLength: -1,
    maxBodyLength: -1,
    env: { FormData: [Function], Blob: [class Blob] },
    validateStatus: [Function: validateStatus],
    headers: Object [AxiosHeaders] {
      Accept: 'application/json, text/plain, */*',
      'Content-Type': 'application/json'
    },
    baseURL: 'http://localhost:5000/api',
    method: 'post',
    url: '/auth/login',
    data: '{"username":"invalid_user","password":"password123"}',
    allowAbsoluteUrls: true
  },
  request: XMLHttpRequest {},
  response: {
    data: { error: 'Invalid credentials' },
    status: 401,
    statusText: 'Unauthorized',
    headers: Object [AxiosHeaders] {
      'content-type': 'application/json; charset=utf-8',
      'content-length': '31'
    },
    config: [Object: null prototype] {
      transitional: [Object],
      adapter: [Array],
      transformRequest: [Array],
      transformResponse: [Array],
      timeout: 30000,
      xsrfCookieName: 'XSRF-TOKEN',
      xsrfHeaderName: 'X-XSRF-TOKEN',
      maxContentLength: -1,
      maxBodyLength: -1,
      env: [Object],
      validateStatus: [Function: validateStatus],
      headers: [Object [AxiosHeaders]],
      baseURL: 'http://localhost:5000/api',
      method: 'post',
      url: '/auth/login',
      data: '{"username":"invalid_user","password":"password123"}',
      allowAbsoluteUrls: true
    },
    request: XMLHttpRequest {}
  },
  status: 401
}

Not implemented: navigation to another Document
Not implemented: navigation to another Document
Not implemented: navigation to another Document
stderr | src/contexts/AuthContext.property.test.tsx > AuthContext - Property-Based Tests > Property: User roles are correctly assigned based on credentials for all user types
Login error: AxiosError: Request failed with status code 401
    at settle (file:///Users/midhunvmanikkath/Documents/PROJECTS/LOVEALL/APP/shuttlecoach/node_modules/axios/lib/core/settle.js:19:12)
    at XMLHttpRequest.onloadend (file:///Users/midhunvmanikkath/Documents/PROJECTS/LOVEALL/APP/shuttlecoach/node_modules/axios/lib/adapters/xhr.js:63:9)
    at XMLHttpRequest.invokeTheCallbackFunction (/Users/midhunvmanikkath/Documents/PROJECTS/LOVEALL/APP/shuttlecoach/node_modules/jsdom/lib/generated/idl/EventHandlerNonNull.js:14:28)
    at XMLHttpRequest.<anonymous> (/Users/midhunvmanikkath/Documents/PROJECTS/LOVEALL/APP/shuttlecoach/node_modules/jsdom/lib/jsdom/living/helpers/create-event-accessor.js:57:32)
    at innerInvokeEventListeners (/Users/midhunvmanikkath/Documents/PROJECTS/LOVEALL/APP/shuttlecoach/node_modules/jsdom/lib/jsdom/living/events/EventTarget-impl.js:360:16)
    at invokeEventListeners (/Users/midhunvmanikkath/Documents/PROJECTS/LOVEALL/APP/shuttlecoach/node_modules/jsdom/lib/jsdom/living/events/EventTarget-impl.js:296:3)
    at XMLHttpRequestImpl._dispatch (/Users/midhunvmanikkath/Documents/PROJECTS/LOVEALL/APP/shuttlecoach/node_modules/jsdom/lib/jsdom/living/events/EventTarget-impl.js:243:9)
    at fireAnEvent (/Users/midhunvmanikkath/Documents/PROJECTS/LOVEALL/APP/shuttlecoach/node_modules/jsdom/lib/jsdom/living/helpers/events.js:18:36)
    at /Users/midhunvmanikkath/Documents/PROJECTS/LOVEALL/APP/shuttlecoach/node_modules/jsdom/lib/jsdom/living/xhr/XMLHttpRequest-impl.js:860:11
    at processTicksAndRejections (node:internal/process/task_queues:103:5)
    at Axios.request (file:///Users/midhunvmanikkath/Documents/PROJECTS/LOVEALL/APP/shuttlecoach/node_modules/axios/lib/core/Axios.js:46:41)
    at processTicksAndRejections (node:internal/process/task_queues:103:5)
    at Object.login (/Users/midhunvmanikkath/Documents/PROJECTS/LOVEALL/APP/shuttlecoach/src/contexts/AuthContext.tsx:70:24)
    at /Users/midhunvmanikkath/Documents/PROJECTS/LOVEALL/APP/shuttlecoach/src/contexts/AuthContext.property.test.tsx:288:7
    at file:///Users/midhunvmanikkath/Documents/PROJECTS/LOVEALL/APP/shuttlecoach/node_modules/@vitest/runner/dist/chunk-artifact.js:1903:20 {
  isAxiosError: true,
  code: 'ERR_BAD_REQUEST',
  config: [Object: null prototype] {
    transitional: {
      silentJSONParsing: true,
      forcedJSONParsing: true,
      clarifyTimeoutError: false,
      legacyInterceptorReqResOrdering: true,
      advertiseZstdAcceptEncoding: false,
      validateStatusUndefinedResolves: true
    },
    adapter: [ 'xhr', 'http', 'fetch' ],
    transformRequest: [ [Function: transformRequest] ],
    transformResponse: [ [Function: transformResponse] ],
    timeout: 30000,
    xsrfCookieName: 'XSRF-TOKEN',
    xsrfHeaderName: 'X-XSRF-TOKEN',
    maxContentLength: -1,
    maxBodyLength: -1,
    env: { FormData: [Function], Blob: [class Blob] },
    validateStatus: [Function: validateStatus],
    headers: Object [AxiosHeaders] {
      Accept: 'application/json, text/plain, */*',
      'Content-Type': 'application/json'
    },
    baseURL: 'http://localhost:5000/api',
    method: 'post',
    url: '/auth/login',
    data: '{"username":"head_coach","password":"password123"}',
    allowAbsoluteUrls: true
  },
  request: XMLHttpRequest {},
  response: {
    data: { error: 'Invalid credentials' },
    status: 401,
    statusText: 'Unauthorized',
    headers: Object [AxiosHeaders] {
      'content-type': 'application/json; charset=utf-8',
      'content-length': '31'
    },
    config: [Object: null prototype] {
      transitional: [Object],
      adapter: [Array],
      transformRequest: [Array],
      transformResponse: [Array],
      timeout: 30000,
      xsrfCookieName: 'XSRF-TOKEN',
      xsrfHeaderName: 'X-XSRF-TOKEN',
      maxContentLength: -1,
      maxBodyLength: -1,
      env: [Object],
      validateStatus: [Function: validateStatus],
      headers: [Object [AxiosHeaders]],
      baseURL: 'http://localhost:5000/api',
      method: 'post',
      url: '/auth/login',
      data: '{"username":"head_coach","password":"password123"}',
      allowAbsoluteUrls: true
    },
    request: XMLHttpRequest {}
  },
  status: 401
}

Not implemented: navigation to another Document
stderr | src/contexts/AuthContext.test.tsx > AuthContext > Login functionality > should throw error on invalid password
Login error: AxiosError: Request failed with status code 401
    at settle (file:///Users/midhunvmanikkath/Documents/PROJECTS/LOVEALL/APP/shuttlecoach/node_modules/axios/lib/core/settle.js:19:12)
    at XMLHttpRequest.onloadend (file:///Users/midhunvmanikkath/Documents/PROJECTS/LOVEALL/APP/shuttlecoach/node_modules/axios/lib/adapters/xhr.js:63:9)
    at XMLHttpRequest.invokeTheCallbackFunction (/Users/midhunvmanikkath/Documents/PROJECTS/LOVEALL/APP/shuttlecoach/node_modules/jsdom/lib/generated/idl/EventHandlerNonNull.js:14:28)
    at XMLHttpRequest.<anonymous> (/Users/midhunvmanikkath/Documents/PROJECTS/LOVEALL/APP/shuttlecoach/node_modules/jsdom/lib/jsdom/living/helpers/create-event-accessor.js:57:32)
    at innerInvokeEventListeners (/Users/midhunvmanikkath/Documents/PROJECTS/LOVEALL/APP/shuttlecoach/node_modules/jsdom/lib/jsdom/living/events/EventTarget-impl.js:360:16)
    at invokeEventListeners (/Users/midhunvmanikkath/Documents/PROJECTS/LOVEALL/APP/shuttlecoach/node_modules/jsdom/lib/jsdom/living/events/EventTarget-impl.js:296:3)
    at XMLHttpRequestImpl._dispatch (/Users/midhunvmanikkath/Documents/PROJECTS/LOVEALL/APP/shuttlecoach/node_modules/jsdom/lib/jsdom/living/events/EventTarget-impl.js:243:9)
    at fireAnEvent (/Users/midhunvmanikkath/Documents/PROJECTS/LOVEALL/APP/shuttlecoach/node_modules/jsdom/lib/jsdom/living/helpers/events.js:18:36)
    at /Users/midhunvmanikkath/Documents/PROJECTS/LOVEALL/APP/shuttlecoach/node_modules/jsdom/lib/jsdom/living/xhr/XMLHttpRequest-impl.js:860:11
    at processTicksAndRejections (node:internal/process/task_queues:103:5)
    at Axios.request (file:///Users/midhunvmanikkath/Documents/PROJECTS/LOVEALL/APP/shuttlecoach/node_modules/axios/lib/core/Axios.js:46:41)
    at processTicksAndRejections (node:internal/process/task_queues:103:5)
    at Object.login (/Users/midhunvmanikkath/Documents/PROJECTS/LOVEALL/APP/shuttlecoach/src/contexts/AuthContext.tsx:70:24)
    at /Users/midhunvmanikkath/Documents/PROJECTS/LOVEALL/APP/shuttlecoach/src/contexts/AuthContext.test.tsx:235:9
    at file:///Users/midhunvmanikkath/Documents/PROJECTS/LOVEALL/APP/shuttlecoach/node_modules/@vitest/runner/dist/chunk-artifact.js:1903:20 {
  isAxiosError: true,
  code: 'ERR_BAD_REQUEST',
  config: [Object: null prototype] {
    transitional: {
      silentJSONParsing: true,
      forcedJSONParsing: true,
      clarifyTimeoutError: false,
      legacyInterceptorReqResOrdering: true,
      advertiseZstdAcceptEncoding: false,
      validateStatusUndefinedResolves: true
    },
    adapter: [ 'xhr', 'http', 'fetch' ],
    transformRequest: [ [Function: transformRequest] ],
    transformResponse: [ [Function: transformResponse] ],
    timeout: 30000,
    xsrfCookieName: 'XSRF-TOKEN',
    xsrfHeaderName: 'X-XSRF-TOKEN',
    maxContentLength: -1,
    maxBodyLength: -1,
    env: { FormData: [Function], Blob: [class Blob] },
    validateStatus: [Function: validateStatus],
    headers: Object [AxiosHeaders] {
      Accept: 'application/json, text/plain, */*',
      'Content-Type': 'application/json'
    },
    baseURL: 'http://localhost:5000/api',
    method: 'post',
    url: '/auth/login',
    data: '{"username":"head_coach","password":"wrongpassword"}',
    allowAbsoluteUrls: true
  },
  request: XMLHttpRequest {},
  response: {
    data: { error: 'Invalid credentials' },
    status: 401,
    statusText: 'Unauthorized',
    headers: Object [AxiosHeaders] {
      'content-type': 'application/json; charset=utf-8',
      'content-length': '31'
    },
    config: [Object: null prototype] {
      transitional: [Object],
      adapter: [Array],
      transformRequest: [Array],
      transformResponse: [Array],
      timeout: 30000,
      xsrfCookieName: 'XSRF-TOKEN',
      xsrfHeaderName: 'X-XSRF-TOKEN',
      maxContentLength: -1,
      maxBodyLength: -1,
      env: [Object],
      validateStatus: [Function: validateStatus],
      headers: [Object [AxiosHeaders]],
      baseURL: 'http://localhost:5000/api',
      method: 'post',
      url: '/auth/login',
      data: '{"username":"head_coach","password":"wrongpassword"}',
      allowAbsoluteUrls: true
    },
    request: XMLHttpRequest {}
  },
  status: 401
}

Not implemented: navigation to another Document
 ❯ src/components/__tests__/CoachPaymentsTab.DeleteExpense.test.tsx (10 tests | 5 failed) 850ms
       × should not show delete button for ASSISTANT_COACH 108ms
       × should call onExpenseDeleted callback when Delete button is clicked 143ms
       × should show loading state while deleting 97ms
       × should delete correct expense when multiple are present 93ms
       × should have accessible buttons in delete dialog 91ms
stderr | src/contexts/AuthContext.property.test.tsx > AuthContext - Property-Based Tests > Property: Token format is consistent with user ID and timestamp
Login error: AxiosError: Request failed with status code 401
    at settle (file:///Users/midhunvmanikkath/Documents/PROJECTS/LOVEALL/APP/shuttlecoach/node_modules/axios/lib/core/settle.js:19:12)
    at XMLHttpRequest.onloadend (file:///Users/midhunvmanikkath/Documents/PROJECTS/LOVEALL/APP/shuttlecoach/node_modules/axios/lib/adapters/xhr.js:63:9)
    at XMLHttpRequest.invokeTheCallbackFunction (/Users/midhunvmanikkath/Documents/PROJECTS/LOVEALL/APP/shuttlecoach/node_modules/jsdom/lib/generated/idl/EventHandlerNonNull.js:14:28)
    at XMLHttpRequest.<anonymous> (/Users/midhunvmanikkath/Documents/PROJECTS/LOVEALL/APP/shuttlecoach/node_modules/jsdom/lib/jsdom/living/helpers/create-event-accessor.js:57:32)
    at innerInvokeEventListeners (/Users/midhunvmanikkath/Documents/PROJECTS/LOVEALL/APP/shuttlecoach/node_modules/jsdom/lib/jsdom/living/events/EventTarget-impl.js:360:16)
    at invokeEventListeners (/Users/midhunvmanikkath/Documents/PROJECTS/LOVEALL/APP/shuttlecoach/node_modules/jsdom/lib/jsdom/living/events/EventTarget-impl.js:296:3)
    at XMLHttpRequestImpl._dispatch (/Users/midhunvmanikkath/Documents/PROJECTS/LOVEALL/APP/shuttlecoach/node_modules/jsdom/lib/jsdom/living/events/EventTarget-impl.js:243:9)
    at fireAnEvent (/Users/midhunvmanikkath/Documents/PROJECTS/LOVEALL/APP/shuttlecoach/node_modules/jsdom/lib/jsdom/living/helpers/events.js:18:36)
    at /Users/midhunvmanikkath/Documents/PROJECTS/LOVEALL/APP/shuttlecoach/node_modules/jsdom/lib/jsdom/living/xhr/XMLHttpRequest-impl.js:860:11
    at processTicksAndRejections (node:internal/process/task_queues:103:5)
    at Axios.request (file:///Users/midhunvmanikkath/Documents/PROJECTS/LOVEALL/APP/shuttlecoach/node_modules/axios/lib/core/Axios.js:46:41)
    at processTicksAndRejections (node:internal/process/task_queues:103:5)
    at Object.login (/Users/midhunvmanikkath/Documents/PROJECTS/LOVEALL/APP/shuttlecoach/src/contexts/AuthContext.tsx:70:24)
    at /Users/midhunvmanikkath/Documents/PROJECTS/LOVEALL/APP/shuttlecoach/src/contexts/AuthContext.property.test.tsx:333:7
    at file:///Users/midhunvmanikkath/Documents/PROJECTS/LOVEALL/APP/shuttlecoach/node_modules/@vitest/runner/dist/chunk-artifact.js:1903:20 {
  isAxiosError: true,
  code: 'ERR_BAD_REQUEST',
  config: [Object: null prototype] {
    transitional: {
      silentJSONParsing: true,
      forcedJSONParsing: true,
      clarifyTimeoutError: false,
      legacyInterceptorReqResOrdering: true,
      advertiseZstdAcceptEncoding: false,
      validateStatusUndefinedResolves: true
    },
    adapter: [ 'xhr', 'http', 'fetch' ],
    transformRequest: [ [Function: transformRequest] ],
    transformResponse: [ [Function: transformResponse] ],
    timeout: 30000,
    xsrfCookieName: 'XSRF-TOKEN',
    xsrfHeaderName: 'X-XSRF-TOKEN',
    maxContentLength: -1,
    maxBodyLength: -1,
    env: { FormData: [Function], Blob: [class Blob] },
    validateStatus: [Function: validateStatus],
    headers: Object [AxiosHeaders] {
      Accept: 'application/json, text/plain, */*',
      'Content-Type': 'application/json'
    },
    baseURL: 'http://localhost:5000/api',
    method: 'post',
    url: '/auth/login',
    data: '{"username":"head_coach","password":"password123"}',
    allowAbsoluteUrls: true
  },
  request: XMLHttpRequest {},
  response: {
    data: { error: 'Invalid credentials' },
    status: 401,
    statusText: 'Unauthorized',
    headers: Object [AxiosHeaders] {
      'content-type': 'application/json; charset=utf-8',
      'content-length': '31'
    },
    config: [Object: null prototype] {
      transitional: [Object],
      adapter: [Array],
      transformRequest: [Array],
      transformResponse: [Array],
      timeout: 30000,
      xsrfCookieName: 'XSRF-TOKEN',
      xsrfHeaderName: 'X-XSRF-TOKEN',
      maxContentLength: -1,
      maxBodyLength: -1,
      env: [Object],
      validateStatus: [Function: validateStatus],
      headers: [Object [AxiosHeaders]],
      baseURL: 'http://localhost:5000/api',
      method: 'post',
      url: '/auth/login',
      data: '{"username":"head_coach","password":"password123"}',
      allowAbsoluteUrls: true
    },
    request: XMLHttpRequest {}
  },
  status: 401
}

stderr | src/contexts/AuthContext.property.test.tsx > AuthContext - Property-Based Tests > Property: User object never contains password regardless of input
Login error: AxiosError: Request failed with status code 401
    at settle (file:///Users/midhunvmanikkath/Documents/PROJECTS/LOVEALL/APP/shuttlecoach/node_modules/axios/lib/core/settle.js:19:12)
    at XMLHttpRequest.onloadend (file:///Users/midhunvmanikkath/Documents/PROJECTS/LOVEALL/APP/shuttlecoach/node_modules/axios/lib/adapters/xhr.js:63:9)
    at XMLHttpRequest.invokeTheCallbackFunction (/Users/midhunvmanikkath/Documents/PROJECTS/LOVEALL/APP/shuttlecoach/node_modules/jsdom/lib/generated/idl/EventHandlerNonNull.js:14:28)
    at XMLHttpRequest.<anonymous> (/Users/midhunvmanikkath/Documents/PROJECTS/LOVEALL/APP/shuttlecoach/node_modules/jsdom/lib/jsdom/living/helpers/create-event-accessor.js:57:32)
    at innerInvokeEventListeners (/Users/midhunvmanikkath/Documents/PROJECTS/LOVEALL/APP/shuttlecoach/node_modules/jsdom/lib/jsdom/living/events/EventTarget-impl.js:360:16)
    at invokeEventListeners (/Users/midhunvmanikkath/Documents/PROJECTS/LOVEALL/APP/shuttlecoach/node_modules/jsdom/lib/jsdom/living/events/EventTarget-impl.js:296:3)
    at XMLHttpRequestImpl._dispatch (/Users/midhunvmanikkath/Documents/PROJECTS/LOVEALL/APP/shuttlecoach/node_modules/jsdom/lib/jsdom/living/events/EventTarget-impl.js:243:9)
    at fireAnEvent (/Users/midhunvmanikkath/Documents/PROJECTS/LOVEALL/APP/shuttlecoach/node_modules/jsdom/lib/jsdom/living/helpers/events.js:18:36)
    at /Users/midhunvmanikkath/Documents/PROJECTS/LOVEALL/APP/shuttlecoach/node_modules/jsdom/lib/jsdom/living/xhr/XMLHttpRequest-impl.js:860:11
    at processTicksAndRejections (node:internal/process/task_queues:103:5)
    at Axios.request (file:///Users/midhunvmanikkath/Documents/PROJECTS/LOVEALL/APP/shuttlecoach/node_modules/axios/lib/core/Axios.js:46:41)
    at processTicksAndRejections (node:internal/process/task_queues:103:5)
    at Object.login (/Users/midhunvmanikkath/Documents/PROJECTS/LOVEALL/APP/shuttlecoach/src/contexts/AuthContext.tsx:70:24)
    at /Users/midhunvmanikkath/Documents/PROJECTS/LOVEALL/APP/shuttlecoach/src/contexts/AuthContext.property.test.tsx:394:7
    at file:///Users/midhunvmanikkath/Documents/PROJECTS/LOVEALL/APP/shuttlecoach/node_modules/@vitest/runner/dist/chunk-artifact.js:1903:20 {
  isAxiosError: true,
  code: 'ERR_BAD_REQUEST',
  config: [Object: null prototype] {
    transitional: {
      silentJSONParsing: true,
      forcedJSONParsing: true,
      clarifyTimeoutError: false,
      legacyInterceptorReqResOrdering: true,
      advertiseZstdAcceptEncoding: false,
      validateStatusUndefinedResolves: true
    },
    adapter: [ 'xhr', 'http', 'fetch' ],
    transformRequest: [ [Function: transformRequest] ],
    transformResponse: [ [Function: transformResponse] ],
    timeout: 30000,
    xsrfCookieName: 'XSRF-TOKEN',
    xsrfHeaderName: 'X-XSRF-TOKEN',
    maxContentLength: -1,
    maxBodyLength: -1,
    env: { FormData: [Function], Blob: [class Blob] },
    validateStatus: [Function: validateStatus],
    headers: Object [AxiosHeaders] {
      Accept: 'application/json, text/plain, */*',
      'Content-Type': 'application/json'
    },
    baseURL: 'http://localhost:5000/api',
    method: 'post',
    url: '/auth/login',
    data: '{"username":"head_coach","password":"password123"}',
    allowAbsoluteUrls: true
  },
  request: XMLHttpRequest {},
  response: {
    data: { error: 'Invalid credentials' },
    status: 401,
    statusText: 'Unauthorized',
    headers: Object [AxiosHeaders] {
      'content-type': 'application/json; charset=utf-8',
      'content-length': '31'
    },
    config: [Object: null prototype] {
      transitional: [Object],
      adapter: [Array],
      transformRequest: [Array],
      transformResponse: [Array],
      timeout: 30000,
      xsrfCookieName: 'XSRF-TOKEN',
      xsrfHeaderName: 'X-XSRF-TOKEN',
      maxContentLength: -1,
      maxBodyLength: -1,
      env: [Object],
      validateStatus: [Function: validateStatus],
      headers: [Object [AxiosHeaders]],
      baseURL: 'http://localhost:5000/api',
      method: 'post',
      url: '/auth/login',
      data: '{"username":"head_coach","password":"password123"}',
      allowAbsoluteUrls: true
    },
    request: XMLHttpRequest {}
  },
  status: 401
}

Not implemented: navigation to another Document
stderr | src/contexts/AuthContext.test.tsx > AuthContext > Login functionality > should not include password in user object after login
Login error: AxiosError: Request failed with status code 401
    at settle (file:///Users/midhunvmanikkath/Documents/PROJECTS/LOVEALL/APP/shuttlecoach/node_modules/axios/lib/core/settle.js:19:12)
    at XMLHttpRequest.onloadend (file:///Users/midhunvmanikkath/Documents/PROJECTS/LOVEALL/APP/shuttlecoach/node_modules/axios/lib/adapters/xhr.js:63:9)
    at XMLHttpRequest.invokeTheCallbackFunction (/Users/midhunvmanikkath/Documents/PROJECTS/LOVEALL/APP/shuttlecoach/node_modules/jsdom/lib/generated/idl/EventHandlerNonNull.js:14:28)
    at XMLHttpRequest.<anonymous> (/Users/midhunvmanikkath/Documents/PROJECTS/LOVEALL/APP/shuttlecoach/node_modules/jsdom/lib/jsdom/living/helpers/create-event-accessor.js:57:32)
    at innerInvokeEventListeners (/Users/midhunvmanikkath/Documents/PROJECTS/LOVEALL/APP/shuttlecoach/node_modules/jsdom/lib/jsdom/living/events/EventTarget-impl.js:360:16)
    at invokeEventListeners (/Users/midhunvmanikkath/Documents/PROJECTS/LOVEALL/APP/shuttlecoach/node_modules/jsdom/lib/jsdom/living/events/EventTarget-impl.js:296:3)
    at XMLHttpRequestImpl._dispatch (/Users/midhunvmanikkath/Documents/PROJECTS/LOVEALL/APP/shuttlecoach/node_modules/jsdom/lib/jsdom/living/events/EventTarget-impl.js:243:9)
    at fireAnEvent (/Users/midhunvmanikkath/Documents/PROJECTS/LOVEALL/APP/shuttlecoach/node_modules/jsdom/lib/jsdom/living/helpers/events.js:18:36)
    at /Users/midhunvmanikkath/Documents/PROJECTS/LOVEALL/APP/shuttlecoach/node_modules/jsdom/lib/jsdom/living/xhr/XMLHttpRequest-impl.js:860:11
    at processTicksAndRejections (node:internal/process/task_queues:103:5)
    at Axios.request (file:///Users/midhunvmanikkath/Documents/PROJECTS/LOVEALL/APP/shuttlecoach/node_modules/axios/lib/core/Axios.js:46:41)
    at processTicksAndRejections (node:internal/process/task_queues:103:5)
    at Object.login (/Users/midhunvmanikkath/Documents/PROJECTS/LOVEALL/APP/shuttlecoach/src/contexts/AuthContext.tsx:70:24)
    at /Users/midhunvmanikkath/Documents/PROJECTS/LOVEALL/APP/shuttlecoach/src/contexts/AuthContext.test.tsx:260:7
    at file:///Users/midhunvmanikkath/Documents/PROJECTS/LOVEALL/APP/shuttlecoach/node_modules/@vitest/runner/dist/chunk-artifact.js:1903:20 {
  isAxiosError: true,
  code: 'ERR_BAD_REQUEST',
  config: [Object: null prototype] {
    transitional: {
      silentJSONParsing: true,
      forcedJSONParsing: true,
      clarifyTimeoutError: false,
      legacyInterceptorReqResOrdering: true,
      advertiseZstdAcceptEncoding: false,
      validateStatusUndefinedResolves: true
    },
    adapter: [ 'xhr', 'http', 'fetch' ],
    transformRequest: [ [Function: transformRequest] ],
    transformResponse: [ [Function: transformResponse] ],
    timeout: 30000,
    xsrfCookieName: 'XSRF-TOKEN',
    xsrfHeaderName: 'X-XSRF-TOKEN',
    maxContentLength: -1,
    maxBodyLength: -1,
    env: { FormData: [Function], Blob: [class Blob] },
    validateStatus: [Function: validateStatus],
    headers: Object [AxiosHeaders] {
      Accept: 'application/json, text/plain, */*',
      'Content-Type': 'application/json'
    },
    baseURL: 'http://localhost:5000/api',
    method: 'post',
    url: '/auth/login',
    data: '{"username":"head_coach","password":"password123"}',
    allowAbsoluteUrls: true
  },
  request: XMLHttpRequest {},
  response: {
    data: { error: 'Invalid credentials' },
    status: 401,
    statusText: 'Unauthorized',
    headers: Object [AxiosHeaders] {
      'content-type': 'application/json; charset=utf-8',
      'content-length': '31'
    },
    config: [Object: null prototype] {
      transitional: [Object],
      adapter: [Array],
      transformRequest: [Array],
      transformResponse: [Array],
      timeout: 30000,
      xsrfCookieName: 'XSRF-TOKEN',
      xsrfHeaderName: 'X-XSRF-TOKEN',
      maxContentLength: -1,
      maxBodyLength: -1,
      env: [Object],
      validateStatus: [Function: validateStatus],
      headers: [Object [AxiosHeaders]],
      baseURL: 'http://localhost:5000/api',
      method: 'post',
      url: '/auth/login',
      data: '{"username":"head_coach","password":"password123"}',
      allowAbsoluteUrls: true
    },
    request: XMLHttpRequest {}
  },
  status: 401
}

stderr | src/contexts/AuthContext.test.tsx > AuthContext > Login functionality > should generate a token on successful login
Login error: AxiosError: Request failed with status code 401
    at settle (file:///Users/midhunvmanikkath/Documents/PROJECTS/LOVEALL/APP/shuttlecoach/node_modules/axios/lib/core/settle.js:19:12)
    at XMLHttpRequest.onloadend (file:///Users/midhunvmanikkath/Documents/PROJECTS/LOVEALL/APP/shuttlecoach/node_modules/axios/lib/adapters/xhr.js:63:9)
    at XMLHttpRequest.invokeTheCallbackFunction (/Users/midhunvmanikkath/Documents/PROJECTS/LOVEALL/APP/shuttlecoach/node_modules/jsdom/lib/generated/idl/EventHandlerNonNull.js:14:28)
    at XMLHttpRequest.<anonymous> (/Users/midhunvmanikkath/Documents/PROJECTS/LOVEALL/APP/shuttlecoach/node_modules/jsdom/lib/jsdom/living/helpers/create-event-accessor.js:57:32)
    at innerInvokeEventListeners (/Users/midhunvmanikkath/Documents/PROJECTS/LOVEALL/APP/shuttlecoach/node_modules/jsdom/lib/jsdom/living/events/EventTarget-impl.js:360:16)
    at invokeEventListeners (/Users/midhunvmanikkath/Documents/PROJECTS/LOVEALL/APP/shuttlecoach/node_modules/jsdom/lib/jsdom/living/events/EventTarget-impl.js:296:3)
    at XMLHttpRequestImpl._dispatch (/Users/midhunvmanikkath/Documents/PROJECTS/LOVEALL/APP/shuttlecoach/node_modules/jsdom/lib/jsdom/living/events/EventTarget-impl.js:243:9)
    at fireAnEvent (/Users/midhunvmanikkath/Documents/PROJECTS/LOVEALL/APP/shuttlecoach/node_modules/jsdom/lib/jsdom/living/helpers/events.js:18:36)
    at /Users/midhunvmanikkath/Documents/PROJECTS/LOVEALL/APP/shuttlecoach/node_modules/jsdom/lib/jsdom/living/xhr/XMLHttpRequest-impl.js:860:11
    at processTicksAndRejections (node:internal/process/task_queues:103:5)
    at Axios.request (file:///Users/midhunvmanikkath/Documents/PROJECTS/LOVEALL/APP/shuttlecoach/node_modules/axios/lib/core/Axios.js:46:41)
    at processTicksAndRejections (node:internal/process/task_queues:103:5)
    at Object.login (/Users/midhunvmanikkath/Documents/PROJECTS/LOVEALL/APP/shuttlecoach/src/contexts/AuthContext.tsx:70:24)
    at /Users/midhunvmanikkath/Documents/PROJECTS/LOVEALL/APP/shuttlecoach/src/contexts/AuthContext.test.tsx:286:7
    at file:///Users/midhunvmanikkath/Documents/PROJECTS/LOVEALL/APP/shuttlecoach/node_modules/@vitest/runner/dist/chunk-artifact.js:1903:20 {
  isAxiosError: true,
  code: 'ERR_BAD_REQUEST',
  config: [Object: null prototype] {
    transitional: {
      silentJSONParsing: true,
      forcedJSONParsing: true,
      clarifyTimeoutError: false,
      legacyInterceptorReqResOrdering: true,
      advertiseZstdAcceptEncoding: false,
      validateStatusUndefinedResolves: true
    },
    adapter: [ 'xhr', 'http', 'fetch' ],
    transformRequest: [ [Function: transformRequest] ],
    transformResponse: [ [Function: transformResponse] ],
    timeout: 30000,
    xsrfCookieName: 'XSRF-TOKEN',
    xsrfHeaderName: 'X-XSRF-TOKEN',
    maxContentLength: -1,
    maxBodyLength: -1,
    env: { FormData: [Function], Blob: [class Blob] },
    validateStatus: [Function: validateStatus],
    headers: Object [AxiosHeaders] {
      Accept: 'application/json, text/plain, */*',
      'Content-Type': 'application/json'
    },
    baseURL: 'http://localhost:5000/api',
    method: 'post',
    url: '/auth/login',
    data: '{"username":"head_coach","password":"password123"}',
    allowAbsoluteUrls: true
  },
  request: XMLHttpRequest {},
  response: {
    data: { error: 'Invalid credentials' },
    status: 401,
    statusText: 'Unauthorized',
    headers: Object [AxiosHeaders] {
      'content-type': 'application/json; charset=utf-8',
      'content-length': '31'
    },
    config: [Object: null prototype] {
      transitional: [Object],
      adapter: [Array],
      transformRequest: [Array],
      transformResponse: [Array],
      timeout: 30000,
      xsrfCookieName: 'XSRF-TOKEN',
      xsrfHeaderName: 'X-XSRF-TOKEN',
      maxContentLength: -1,
      maxBodyLength: -1,
      env: [Object],
      validateStatus: [Function: validateStatus],
      headers: [Object [AxiosHeaders]],
      baseURL: 'http://localhost:5000/api',
      method: 'post',
      url: '/auth/login',
      data: '{"username":"head_coach","password":"password123"}',
      allowAbsoluteUrls: true
    },
    request: XMLHttpRequest {}
  },
  status: 401
}

Not implemented: navigation to another Document
Not implemented: navigation to another Document
Not implemented: navigation to another Document
stderr | src/contexts/AuthContext.test.tsx > AuthContext > Logout functionality > should clear auth state on logout
Login error: AxiosError: Request failed with status code 401
    at settle (file:///Users/midhunvmanikkath/Documents/PROJECTS/LOVEALL/APP/shuttlecoach/node_modules/axios/lib/core/settle.js:19:12)
    at XMLHttpRequest.onloadend (file:///Users/midhunvmanikkath/Documents/PROJECTS/LOVEALL/APP/shuttlecoach/node_modules/axios/lib/adapters/xhr.js:63:9)
    at XMLHttpRequest.invokeTheCallbackFunction (/Users/midhunvmanikkath/Documents/PROJECTS/LOVEALL/APP/shuttlecoach/node_modules/jsdom/lib/generated/idl/EventHandlerNonNull.js:14:28)
    at XMLHttpRequest.<anonymous> (/Users/midhunvmanikkath/Documents/PROJECTS/LOVEALL/APP/shuttlecoach/node_modules/jsdom/lib/jsdom/living/helpers/create-event-accessor.js:57:32)
    at innerInvokeEventListeners (/Users/midhunvmanikkath/Documents/PROJECTS/LOVEALL/APP/shuttlecoach/node_modules/jsdom/lib/jsdom/living/events/EventTarget-impl.js:360:16)
    at invokeEventListeners (/Users/midhunvmanikkath/Documents/PROJECTS/LOVEALL/APP/shuttlecoach/node_modules/jsdom/lib/jsdom/living/events/EventTarget-impl.js:296:3)
    at XMLHttpRequestImpl._dispatch (/Users/midhunvmanikkath/Documents/PROJECTS/LOVEALL/APP/shuttlecoach/node_modules/jsdom/lib/jsdom/living/events/EventTarget-impl.js:243:9)
    at fireAnEvent (/Users/midhunvmanikkath/Documents/PROJECTS/LOVEALL/APP/shuttlecoach/node_modules/jsdom/lib/jsdom/living/helpers/events.js:18:36)
    at /Users/midhunvmanikkath/Documents/PROJECTS/LOVEALL/APP/shuttlecoach/node_modules/jsdom/lib/jsdom/living/xhr/XMLHttpRequest-impl.js:860:11
    at processTicksAndRejections (node:internal/process/task_queues:103:5)
    at Axios.request (file:///Users/midhunvmanikkath/Documents/PROJECTS/LOVEALL/APP/shuttlecoach/node_modules/axios/lib/core/Axios.js:46:41)
    at processTicksAndRejections (node:internal/process/task_queues:103:5)
    at Object.login (/Users/midhunvmanikkath/Documents/PROJECTS/LOVEALL/APP/shuttlecoach/src/contexts/AuthContext.tsx:70:24)
    at /Users/midhunvmanikkath/Documents/PROJECTS/LOVEALL/APP/shuttlecoach/src/contexts/AuthContext.test.tsx:316:7
    at file:///Users/midhunvmanikkath/Documents/PROJECTS/LOVEALL/APP/shuttlecoach/node_modules/@vitest/runner/dist/chunk-artifact.js:1903:20 {
  isAxiosError: true,
  code: 'ERR_BAD_REQUEST',
  config: [Object: null prototype] {
    transitional: {
      silentJSONParsing: true,
      forcedJSONParsing: true,
      clarifyTimeoutError: false,
      legacyInterceptorReqResOrdering: true,
      advertiseZstdAcceptEncoding: false,
      validateStatusUndefinedResolves: true
    },
    adapter: [ 'xhr', 'http', 'fetch' ],
    transformRequest: [ [Function: transformRequest] ],
    transformResponse: [ [Function: transformResponse] ],
    timeout: 30000,
    xsrfCookieName: 'XSRF-TOKEN',
    xsrfHeaderName: 'X-XSRF-TOKEN',
    maxContentLength: -1,
    maxBodyLength: -1,
    env: { FormData: [Function], Blob: [class Blob] },
    validateStatus: [Function: validateStatus],
    headers: Object [AxiosHeaders] {
      Accept: 'application/json, text/plain, */*',
      'Content-Type': 'application/json'
    },
    baseURL: 'http://localhost:5000/api',
    method: 'post',
    url: '/auth/login',
    data: '{"username":"head_coach","password":"password123"}',
    allowAbsoluteUrls: true
  },
  request: XMLHttpRequest {},
  response: {
    data: { error: 'Invalid credentials' },
    status: 401,
    statusText: 'Unauthorized',
    headers: Object [AxiosHeaders] {
      'content-type': 'application/json; charset=utf-8',
      'content-length': '31'
    },
    config: [Object: null prototype] {
      transitional: [Object],
      adapter: [Array],
      transformRequest: [Array],
      transformResponse: [Array],
      timeout: 30000,
      xsrfCookieName: 'XSRF-TOKEN',
      xsrfHeaderName: 'X-XSRF-TOKEN',
      maxContentLength: -1,
      maxBodyLength: -1,
      env: [Object],
      validateStatus: [Function: validateStatus],
      headers: [Object [AxiosHeaders]],
      baseURL: 'http://localhost:5000/api',
      method: 'post',
      url: '/auth/login',
      data: '{"username":"head_coach","password":"password123"}',
      allowAbsoluteUrls: true
    },
    request: XMLHttpRequest {}
  },
  status: 401
}

Not implemented: navigation to another Document
 ❯ src/pages/HeadCoachDashboard.test.tsx (8 tests | 2 failed) 143ms
     × renders the dashboard without errors 11ms
     × displays section title "All Students" 17ms
Not implemented: navigation to another Document
stderr | src/contexts/AuthContext.test.tsx > AuthContext > Logout functionality > should remove auth data from localStorage on logout
Login error: AxiosError: Request failed with status code 401
    at settle (file:///Users/midhunvmanikkath/Documents/PROJECTS/LOVEALL/APP/shuttlecoach/node_modules/axios/lib/core/settle.js:19:12)
    at XMLHttpRequest.onloadend (file:///Users/midhunvmanikkath/Documents/PROJECTS/LOVEALL/APP/shuttlecoach/node_modules/axios/lib/adapters/xhr.js:63:9)
    at XMLHttpRequest.invokeTheCallbackFunction (/Users/midhunvmanikkath/Documents/PROJECTS/LOVEALL/APP/shuttlecoach/node_modules/jsdom/lib/generated/idl/EventHandlerNonNull.js:14:28)
    at XMLHttpRequest.<anonymous> (/Users/midhunvmanikkath/Documents/PROJECTS/LOVEALL/APP/shuttlecoach/node_modules/jsdom/lib/jsdom/living/helpers/create-event-accessor.js:57:32)
    at innerInvokeEventListeners (/Users/midhunvmanikkath/Documents/PROJECTS/LOVEALL/APP/shuttlecoach/node_modules/jsdom/lib/jsdom/living/events/EventTarget-impl.js:360:16)
    at invokeEventListeners (/Users/midhunvmanikkath/Documents/PROJECTS/LOVEALL/APP/shuttlecoach/node_modules/jsdom/lib/jsdom/living/events/EventTarget-impl.js:296:3)
    at XMLHttpRequestImpl._dispatch (/Users/midhunvmanikkath/Documents/PROJECTS/LOVEALL/APP/shuttlecoach/node_modules/jsdom/lib/jsdom/living/events/EventTarget-impl.js:243:9)
    at fireAnEvent (/Users/midhunvmanikkath/Documents/PROJECTS/LOVEALL/APP/shuttlecoach/node_modules/jsdom/lib/jsdom/living/helpers/events.js:18:36)
    at /Users/midhunvmanikkath/Documents/PROJECTS/LOVEALL/APP/shuttlecoach/node_modules/jsdom/lib/jsdom/living/xhr/XMLHttpRequest-impl.js:860:11
    at processTicksAndRejections (node:internal/process/task_queues:103:5)
    at Axios.request (file:///Users/midhunvmanikkath/Documents/PROJECTS/LOVEALL/APP/shuttlecoach/node_modules/axios/lib/core/Axios.js:46:41)
    at processTicksAndRejections (node:internal/process/task_queues:103:5)
    at Object.login (/Users/midhunvmanikkath/Documents/PROJECTS/LOVEALL/APP/shuttlecoach/src/contexts/AuthContext.tsx:70:24)
    at /Users/midhunvmanikkath/Documents/PROJECTS/LOVEALL/APP/shuttlecoach/src/contexts/AuthContext.test.tsx:352:7
    at file:///Users/midhunvmanikkath/Documents/PROJECTS/LOVEALL/APP/shuttlecoach/node_modules/@vitest/runner/dist/chunk-artifact.js:1903:20 {
  isAxiosError: true,
  code: 'ERR_BAD_REQUEST',
  config: [Object: null prototype] {
    transitional: {
      silentJSONParsing: true,
      forcedJSONParsing: true,
      clarifyTimeoutError: false,
      legacyInterceptorReqResOrdering: true,
      advertiseZstdAcceptEncoding: false,
      validateStatusUndefinedResolves: true
    },
    adapter: [ 'xhr', 'http', 'fetch' ],
    transformRequest: [ [Function: transformRequest] ],
    transformResponse: [ [Function: transformResponse] ],
    timeout: 30000,
    xsrfCookieName: 'XSRF-TOKEN',
    xsrfHeaderName: 'X-XSRF-TOKEN',
    maxContentLength: -1,
    maxBodyLength: -1,
    env: { FormData: [Function], Blob: [class Blob] },
    validateStatus: [Function: validateStatus],
    headers: Object [AxiosHeaders] {
      Accept: 'application/json, text/plain, */*',
      'Content-Type': 'application/json'
    },
    baseURL: 'http://localhost:5000/api',
    method: 'post',
    url: '/auth/login',
    data: '{"username":"head_coach","password":"password123"}',
    allowAbsoluteUrls: true
  },
  request: XMLHttpRequest {},
  response: {
    data: { error: 'Invalid credentials' },
    status: 401,
    statusText: 'Unauthorized',
    headers: Object [AxiosHeaders] {
      'content-type': 'application/json; charset=utf-8',
      'content-length': '31'
    },
    config: [Object: null prototype] {
      transitional: [Object],
      adapter: [Array],
      transformRequest: [Array],
      transformResponse: [Array],
      timeout: 30000,
      xsrfCookieName: 'XSRF-TOKEN',
      xsrfHeaderName: 'X-XSRF-TOKEN',
      maxContentLength: -1,
      maxBodyLength: -1,
      env: [Object],
      validateStatus: [Function: validateStatus],
      headers: [Object [AxiosHeaders]],
      baseURL: 'http://localhost:5000/api',
      method: 'post',
      url: '/auth/login',
      data: '{"username":"head_coach","password":"password123"}',
      allowAbsoluteUrls: true
    },
    request: XMLHttpRequest {}
  },
  status: 401
}

stderr | src/contexts/AuthContext.test.tsx > AuthContext > localStorage persistence > should persist auth state to localStorage on login
Login error: AxiosError: Request failed with status code 401
    at settle (file:///Users/midhunvmanikkath/Documents/PROJECTS/LOVEALL/APP/shuttlecoach/node_modules/axios/lib/core/settle.js:19:12)
    at XMLHttpRequest.onloadend (file:///Users/midhunvmanikkath/Documents/PROJECTS/LOVEALL/APP/shuttlecoach/node_modules/axios/lib/adapters/xhr.js:63:9)
    at XMLHttpRequest.invokeTheCallbackFunction (/Users/midhunvmanikkath/Documents/PROJECTS/LOVEALL/APP/shuttlecoach/node_modules/jsdom/lib/generated/idl/EventHandlerNonNull.js:14:28)
    at XMLHttpRequest.<anonymous> (/Users/midhunvmanikkath/Documents/PROJECTS/LOVEALL/APP/shuttlecoach/node_modules/jsdom/lib/jsdom/living/helpers/create-event-accessor.js:57:32)
    at innerInvokeEventListeners (/Users/midhunvmanikkath/Documents/PROJECTS/LOVEALL/APP/shuttlecoach/node_modules/jsdom/lib/jsdom/living/events/EventTarget-impl.js:360:16)
    at invokeEventListeners (/Users/midhunvmanikkath/Documents/PROJECTS/LOVEALL/APP/shuttlecoach/node_modules/jsdom/lib/jsdom/living/events/EventTarget-impl.js:296:3)
    at XMLHttpRequestImpl._dispatch (/Users/midhunvmanikkath/Documents/PROJECTS/LOVEALL/APP/shuttlecoach/node_modules/jsdom/lib/jsdom/living/events/EventTarget-impl.js:243:9)
    at fireAnEvent (/Users/midhunvmanikkath/Documents/PROJECTS/LOVEALL/APP/shuttlecoach/node_modules/jsdom/lib/jsdom/living/helpers/events.js:18:36)
    at /Users/midhunvmanikkath/Documents/PROJECTS/LOVEALL/APP/shuttlecoach/node_modules/jsdom/lib/jsdom/living/xhr/XMLHttpRequest-impl.js:860:11
    at processTicksAndRejections (node:internal/process/task_queues:103:5)
    at Axios.request (file:///Users/midhunvmanikkath/Documents/PROJECTS/LOVEALL/APP/shuttlecoach/node_modules/axios/lib/core/Axios.js:46:41)
    at processTicksAndRejections (node:internal/process/task_queues:103:5)
    at Object.login (/Users/midhunvmanikkath/Documents/PROJECTS/LOVEALL/APP/shuttlecoach/src/contexts/AuthContext.tsx:70:24)
    at /Users/midhunvmanikkath/Documents/PROJECTS/LOVEALL/APP/shuttlecoach/src/contexts/AuthContext.test.tsx:390:7
    at file:///Users/midhunvmanikkath/Documents/PROJECTS/LOVEALL/APP/shuttlecoach/node_modules/@vitest/runner/dist/chunk-artifact.js:1903:20 {
  isAxiosError: true,
  code: 'ERR_BAD_REQUEST',
  config: [Object: null prototype] {
    transitional: {
      silentJSONParsing: true,
      forcedJSONParsing: true,
      clarifyTimeoutError: false,
      legacyInterceptorReqResOrdering: true,
      advertiseZstdAcceptEncoding: false,
      validateStatusUndefinedResolves: true
    },
    adapter: [ 'xhr', 'http', 'fetch' ],
    transformRequest: [ [Function: transformRequest] ],
    transformResponse: [ [Function: transformResponse] ],
    timeout: 30000,
    xsrfCookieName: 'XSRF-TOKEN',
    xsrfHeaderName: 'X-XSRF-TOKEN',
    maxContentLength: -1,
    maxBodyLength: -1,
    env: { FormData: [Function], Blob: [class Blob] },
    validateStatus: [Function: validateStatus],
    headers: Object [AxiosHeaders] {
      Accept: 'application/json, text/plain, */*',
      'Content-Type': 'application/json'
    },
    baseURL: 'http://localhost:5000/api',
    method: 'post',
    url: '/auth/login',
    data: '{"username":"head_coach","password":"password123"}',
    allowAbsoluteUrls: true
  },
  request: XMLHttpRequest {},
  response: {
    data: { error: 'Invalid credentials' },
    status: 401,
    statusText: 'Unauthorized',
    headers: Object [AxiosHeaders] {
      'content-type': 'application/json; charset=utf-8',
      'content-length': '31'
    },
    config: [Object: null prototype] {
      transitional: [Object],
      adapter: [Array],
      transformRequest: [Array],
      transformResponse: [Array],
      timeout: 30000,
      xsrfCookieName: 'XSRF-TOKEN',
      xsrfHeaderName: 'X-XSRF-TOKEN',
      maxContentLength: -1,
      maxBodyLength: -1,
      env: [Object],
      validateStatus: [Function: validateStatus],
      headers: [Object [AxiosHeaders]],
      baseURL: 'http://localhost:5000/api',
      method: 'post',
      url: '/auth/login',
      data: '{"username":"head_coach","password":"password123"}',
      allowAbsoluteUrls: true
    },
    request: XMLHttpRequest {}
  },
  status: 401
}

stderr | src/contexts/AuthContext.test.tsx > AuthContext > localStorage persistence > should restore auth state from localStorage on component mount
Login error: AxiosError: Request failed with status code 401
    at settle (file:///Users/midhunvmanikkath/Documents/PROJECTS/LOVEALL/APP/shuttlecoach/node_modules/axios/lib/core/settle.js:19:12)
    at XMLHttpRequest.onloadend (file:///Users/midhunvmanikkath/Documents/PROJECTS/LOVEALL/APP/shuttlecoach/node_modules/axios/lib/adapters/xhr.js:63:9)
    at XMLHttpRequest.invokeTheCallbackFunction (/Users/midhunvmanikkath/Documents/PROJECTS/LOVEALL/APP/shuttlecoach/node_modules/jsdom/lib/generated/idl/EventHandlerNonNull.js:14:28)
    at XMLHttpRequest.<anonymous> (/Users/midhunvmanikkath/Documents/PROJECTS/LOVEALL/APP/shuttlecoach/node_modules/jsdom/lib/jsdom/living/helpers/create-event-accessor.js:57:32)
    at innerInvokeEventListeners (/Users/midhunvmanikkath/Documents/PROJECTS/LOVEALL/APP/shuttlecoach/node_modules/jsdom/lib/jsdom/living/events/EventTarget-impl.js:360:16)
    at invokeEventListeners (/Users/midhunvmanikkath/Documents/PROJECTS/LOVEALL/APP/shuttlecoach/node_modules/jsdom/lib/jsdom/living/events/EventTarget-impl.js:296:3)
    at XMLHttpRequestImpl._dispatch (/Users/midhunvmanikkath/Documents/PROJECTS/LOVEALL/APP/shuttlecoach/node_modules/jsdom/lib/jsdom/living/events/EventTarget-impl.js:243:9)
    at fireAnEvent (/Users/midhunvmanikkath/Documents/PROJECTS/LOVEALL/APP/shuttlecoach/node_modules/jsdom/lib/jsdom/living/helpers/events.js:18:36)
    at /Users/midhunvmanikkath/Documents/PROJECTS/LOVEALL/APP/shuttlecoach/node_modules/jsdom/lib/jsdom/living/xhr/XMLHttpRequest-impl.js:860:11
    at processTicksAndRejections (node:internal/process/task_queues:103:5)
    at Axios.request (file:///Users/midhunvmanikkath/Documents/PROJECTS/LOVEALL/APP/shuttlecoach/node_modules/axios/lib/core/Axios.js:46:41)
    at processTicksAndRejections (node:internal/process/task_queues:103:5)
    at Object.login (/Users/midhunvmanikkath/Documents/PROJECTS/LOVEALL/APP/shuttlecoach/src/contexts/AuthContext.tsx:70:24)
    at /Users/midhunvmanikkath/Documents/PROJECTS/LOVEALL/APP/shuttlecoach/src/contexts/AuthContext.test.tsx:422:7
    at file:///Users/midhunvmanikkath/Documents/PROJECTS/LOVEALL/APP/shuttlecoach/node_modules/@vitest/runner/dist/chunk-artifact.js:1903:20 {
  isAxiosError: true,
  code: 'ERR_BAD_REQUEST',
  config: [Object: null prototype] {
    transitional: {
      silentJSONParsing: true,
      forcedJSONParsing: true,
      clarifyTimeoutError: false,
      legacyInterceptorReqResOrdering: true,
      advertiseZstdAcceptEncoding: false,
      validateStatusUndefinedResolves: true
    },
    adapter: [ 'xhr', 'http', 'fetch' ],
    transformRequest: [ [Function: transformRequest] ],
    transformResponse: [ [Function: transformResponse] ],
    timeout: 30000,
    xsrfCookieName: 'XSRF-TOKEN',
    xsrfHeaderName: 'X-XSRF-TOKEN',
    maxContentLength: -1,
    maxBodyLength: -1,
    env: { FormData: [Function], Blob: [class Blob] },
    validateStatus: [Function: validateStatus],
    headers: Object [AxiosHeaders] {
      Accept: 'application/json, text/plain, */*',
      'Content-Type': 'application/json'
    },
    baseURL: 'http://localhost:5000/api',
    method: 'post',
    url: '/auth/login',
    data: '{"username":"head_coach","password":"password123"}',
    allowAbsoluteUrls: true
  },
  request: XMLHttpRequest {},
  response: {
    data: { error: 'Invalid credentials' },
    status: 401,
    statusText: 'Unauthorized',
    headers: Object [AxiosHeaders] {
      'content-type': 'application/json; charset=utf-8',
      'content-length': '31'
    },
    config: [Object: null prototype] {
      transitional: [Object],
      adapter: [Array],
      transformRequest: [Array],
      transformResponse: [Array],
      timeout: 30000,
      xsrfCookieName: 'XSRF-TOKEN',
      xsrfHeaderName: 'X-XSRF-TOKEN',
      maxContentLength: -1,
      maxBodyLength: -1,
      env: [Object],
      validateStatus: [Function: validateStatus],
      headers: [Object [AxiosHeaders]],
      baseURL: 'http://localhost:5000/api',
      method: 'post',
      url: '/auth/login',
      data: '{"username":"head_coach","password":"password123"}',
      allowAbsoluteUrls: true
    },
    request: XMLHttpRequest {}
  },
  status: 401
}

Not implemented: navigation to another Document
Not implemented: navigation to another Document
 ❯ src/hooks/useStudents.test.ts (30 tests | 29 failed) 93ms
       × should load initial students from JSON data on mount 31ms
       × should parse date strings into Date objects 4ms
       × should merge localStorage data with initial data (localStorage takes precedence) 2ms
       × should include new students from localStorage not in initial data 2ms
       × should return a student by id 3ms
       × should return undefined for non-existent id 4ms
       × should create a new student with valid data 3ms
       × should generate a unique id for new students 2ms
       × should auto-compute age from dateOfBirth 2ms
       × should auto-compute bmi from height and weight 2ms
       × should persist new student to localStorage 2ms
       × should set createdAt and updatedAt to current time 2ms
       × should default skillLevel to Beginner if not provided 2ms
       × should throw error if fullName is missing 2ms
       × should throw error if dateOfBirth is missing 1ms
       × should throw error if gender is missing 1ms
       × should throw error if contactPhone is missing 1ms
       × should update an existing student 1ms
       × should preserve fields not included in update 2ms
       × should recompute age when dateOfBirth is updated 1ms
       × should recompute bmi when height is updated 1ms
       × should recompute bmi when weight is updated 7ms
       × should update the updatedAt timestamp 2ms
       × should persist changes to localStorage 1ms
       × should throw error for non-existent student id 1ms
       × should throw error if updating fullName to empty 2ms
       × should throw error if updating contactPhone to empty 1ms
       × should restore created students after re-mounting 2ms
       × should restore updated students after re-mounting 3ms
Not implemented: navigation to another Document
Not implemented: navigation to another Document
Not implemented: navigation to another Document
Not implemented: navigation to another Document
Not implemented: navigation to another Document
Not implemented: navigation to another Document
Not implemented: navigation to another Document
Not implemented: navigation to another Document
Not implemented: navigation to another Document
Not implemented: navigation to another Document
Not implemented: navigation to another Document
Not implemented: navigation to another Document
Not implemented: navigation to another Document
Not implemented: navigation to another Document
Not implemented: navigation to another Document
Not implemented: navigation to another Document
Not implemented: navigation to another Document
Not implemented: navigation to another Document
Not implemented: navigation to another Document
Not implemented: navigation to another Document
Not implemented: navigation to another Document
Not implemented: navigation to another Document
Not implemented: navigation to another Document
Not implemented: navigation to another Document
Not implemented: navigation to another Document
Not implemented: navigation to another Document
Not implemented: navigation to another Document
Not implemented: navigation to another Document
Not implemented: navigation to another Document
Not implemented: navigation to another Document
Not implemented: navigation to another Document
Not implemented: navigation to another Document
Not implemented: navigation to another Document
Not implemented: navigation to another Document
Not implemented: navigation to another Document
Not implemented: navigation to another Document
Not implemented: navigation to another Document
Not implemented: navigation to another Document
Not implemented: navigation to another Document
Not implemented: navigation to another Document
Not implemented: navigation to another Document
Not implemented: navigation to another Document
Not implemented: navigation to another Document
Not implemented: navigation to another Document
Not implemented: navigation to another Document
Not implemented: navigation to another Document
Not implemented: navigation to another Document
Not implemented: navigation to another Document
Not implemented: navigation to another Document
Not implemented: navigation to another Document
Not implemented: navigation to another Document
Not implemented: navigation to another Document
Not implemented: navigation to another Document
Not implemented: navigation to another Document
Not implemented: navigation to another Document
Not implemented: navigation to another Document
Not implemented: navigation to another Document
Not implemented: navigation to another Document
Not implemented: navigation to another Document
Not implemented: navigation to another Document
Not implemented: navigation to another Document
Not implemented: navigation to another Document
Not implemented: navigation to another Document
Not implemented: navigation to another Document
Not implemented: navigation to another Document
Not implemented: navigation to another Document
Not implemented: navigation to another Document
stderr | src/contexts/AuthContext.test.tsx > AuthContext > Token format and structure > should generate token with userId and timestamp
Login error: AxiosError: Request failed with status code 401
    at settle (file:///Users/midhunvmanikkath/Documents/PROJECTS/LOVEALL/APP/shuttlecoach/node_modules/axios/lib/core/settle.js:19:12)
    at XMLHttpRequest.onloadend (file:///Users/midhunvmanikkath/Documents/PROJECTS/LOVEALL/APP/shuttlecoach/node_modules/axios/lib/adapters/xhr.js:63:9)
    at XMLHttpRequest.invokeTheCallbackFunction (/Users/midhunvmanikkath/Documents/PROJECTS/LOVEALL/APP/shuttlecoach/node_modules/jsdom/lib/generated/idl/EventHandlerNonNull.js:14:28)
    at XMLHttpRequest.<anonymous> (/Users/midhunvmanikkath/Documents/PROJECTS/LOVEALL/APP/shuttlecoach/node_modules/jsdom/lib/jsdom/living/helpers/create-event-accessor.js:57:32)
    at innerInvokeEventListeners (/Users/midhunvmanikkath/Documents/PROJECTS/LOVEALL/APP/shuttlecoach/node_modules/jsdom/lib/jsdom/living/events/EventTarget-impl.js:360:16)
    at invokeEventListeners (/Users/midhunvmanikkath/Documents/PROJECTS/LOVEALL/APP/shuttlecoach/node_modules/jsdom/lib/jsdom/living/events/EventTarget-impl.js:296:3)
    at XMLHttpRequestImpl._dispatch (/Users/midhunvmanikkath/Documents/PROJECTS/LOVEALL/APP/shuttlecoach/node_modules/jsdom/lib/jsdom/living/events/EventTarget-impl.js:243:9)
    at fireAnEvent (/Users/midhunvmanikkath/Documents/PROJECTS/LOVEALL/APP/shuttlecoach/node_modules/jsdom/lib/jsdom/living/helpers/events.js:18:36)
    at /Users/midhunvmanikkath/Documents/PROJECTS/LOVEALL/APP/shuttlecoach/node_modules/jsdom/lib/jsdom/living/xhr/XMLHttpRequest-impl.js:860:11
    at processTicksAndRejections (node:internal/process/task_queues:103:5)
    at Axios.request (file:///Users/midhunvmanikkath/Documents/PROJECTS/LOVEALL/APP/shuttlecoach/node_modules/axios/lib/core/Axios.js:46:41)
    at processTicksAndRejections (node:internal/process/task_queues:103:5)
    at Object.login (/Users/midhunvmanikkath/Documents/PROJECTS/LOVEALL/APP/shuttlecoach/src/contexts/AuthContext.tsx:70:24)
    at /Users/midhunvmanikkath/Documents/PROJECTS/LOVEALL/APP/shuttlecoach/src/contexts/AuthContext.test.tsx:618:7
    at file:///Users/midhunvmanikkath/Documents/PROJECTS/LOVEALL/APP/shuttlecoach/node_modules/@vitest/runner/dist/chunk-artifact.js:1903:20 {
  isAxiosError: true,
  code: 'ERR_BAD_REQUEST',
  config: [Object: null prototype] {
    transitional: {
      silentJSONParsing: true,
      forcedJSONParsing: true,
      clarifyTimeoutError: false,
      legacyInterceptorReqResOrdering: true,
      advertiseZstdAcceptEncoding: false,
      validateStatusUndefinedResolves: true
    },
    adapter: [ 'xhr', 'http', 'fetch' ],
    transformRequest: [ [Function: transformRequest] ],
    transformResponse: [ [Function: transformResponse] ],
    timeout: 30000,
    xsrfCookieName: 'XSRF-TOKEN',
    xsrfHeaderName: 'X-XSRF-TOKEN',
    maxContentLength: -1,
    maxBodyLength: -1,
    env: { FormData: [Function], Blob: [class Blob] },
    validateStatus: [Function: validateStatus],
    headers: Object [AxiosHeaders] {
      Accept: 'application/json, text/plain, */*',
      'Content-Type': 'application/json'
    },
    baseURL: 'http://localhost:5000/api',
    method: 'post',
    url: '/auth/login',
    data: '{"username":"head_coach","password":"password123"}',
    allowAbsoluteUrls: true
  },
  request: XMLHttpRequest {},
  response: {
    data: { error: 'Invalid credentials' },
    status: 401,
    statusText: 'Unauthorized',
    headers: Object [AxiosHeaders] {
      'content-type': 'application/json; charset=utf-8',
      'content-length': '31'
    },
    config: [Object: null prototype] {
      transitional: [Object],
      adapter: [Array],
      transformRequest: [Array],
      transformResponse: [Array],
      timeout: 30000,
      xsrfCookieName: 'XSRF-TOKEN',
      xsrfHeaderName: 'X-XSRF-TOKEN',
      maxContentLength: -1,
      maxBodyLength: -1,
      env: [Object],
      validateStatus: [Function: validateStatus],
      headers: [Object [AxiosHeaders]],
      baseURL: 'http://localhost:5000/api',
      method: 'post',
      url: '/auth/login',
      data: '{"username":"head_coach","password":"password123"}',
      allowAbsoluteUrls: true
    },
    request: XMLHttpRequest {}
  },
  status: 401
}

stderr | src/contexts/AuthContext.test.tsx > AuthContext > User data structure > should return complete user object with all required fields
Login error: AxiosError: Request failed with status code 401
    at settle (file:///Users/midhunvmanikkath/Documents/PROJECTS/LOVEALL/APP/shuttlecoach/node_modules/axios/lib/core/settle.js:19:12)
    at XMLHttpRequest.onloadend (file:///Users/midhunvmanikkath/Documents/PROJECTS/LOVEALL/APP/shuttlecoach/node_modules/axios/lib/adapters/xhr.js:63:9)
    at XMLHttpRequest.invokeTheCallbackFunction (/Users/midhunvmanikkath/Documents/PROJECTS/LOVEALL/APP/shuttlecoach/node_modules/jsdom/lib/generated/idl/EventHandlerNonNull.js:14:28)
    at XMLHttpRequest.<anonymous> (/Users/midhunvmanikkath/Documents/PROJECTS/LOVEALL/APP/shuttlecoach/node_modules/jsdom/lib/jsdom/living/helpers/create-event-accessor.js:57:32)
    at innerInvokeEventListeners (/Users/midhunvmanikkath/Documents/PROJECTS/LOVEALL/APP/shuttlecoach/node_modules/jsdom/lib/jsdom/living/events/EventTarget-impl.js:360:16)
    at invokeEventListeners (/Users/midhunvmanikkath/Documents/PROJECTS/LOVEALL/APP/shuttlecoach/node_modules/jsdom/lib/jsdom/living/events/EventTarget-impl.js:296:3)
    at XMLHttpRequestImpl._dispatch (/Users/midhunvmanikkath/Documents/PROJECTS/LOVEALL/APP/shuttlecoach/node_modules/jsdom/lib/jsdom/living/events/EventTarget-impl.js:243:9)
    at fireAnEvent (/Users/midhunvmanikkath/Documents/PROJECTS/LOVEALL/APP/shuttlecoach/node_modules/jsdom/lib/jsdom/living/helpers/events.js:18:36)
    at /Users/midhunvmanikkath/Documents/PROJECTS/LOVEALL/APP/shuttlecoach/node_modules/jsdom/lib/jsdom/living/xhr/XMLHttpRequest-impl.js:860:11
    at processTicksAndRejections (node:internal/process/task_queues:103:5)
    at Axios.request (file:///Users/midhunvmanikkath/Documents/PROJECTS/LOVEALL/APP/shuttlecoach/node_modules/axios/lib/core/Axios.js:46:41)
    at processTicksAndRejections (node:internal/process/task_queues:103:5)
    at Object.login (/Users/midhunvmanikkath/Documents/PROJECTS/LOVEALL/APP/shuttlecoach/src/contexts/AuthContext.tsx:70:24)
    at /Users/midhunvmanikkath/Documents/PROJECTS/LOVEALL/APP/shuttlecoach/src/contexts/AuthContext.test.tsx:507:7
    at file:///Users/midhunvmanikkath/Documents/PROJECTS/LOVEALL/APP/shuttlecoach/node_modules/@vitest/runner/dist/chunk-artifact.js:1903:20 {
  isAxiosError: true,
  code: 'ERR_BAD_REQUEST',
  config: [Object: null prototype] {
    transitional: {
      silentJSONParsing: true,
      forcedJSONParsing: true,
      clarifyTimeoutError: false,
      legacyInterceptorReqResOrdering: true,
      advertiseZstdAcceptEncoding: false,
      validateStatusUndefinedResolves: true
    },
    adapter: [ 'xhr', 'http', 'fetch' ],
    transformRequest: [ [Function: transformRequest] ],
    transformResponse: [ [Function: transformResponse] ],
    timeout: 30000,
    xsrfCookieName: 'XSRF-TOKEN',
    xsrfHeaderName: 'X-XSRF-TOKEN',
    maxContentLength: -1,
    maxBodyLength: -1,
    env: { FormData: [Function], Blob: [class Blob] },
    validateStatus: [Function: validateStatus],
    headers: Object [AxiosHeaders] {
      Accept: 'application/json, text/plain, */*',
      'Content-Type': 'application/json'
    },
    baseURL: 'http://localhost:5000/api',
    method: 'post',
    url: '/auth/login',
    data: '{"username":"head_coach","password":"password123"}',
    allowAbsoluteUrls: true
  },
  request: XMLHttpRequest {},
  response: {
    data: { error: 'Invalid credentials' },
    status: 401,
    statusText: 'Unauthorized',
    headers: Object [AxiosHeaders] {
      'content-type': 'application/json; charset=utf-8',
      'content-length': '31'
    },
    config: [Object: null prototype] {
      transitional: [Object],
      adapter: [Array],
      transformRequest: [Array],
      transformResponse: [Array],
      timeout: 30000,
      xsrfCookieName: 'XSRF-TOKEN',
      xsrfHeaderName: 'X-XSRF-TOKEN',
      maxContentLength: -1,
      maxBodyLength: -1,
      env: [Object],
      validateStatus: [Function: validateStatus],
      headers: [Object [AxiosHeaders]],
      baseURL: 'http://localhost:5000/api',
      method: 'post',
      url: '/auth/login',
      data: '{"username":"head_coach","password":"password123"}',
      allowAbsoluteUrls: true
    },
    request: XMLHttpRequest {}
  },
  status: 401
}

stderr | src/contexts/AuthContext.test.tsx > AuthContext > Multiple users availability > should have 5 sample users with correct roles
Login error: AxiosError: Request failed with status code 401
    at settle (file:///Users/midhunvmanikkath/Documents/PROJECTS/LOVEALL/APP/shuttlecoach/node_modules/axios/lib/core/settle.js:19:12)
    at XMLHttpRequest.onloadend (file:///Users/midhunvmanikkath/Documents/PROJECTS/LOVEALL/APP/shuttlecoach/node_modules/axios/lib/adapters/xhr.js:63:9)
    at XMLHttpRequest.invokeTheCallbackFunction (/Users/midhunvmanikkath/Documents/PROJECTS/LOVEALL/APP/shuttlecoach/node_modules/jsdom/lib/generated/idl/EventHandlerNonNull.js:14:28)
    at XMLHttpRequest.<anonymous> (/Users/midhunvmanikkath/Documents/PROJECTS/LOVEALL/APP/shuttlecoach/node_modules/jsdom/lib/jsdom/living/helpers/create-event-accessor.js:57:32)
    at innerInvokeEventListeners (/Users/midhunvmanikkath/Documents/PROJECTS/LOVEALL/APP/shuttlecoach/node_modules/jsdom/lib/jsdom/living/events/EventTarget-impl.js:360:16)
    at invokeEventListeners (/Users/midhunvmanikkath/Documents/PROJECTS/LOVEALL/APP/shuttlecoach/node_modules/jsdom/lib/jsdom/living/events/EventTarget-impl.js:296:3)
    at XMLHttpRequestImpl._dispatch (/Users/midhunvmanikkath/Documents/PROJECTS/LOVEALL/APP/shuttlecoach/node_modules/jsdom/lib/jsdom/living/events/EventTarget-impl.js:243:9)
    at fireAnEvent (/Users/midhunvmanikkath/Documents/PROJECTS/LOVEALL/APP/shuttlecoach/node_modules/jsdom/lib/jsdom/living/helpers/events.js:18:36)
    at /Users/midhunvmanikkath/Documents/PROJECTS/LOVEALL/APP/shuttlecoach/node_modules/jsdom/lib/jsdom/living/xhr/XMLHttpRequest-impl.js:860:11
    at processTicksAndRejections (node:internal/process/task_queues:103:5)
    at Axios.request (file:///Users/midhunvmanikkath/Documents/PROJECTS/LOVEALL/APP/shuttlecoach/node_modules/axios/lib/core/Axios.js:46:41)
    at processTicksAndRejections (node:internal/process/task_queues:103:5)
    at Object.login (/Users/midhunvmanikkath/Documents/PROJECTS/LOVEALL/APP/shuttlecoach/src/contexts/AuthContext.tsx:70:24)
    at /Users/midhunvmanikkath/Documents/PROJECTS/LOVEALL/APP/shuttlecoach/src/contexts/AuthContext.test.tsx:552:9
    at file:///Users/midhunvmanikkath/Documents/PROJECTS/LOVEALL/APP/shuttlecoach/node_modules/@vitest/runner/dist/chunk-artifact.js:1903:20 {
  isAxiosError: true,
  code: 'ERR_BAD_REQUEST',
  config: [Object: null prototype] {
    transitional: {
      silentJSONParsing: true,
      forcedJSONParsing: true,
      clarifyTimeoutError: false,
      legacyInterceptorReqResOrdering: true,
      advertiseZstdAcceptEncoding: false,
      validateStatusUndefinedResolves: true
    },
    adapter: [ 'xhr', 'http', 'fetch' ],
    transformRequest: [ [Function: transformRequest] ],
    transformResponse: [ [Function: transformResponse] ],
    timeout: 30000,
    xsrfCookieName: 'XSRF-TOKEN',
    xsrfHeaderName: 'X-XSRF-TOKEN',
    maxContentLength: -1,
    maxBodyLength: -1,
    env: { FormData: [Function], Blob: [class Blob] },
    validateStatus: [Function: validateStatus],
    headers: Object [AxiosHeaders] {
      Accept: 'application/json, text/plain, */*',
      'Content-Type': 'application/json'
    },
    baseURL: 'http://localhost:5000/api',
    method: 'post',
    url: '/auth/login',
    data: '{"username":"head_coach","password":"password123"}',
    allowAbsoluteUrls: true
  },
  request: XMLHttpRequest {},
  response: {
    data: { error: 'Invalid credentials' },
    status: 401,
    statusText: 'Unauthorized',
    headers: Object [AxiosHeaders] {
      'content-type': 'application/json; charset=utf-8',
      'content-length': '31'
    },
    config: [Object: null prototype] {
      transitional: [Object],
      adapter: [Array],
      transformRequest: [Array],
      transformResponse: [Array],
      timeout: 30000,
      xsrfCookieName: 'XSRF-TOKEN',
      xsrfHeaderName: 'X-XSRF-TOKEN',
      maxContentLength: -1,
      maxBodyLength: -1,
      env: [Object],
      validateStatus: [Function: validateStatus],
      headers: [Object [AxiosHeaders]],
      baseURL: 'http://localhost:5000/api',
      method: 'post',
      url: '/auth/login',
      data: '{"username":"head_coach","password":"password123"}',
      allowAbsoluteUrls: true
    },
    request: XMLHttpRequest {}
  },
  status: 401
}

stderr | src/pages/LoginPage.test.tsx > LoginPage Component > Invalid Credentials > should show error message for invalid username
Login error: AxiosError: Request failed with status code 401
    at settle (file:///Users/midhunvmanikkath/Documents/PROJECTS/LOVEALL/APP/shuttlecoach/node_modules/axios/lib/core/settle.js:19:12)
    at XMLHttpRequest.onloadend (file:///Users/midhunvmanikkath/Documents/PROJECTS/LOVEALL/APP/shuttlecoach/node_modules/axios/lib/adapters/xhr.js:63:9)
    at XMLHttpRequest.invokeTheCallbackFunction (/Users/midhunvmanikkath/Documents/PROJECTS/LOVEALL/APP/shuttlecoach/node_modules/jsdom/lib/generated/idl/EventHandlerNonNull.js:14:28)
    at XMLHttpRequest.<anonymous> (/Users/midhunvmanikkath/Documents/PROJECTS/LOVEALL/APP/shuttlecoach/node_modules/jsdom/lib/jsdom/living/helpers/create-event-accessor.js:57:32)
    at innerInvokeEventListeners (/Users/midhunvmanikkath/Documents/PROJECTS/LOVEALL/APP/shuttlecoach/node_modules/jsdom/lib/jsdom/living/events/EventTarget-impl.js:360:16)
    at invokeEventListeners (/Users/midhunvmanikkath/Documents/PROJECTS/LOVEALL/APP/shuttlecoach/node_modules/jsdom/lib/jsdom/living/events/EventTarget-impl.js:296:3)
    at XMLHttpRequestImpl._dispatch (/Users/midhunvmanikkath/Documents/PROJECTS/LOVEALL/APP/shuttlecoach/node_modules/jsdom/lib/jsdom/living/events/EventTarget-impl.js:243:9)
    at fireAnEvent (/Users/midhunvmanikkath/Documents/PROJECTS/LOVEALL/APP/shuttlecoach/node_modules/jsdom/lib/jsdom/living/helpers/events.js:18:36)
    at /Users/midhunvmanikkath/Documents/PROJECTS/LOVEALL/APP/shuttlecoach/node_modules/jsdom/lib/jsdom/living/xhr/XMLHttpRequest-impl.js:860:11
    at processTicksAndRejections (node:internal/process/task_queues:103:5)
    at Axios.request (file:///Users/midhunvmanikkath/Documents/PROJECTS/LOVEALL/APP/shuttlecoach/node_modules/axios/lib/core/Axios.js:46:41)
    at processTicksAndRejections (node:internal/process/task_queues:103:5)
    at login (/Users/midhunvmanikkath/Documents/PROJECTS/LOVEALL/APP/shuttlecoach/src/contexts/AuthContext.tsx:70:24)
    at handleSubmit (/Users/midhunvmanikkath/Documents/PROJECTS/LOVEALL/APP/shuttlecoach/src/pages/LoginPage.tsx:99:7) {
  isAxiosError: true,
  code: 'ERR_BAD_REQUEST',
  config: [Object: null prototype] {
    transitional: {
      silentJSONParsing: true,
      forcedJSONParsing: true,
      clarifyTimeoutError: false,
      legacyInterceptorReqResOrdering: true,
      advertiseZstdAcceptEncoding: false,
      validateStatusUndefinedResolves: true
    },
    adapter: [ 'xhr', 'http', 'fetch' ],
    transformRequest: [ [Function: transformRequest] ],
    transformResponse: [ [Function: transformResponse] ],
    timeout: 30000,
    xsrfCookieName: 'XSRF-TOKEN',
    xsrfHeaderName: 'X-XSRF-TOKEN',
    maxContentLength: -1,
    maxBodyLength: -1,
    env: { FormData: [Function], Blob: [class Blob] },
    validateStatus: [Function: validateStatus],
    headers: Object [AxiosHeaders] {
      Accept: 'application/json, text/plain, */*',
      'Content-Type': 'application/json'
    },
    baseURL: 'http://localhost:5000/api',
    method: 'post',
    url: '/auth/login',
    data: '{"username":"invalid_user","password":"password123"}',
    allowAbsoluteUrls: true
  },
  request: XMLHttpRequest {},
  response: {
    data: { error: 'Invalid credentials' },
    status: 401,
    statusText: 'Unauthorized',
    headers: Object [AxiosHeaders] {
      'content-type': 'application/json; charset=utf-8',
      'content-length': '31'
    },
    config: [Object: null prototype] {
      transitional: [Object],
      adapter: [Array],
      transformRequest: [Array],
      transformResponse: [Array],
      timeout: 30000,
      xsrfCookieName: 'XSRF-TOKEN',
      xsrfHeaderName: 'X-XSRF-TOKEN',
      maxContentLength: -1,
      maxBodyLength: -1,
      env: [Object],
      validateStatus: [Function: validateStatus],
      headers: [Object [AxiosHeaders]],
      baseURL: 'http://localhost:5000/api',
      method: 'post',
      url: '/auth/login',
      data: '{"username":"invalid_user","password":"password123"}',
      allowAbsoluteUrls: true
    },
    request: XMLHttpRequest {}
  },
  status: 401
}

Not implemented: navigation to another Document
 ❯ src/contexts/AuthContext.test.tsx (21 tests | 14 failed) 1249ms
       × should successfully login with valid HEAD_COACH credentials 292ms
       × should successfully login with valid ASSISTANT_COACH credentials 161ms
       × should successfully login with valid STUDENT credentials 69ms
       × should throw error on invalid username 76ms
       × should throw error on invalid password 69ms
       × should not include password in user object after login 71ms
       × should generate a token on successful login 70ms
       × should clear auth state on logout 132ms
       × should remove auth data from localStorage on logout 43ms
       × should persist auth state to localStorage on login 51ms
       × should restore auth state from localStorage on component mount 40ms
       × should return complete user object with all required fields 41ms
       × should have 5 sample users with correct roles 41ms
       × should generate token with userId and timestamp 42ms
 ❯ src/components/FeeListTable.test.tsx (6 tests | 1 failed) 84ms
     × displays status badges with correct colors 13ms
 ❯ src/components/CoachProfileTab.test.tsx (48 tests | 1 failed) 1489ms
       × displays Save and Cancel buttons in edit mode 1015ms
 ❯ src/components/BatchesTabSkeleton.test.tsx (8 tests | 1 failed) 68ms
     × renders three batch item skeletons 8ms
 ❯ src/components/StudentsTabSkeleton.test.tsx (10 tests | 1 failed) 72ms
     × renders student avatar placeholders 6ms
 ❯ src/components/CoachWorkload.test.tsx (8 tests | 6 failed) 53ms
     × should render empty state when no workloads 30ms
     × should render coach names and student counts 7ms
     × should display "Balanced" status for coaches with 5-10 students 3ms
     × should display "Light" status for coaches with <5 students 3ms
     × should display legend explaining status indicators 2ms
     × should render singular "student" for count of 1 2ms
 ❯ src/components/FeeAlerts.test.tsx (8 tests | 5 failed) 62ms
     × should render success state when no overdue fees 24ms
     × should render alert state when there are overdue fees 19ms
     × should display count of overdue payments per student 5ms
     × should limit display to 5 students 3ms
     × should call onViewDetails when button is clicked 3ms
stderr | src/pages/LoginPage.test.tsx > LoginPage Component > Invalid Credentials > should show error message for invalid password
Login error: AxiosError: Request failed with status code 401
    at settle (file:///Users/midhunvmanikkath/Documents/PROJECTS/LOVEALL/APP/shuttlecoach/node_modules/axios/lib/core/settle.js:19:12)
    at XMLHttpRequest.onloadend (file:///Users/midhunvmanikkath/Documents/PROJECTS/LOVEALL/APP/shuttlecoach/node_modules/axios/lib/adapters/xhr.js:63:9)
    at XMLHttpRequest.invokeTheCallbackFunction (/Users/midhunvmanikkath/Documents/PROJECTS/LOVEALL/APP/shuttlecoach/node_modules/jsdom/lib/generated/idl/EventHandlerNonNull.js:14:28)
    at XMLHttpRequest.<anonymous> (/Users/midhunvmanikkath/Documents/PROJECTS/LOVEALL/APP/shuttlecoach/node_modules/jsdom/lib/jsdom/living/helpers/create-event-accessor.js:57:32)
    at innerInvokeEventListeners (/Users/midhunvmanikkath/Documents/PROJECTS/LOVEALL/APP/shuttlecoach/node_modules/jsdom/lib/jsdom/living/events/EventTarget-impl.js:360:16)
    at invokeEventListeners (/Users/midhunvmanikkath/Documents/PROJECTS/LOVEALL/APP/shuttlecoach/node_modules/jsdom/lib/jsdom/living/events/EventTarget-impl.js:296:3)
    at XMLHttpRequestImpl._dispatch (/Users/midhunvmanikkath/Documents/PROJECTS/LOVEALL/APP/shuttlecoach/node_modules/jsdom/lib/jsdom/living/events/EventTarget-impl.js:243:9)
    at fireAnEvent (/Users/midhunvmanikkath/Documents/PROJECTS/LOVEALL/APP/shuttlecoach/node_modules/jsdom/lib/jsdom/living/helpers/events.js:18:36)
    at /Users/midhunvmanikkath/Documents/PROJECTS/LOVEALL/APP/shuttlecoach/node_modules/jsdom/lib/jsdom/living/xhr/XMLHttpRequest-impl.js:860:11
    at processTicksAndRejections (node:internal/process/task_queues:103:5)
    at Axios.request (file:///Users/midhunvmanikkath/Documents/PROJECTS/LOVEALL/APP/shuttlecoach/node_modules/axios/lib/core/Axios.js:46:41)
    at processTicksAndRejections (node:internal/process/task_queues:103:5)
    at login (/Users/midhunvmanikkath/Documents/PROJECTS/LOVEALL/APP/shuttlecoach/src/contexts/AuthContext.tsx:70:24)
    at handleSubmit (/Users/midhunvmanikkath/Documents/PROJECTS/LOVEALL/APP/shuttlecoach/src/pages/LoginPage.tsx:99:7) {
  isAxiosError: true,
  code: 'ERR_BAD_REQUEST',
  config: [Object: null prototype] {
    transitional: {
      silentJSONParsing: true,
      forcedJSONParsing: true,
      clarifyTimeoutError: false,
      legacyInterceptorReqResOrdering: true,
      advertiseZstdAcceptEncoding: false,
      validateStatusUndefinedResolves: true
    },
    adapter: [ 'xhr', 'http', 'fetch' ],
    transformRequest: [ [Function: transformRequest] ],
    transformResponse: [ [Function: transformResponse] ],
    timeout: 30000,
    xsrfCookieName: 'XSRF-TOKEN',
    xsrfHeaderName: 'X-XSRF-TOKEN',
    maxContentLength: -1,
    maxBodyLength: -1,
    env: { FormData: [Function], Blob: [class Blob] },
    validateStatus: [Function: validateStatus],
    headers: Object [AxiosHeaders] {
      Accept: 'application/json, text/plain, */*',
      'Content-Type': 'application/json'
    },
    baseURL: 'http://localhost:5000/api',
    method: 'post',
    url: '/auth/login',
    data: '{"username":"head_coach","password":"wrongpassword"}',
    allowAbsoluteUrls: true
  },
  request: XMLHttpRequest {},
  response: {
    data: { error: 'Invalid credentials' },
    status: 401,
    statusText: 'Unauthorized',
    headers: Object [AxiosHeaders] {
      'content-type': 'application/json; charset=utf-8',
      'content-length': '31'
    },
    config: [Object: null prototype] {
      transitional: [Object],
      adapter: [Array],
      transformRequest: [Array],
      transformResponse: [Array],
      timeout: 30000,
      xsrfCookieName: 'XSRF-TOKEN',
      xsrfHeaderName: 'X-XSRF-TOKEN',
      maxContentLength: -1,
      maxBodyLength: -1,
      env: [Object],
      validateStatus: [Function: validateStatus],
      headers: [Object [AxiosHeaders]],
      baseURL: 'http://localhost:5000/api',
      method: 'post',
      url: '/auth/login',
      data: '{"username":"head_coach","password":"wrongpassword"}',
      allowAbsoluteUrls: true
    },
    request: XMLHttpRequest {}
  },
  status: 401
}

 ❯ src/components/RecentActivity.test.tsx (7 tests | 3 failed) 107ms
     × should render empty state when no activities 40ms
     × should format recent timestamps correctly 17ms
     × should render correct number of activities 8ms
 ❯ src/components/StudentCard.test.tsx (7 tests | 2 failed) 77ms
     × displays review badge with warning icon 5ms
     × includes tooltip with overdue information 4ms
 ❯ src/pages/CoachDetailPage.test.tsx (61 tests | 1 failed) 22ms
     × should display error state when data fetch fails 8ms
 ❯ src/components/AddStudentModal.simple.test.tsx (5 tests | 1 failed) 98ms
     × displays batch selection label when batches provided 9ms
Not implemented: navigation to another Document
Not implemented: navigation to another Document
Not implemented: navigation to another Document
stderr | src/pages/LoginPage.test.tsx > LoginPage Component > Invalid Credentials > should display error in a banner with red styling
Login error: AxiosError: Request failed with status code 400
    at settle (file:///Users/midhunvmanikkath/Documents/PROJECTS/LOVEALL/APP/shuttlecoach/node_modules/axios/lib/core/settle.js:19:12)
    at XMLHttpRequest.onloadend (file:///Users/midhunvmanikkath/Documents/PROJECTS/LOVEALL/APP/shuttlecoach/node_modules/axios/lib/adapters/xhr.js:63:9)
    at XMLHttpRequest.invokeTheCallbackFunction (/Users/midhunvmanikkath/Documents/PROJECTS/LOVEALL/APP/shuttlecoach/node_modules/jsdom/lib/generated/idl/EventHandlerNonNull.js:14:28)
    at XMLHttpRequest.<anonymous> (/Users/midhunvmanikkath/Documents/PROJECTS/LOVEALL/APP/shuttlecoach/node_modules/jsdom/lib/jsdom/living/helpers/create-event-accessor.js:57:32)
    at innerInvokeEventListeners (/Users/midhunvmanikkath/Documents/PROJECTS/LOVEALL/APP/shuttlecoach/node_modules/jsdom/lib/jsdom/living/events/EventTarget-impl.js:360:16)
    at invokeEventListeners (/Users/midhunvmanikkath/Documents/PROJECTS/LOVEALL/APP/shuttlecoach/node_modules/jsdom/lib/jsdom/living/events/EventTarget-impl.js:296:3)
    at XMLHttpRequestImpl._dispatch (/Users/midhunvmanikkath/Documents/PROJECTS/LOVEALL/APP/shuttlecoach/node_modules/jsdom/lib/jsdom/living/events/EventTarget-impl.js:243:9)
    at fireAnEvent (/Users/midhunvmanikkath/Documents/PROJECTS/LOVEALL/APP/shuttlecoach/node_modules/jsdom/lib/jsdom/living/helpers/events.js:18:36)
    at /Users/midhunvmanikkath/Documents/PROJECTS/LOVEALL/APP/shuttlecoach/node_modules/jsdom/lib/jsdom/living/xhr/XMLHttpRequest-impl.js:860:11
    at processTicksAndRejections (node:internal/process/task_queues:103:5)
    at Axios.request (file:///Users/midhunvmanikkath/Documents/PROJECTS/LOVEALL/APP/shuttlecoach/node_modules/axios/lib/core/Axios.js:46:41)
    at processTicksAndRejections (node:internal/process/task_queues:103:5)
    at login (/Users/midhunvmanikkath/Documents/PROJECTS/LOVEALL/APP/shuttlecoach/src/contexts/AuthContext.tsx:70:24)
    at handleSubmit (/Users/midhunvmanikkath/Documents/PROJECTS/LOVEALL/APP/shuttlecoach/src/pages/LoginPage.tsx:99:7) {
  isAxiosError: true,
  code: 'ERR_BAD_REQUEST',
  config: [Object: null prototype] {
    transitional: {
      silentJSONParsing: true,
      forcedJSONParsing: true,
      clarifyTimeoutError: false,
      legacyInterceptorReqResOrdering: true,
      advertiseZstdAcceptEncoding: false,
      validateStatusUndefinedResolves: true
    },
    adapter: [ 'xhr', 'http', 'fetch' ],
    transformRequest: [ [Function: transformRequest] ],
    transformResponse: [ [Function: transformResponse] ],
    timeout: 30000,
    xsrfCookieName: 'XSRF-TOKEN',
    xsrfHeaderName: 'X-XSRF-TOKEN',
    maxContentLength: -1,
    maxBodyLength: -1,
    env: { FormData: [Function], Blob: [class Blob] },
    validateStatus: [Function: validateStatus],
    headers: Object [AxiosHeaders] {
      Accept: 'application/json, text/plain, */*',
      'Content-Type': 'application/json'
    },
    baseURL: 'http://localhost:5000/api',
    method: 'post',
    url: '/auth/login',
    data: '{"username":"wrong","password":"wrong"}',
    allowAbsoluteUrls: true
  },
  request: XMLHttpRequest {},
  response: {
    data: { error: 'Validation failed', details: [Array] },
    status: 400,
    statusText: 'Bad Request',
    headers: Object [AxiosHeaders] {
      'content-type': 'application/json; charset=utf-8',
      'content-length': '113'
    },
    config: [Object: null prototype] {
      transitional: [Object],
      adapter: [Array],
      transformRequest: [Array],
      transformResponse: [Array],
      timeout: 30000,
      xsrfCookieName: 'XSRF-TOKEN',
      xsrfHeaderName: 'X-XSRF-TOKEN',
      maxContentLength: -1,
      maxBodyLength: -1,
      env: [Object],
      validateStatus: [Function: validateStatus],
      headers: [Object [AxiosHeaders]],
      baseURL: 'http://localhost:5000/api',
      method: 'post',
      url: '/auth/login',
      data: '{"username":"wrong","password":"wrong"}',
      allowAbsoluteUrls: true
    },
    request: XMLHttpRequest {}
  },
  status: 400
}

Not implemented: navigation to another Document
stderr | src/pages/LoginPage.test.tsx > LoginPage Component > Loading State > should show spinner during login
Login error: AxiosError: Request failed with status code 401
    at settle (file:///Users/midhunvmanikkath/Documents/PROJECTS/LOVEALL/APP/shuttlecoach/node_modules/axios/lib/core/settle.js:19:12)
    at XMLHttpRequest.onloadend (file:///Users/midhunvmanikkath/Documents/PROJECTS/LOVEALL/APP/shuttlecoach/node_modules/axios/lib/adapters/xhr.js:63:9)
    at XMLHttpRequest.invokeTheCallbackFunction (/Users/midhunvmanikkath/Documents/PROJECTS/LOVEALL/APP/shuttlecoach/node_modules/jsdom/lib/generated/idl/EventHandlerNonNull.js:14:28)
    at XMLHttpRequest.<anonymous> (/Users/midhunvmanikkath/Documents/PROJECTS/LOVEALL/APP/shuttlecoach/node_modules/jsdom/lib/jsdom/living/helpers/create-event-accessor.js:57:32)
    at innerInvokeEventListeners (/Users/midhunvmanikkath/Documents/PROJECTS/LOVEALL/APP/shuttlecoach/node_modules/jsdom/lib/jsdom/living/events/EventTarget-impl.js:360:16)
    at invokeEventListeners (/Users/midhunvmanikkath/Documents/PROJECTS/LOVEALL/APP/shuttlecoach/node_modules/jsdom/lib/jsdom/living/events/EventTarget-impl.js:296:3)
    at XMLHttpRequestImpl._dispatch (/Users/midhunvmanikkath/Documents/PROJECTS/LOVEALL/APP/shuttlecoach/node_modules/jsdom/lib/jsdom/living/events/EventTarget-impl.js:243:9)
    at fireAnEvent (/Users/midhunvmanikkath/Documents/PROJECTS/LOVEALL/APP/shuttlecoach/node_modules/jsdom/lib/jsdom/living/helpers/events.js:18:36)
    at /Users/midhunvmanikkath/Documents/PROJECTS/LOVEALL/APP/shuttlecoach/node_modules/jsdom/lib/jsdom/living/xhr/XMLHttpRequest-impl.js:860:11
    at processTicksAndRejections (node:internal/process/task_queues:103:5)
    at Axios.request (file:///Users/midhunvmanikkath/Documents/PROJECTS/LOVEALL/APP/shuttlecoach/node_modules/axios/lib/core/Axios.js:46:41)
    at processTicksAndRejections (node:internal/process/task_queues:103:5)
    at login (/Users/midhunvmanikkath/Documents/PROJECTS/LOVEALL/APP/shuttlecoach/src/contexts/AuthContext.tsx:70:24)
    at handleSubmit (/Users/midhunvmanikkath/Documents/PROJECTS/LOVEALL/APP/shuttlecoach/src/pages/LoginPage.tsx:99:7) {
  isAxiosError: true,
  code: 'ERR_BAD_REQUEST',
  config: [Object: null prototype] {
    transitional: {
      silentJSONParsing: true,
      forcedJSONParsing: true,
      clarifyTimeoutError: false,
      legacyInterceptorReqResOrdering: true,
      advertiseZstdAcceptEncoding: false,
      validateStatusUndefinedResolves: true
    },
    adapter: [ 'xhr', 'http', 'fetch' ],
    transformRequest: [ [Function: transformRequest] ],
    transformResponse: [ [Function: transformResponse] ],
    timeout: 30000,
    xsrfCookieName: 'XSRF-TOKEN',
    xsrfHeaderName: 'X-XSRF-TOKEN',
    maxContentLength: -1,
    maxBodyLength: -1,
    env: { FormData: [Function], Blob: [class Blob] },
    validateStatus: [Function: validateStatus],
    headers: Object [AxiosHeaders] {
      Accept: 'application/json, text/plain, */*',
      'Content-Type': 'application/json'
    },
    baseURL: 'http://localhost:5000/api',
    method: 'post',
    url: '/auth/login',
    data: '{"username":"head_coach","password":"password123"}',
    allowAbsoluteUrls: true
  },
  request: XMLHttpRequest {},
  response: {
    data: { error: 'Invalid credentials' },
    status: 401,
    statusText: 'Unauthorized',
    headers: Object [AxiosHeaders] {
      'content-type': 'application/json; charset=utf-8',
      'content-length': '31'
    },
    config: [Object: null prototype] {
      transitional: [Object],
      adapter: [Array],
      transformRequest: [Array],
      transformResponse: [Array],
      timeout: 30000,
      xsrfCookieName: 'XSRF-TOKEN',
      xsrfHeaderName: 'X-XSRF-TOKEN',
      maxContentLength: -1,
      maxBodyLength: -1,
      env: [Object],
      validateStatus: [Function: validateStatus],
      headers: [Object [AxiosHeaders]],
      baseURL: 'http://localhost:5000/api',
      method: 'post',
      url: '/auth/login',
      data: '{"username":"head_coach","password":"password123"}',
      allowAbsoluteUrls: true
    },
    request: XMLHttpRequest {}
  },
  status: 401
}

stderr | src/pages/LoginPage.test.tsx > LoginPage Component > Loading State > should show spinner during login
Login error: AxiosError: Request failed with status code 401
    at settle (file:///Users/midhunvmanikkath/Documents/PROJECTS/LOVEALL/APP/shuttlecoach/node_modules/axios/lib/core/settle.js:19:12)
    at XMLHttpRequest.onloadend (file:///Users/midhunvmanikkath/Documents/PROJECTS/LOVEALL/APP/shuttlecoach/node_modules/axios/lib/adapters/xhr.js:63:9)
    at XMLHttpRequest.invokeTheCallbackFunction (/Users/midhunvmanikkath/Documents/PROJECTS/LOVEALL/APP/shuttlecoach/node_modules/jsdom/lib/generated/idl/EventHandlerNonNull.js:14:28)
    at XMLHttpRequest.<anonymous> (/Users/midhunvmanikkath/Documents/PROJECTS/LOVEALL/APP/shuttlecoach/node_modules/jsdom/lib/jsdom/living/helpers/create-event-accessor.js:57:32)
    at innerInvokeEventListeners (/Users/midhunvmanikkath/Documents/PROJECTS/LOVEALL/APP/shuttlecoach/node_modules/jsdom/lib/jsdom/living/events/EventTarget-impl.js:360:16)
    at invokeEventListeners (/Users/midhunvmanikkath/Documents/PROJECTS/LOVEALL/APP/shuttlecoach/node_modules/jsdom/lib/jsdom/living/events/EventTarget-impl.js:296:3)
    at XMLHttpRequestImpl._dispatch (/Users/midhunvmanikkath/Documents/PROJECTS/LOVEALL/APP/shuttlecoach/node_modules/jsdom/lib/jsdom/living/events/EventTarget-impl.js:243:9)
    at fireAnEvent (/Users/midhunvmanikkath/Documents/PROJECTS/LOVEALL/APP/shuttlecoach/node_modules/jsdom/lib/jsdom/living/helpers/events.js:18:36)
    at /Users/midhunvmanikkath/Documents/PROJECTS/LOVEALL/APP/shuttlecoach/node_modules/jsdom/lib/jsdom/living/xhr/XMLHttpRequest-impl.js:860:11
    at processTicksAndRejections (node:internal/process/task_queues:103:5)
    at Axios.request (file:///Users/midhunvmanikkath/Documents/PROJECTS/LOVEALL/APP/shuttlecoach/node_modules/axios/lib/core/Axios.js:46:41)
    at processTicksAndRejections (node:internal/process/task_queues:103:5)
    at login (/Users/midhunvmanikkath/Documents/PROJECTS/LOVEALL/APP/shuttlecoach/src/contexts/AuthContext.tsx:70:24)
    at handleSubmit (/Users/midhunvmanikkath/Documents/PROJECTS/LOVEALL/APP/shuttlecoach/src/pages/LoginPage.tsx:99:7) {
  isAxiosError: true,
  code: 'ERR_BAD_REQUEST',
  config: [Object: null prototype] {
    transitional: {
      silentJSONParsing: true,
      forcedJSONParsing: true,
      clarifyTimeoutError: false,
      legacyInterceptorReqResOrdering: true,
      advertiseZstdAcceptEncoding: false,
      validateStatusUndefinedResolves: true
    },
    adapter: [ 'xhr', 'http', 'fetch' ],
    transformRequest: [ [Function: transformRequest] ],
    transformResponse: [ [Function: transformResponse] ],
    timeout: 30000,
    xsrfCookieName: 'XSRF-TOKEN',
    xsrfHeaderName: 'X-XSRF-TOKEN',
    maxContentLength: -1,
    maxBodyLength: -1,
    env: { FormData: [Function], Blob: [class Blob] },
    validateStatus: [Function: validateStatus],
    headers: Object [AxiosHeaders] {
      Accept: 'application/json, text/plain, */*',
      'Content-Type': 'application/json'
    },
    baseURL: 'http://localhost:5000/api',
    method: 'post',
    url: '/auth/login',
    data: '{"username":"head_coach","password":"password123"}',
    allowAbsoluteUrls: true
  },
  request: XMLHttpRequest {},
  response: {
    data: { error: 'Invalid credentials' },
    status: 401,
    statusText: 'Unauthorized',
    headers: Object [AxiosHeaders] {
      'content-type': 'application/json; charset=utf-8',
      'content-length': '31'
    },
    config: [Object: null prototype] {
      transitional: [Object],
      adapter: [Array],
      transformRequest: [Array],
      transformResponse: [Array],
      timeout: 30000,
      xsrfCookieName: 'XSRF-TOKEN',
      xsrfHeaderName: 'X-XSRF-TOKEN',
      maxContentLength: -1,
      maxBodyLength: -1,
      env: [Object],
      validateStatus: [Function: validateStatus],
      headers: [Object [AxiosHeaders]],
      baseURL: 'http://localhost:5000/api',
      method: 'post',
      url: '/auth/login',
      data: '{"username":"head_coach","password":"password123"}',
      allowAbsoluteUrls: true
    },
    request: XMLHttpRequest {}
  },
  status: 401
}

Not implemented: navigation to another Document
stderr | src/pages/LoginPage.test.tsx > LoginPage Component > Successful Login > should store auth token in localStorage on valid login
Login error: AxiosError: Request failed with status code 401
    at settle (file:///Users/midhunvmanikkath/Documents/PROJECTS/LOVEALL/APP/shuttlecoach/node_modules/axios/lib/core/settle.js:19:12)
    at XMLHttpRequest.onloadend (file:///Users/midhunvmanikkath/Documents/PROJECTS/LOVEALL/APP/shuttlecoach/node_modules/axios/lib/adapters/xhr.js:63:9)
    at XMLHttpRequest.invokeTheCallbackFunction (/Users/midhunvmanikkath/Documents/PROJECTS/LOVEALL/APP/shuttlecoach/node_modules/jsdom/lib/generated/idl/EventHandlerNonNull.js:14:28)
    at XMLHttpRequest.<anonymous> (/Users/midhunvmanikkath/Documents/PROJECTS/LOVEALL/APP/shuttlecoach/node_modules/jsdom/lib/jsdom/living/helpers/create-event-accessor.js:57:32)
    at innerInvokeEventListeners (/Users/midhunvmanikkath/Documents/PROJECTS/LOVEALL/APP/shuttlecoach/node_modules/jsdom/lib/jsdom/living/events/EventTarget-impl.js:360:16)
    at invokeEventListeners (/Users/midhunvmanikkath/Documents/PROJECTS/LOVEALL/APP/shuttlecoach/node_modules/jsdom/lib/jsdom/living/events/EventTarget-impl.js:296:3)
    at XMLHttpRequestImpl._dispatch (/Users/midhunvmanikkath/Documents/PROJECTS/LOVEALL/APP/shuttlecoach/node_modules/jsdom/lib/jsdom/living/events/EventTarget-impl.js:243:9)
    at fireAnEvent (/Users/midhunvmanikkath/Documents/PROJECTS/LOVEALL/APP/shuttlecoach/node_modules/jsdom/lib/jsdom/living/helpers/events.js:18:36)
    at /Users/midhunvmanikkath/Documents/PROJECTS/LOVEALL/APP/shuttlecoach/node_modules/jsdom/lib/jsdom/living/xhr/XMLHttpRequest-impl.js:860:11
    at processTicksAndRejections (node:internal/process/task_queues:103:5)
    at Axios.request (file:///Users/midhunvmanikkath/Documents/PROJECTS/LOVEALL/APP/shuttlecoach/node_modules/axios/lib/core/Axios.js:46:41)
    at processTicksAndRejections (node:internal/process/task_queues:103:5)
    at login (/Users/midhunvmanikkath/Documents/PROJECTS/LOVEALL/APP/shuttlecoach/src/contexts/AuthContext.tsx:70:24)
    at handleSubmit (/Users/midhunvmanikkath/Documents/PROJECTS/LOVEALL/APP/shuttlecoach/src/pages/LoginPage.tsx:99:7) {
  isAxiosError: true,
  code: 'ERR_BAD_REQUEST',
  config: [Object: null prototype] {
    transitional: {
      silentJSONParsing: true,
      forcedJSONParsing: true,
      clarifyTimeoutError: false,
      legacyInterceptorReqResOrdering: true,
      advertiseZstdAcceptEncoding: false,
      validateStatusUndefinedResolves: true
    },
    adapter: [ 'xhr', 'http', 'fetch' ],
    transformRequest: [ [Function: transformRequest] ],
    transformResponse: [ [Function: transformResponse] ],
    timeout: 30000,
    xsrfCookieName: 'XSRF-TOKEN',
    xsrfHeaderName: 'X-XSRF-TOKEN',
    maxContentLength: -1,
    maxBodyLength: -1,
    env: { FormData: [Function], Blob: [class Blob] },
    validateStatus: [Function: validateStatus],
    headers: Object [AxiosHeaders] {
      Accept: 'application/json, text/plain, */*',
      'Content-Type': 'application/json'
    },
    baseURL: 'http://localhost:5000/api',
    method: 'post',
    url: '/auth/login',
    data: '{"username":"head_coach","password":"password123"}',
    allowAbsoluteUrls: true
  },
  request: XMLHttpRequest {},
  response: {
    data: { error: 'Invalid credentials' },
    status: 401,
    statusText: 'Unauthorized',
    headers: Object [AxiosHeaders] {
      'content-type': 'application/json; charset=utf-8',
      'content-length': '31'
    },
    config: [Object: null prototype] {
      transitional: [Object],
      adapter: [Array],
      transformRequest: [Array],
      transformResponse: [Array],
      timeout: 30000,
      xsrfCookieName: 'XSRF-TOKEN',
      xsrfHeaderName: 'X-XSRF-TOKEN',
      maxContentLength: -1,
      maxBodyLength: -1,
      env: [Object],
      validateStatus: [Function: validateStatus],
      headers: [Object [AxiosHeaders]],
      baseURL: 'http://localhost:5000/api',
      method: 'post',
      url: '/auth/login',
      data: '{"username":"head_coach","password":"password123"}',
      allowAbsoluteUrls: true
    },
    request: XMLHttpRequest {}
  },
  status: 401
}

stderr | src/contexts/AuthContext.property.test.tsx > AuthContext - Property-Based Tests > Property: AuthProvider completes loading and renders children in all scenarios
Login error: AxiosError: Request failed with status code 401
    at settle (file:///Users/midhunvmanikkath/Documents/PROJECTS/LOVEALL/APP/shuttlecoach/node_modules/axios/lib/core/settle.js:19:12)
    at XMLHttpRequest.onloadend (file:///Users/midhunvmanikkath/Documents/PROJECTS/LOVEALL/APP/shuttlecoach/node_modules/axios/lib/adapters/xhr.js:63:9)
    at XMLHttpRequest.invokeTheCallbackFunction (/Users/midhunvmanikkath/Documents/PROJECTS/LOVEALL/APP/shuttlecoach/node_modules/jsdom/lib/generated/idl/EventHandlerNonNull.js:14:28)
    at XMLHttpRequest.<anonymous> (/Users/midhunvmanikkath/Documents/PROJECTS/LOVEALL/APP/shuttlecoach/node_modules/jsdom/lib/jsdom/living/helpers/create-event-accessor.js:57:32)
    at innerInvokeEventListeners (/Users/midhunvmanikkath/Documents/PROJECTS/LOVEALL/APP/shuttlecoach/node_modules/jsdom/lib/jsdom/living/events/EventTarget-impl.js:360:16)
    at invokeEventListeners (/Users/midhunvmanikkath/Documents/PROJECTS/LOVEALL/APP/shuttlecoach/node_modules/jsdom/lib/jsdom/living/events/EventTarget-impl.js:296:3)
    at XMLHttpRequestImpl._dispatch (/Users/midhunvmanikkath/Documents/PROJECTS/LOVEALL/APP/shuttlecoach/node_modules/jsdom/lib/jsdom/living/events/EventTarget-impl.js:243:9)
    at fireAnEvent (/Users/midhunvmanikkath/Documents/PROJECTS/LOVEALL/APP/shuttlecoach/node_modules/jsdom/lib/jsdom/living/helpers/events.js:18:36)
    at /Users/midhunvmanikkath/Documents/PROJECTS/LOVEALL/APP/shuttlecoach/node_modules/jsdom/lib/jsdom/living/xhr/XMLHttpRequest-impl.js:860:11
    at processTicksAndRejections (node:internal/process/task_queues:103:5)
    at Axios.request (file:///Users/midhunvmanikkath/Documents/PROJECTS/LOVEALL/APP/shuttlecoach/node_modules/axios/lib/core/Axios.js:46:41)
    at processTicksAndRejections (node:internal/process/task_queues:103:5)
    at Object.login (/Users/midhunvmanikkath/Documents/PROJECTS/LOVEALL/APP/shuttlecoach/src/contexts/AuthContext.tsx:70:24) {
  isAxiosError: true,
  code: 'ERR_BAD_REQUEST',
  config: [Object: null prototype] {
    transitional: {
      silentJSONParsing: true,
      forcedJSONParsing: true,
      clarifyTimeoutError: false,
      legacyInterceptorReqResOrdering: true,
      advertiseZstdAcceptEncoding: false,
      validateStatusUndefinedResolves: true
    },
    adapter: [ 'xhr', 'http', 'fetch' ],
    transformRequest: [ [Function: transformRequest] ],
    transformResponse: [ [Function: transformResponse] ],
    timeout: 30000,
    xsrfCookieName: 'XSRF-TOKEN',
    xsrfHeaderName: 'X-XSRF-TOKEN',
    maxContentLength: -1,
    maxBodyLength: -1,
    env: { FormData: [Function], Blob: [class Blob] },
    validateStatus: [Function: validateStatus],
    headers: Object [AxiosHeaders] {
      Accept: 'application/json, text/plain, */*',
      'Content-Type': 'application/json'
    },
    baseURL: 'http://localhost:5000/api',
    method: 'post',
    url: '/auth/login',
    data: '{"username":"head_coach","password":"password123"}',
    allowAbsoluteUrls: true
  },
  request: XMLHttpRequest {},
  response: {
    data: { error: 'Invalid credentials' },
    status: 401,
    statusText: 'Unauthorized',
    headers: Object [AxiosHeaders] {
      'content-type': 'application/json; charset=utf-8',
      'content-length': '31'
    },
    config: [Object: null prototype] {
      transitional: [Object],
      adapter: [Array],
      transformRequest: [Array],
      transformResponse: [Array],
      timeout: 30000,
      xsrfCookieName: 'XSRF-TOKEN',
      xsrfHeaderName: 'X-XSRF-TOKEN',
      maxContentLength: -1,
      maxBodyLength: -1,
      env: [Object],
      validateStatus: [Function: validateStatus],
      headers: [Object [AxiosHeaders]],
      baseURL: 'http://localhost:5000/api',
      method: 'post',
      url: '/auth/login',
      data: '{"username":"head_coach","password":"password123"}',
      allowAbsoluteUrls: true
    },
    request: XMLHttpRequest {}
  },
  status: 401
}

 ❯ src/contexts/AuthContext.property.test.tsx (8 tests | 8 failed) 5804ms
     × Property: Successful login results in authenticated state with all required fields 282ms
     × Property: Invalid credentials always fail and leave state unauthenticated 163ms
     × Property: Logout always clears all authentication state and localStorage 70ms
     × Property: localStorage correctly persists and restores authentication state 69ms
     × Property: User roles are correctly assigned based on credentials for all user types 73ms
     × Property: Token format is consistent with user ID and timestamp 73ms
     × Property: User object never contains password regardless of input 68ms
     × Property: AuthProvider completes loading and renders children in all scenarios 5002ms
Not implemented: navigation to another Document
stderr | src/pages/LoginPage.test.tsx > LoginPage Component > Successful Login > should store user info in localStorage
Login error: AxiosError: Request failed with status code 401
    at settle (file:///Users/midhunvmanikkath/Documents/PROJECTS/LOVEALL/APP/shuttlecoach/node_modules/axios/lib/core/settle.js:19:12)
    at XMLHttpRequest.onloadend (file:///Users/midhunvmanikkath/Documents/PROJECTS/LOVEALL/APP/shuttlecoach/node_modules/axios/lib/adapters/xhr.js:63:9)
    at XMLHttpRequest.invokeTheCallbackFunction (/Users/midhunvmanikkath/Documents/PROJECTS/LOVEALL/APP/shuttlecoach/node_modules/jsdom/lib/generated/idl/EventHandlerNonNull.js:14:28)
    at XMLHttpRequest.<anonymous> (/Users/midhunvmanikkath/Documents/PROJECTS/LOVEALL/APP/shuttlecoach/node_modules/jsdom/lib/jsdom/living/helpers/create-event-accessor.js:57:32)
    at innerInvokeEventListeners (/Users/midhunvmanikkath/Documents/PROJECTS/LOVEALL/APP/shuttlecoach/node_modules/jsdom/lib/jsdom/living/events/EventTarget-impl.js:360:16)
    at invokeEventListeners (/Users/midhunvmanikkath/Documents/PROJECTS/LOVEALL/APP/shuttlecoach/node_modules/jsdom/lib/jsdom/living/events/EventTarget-impl.js:296:3)
    at XMLHttpRequestImpl._dispatch (/Users/midhunvmanikkath/Documents/PROJECTS/LOVEALL/APP/shuttlecoach/node_modules/jsdom/lib/jsdom/living/events/EventTarget-impl.js:243:9)
    at fireAnEvent (/Users/midhunvmanikkath/Documents/PROJECTS/LOVEALL/APP/shuttlecoach/node_modules/jsdom/lib/jsdom/living/helpers/events.js:18:36)
    at /Users/midhunvmanikkath/Documents/PROJECTS/LOVEALL/APP/shuttlecoach/node_modules/jsdom/lib/jsdom/living/xhr/XMLHttpRequest-impl.js:860:11
    at processTicksAndRejections (node:internal/process/task_queues:103:5)
    at Axios.request (file:///Users/midhunvmanikkath/Documents/PROJECTS/LOVEALL/APP/shuttlecoach/node_modules/axios/lib/core/Axios.js:46:41)
    at processTicksAndRejections (node:internal/process/task_queues:103:5)
    at login (/Users/midhunvmanikkath/Documents/PROJECTS/LOVEALL/APP/shuttlecoach/src/contexts/AuthContext.tsx:70:24)
    at handleSubmit (/Users/midhunvmanikkath/Documents/PROJECTS/LOVEALL/APP/shuttlecoach/src/pages/LoginPage.tsx:99:7) {
  isAxiosError: true,
  code: 'ERR_BAD_REQUEST',
  config: [Object: null prototype] {
    transitional: {
      silentJSONParsing: true,
      forcedJSONParsing: true,
      clarifyTimeoutError: false,
      legacyInterceptorReqResOrdering: true,
      advertiseZstdAcceptEncoding: false,
      validateStatusUndefinedResolves: true
    },
    adapter: [ 'xhr', 'http', 'fetch' ],
    transformRequest: [ [Function: transformRequest] ],
    transformResponse: [ [Function: transformResponse] ],
    timeout: 30000,
    xsrfCookieName: 'XSRF-TOKEN',
    xsrfHeaderName: 'X-XSRF-TOKEN',
    maxContentLength: -1,
    maxBodyLength: -1,
    env: { FormData: [Function], Blob: [class Blob] },
    validateStatus: [Function: validateStatus],
    headers: Object [AxiosHeaders] {
      Accept: 'application/json, text/plain, */*',
      'Content-Type': 'application/json'
    },
    baseURL: 'http://localhost:5000/api',
    method: 'post',
    url: '/auth/login',
    data: '{"username":"head_coach","password":"password123"}',
    allowAbsoluteUrls: true
  },
  request: XMLHttpRequest {},
  response: {
    data: { error: 'Invalid credentials' },
    status: 401,
    statusText: 'Unauthorized',
    headers: Object [AxiosHeaders] {
      'content-type': 'application/json; charset=utf-8',
      'content-length': '31'
    },
    config: [Object: null prototype] {
      transitional: [Object],
      adapter: [Array],
      transformRequest: [Array],
      transformResponse: [Array],
      timeout: 30000,
      xsrfCookieName: 'XSRF-TOKEN',
      xsrfHeaderName: 'X-XSRF-TOKEN',
      maxContentLength: -1,
      maxBodyLength: -1,
      env: [Object],
      validateStatus: [Function: validateStatus],
      headers: [Object [AxiosHeaders]],
      baseURL: 'http://localhost:5000/api',
      method: 'post',
      url: '/auth/login',
      data: '{"username":"head_coach","password":"password123"}',
      allowAbsoluteUrls: true
    },
    request: XMLHttpRequest {}
  },
  status: 401
}

stderr | src/pages/LoginPage.test.tsx
Login error: AxiosError: Request failed with status code 401
    at settle (file:///Users/midhunvmanikkath/Documents/PROJECTS/LOVEALL/APP/shuttlecoach/node_modules/axios/lib/core/settle.js:19:12)
    at XMLHttpRequest.onloadend (file:///Users/midhunvmanikkath/Documents/PROJECTS/LOVEALL/APP/shuttlecoach/node_modules/axios/lib/adapters/xhr.js:63:9)
    at XMLHttpRequest.invokeTheCallbackFunction (/Users/midhunvmanikkath/Documents/PROJECTS/LOVEALL/APP/shuttlecoach/node_modules/jsdom/lib/generated/idl/EventHandlerNonNull.js:14:28)
    at XMLHttpRequest.<anonymous> (/Users/midhunvmanikkath/Documents/PROJECTS/LOVEALL/APP/shuttlecoach/node_modules/jsdom/lib/jsdom/living/helpers/create-event-accessor.js:57:32)
    at innerInvokeEventListeners (/Users/midhunvmanikkath/Documents/PROJECTS/LOVEALL/APP/shuttlecoach/node_modules/jsdom/lib/jsdom/living/events/EventTarget-impl.js:360:16)
    at invokeEventListeners (/Users/midhunvmanikkath/Documents/PROJECTS/LOVEALL/APP/shuttlecoach/node_modules/jsdom/lib/jsdom/living/events/EventTarget-impl.js:296:3)
    at XMLHttpRequestImpl._dispatch (/Users/midhunvmanikkath/Documents/PROJECTS/LOVEALL/APP/shuttlecoach/node_modules/jsdom/lib/jsdom/living/events/EventTarget-impl.js:243:9)
    at fireAnEvent (/Users/midhunvmanikkath/Documents/PROJECTS/LOVEALL/APP/shuttlecoach/node_modules/jsdom/lib/jsdom/living/helpers/events.js:18:36)
    at /Users/midhunvmanikkath/Documents/PROJECTS/LOVEALL/APP/shuttlecoach/node_modules/jsdom/lib/jsdom/living/xhr/XMLHttpRequest-impl.js:860:11
    at processTicksAndRejections (node:internal/process/task_queues:103:5)
    at Axios.request (file:///Users/midhunvmanikkath/Documents/PROJECTS/LOVEALL/APP/shuttlecoach/node_modules/axios/lib/core/Axios.js:46:41)
    at processTicksAndRejections (node:internal/process/task_queues:103:5)
    at login (/Users/midhunvmanikkath/Documents/PROJECTS/LOVEALL/APP/shuttlecoach/src/contexts/AuthContext.tsx:70:24)
    at handleSubmit (/Users/midhunvmanikkath/Documents/PROJECTS/LOVEALL/APP/shuttlecoach/src/pages/LoginPage.tsx:99:7) {
  isAxiosError: true,
  code: 'ERR_BAD_REQUEST',
  config: [Object: null prototype] {
    transitional: {
      silentJSONParsing: true,
      forcedJSONParsing: true,
      clarifyTimeoutError: false,
      legacyInterceptorReqResOrdering: true,
      advertiseZstdAcceptEncoding: false,
      validateStatusUndefinedResolves: true
    },
    adapter: [ 'xhr', 'http', 'fetch' ],
    transformRequest: [ [Function: transformRequest] ],
    transformResponse: [ [Function: transformResponse] ],
    timeout: 30000,
    xsrfCookieName: 'XSRF-TOKEN',
    xsrfHeaderName: 'X-XSRF-TOKEN',
    maxContentLength: -1,
    maxBodyLength: -1,
    env: { FormData: [Function], Blob: [class Blob] },
    validateStatus: [Function: validateStatus],
    headers: Object [AxiosHeaders] {
      Accept: 'application/json, text/plain, */*',
      'Content-Type': 'application/json'
    },
    baseURL: 'http://localhost:5000/api',
    method: 'post',
    url: '/auth/login',
    data: '{"username":"head_coach","password":"password123"}',
    allowAbsoluteUrls: true
  },
  request: XMLHttpRequest {},
  response: {
    data: { error: 'Invalid credentials' },
    status: 401,
    statusText: 'Unauthorized',
    headers: Object [AxiosHeaders] {
      'content-type': 'application/json; charset=utf-8',
      'content-length': '31'
    },
    config: [Object: null prototype] {
      transitional: [Object],
      adapter: [Array],
      transformRequest: [Array],
      transformResponse: [Array],
      timeout: 30000,
      xsrfCookieName: 'XSRF-TOKEN',
      xsrfHeaderName: 'X-XSRF-TOKEN',
      maxContentLength: -1,
      maxBodyLength: -1,
      env: [Object],
      validateStatus: [Function: validateStatus],
      headers: [Object [AxiosHeaders]],
      baseURL: 'http://localhost:5000/api',
      method: 'post',
      url: '/auth/login',
      data: '{"username":"head_coach","password":"password123"}',
      allowAbsoluteUrls: true
    },
    request: XMLHttpRequest {}
  },
  status: 401
}

 ❯ src/pages/LoginPage.test.tsx (24 tests | 6 failed) 6366ms
       × should show error message for invalid username 1015ms
       × should show error message for invalid password 1021ms
       × should display error in a banner with red styling 1012ms
       × should show spinner during login 1011ms
       × should store auth token in localStorage on valid login 1010ms
       × should store user info in localStorage 1010ms
 ❯ src/pages/FeesPage.test.tsx (8 tests | 6 failed) 6173ms
     × should automatically detect and count overdue fees on page load (Requirement 12.1, 12.2) 1021ms
     × should display overdue fees with red indicator in the fee list (Requirement 12.3) 1014ms
     × should keep PENDING fees with future due dates as PENDING 1014ms
     × should calculate outstanding balance including overdue fees 1013ms
     × should allow filtering by OVERDUE status 1015ms
     × should display fee stats with correct color coding (Requirement 10.2) 1010ms

⎯⎯⎯⎯⎯⎯ Failed Tests 107 ⎯⎯⎯⎯⎯⎯

 FAIL  src/components/AddStudentModal.simple.test.tsx > AddStudentModal - Basic Rendering > displays batch selection label when batches provided
TestingLibraryElementError: Unable to find an element with the text: Select Batch *. This could be because the text is broken up by multiple elements. In this case, you can provide a function for your text matcher to make your matcher more flexible.

Ignored nodes: comments, script, style
[36m<body>[39m
  [36m<div>[39m
    [36m<div[39m
      [33mclass[39m=[32m"modal-overlay"[39m
    [36m>[39m
      [36m<div[39m
        [33mclass[39m=[32m"modal-content modal-content--small"[39m
      [36m>[39m
        [36m<div[39m
          [33mclass[39m=[32m"modal-header"[39m
        [36m>[39m
          [36m<div>[39m
            [36m<h2[39m
              [33mclass[39m=[32m"modal-title"[39m
            [36m>[39m
              [0mAssign Student to Coach[0m
            [36m</h2>[39m
            [36m<p[39m
              [33mclass[39m=[32m"modal-subtitle"[39m
            [36m>[39m
              [0mSelect a student and batch to assign to this coach[0m
            [36m</p>[39m
          [36m</div>[39m
          [36m<button[39m
            [33maria-label[39m=[32m"Close modal"[39m
            [33mclass[39m=[32m"modal-close-btn"[39m
            [33mdisabled[39m=[32m""[39m
            [33mtype[39m=[32m"button"[39m
          [36m>[39m
            [0m✕[0m
          [36m</button>[39m
        [36m</div>[39m
        [36m<div[39m
          [33mclass[39m=[32m"modal-body"[39m
        [36m>[39m
          [36m<div[39m
            [33mclass[39m=[32m"space-y-3"[39m
          [36m>[39m
            [36m<div[39m
              [33mclass[39m=[32m"h-12 bg-gray-200 rounded animate-pulse"[39m
            [36m/>[39m
            [36m<div[39m
              [33mclass[39m=[32m"h-12 bg-gray-200 rounded animate-pulse"[39m
            [36m/>[39m
            [36m<div[39m
              [33mclass[39m=[32m"h-12 bg-gray-200 rounded animate-pulse"[39m
            [36m/>[39m
          [36m</div>[39m
        [36m</div>[39m
      [36m</div>[39m
    [36m</div>[39m
  [36m</div>[39m
[36m</body>[39m
 ❯ Object.getElementError node_modules/@testing-library/dom/dist/config.js:37:19
 ❯ node_modules/@testing-library/dom/dist/query-helpers.js:76:38
 ❯ node_modules/@testing-library/dom/dist/query-helpers.js:52:17
 ❯ node_modules/@testing-library/dom/dist/query-helpers.js:95:19
 ❯ src/components/AddStudentModal.simple.test.tsx:82:19
     80|     );
     81|
     82|     expect(screen.getByText('Select Batch *')).toBeInTheDocument();
       |                   ^
     83|   });
     84| });

⎯⎯⎯⎯⎯⎯⎯⎯⎯⎯⎯⎯⎯⎯⎯⎯⎯⎯⎯⎯⎯⎯[1/107]⎯

 FAIL  src/components/AssignmentPanel.test.tsx > AssignmentPanel > renders assignment form when coach is selected
TestingLibraryElementError: Unable to find an element with the text: Assign Individual Student. This could be because the text is broken up by multiple elements. In this case, you can provide a function for your text matcher to make your matcher more flexible.

Ignored nodes: comments, script, style
[36m<body>[39m
  [36m<div>[39m
    [36m<div[39m
      [33mclass[39m=[32m"assignment-panel"[39m
    [36m>[39m
      [36m<div[39m
        [33mclass[39m=[32m"assignment-header"[39m
      [36m>[39m
        [36m<div>[39m
          [36m<h2[39m
            [33mclass[39m=[32m"assignment-title"[39m
          [36m>[39m
            [0mAssignments for [0m
            [0mTest Coach[0m
          [36m</h2>[39m
          [36m<p[39m
            [33mclass[39m=[32m"assignment-subtitle"[39m
          [36m>[39m
            [0mManage batch and student assignments for this coach[0m
          [36m</p>[39m
        [36m</div>[39m
      [36m</div>[39m
      [36m<div[39m
        [33mclass[39m=[32m"assignment-form-section"[39m
      [36m>[39m
        [36m<div[39m
          [33mclass[39m=[32m"assignment-form-card"[39m
        [36m>[39m
          [36m<div[39m
            [33mclass[39m=[32m"form-card-header"[39m
          [36m>[39m
            [36m<h3[39m
              [33mclass[39m=[32m"form-card-title"[39m
            [36m>[39m
              [0mAssign to Batch[0m
            [36m</h3>[39m
            [36m<span[39m
              [33mclass[39m=[32m"form-card-badge"[39m
            [36m>[39m
              [0m1[0m
              [0m available[0m
            [36m</span>[39m
          [36m</div>[39m
          [36m<div[39m
            [33mclass[39m=[32m"form-card-body"[39m
          [36m>[39m
            [36m<select[39m
              [33mclass[39m=[32m"form-select"[39m
            [36m>[39m
              [36m<option[39m
                [33mvalue[39m=[32m""[39m
              [36m>[39m
                [0mSelect a batch...[0m
              [36m</option>[39m
              [36m<option[39m
                [33mvalue[39m=[32m"batch-002"[39m
              [36m>[39m
                [0mEvening Batch[0m
                [0m ([0m
                [0mTue/Thu 5-6 PM[0m
                [0m)[0m
              [36m</option>[39m
            [36m</select>[39m
            [36m<button[39m
              [33mclass[39m=[32m"btn-assign"[39m
              [33mdisabled[39m=[32m""[39m
            [36m>[39m
              [0mAssign[0m
            [36m</button>[39m
          [36m</div>[39m
        [36m</div>[39m
        [36m<div[39m
          [33mclass[39m=[32m"assignment-form-card"[39m
        [36m>[39m
          [36m<div[39m
            [33mclass[39m=[32m"form-card-header"[39m
          [36m>[39m
            [36m<h3[39m
              [33mclass[39m=[32m"form-card-title"[39m
            [36m>[39m
              [0mAssign Individual[0m
            [36m</h3>[39m
            [36m<span[39m
              [33mclass[39m=[32m"form-card-badge"[39m
            [36m>[39m
              [0m1[0m
              [0m available[0m
            [36m</span>[39m
          [36m</div>[39m
          [36m<div[39m
            [33mclass[39m=[32m"form-card-body"[39m
          [36m>[39m
            [36m<select[39m
              [33mclass[39m=[32m"form-select"[39m
            [36m>[39m
              [36m<option[39m
                [33mvalue[39m=[32m""[39m
              [36m>[39m
                [0mSelect a student...[0m
              [36m</option>[39m
              [36m<option[39m
                [33mvalue[39m=[32m"student-003"[39m
              [36m>[39m
                [0mBob Wilson[0m
                [0m • [0m
                [0mAdvanced[0m
              [36m</option>[39m
            [36m</select>[39m
            [36m<button[39m
              [33mclass[39m=[32m"btn-assign"[39m
              [33mdisabled[39m=[32m""[39m
            [36m>[39m
              [0mAssign[0m
            [36m</button>[39m
          [36m</div>[39m
        [36m</div>[39m
      [36m</div>[39m
      [36m<div[39m
        [33mclass[39m=[32m"assignment-display-section"[39m
      [36m>[39m
        [36m<div[39m
          [33mclass[39m=[32m"assignment-column"[39m
        [36m>[39m
          [36m<h4[39m
            [33mclass[39m=[32m"assignment-section-title"[39m
          [36m>[39m
            [0mAssigned Batches • [0m
            [0m1[0m
          [36m</h4>[39m
          [36m<div[39m
            [33mclass[39m=[32m"assignment-items"[39m
          [36m>[39m
            [36m<div[39m
              [33mclass[39m=[32m"assignment-item batch-item "[39m
            [36m>[39m
              [36m<div[39m
                [33mclass[39m=[32m"item-content"[39m
              [36m>[39m
                [36m<p[39m
                  [33mclass[39m=[32m"item-name"[39m
                [36m>[39m
                  [0mMorning Batch[0m
                [36m</p>[39m
                [36m<p[39m
                  [33mclass[39m=[32m"item-meta"[39m
                [36m>[39m
                  [0mMon/Wed/Fri 6-7 AM[0m
                  [0m • [0m
                  [0m2[0m
                  [0m students[0m
                [36m</p>[39m
              [36m</div>[39m
              [36m<button[39m
                [33mclass[39m=[32m"btn-action btn-action--danger"[39m
                [33mtitle[39m=[32m"Delete"[39m
              [36m>[39m
                [0mDelete[0m
              [36m</button>[39m
            [36m</div>[39m
          [36m</div>[39m
        [36m</div>[39m
        [36m<div[39m
          [33mclass[39m=[32m"assignment-column"[39m
        [36m>[39m
          [36m<h4[39m
            [33mclass[39m=[32m"assignment-section-title"[39m
          [36m>[39m
            [0mAssigned Students • 2[0m
          [36m</h4>[39m
          [36m<div[39m
            [33mclass[39m=[32m"assignment-items"[39m
          [36m>[39m
            [36m<div[39m
              [33mclass[39m=[32m"assignment-item student-item"[39m
            [36m>[39m
              [36m<div[39m
                [33mclass[39m=[32m"item-content"[39m
              [36m>[39m
                [36m<p[39m
                  [33mclass[39m=[32m"item-name"[39m
                [36m>[39m
                  [0mJohn Doe[0m
                [36m</p>[39m
                [36m<p[39m
                  [33mclass[39m=[32m"item-meta"[39m
                [36m>[39m
                  [0mBeginner[0m
                  [0m • [0m
                  [0mbatch-001[0m
                [36m</p>[39m
              [36m</div>[39m
              [36m<button[39m
                [33mclass[39m=[32m"btn-action btn-action--danger"[39m
                [33mtitle[39m=[32m"Delete"[39m
              [36m>[39m
                [0mDelete[0m
              [36m</button>[39m
            [36m</div>[39m
            [36m<div[39m
              [33mclass[39m=[32m"assignment-item student-item"[39m
            [36m>[39m
              [36m<div[39m
                [33mclass[39m=[32m"item-content"[39m
              [36m>[39m
                [36m<p[39m
                  [33mclass[39m=[32m"item-name"[39m
                [36m>[39m
                  [0mJane Smith[0m
                [36m</p>[39m
                [36m<p[39m
                  [33mclass[39m=[32m"item-meta"[39m
                [36m>[39m
                  [0mIntermediate[0m
                  [0m • [0m
                  [0mbatch-001[0m
                [36m</p>[39m
              [36m</div>[39m
              [36m<button[39m
                [33mclass[39m=[32m"btn-action btn-action--danger"[39m
                [33mtitle[39m=[32m"Delete"[39m
              [36m>[39m
                [0mDelete[0m
              [36m</button>[39m
            [36m</div>[39m
          [36m</div>[39m
        [36m</div>[39m
      [36m</div>[39m
    [36m</div>[39m
  [36m</div>[39m
[36m</body>[39m
 ❯ Object.getElementError node_modules/@testing-library/dom/dist/config.js:37:19
 ❯ node_modules/@testing-library/dom/dist/query-helpers.js:76:38
 ❯ node_modules/@testing-library/dom/dist/query-helpers.js:52:17
 ❯ node_modules/@testing-library/dom/dist/query-helpers.js:95:19
 ❯ src/components/AssignmentPanel.test.tsx:110:19
    108|     expect(screen.getByText(`Assignments for ${mockCoach.name}`)).toBe…
    109|     expect(screen.getByText('Assign to Batch')).toBeInTheDocument();
    110|     expect(screen.getByText('Assign Individual Student')).toBeInTheDoc…
       |                   ^
    111|   });
    112|

⎯⎯⎯⎯⎯⎯⎯⎯⎯⎯⎯⎯⎯⎯⎯⎯⎯⎯⎯⎯⎯⎯[2/107]⎯

 FAIL  src/components/AssignmentPanel.test.tsx > AssignmentPanel > unassigns coach from batch
TestingLibraryElementError: Unable to find an element with the text: Unassign. This could be because the text is broken up by multiple elements. In this case, you can provide a function for your text matcher to make your matcher more flexible.

Ignored nodes: comments, script, style
[36m<body>[39m
  [36m<div>[39m
    [36m<div[39m
      [33mclass[39m=[32m"assignment-panel"[39m
    [36m>[39m
      [36m<div[39m
        [33mclass[39m=[32m"assignment-header"[39m
      [36m>[39m
        [36m<div>[39m
          [36m<h2[39m
            [33mclass[39m=[32m"assignment-title"[39m
          [36m>[39m
            [0mAssignments for [0m
            [0mTest Coach[0m
          [36m</h2>[39m
          [36m<p[39m
            [33mclass[39m=[32m"assignment-subtitle"[39m
          [36m>[39m
            [0mManage batch and student assignments for this coach[0m
          [36m</p>[39m
        [36m</div>[39m
      [36m</div>[39m
      [36m<div[39m
        [33mclass[39m=[32m"assignment-form-section"[39m
      [36m>[39m
        [36m<div[39m
          [33mclass[39m=[32m"assignment-form-card"[39m
        [36m>[39m
          [36m<div[39m
            [33mclass[39m=[32m"form-card-header"[39m
          [36m>[39m
            [36m<h3[39m
              [33mclass[39m=[32m"form-card-title"[39m
            [36m>[39m
              [0mAssign to Batch[0m
            [36m</h3>[39m
            [36m<span[39m
              [33mclass[39m=[32m"form-card-badge"[39m
            [36m>[39m
              [0m1[0m
              [0m available[0m
            [36m</span>[39m
          [36m</div>[39m
          [36m<div[39m
            [33mclass[39m=[32m"form-card-body"[39m
          [36m>[39m
            [36m<select[39m
              [33mclass[39m=[32m"form-select"[39m
            [36m>[39m
              [36m<option[39m
                [33mvalue[39m=[32m""[39m
              [36m>[39m
                [0mSelect a batch...[0m
              [36m</option>[39m
              [36m<option[39m
                [33mvalue[39m=[32m"batch-002"[39m
              [36m>[39m
                [0mEvening Batch[0m
                [0m ([0m
                [0mTue/Thu 5-6 PM[0m
                [0m)[0m
              [36m</option>[39m
            [36m</select>[39m
            [36m<button[39m
              [33mclass[39m=[32m"btn-assign"[39m
              [33mdisabled[39m=[32m""[39m
            [36m>[39m
              [0mAssign[0m
            [36m</button>[39m
          [36m</div>[39m
        [36m</div>[39m
        [36m<div[39m
          [33mclass[39m=[32m"assignment-form-card"[39m
        [36m>[39m
          [36m<div[39m
            [33mclass[39m=[32m"form-card-header"[39m
          [36m>[39m
            [36m<h3[39m
              [33mclass[39m=[32m"form-card-title"[39m
            [36m>[39m
              [0mAssign Individual[0m
            [36m</h3>[39m
            [36m<span[39m
              [33mclass[39m=[32m"form-card-badge"[39m
            [36m>[39m
              [0m1[0m
              [0m available[0m
            [36m</span>[39m
          [36m</div>[39m
          [36m<div[39m
            [33mclass[39m=[32m"form-card-body"[39m
          [36m>[39m
            [36m<select[39m
              [33mclass[39m=[32m"form-select"[39m
            [36m>[39m
              [36m<option[39m
                [33mvalue[39m=[32m""[39m
              [36m>[39m
                [0mSelect a student...[0m
              [36m</option>[39m
              [36m<option[39m
                [33mvalue[39m=[32m"student-003"[39m
              [36m>[39m
                [0mBob Wilson[0m
                [0m • [0m
                [0mAdvanced[0m
              [36m</option>[39m
            [36m</select>[39m
            [36m<button[39m
              [33mclass[39m=[32m"btn-assign"[39m
              [33mdisabled[39m=[32m""[39m
            [36m>[39m
              [0mAssign[0m
            [36m</button>[39m
          [36m</div>[39m
        [36m</div>[39m
      [36m</div>[39m
      [36m<div[39m
        [33mclass[39m=[32m"assignment-display-section"[39m
      [36m>[39m
        [36m<div[39m
          [33mclass[39m=[32m"assignment-column"[39m
        [36m>[39m
          [36m<h4[39m
            [33mclass[39m=[32m"assignment-section-title"[39m
          [36m>[39m
            [0mAssigned Batches • [0m
            [0m1[0m
          [36m</h4>[39m
          [36m<div[39m
            [33mclass[39m=[32m"assignment-items"[39m
          [36m>[39m
            [36m<div[39m
              [33mclass[39m=[32m"assignment-item batch-item "[39m
            [36m>[39m
              [36m<div[39m
                [33mclass[39m=[32m"item-content"[39m
              [36m>[39m
                [36m<p[39m
                  [33mclass[39m=[32m"item-name"[39m
                [36m>[39m
                  [0mMorning Batch[0m
                [36m</p>[39m
                [36m<p[39m
                  [33mclass[39m=[32m"item-meta"[39m
                [36m>[39m
                  [0mMon/Wed/Fri 6-7 AM[0m
                  [0m • [0m
                  [0m2[0m
                  [0m students[0m
                [36m</p>[39m
              [36m</div>[39m
              [36m<button[39m
                [33mclass[39m=[32m"btn-action btn-action--danger"[39m
                [33mtitle[39m=[32m"Delete"[39m
              [36m>[39m
                [0mDelete[0m
              [36m</button>[39m
            [36m</div>[39m
          [36m</div>[39m
        [36m</div>[39m
        [36m<div[39m
          [33mclass[39m=[32m"assignment-column"[39m
        [36m>[39m
          [36m<h4[39m
            [33mclass[39m=[32m"assignment-section-title"[39m
          [36m>[39m
            [0mAssigned Students • 2[0m
          [36m</h4>[39m
          [36m<div[39m
            [33mclass[39m=[32m"assignment-items"[39m
          [36m>[39m
            [36m<div[39m
              [33mclass[39m=[32m"assignment-item student-item"[39m
            [36m>[39m
              [36m<div[39m
                [33mclass[39m=[32m"item-content"[39m
              [36m>[39m
                [36m<p[39m
                  [33mclass[39m=[32m"item-name"[39m
                [36m>[39m
                  [0mJohn Doe[0m
                [36m</p>[39m
                [36m<p[39m
                  [33mclass[39m=[32m"item-meta"[39m
                [36m>[39m
                  [0mBeginner[0m
                  [0m • [0m
                  [0mbatch-001[0m
                [36m</p>[39m
              [36m</div>[39m
              [36m<button[39m
                [33mclass[39m=[32m"btn-action btn-action--danger"[39m
                [33mtitle[39m=[32m"Delete"[39m
              [36m>[39m
                [0mDelete[0m
              [36m</button>[39m
            [36m</div>[39m
            [36m<div[39m
              [33mclass[39m=[32m"assignment-item student-item"[39m
            [36m>[39m
              [36m<div[39m
                [33mclass[39m=[32m"item-content"[39m
              [36m>[39m
                [36m<p[39m
                  [33mclass[39m=[32m"item-name"[39m
                [36m>[39m
                  [0mJane Smith[0m
                [36m</p>[39m
                [36m<p[39m
                  [33mclass[39m=[32m"item-meta"[39m
                [36m>[39m
                  [0mIntermediate[0m
                  [0m • [0m
                  [0mbatch-001[0m
                [36m</p>[39m
              [36m</div>[39m
              [36m<button[39m
                [33mclass[39m=[32m"btn-action btn-action--danger"[39m
                [33mtitle[39m=[32m"Delete"[39m
              [36m>[39m
                [0mDelete[0m
              [36m</button>[39m
            [36m</div>[39m
          [36m</div>[39m
        [36m</div>[39m
      [36m</div>[39m
    [36m</div>[39m
  [36m</div>[39m
[36m</body>[39m
 ❯ Object.getElementError node_modules/@testing-library/dom/dist/config.js:37:19
 ❯ node_modules/@testing-library/dom/dist/query-helpers.js:76:38
 ❯ node_modules/@testing-library/dom/dist/query-helpers.js:109:15
 ❯ src/components/AssignmentPanel.test.tsx:208:36
    206|
    207|     // Find unassign buttons in the assigned batches section
    208|     const unassignButtons = screen.getAllByText('Unassign');
       |                                    ^
    209|
    210|     // Click first unassign button (for batch)

⎯⎯⎯⎯⎯⎯⎯⎯⎯⎯⎯⎯⎯⎯⎯⎯⎯⎯⎯⎯⎯⎯[3/107]⎯

 FAIL  src/components/AssignmentPanel.test.tsx > AssignmentPanel > unassigns coach from individual student
TestingLibraryElementError: Unable to find an element with the text: Unassign. This could be because the text is broken up by multiple elements. In this case, you can provide a function for your text matcher to make your matcher more flexible.

Ignored nodes: comments, script, style
[36m<body>[39m
  [36m<div>[39m
    [36m<div[39m
      [33mclass[39m=[32m"assignment-panel"[39m
    [36m>[39m
      [36m<div[39m
        [33mclass[39m=[32m"assignment-header"[39m
      [36m>[39m
        [36m<div>[39m
          [36m<h2[39m
            [33mclass[39m=[32m"assignment-title"[39m
          [36m>[39m
            [0mAssignments for [0m
            [0mTest Coach[0m
          [36m</h2>[39m
          [36m<p[39m
            [33mclass[39m=[32m"assignment-subtitle"[39m
          [36m>[39m
            [0mManage batch and student assignments for this coach[0m
          [36m</p>[39m
        [36m</div>[39m
      [36m</div>[39m
      [36m<div[39m
        [33mclass[39m=[32m"assignment-form-section"[39m
      [36m>[39m
        [36m<div[39m
          [33mclass[39m=[32m"assignment-form-card"[39m
        [36m>[39m
          [36m<div[39m
            [33mclass[39m=[32m"form-card-header"[39m
          [36m>[39m
            [36m<h3[39m
              [33mclass[39m=[32m"form-card-title"[39m
            [36m>[39m
              [0mAssign to Batch[0m
            [36m</h3>[39m
            [36m<span[39m
              [33mclass[39m=[32m"form-card-badge"[39m
            [36m>[39m
              [0m1[0m
              [0m available[0m
            [36m</span>[39m
          [36m</div>[39m
          [36m<div[39m
            [33mclass[39m=[32m"form-card-body"[39m
          [36m>[39m
            [36m<select[39m
              [33mclass[39m=[32m"form-select"[39m
            [36m>[39m
              [36m<option[39m
                [33mvalue[39m=[32m""[39m
              [36m>[39m
                [0mSelect a batch...[0m
              [36m</option>[39m
              [36m<option[39m
                [33mvalue[39m=[32m"batch-002"[39m
              [36m>[39m
                [0mEvening Batch[0m
                [0m ([0m
                [0mTue/Thu 5-6 PM[0m
                [0m)[0m
              [36m</option>[39m
            [36m</select>[39m
            [36m<button[39m
              [33mclass[39m=[32m"btn-assign"[39m
              [33mdisabled[39m=[32m""[39m
            [36m>[39m
              [0mAssign[0m
            [36m</button>[39m
          [36m</div>[39m
        [36m</div>[39m
        [36m<div[39m
          [33mclass[39m=[32m"assignment-form-card"[39m
        [36m>[39m
          [36m<div[39m
            [33mclass[39m=[32m"form-card-header"[39m
          [36m>[39m
            [36m<h3[39m
              [33mclass[39m=[32m"form-card-title"[39m
            [36m>[39m
              [0mAssign Individual[0m
            [36m</h3>[39m
            [36m<span[39m
              [33mclass[39m=[32m"form-card-badge"[39m
            [36m>[39m
              [0m1[0m
              [0m available[0m
            [36m</span>[39m
          [36m</div>[39m
          [36m<div[39m
            [33mclass[39m=[32m"form-card-body"[39m
          [36m>[39m
            [36m<select[39m
              [33mclass[39m=[32m"form-select"[39m
            [36m>[39m
              [36m<option[39m
                [33mvalue[39m=[32m""[39m
              [36m>[39m
                [0mSelect a student...[0m
              [36m</option>[39m
              [36m<option[39m
                [33mvalue[39m=[32m"student-003"[39m
              [36m>[39m
                [0mBob Wilson[0m
                [0m • [0m
                [0mAdvanced[0m
              [36m</option>[39m
            [36m</select>[39m
            [36m<button[39m
              [33mclass[39m=[32m"btn-assign"[39m
              [33mdisabled[39m=[32m""[39m
            [36m>[39m
              [0mAssign[0m
            [36m</button>[39m
          [36m</div>[39m
        [36m</div>[39m
      [36m</div>[39m
      [36m<div[39m
        [33mclass[39m=[32m"assignment-display-section"[39m
      [36m>[39m
        [36m<div[39m
          [33mclass[39m=[32m"assignment-column"[39m
        [36m>[39m
          [36m<h4[39m
            [33mclass[39m=[32m"assignment-section-title"[39m
          [36m>[39m
            [0mAssigned Batches • [0m
            [0m1[0m
          [36m</h4>[39m
          [36m<div[39m
            [33mclass[39m=[32m"assignment-items"[39m
          [36m>[39m
            [36m<div[39m
              [33mclass[39m=[32m"assignment-item batch-item "[39m
            [36m>[39m
              [36m<div[39m
                [33mclass[39m=[32m"item-content"[39m
              [36m>[39m
                [36m<p[39m
                  [33mclass[39m=[32m"item-name"[39m
                [36m>[39m
                  [0mMorning Batch[0m
                [36m</p>[39m
                [36m<p[39m
                  [33mclass[39m=[32m"item-meta"[39m
                [36m>[39m
                  [0mMon/Wed/Fri 6-7 AM[0m
                  [0m • [0m
                  [0m2[0m
                  [0m students[0m
                [36m</p>[39m
              [36m</div>[39m
              [36m<button[39m
                [33mclass[39m=[32m"btn-action btn-action--danger"[39m
                [33mtitle[39m=[32m"Delete"[39m
              [36m>[39m
                [0mDelete[0m
              [36m</button>[39m
            [36m</div>[39m
          [36m</div>[39m
        [36m</div>[39m
        [36m<div[39m
          [33mclass[39m=[32m"assignment-column"[39m
        [36m>[39m
          [36m<h4[39m
            [33mclass[39m=[32m"assignment-section-title"[39m
          [36m>[39m
            [0mAssigned Students • 2[0m
          [36m</h4>[39m
          [36m<div[39m
            [33mclass[39m=[32m"assignment-items"[39m
          [36m>[39m
            [36m<div[39m
              [33mclass[39m=[32m"assignment-item student-item"[39m
            [36m>[39m
              [36m<div[39m
                [33mclass[39m=[32m"item-content"[39m
              [36m>[39m
                [36m<p[39m
                  [33mclass[39m=[32m"item-name"[39m
                [36m>[39m
                  [0mJohn Doe[0m
                [36m</p>[39m
                [36m<p[39m
                  [33mclass[39m=[32m"item-meta"[39m
                [36m>[39m
                  [0mBeginner[0m
                  [0m • [0m
                  [0mbatch-001[0m
                [36m</p>[39m
              [36m</div>[39m
              [36m<button[39m
                [33mclass[39m=[32m"btn-action btn-action--danger"[39m
                [33mtitle[39m=[32m"Delete"[39m
              [36m>[39m
                [0mDelete[0m
              [36m</button>[39m
            [36m</div>[39m
            [36m<div[39m
              [33mclass[39m=[32m"assignment-item student-item"[39m
            [36m>[39m
              [36m<div[39m
                [33mclass[39m=[32m"item-content"[39m
              [36m>[39m
                [36m<p[39m
                  [33mclass[39m=[32m"item-name"[39m
                [36m>[39m
                  [0mJane Smith[0m
                [36m</p>[39m
                [36m<p[39m
                  [33mclass[39m=[32m"item-meta"[39m
                [36m>[39m
                  [0mIntermediate[0m
                  [0m • [0m
                  [0mbatch-001[0m
                [36m</p>[39m
              [36m</div>[39m
              [36m<button[39m
                [33mclass[39m=[32m"btn-action btn-action--danger"[39m
                [33mtitle[39m=[32m"Delete"[39m
              [36m>[39m
                [0mDelete[0m
              [36m</button>[39m
            [36m</div>[39m
          [36m</div>[39m
        [36m</div>[39m
      [36m</div>[39m
    [36m</div>[39m
  [36m</div>[39m
[36m</body>[39m
 ❯ Object.getElementError node_modules/@testing-library/dom/dist/config.js:37:19
 ❯ node_modules/@testing-library/dom/dist/query-helpers.js:76:38
 ❯ node_modules/@testing-library/dom/dist/query-helpers.js:109:15
 ❯ src/components/AssignmentPanel.test.tsx:240:36
    238|
    239|     // Find all unassign buttons
    240|     const unassignButtons = screen.getAllByText('Unassign');
       |                                    ^
    241|
    242|     // Click unassign button for a student (skip the first one which i…

⎯⎯⎯⎯⎯⎯⎯⎯⎯⎯⎯⎯⎯⎯⎯⎯⎯⎯⎯⎯⎯⎯[4/107]⎯

 FAIL  src/components/AssignmentPanel.test.tsx > AssignmentPanel > shows "no assignments" message when coach has no assignments
TestingLibraryElementError: Unable to find an element with the text: No assignments yet. This could be because the text is broken up by multiple elements. In this case, you can provide a function for your text matcher to make your matcher more flexible.

Ignored nodes: comments, script, style
[36m<body>[39m
  [36m<div>[39m
    [36m<div[39m
      [33mclass[39m=[32m"assignment-panel"[39m
    [36m>[39m
      [36m<div[39m
        [33mclass[39m=[32m"assignment-header"[39m
      [36m>[39m
        [36m<div>[39m
          [36m<h2[39m
            [33mclass[39m=[32m"assignment-title"[39m
          [36m>[39m
            [0mAssignments for [0m
            [0mTest Coach[0m
          [36m</h2>[39m
          [36m<p[39m
            [33mclass[39m=[32m"assignment-subtitle"[39m
          [36m>[39m
            [0mManage batch and student assignments for this coach[0m
          [36m</p>[39m
        [36m</div>[39m
      [36m</div>[39m
      [36m<div[39m
        [33mclass[39m=[32m"assignment-form-section"[39m
      [36m>[39m
        [36m<div[39m
          [33mclass[39m=[32m"assignment-form-card"[39m
        [36m>[39m
          [36m<div[39m
            [33mclass[39m=[32m"form-card-header"[39m
          [36m>[39m
            [36m<h3[39m
              [33mclass[39m=[32m"form-card-title"[39m
            [36m>[39m
              [0mAssign to Batch[0m
            [36m</h3>[39m
            [36m<span[39m
              [33mclass[39m=[32m"form-card-badge"[39m
            [36m>[39m
              [0m1[0m
              [0m available[0m
            [36m</span>[39m
          [36m</div>[39m
          [36m<div[39m
            [33mclass[39m=[32m"form-card-body"[39m
          [36m>[39m
            [36m<select[39m
              [33mclass[39m=[32m"form-select"[39m
            [36m>[39m
              [36m<option[39m
                [33mvalue[39m=[32m""[39m
              [36m>[39m
                [0mSelect a batch...[0m
              [36m</option>[39m
              [36m<option[39m
                [33mvalue[39m=[32m"batch-002"[39m
              [36m>[39m
                [0mEvening Batch[0m
                [0m ([0m
                [0mTue/Thu 5-6 PM[0m
                [0m)[0m
              [36m</option>[39m
            [36m</select>[39m
            [36m<button[39m
              [33mclass[39m=[32m"btn-assign"[39m
              [33mdisabled[39m=[32m""[39m
            [36m>[39m
              [0mAssign[0m
            [36m</button>[39m
          [36m</div>[39m
        [36m</div>[39m
        [36m<div[39m
          [33mclass[39m=[32m"assignment-form-card"[39m
        [36m>[39m
          [36m<div[39m
            [33mclass[39m=[32m"form-card-header"[39m
          [36m>[39m
            [36m<h3[39m
              [33mclass[39m=[32m"form-card-title"[39m
            [36m>[39m
              [0mAssign Individual[0m
            [36m</h3>[39m
            [36m<span[39m
              [33mclass[39m=[32m"form-card-badge"[39m
            [36m>[39m
              [0m1[0m
              [0m available[0m
            [36m</span>[39m
          [36m</div>[39m
          [36m<div[39m
            [33mclass[39m=[32m"form-card-body"[39m
          [36m>[39m
            [36m<select[39m
              [33mclass[39m=[32m"form-select"[39m
            [36m>[39m
              [36m<option[39m
                [33mvalue[39m=[32m""[39m
              [36m>[39m
                [0mSelect a student...[0m
              [36m</option>[39m
              [36m<option[39m
                [33mvalue[39m=[32m"student-003"[39m
              [36m>[39m
                [0mBob Wilson[0m
                [0m • [0m
                [0mAdvanced[0m
              [36m</option>[39m
            [36m</select>[39m
            [36m<button[39m
              [33mclass[39m=[32m"btn-assign"[39m
              [33mdisabled[39m=[32m""[39m
            [36m>[39m
              [0mAssign[0m
            [36m</button>[39m
          [36m</div>[39m
        [36m</div>[39m
      [36m</div>[39m
      [36m<div[39m
        [33mclass[39m=[32m"assignment-display-section"[39m
      [36m>[39m
        [36m<div[39m
          [33mclass[39m=[32m"assignment-column"[39m
        [36m>[39m
          [36m<h4[39m
            [33mclass[39m=[32m"assignment-section-title"[39m
          [36m>[39m
            [0mAssigned Batches • [0m
            [0m0[0m
          [36m</h4>[39m
          [36m<div[39m
            [33mclass[39m=[32m"assignment-empty"[39m
          [36m>[39m
            [36m<p[39m
              [33mclass[39m=[32m"empty-message"[39m
            [36m>[39m
              [0mNo batches assigned[0m
            [36m</p>[39m
          [36m</div>[39m
        [36m</div>[39m
        [36m<div[39m
          [33mclass[39m=[32m"assignment-column"[39m
        [36m>[39m
          [36m<h4[39m
            [33mclass[39m=[32m"assignment-section-title"[39m
          [36m>[39m
            [0mAssigned Students • 0[0m
          [36m</h4>[39m
          [36m<div[39m
            [33mclass[39m=[32m"assignment-empty"[39m
          [36m>[39m
            [36m<p[39m
              [33mclass[39m=[32m"empty-message"[39m
            [36m>[39m
              [0mNo students assigned[0m
            [36m</p>[39m
          [36m</div>[39m
        [36m</div>[39m
      [36m</div>[39m
    [36m</div>[39m
  [36m</div>[39m
[36m</body>[39m
 ❯ Object.getElementError node_modules/@testing-library/dom/dist/config.js:37:19
 ❯ node_modules/@testing-library/dom/dist/query-helpers.js:76:38
 ❯ node_modules/@testing-library/dom/dist/query-helpers.js:52:17
 ❯ node_modules/@testing-library/dom/dist/query-helpers.js:95:19
 ❯ src/components/AssignmentPanel.test.tsx:340:19
    338|     );
    339|
    340|     expect(screen.getByText('No assignments yet')).toBeInTheDocument();
       |                   ^
    341|     expect(screen.getByText('Use the forms above to assign batches or …
    342|   });

⎯⎯⎯⎯⎯⎯⎯⎯⎯⎯⎯⎯⎯⎯⎯⎯⎯⎯⎯⎯⎯⎯[5/107]⎯

 FAIL  src/components/AssignmentPanel.test.tsx > AssignmentPanel > shows message when all batches are assigned
TestingLibraryElementError: Unable to find an element with the text: All batches are currently assigned. This could be because the text is broken up by multiple elements. In this case, you can provide a function for your text matcher to make your matcher more flexible.

Ignored nodes: comments, script, style
[36m<body>[39m
  [36m<div>[39m
    [36m<div[39m
      [33mclass[39m=[32m"assignment-panel"[39m
    [36m>[39m
      [36m<div[39m
        [33mclass[39m=[32m"assignment-header"[39m
      [36m>[39m
        [36m<div>[39m
          [36m<h2[39m
            [33mclass[39m=[32m"assignment-title"[39m
          [36m>[39m
            [0mAssignments for [0m
            [0mTest Coach[0m
          [36m</h2>[39m
          [36m<p[39m
            [33mclass[39m=[32m"assignment-subtitle"[39m
          [36m>[39m
            [0mManage batch and student assignments for this coach[0m
          [36m</p>[39m
        [36m</div>[39m
      [36m</div>[39m
      [36m<div[39m
        [33mclass[39m=[32m"assignment-form-section"[39m
      [36m>[39m
        [36m<div[39m
          [33mclass[39m=[32m"assignment-form-card"[39m
        [36m>[39m
          [36m<div[39m
            [33mclass[39m=[32m"form-card-header"[39m
          [36m>[39m
            [36m<h3[39m
              [33mclass[39m=[32m"form-card-title"[39m
            [36m>[39m
              [0mAssign to Batch[0m
            [36m</h3>[39m
            [36m<span[39m
              [33mclass[39m=[32m"form-card-badge"[39m
            [36m>[39m
              [0m0[0m
              [0m available[0m
            [36m</span>[39m
          [36m</div>[39m
          [36m<div[39m
            [33mclass[39m=[32m"form-card-body"[39m
          [36m>[39m
            [36m<select[39m
              [33mclass[39m=[32m"form-select"[39m
              [33mdisabled[39m=[32m""[39m
            [36m>[39m
              [36m<option[39m
                [33mvalue[39m=[32m""[39m
              [36m>[39m
                [0mSelect a batch...[0m
              [36m</option>[39m
            [36m</select>[39m
            [36m<button[39m
              [33mclass[39m=[32m"btn-assign"[39m
              [33mdisabled[39m=[32m""[39m
            [36m>[39m
              [0mAssign[0m
            [36m</button>[39m
          [36m</div>[39m
        [36m</div>[39m
        [36m<div[39m
          [33mclass[39m=[32m"assignment-form-card"[39m
        [36m>[39m
          [36m<div[39m
            [33mclass[39m=[32m"form-card-header"[39m
          [36m>[39m
            [36m<h3[39m
              [33mclass[39m=[32m"form-card-title"[39m
            [36m>[39m
              [0mAssign Individual[0m
            [36m</h3>[39m
            [36m<span[39m
              [33mclass[39m=[32m"form-card-badge"[39m
            [36m>[39m
              [0m1[0m
              [0m available[0m
            [36m</span>[39m
          [36m</div>[39m
          [36m<div[39m
            [33mclass[39m=[32m"form-card-body"[39m
          [36m>[39m
            [36m<select[39m
              [33mclass[39m=[32m"form-select"[39m
            [36m>[39m
              [36m<option[39m
                [33mvalue[39m=[32m""[39m
              [36m>[39m
                [0mSelect a student...[0m
              [36m</option>[39m
              [36m<option[39m
                [33mvalue[39m=[32m"student-003"[39m
              [36m>[39m
                [0mBob Wilson[0m
                [0m • [0m
                [0mAdvanced[0m
              [36m</option>[39m
            [36m</select>[39m
            [36m<button[39m
              [33mclass[39m=[32m"btn-assign"[39m
              [33mdisabled[39m=[32m""[39m
            [36m>[39m
              [0mAssign[0m
            [36m</button>[39m
          [36m</div>[39m
        [36m</div>[39m
      [36m</div>[39m
      [36m<div[39m
        [33mclass[39m=[32m"assignment-display-section"[39m
      [36m>[39m
        [36m<div[39m
          [33mclass[39m=[32m"assignment-column"[39m
        [36m>[39m
          [36m<h4[39m
            [33mclass[39m=[32m"assignment-section-title"[39m
          [36m>[39m
            [0mAssigned Batches • [0m
            [0m0[0m
          [36m</h4>[39m
          [36m<div[39m
            [33mclass[39m=[32m"assignment-empty"[39m
          [36m>[39m
            [36m<p[39m
              [33mclass[39m=[32m"empty-message"[39m
            [36m>[39m
              [0mNo batches assigned[0m
            [36m</p>[39m
          [36m</div>[39m
        [36m</div>[39m
        [36m<div[39m
          [33mclass[39m=[32m"assignment-column"[39m
        [36m>[39m
          [36m<h4[39m
            [33mclass[39m=[32m"assignment-section-title"[39m
          [36m>[39m
            [0mAssigned Students • 2[0m
          [36m</h4>[39m
          [36m<div[39m
            [33mclass[39m=[32m"assignment-items"[39m
          [36m>[39m
            [36m<div[39m
              [33mclass[39m=[32m"assignment-item student-item"[39m
            [36m>[39m
              [36m<div[39m
                [33mclass[39m=[32m"item-content"[39m
              [36m>[39m
                [36m<p[39m
                  [33mclass[39m=[32m"item-name"[39m
                [36m>[39m
                  [0mJohn Doe[0m
                [36m</p>[39m
                [36m<p[39m
                  [33mclass[39m=[32m"item-meta"[39m
                [36m>[39m
                  [0mBeginner[0m
                  [0m • [0m
                  [0mbatch-001[0m
                [36m</p>[39m
              [36m</div>[39m
              [36m<button[39m
                [33mclass[39m=[32m"btn-action btn-action--danger"[39m
                [33mtitle[39m=[32m"Delete"[39m
              [36m>[39m
                [0mDelete[0m
              [36m</button>[39m
            [36m</div>[39m
            [36m<div[39m
              [33mclass[39m=[32m"assignment-item student-item"[39m
            [36m>[39m
              [36m<div[39m
                [33mclass[39m=[32m"item-content"[39m
              [36m>[39m
                [36m<p[39m
                  [33mclass[39m=[32m"item-name"[39m
                [36m>[39m
                  [0mJane Smith[0m
                [36m</p>[39m
                [36m<p[39m
                  [33mclass[39m=[32m"item-meta"[39m
                [36m>[39m
                  [0mIntermediate[0m
                  [0m • [0m
                  [0mbatch-001[0m
                [36m</p>[39m
              [36m</div>[39m
              [36m<button[39m
                [33mclass[39m=[32m"btn-action btn-action--danger"[39m
                [33mtitle[39m=[32m"Delete"[39m
              [36m>[39m
                [0mDelete[0m
              [36m</button>[39m
            [36m</div>[39m
          [36m</div>[39m
        [36m</div>[39m
      [36m</div>[39m
    [36m</div>[39m
  [36m</div>[39m
[36m</body>[39m
 ❯ Object.getElementError node_modules/@testing-library/dom/dist/config.js:37:19
 ❯ node_modules/@testing-library/dom/dist/query-helpers.js:76:38
 ❯ node_modules/@testing-library/dom/dist/query-helpers.js:52:17
 ❯ node_modules/@testing-library/dom/dist/query-helpers.js:95:19
 ❯ src/components/AssignmentPanel.test.tsx:391:19
    389|     );
    390|
    391|     expect(screen.getByText('All batches are currently assigned')).toB…
       |                   ^
    392|   });
    393|

⎯⎯⎯⎯⎯⎯⎯⎯⎯⎯⎯⎯⎯⎯⎯⎯⎯⎯⎯⎯⎯⎯[6/107]⎯

 FAIL  src/components/AssignmentPanel.test.tsx > AssignmentPanel > shows message when all students are assigned
TestingLibraryElementError: Unable to find an element with the text: All students are currently assigned. This could be because the text is broken up by multiple elements. In this case, you can provide a function for your text matcher to make your matcher more flexible.

Ignored nodes: comments, script, style
[36m<body>[39m
  [36m<div>[39m
    [36m<div[39m
      [33mclass[39m=[32m"assignment-panel"[39m
    [36m>[39m
      [36m<div[39m
        [33mclass[39m=[32m"assignment-header"[39m
      [36m>[39m
        [36m<div>[39m
          [36m<h2[39m
            [33mclass[39m=[32m"assignment-title"[39m
          [36m>[39m
            [0mAssignments for [0m
            [0mTest Coach[0m
          [36m</h2>[39m
          [36m<p[39m
            [33mclass[39m=[32m"assignment-subtitle"[39m
          [36m>[39m
            [0mManage batch and student assignments for this coach[0m
          [36m</p>[39m
        [36m</div>[39m
      [36m</div>[39m
      [36m<div[39m
        [33mclass[39m=[32m"assignment-form-section"[39m
      [36m>[39m
        [36m<div[39m
          [33mclass[39m=[32m"assignment-form-card"[39m
        [36m>[39m
          [36m<div[39m
            [33mclass[39m=[32m"form-card-header"[39m
          [36m>[39m
            [36m<h3[39m
              [33mclass[39m=[32m"form-card-title"[39m
            [36m>[39m
              [0mAssign to Batch[0m
            [36m</h3>[39m
            [36m<span[39m
              [33mclass[39m=[32m"form-card-badge"[39m
            [36m>[39m
              [0m1[0m
              [0m available[0m
            [36m</span>[39m
          [36m</div>[39m
          [36m<div[39m
            [33mclass[39m=[32m"form-card-body"[39m
          [36m>[39m
            [36m<select[39m
              [33mclass[39m=[32m"form-select"[39m
            [36m>[39m
              [36m<option[39m
                [33mvalue[39m=[32m""[39m
              [36m>[39m
                [0mSelect a batch...[0m
              [36m</option>[39m
              [36m<option[39m
                [33mvalue[39m=[32m"batch-002"[39m
              [36m>[39m
                [0mEvening Batch[0m
                [0m ([0m
                [0mTue/Thu 5-6 PM[0m
                [0m)[0m
              [36m</option>[39m
            [36m</select>[39m
            [36m<button[39m
              [33mclass[39m=[32m"btn-assign"[39m
              [33mdisabled[39m=[32m""[39m
            [36m>[39m
              [0mAssign[0m
            [36m</button>[39m
          [36m</div>[39m
        [36m</div>[39m
        [36m<div[39m
          [33mclass[39m=[32m"assignment-form-card"[39m
        [36m>[39m
          [36m<div[39m
            [33mclass[39m=[32m"form-card-header"[39m
          [36m>[39m
            [36m<h3[39m
              [33mclass[39m=[32m"form-card-title"[39m
            [36m>[39m
              [0mAssign Individual[0m
            [36m</h3>[39m
            [36m<span[39m
              [33mclass[39m=[32m"form-card-badge"[39m
            [36m>[39m
              [0m0[0m
              [0m available[0m
            [36m</span>[39m
          [36m</div>[39m
          [36m<div[39m
            [33mclass[39m=[32m"form-card-body"[39m
          [36m>[39m
            [36m<select[39m
              [33mclass[39m=[32m"form-select"[39m
              [33mdisabled[39m=[32m""[39m
            [36m>[39m
              [36m<option[39m
                [33mvalue[39m=[32m""[39m
              [36m>[39m
                [0mSelect a student...[0m
              [36m</option>[39m
            [36m</select>[39m
            [36m<button[39m
              [33mclass[39m=[32m"btn-assign"[39m
              [33mdisabled[39m=[32m""[39m
            [36m>[39m
              [0mAssign[0m
            [36m</button>[39m
          [36m</div>[39m
        [36m</div>[39m
      [36m</div>[39m
      [36m<div[39m
        [33mclass[39m=[32m"assignment-display-section"[39m
      [36m>[39m
        [36m<div[39m
          [33mclass[39m=[32m"assignment-column"[39m
        [36m>[39m
          [36m<h4[39m
            [33mclass[39m=[32m"assignment-section-title"[39m
          [36m>[39m
            [0mAssigned Batches • [0m
            [0m1[0m
          [36m</h4>[39m
          [36m<div[39m
            [33mclass[39m=[32m"assignment-items"[39m
          [36m>[39m
            [36m<div[39m
              [33mclass[39m=[32m"assignment-item batch-item "[39m
            [36m>[39m
              [36m<div[39m
                [33mclass[39m=[32m"item-content"[39m
              [36m>[39m
                [36m<p[39m
                  [33mclass[39m=[32m"item-name"[39m
                [36m>[39m
                  [0mMorning Batch[0m
                [36m</p>[39m
                [36m<p[39m
                  [33mclass[39m=[32m"item-meta"[39m
                [36m>[39m
                  [0mMon/Wed/Fri 6-7 AM[0m
                  [0m • [0m
                  [0m0[0m
                  [0m students[0m
                [36m</p>[39m
              [36m</div>[39m
              [36m<button[39m
                [33mclass[39m=[32m"btn-action btn-action--danger"[39m
                [33mtitle[39m=[32m"Delete"[39m
              [36m>[39m
                [0mDelete[0m
              [36m</button>[39m
            [36m</div>[39m
          [36m</div>[39m
        [36m</div>[39m
        [36m<div[39m
          [33mclass[39m=[32m"assignment-column"[39m
        [36m>[39m
          [36m<h4[39m
            [33mclass[39m=[32m"assignment-section-title"[39m
          [36m>[39m
            [0mAssigned Students • 0[0m
          [36m</h4>[39m
          [36m<div[39m
            [33mclass[39m=[32m"assignment-empty"[39m
          [36m>[39m
            [36m<p[39m
              [33mclass[39m=[32m"empty-message"[39m
            [36m>[39m
              [0mNo students assigned[0m
            [36m</p>[39m
          [36m</div>[39m
        [36m</div>[39m
      [36m</div>[39m
    [36m</div>[39m
  [36m</div>[39m
[36m</body>[39m
 ❯ Object.getElementError node_modules/@testing-library/dom/dist/config.js:37:19
 ❯ node_modules/@testing-library/dom/dist/query-helpers.js:76:38
 ❯ node_modules/@testing-library/dom/dist/query-helpers.js:52:17
 ❯ node_modules/@testing-library/dom/dist/query-helpers.js:95:19
 ❯ src/components/AssignmentPanel.test.tsx:409:19
    407|     );
    408|
    409|     expect(screen.getByText('All students are currently assigned')).to…
       |                   ^
    410|   });
    411| });

⎯⎯⎯⎯⎯⎯⎯⎯⎯⎯⎯⎯⎯⎯⎯⎯⎯⎯⎯⎯⎯⎯[7/107]⎯

 FAIL  src/components/BatchesTabSkeleton.test.tsx > BatchesTabSkeleton > renders three batch item skeletons
Error: [2mexpect([22m[31mreceived[39m[2m).toBeInTheDocument()[22m

[31mreceived[39m value must be an HTMLElement or an SVGElement.
Received has type:  Null
Received has value: [31mnull[39m
 ❯ src/components/BatchesTabSkeleton.test.tsx:29:27
     27|     // Should have flex container for batch items with flexDirection
     28|     const flexContainers = container.querySelectorAll('div[style*="fle…
     29|     expect(flexContainers.length).toBeGreaterThan(0);
       |                           ^
     30|
     31|     // Should have multiple animated avatars (one per batch)

⎯⎯⎯⎯⎯⎯⎯⎯⎯⎯⎯⎯⎯⎯⎯⎯⎯⎯⎯⎯⎯⎯[8/107]⎯

 FAIL  src/components/CoachBatchesTab.test.tsx > CoachBatchesTab > Requirement 6.4-6.6: Batch unassignment functionality (HEAD_COACH only) > calls onBatchUnassigned callback when unassign is confirmed
TestingLibraryElementError: Unable to find an accessible element with the role "button" and name `/Unassign/`

Here are the accessible roles:

  heading:

  Name "Assigned Batches (3)":
  [36m<h3[39m
    [33mclass[39m=[32m"text-lg font-semibold text-gray-900"[39m
  [36m/>[39m

  Name "Morning Beginners":
  [36m<h4[39m
    [33mclass[39m=[32m"text-lg font-semibold text-gray-900"[39m
  [36m/>[39m

  Name "Evening Intermediate":
  [36m<h4[39m
    [33mclass[39m=[32m"text-lg font-semibold text-gray-900"[39m
  [36m/>[39m

  Name "Advanced Training":
  [36m<h4[39m
    [33mclass[39m=[32m"text-lg font-semibold text-gray-900"[39m
  [36m/>[39m

  Name "Unassign Batch?":
  [36m<h3[39m
    [33mclass[39m=[32m"text-lg font-semibold text-gray-900 text-center mb-2"[39m
    [33mid[39m=[32m"remove-batch-title"[39m
  [36m/>[39m

  --------------------------------------------------
  button:

  Name "Add new batch":
  [36m<button[39m
    [33maria-label[39m=[32m"Add new batch"[39m
    [33mclass[39m=[32m"px-4 py-2 bg-blue-600 text-white rounded-lg text-sm font-medium hover:bg-blue-700 focus:outline-none focus:ring-2 focus:ring-blue-500"[39m
  [36m/>[39m

  Name "View details for Morning Beginners batch":
  [36m<div[39m
    [33maria-label[39m=[32m"View details for Morning Beginners batch"[39m
    [33mclass[39m=[32m"bg-white rounded-lg border border-gray-200 p-6 hover:shadow-sm transition-shadow cursor-pointer"[39m
    [33mrole[39m=[32m"button"[39m
    [33mtabindex[39m=[32m"0"[39m
  [36m/>[39m

  Name "Remove Morning Beginners batch":
  [36m<button[39m
    [33maria-label[39m=[32m"Remove Morning Beginners batch"[39m
    [33mclass[39m=[32m"text-red-600 hover:text-red-700 text-sm font-medium disabled:opacity-50 disabled:cursor-not-allowed"[39m
  [36m/>[39m

  Name "View details for Evening Intermediate batch":
  [36m<div[39m
    [33maria-label[39m=[32m"View details for Evening Intermediate batch"[39m
    [33mclass[39m=[32m"bg-white rounded-lg border border-gray-200 p-6 hover:shadow-sm transition-shadow cursor-pointer"[39m
    [33mrole[39m=[32m"button"[39m
    [33mtabindex[39m=[32m"0"[39m
  [36m/>[39m

  Name "Remove Evening Intermediate batch":
  [36m<button[39m
    [33maria-label[39m=[32m"Remove Evening Intermediate batch"[39m
    [33mclass[39m=[32m"text-red-600 hover:text-red-700 text-sm font-medium disabled:opacity-50 disabled:cursor-not-allowed"[39m
  [36m/>[39m

  Name "View details for Advanced Training batch":
  [36m<div[39m
    [33maria-label[39m=[32m"View details for Advanced Training batch"[39m
    [33mclass[39m=[32m"bg-white rounded-lg border border-gray-200 p-6 hover:shadow-sm transition-shadow cursor-pointer"[39m
    [33mrole[39m=[32m"button"[39m
    [33mtabindex[39m=[32m"0"[39m
  [36m/>[39m

  Name "Remove Advanced Training batch":
  [36m<button[39m
    [33maria-label[39m=[32m"Remove Advanced Training batch"[39m
    [33mclass[39m=[32m"text-red-600 hover:text-red-700 text-sm font-medium disabled:opacity-50 disabled:cursor-not-allowed"[39m
  [36m/>[39m

  Name "Cancel batch unassignment":
  [36m<button[39m
    [33maria-label[39m=[32m"Cancel batch unassignment"[39m
    [33mclass[39m=[32m"flex-1 px-4 py-2 bg-gray-200 text-gray-900 rounded-lg font-medium hover:bg-gray-300 focus:outline-none focus:ring-2 focus:ring-gray-400 disabled:opacity-50 disabled:cursor-not-allowed"[39m
  [36m/>[39m

  Name "Confirm batch unassignment":
  [36m<button[39m
    [33maria-label[39m=[32m"Confirm batch unassignment"[39m
    [33mclass[39m=[32m"flex-1 px-4 py-2 bg-red-600 text-white rounded-lg font-medium hover:bg-red-700 focus:outline-none focus:ring-2 focus:ring-red-500 disabled:opacity-50 disabled:cursor-not-allowed"[39m
  [36m/>[39m

  --------------------------------------------------
  paragraph:

  Name "":
  [36m<p[39m
    [33mclass[39m=[32m"text-sm text-gray-600 mb-1"[39m
  [36m/>[39m

  Name "":
  [36m<p[39m
    [33mclass[39m=[32m"text-base text-gray-900"[39m
  [36m/>[39m

  Name "":
  [36m<p[39m
    [33mclass[39m=[32m"text-xs font-medium text-gray-600 uppercase tracking-wider"[39m
  [36m/>[39m

  Name "":
  [36m<p[39m
    [33mclass[39m=[32m"text-2xl font-bold text-gray-900 mt-1"[39m
  [36m/>[39m

  Name "":
  [36m<p[39m
    [33mclass[39m=[32m"text-xs font-medium text-gray-600 uppercase tracking-wider"[39m
  [36m/>[39m

  Name "":
  [36m<p[39m
    [33mclass[39m=[32m"text-2xl font-bold text-gray-900"[39m
  [36m/>[39m

  Name "":
  [36m<p[39m
    [33mclass[39m=[32m"text-xs font-medium text-gray-600 uppercase tracking-wider"[39m
  [36m/>[39m

  Name "":
  [36m<p[39m
    [33mclass[39m=[32m"text-2xl font-bold text-gray-900 mt-1"[39m
  [36m/>[39m

  Name "":
  [36m<p[39m
    [33mclass[39m=[32m"text-xs font-medium text-gray-600 uppercase tracking-wider"[39m
  [36m/>[39m

  Name "":
  [36m<p[39m
    [33mclass[39m=[32m"text-base text-gray-900 mt-1"[39m
  [36m/>[39m

  Name "":
  [36m<p[39m
    [33mclass[39m=[32m"text-sm text-gray-600 mb-1"[39m
  [36m/>[39m

  Name "":
  [36m<p[39m
    [33mclass[39m=[32m"text-base text-gray-900"[39m
  [36m/>[39m

  Name "":
  [36m<p[39m
    [33mclass[39m=[32m"text-xs font-medium text-gray-600 uppercase tracking-wider"[39m
  [36m/>[39m

  Name "":
  [36m<p[39m
    [33mclass[39m=[32m"text-2xl font-bold text-gray-900 mt-1"[39m
  [36m/>[39m

  Name "":
  [36m<p[39m
    [33mclass[39m=[32m"text-xs font-medium text-gray-600 uppercase tracking-wider"[39m
  [36m/>[39m

  Name "":
  [36m<p[39m
    [33mclass[39m=[32m"text-2xl font-bold text-gray-900"[39m
  [36m/>[39m

  Name "":
  [36m<p[39m
    [33mclass[39m=[32m"text-xs font-medium text-gray-600 uppercase tracking-wider"[39m
  [36m/>[39m

  Name "":
  [36m<p[39m
    [33mclass[39m=[32m"text-2xl font-bold text-gray-900 mt-1"[39m
  [36m/>[39m

  Name "":
  [36m<p[39m
    [33mclass[39m=[32m"text-xs font-medium text-gray-600 uppercase tracking-wider"[39m
  [36m/>[39m

  Name "":
  [36m<p[39m
    [33mclass[39m=[32m"text-base text-gray-900 mt-1"[39m
  [36m/>[39m

  Name "":
  [36m<p[39m
    [33mclass[39m=[32m"text-sm text-gray-600 mb-1"[39m
  [36m/>[39m

  Name "":
  [36m<p[39m
    [33mclass[39m=[32m"text-base text-gray-900"[39m
  [36m/>[39m

  Name "":
  [36m<p[39m
    [33mclass[39m=[32m"text-xs font-medium text-gray-600 uppercase tracking-wider"[39m
  [36m/>[39m

  Name "":
  [36m<p[39m
    [33mclass[39m=[32m"text-2xl font-bold text-gray-900 mt-1"[39m
  [36m/>[39m

  Name "":
  [36m<p[39m
    [33mclass[39m=[32m"text-xs font-medium text-gray-600 uppercase tracking-wider"[39m
  [36m/>[39m

  Name "":
  [36m<p[39m
    [33mclass[39m=[32m"text-2xl font-bold text-gray-900"[39m
  [36m/>[39m

  Name "":
  [36m<p[39m
    [33mclass[39m=[32m"text-xs font-medium text-gray-600 uppercase tracking-wider"[39m
  [36m/>[39m

  Name "":
  [36m<p[39m
    [33mclass[39m=[32m"text-2xl font-bold text-gray-900 mt-1"[39m
  [36m/>[39m

  Name "":
  [36m<p[39m
    [33mclass[39m=[32m"text-xs font-medium text-gray-600 uppercase tracking-wider"[39m
  [36m/>[39m

  Name "":
  [36m<p[39m
    [33mclass[39m=[32m"text-base text-gray-900 mt-1"[39m
  [36m/>[39m

  Name "":
  [36m<p[39m
    [33mclass[39m=[32m"text-gray-600 text-center mb-6"[39m
    [33mid[39m=[32m"remove-batch-description"[39m
  [36m/>[39m

  --------------------------------------------------
  presentation:

  Name "":
  [36m<div[39m
    [33mclass[39m=[32m"fixed inset-0 bg-black bg-opacity-50 flex items-center justify-center z-50"[39m
    [33mrole[39m=[32m"presentation"[39m
  [36m/>[39m

  --------------------------------------------------
  dialog:

  Name "Unassign Batch?":
  [36m<dialog[39m
    [33maria-describedby[39m=[32m"remove-batch-description"[39m
    [33maria-labelledby[39m=[32m"remove-batch-title"[39m
    [33mclass[39m=[32m"bg-white rounded-lg shadow-xl max-w-sm w-full mx-4"[39m
    [33mopen[39m=[32m""[39m
  [36m/>[39m

  --------------------------------------------------
  strong:

  Name "":
  [36m<strong />[39m

  --------------------------------------------------

Ignored nodes: comments, script, style
[36m<body>[39m
  [36m<div>[39m
    [36m<div[39m
      [33mclass[39m=[32m"p-6 space-y-4"[39m
    [36m>[39m
      [36m<div[39m
        [33mclass[39m=[32m"flex justify-between items-center mb-6"[39m
      [36m>[39m
        [36m<h3[39m
          [33mclass[39m=[32m"text-lg font-semibold text-gray-900"[39m
        [36m>[39m
          [0mAssigned Batches ([0m
          [0m3[0m
          [0m)[0m
        [36m</h3>[39m
        [36m<button[39m
          [33maria-label[39m=[32m"Add new batch"[39m
          [33mclass[39m=[32m"px-4 py-2 bg-blue-600 text-white rounded-lg text-sm font-medium hover:bg-blue-700 focus:outline-none focus:ring-2 focus:ring-blue-500"[39m
        [36m>[39m
          [0mAdd Batch[0m
        [36m</button>[39m
      [36m</div>[39m
      [36m<div[39m
        [33mclass[39m=[32m"space-y-4"[39m
      [36m>[39m
        [36m<div[39m
          [33maria-label[39m=[32m"View details for Morning Beginners batch"[39m
          [33mclass[39m=[32m"bg-white rounded-lg border border-gray-200 p-6 hover:shadow-sm transition-shadow cursor-pointer"[39m
          [33mrole[39m=[32m"button"[39m
          [33mtabindex[39m=[32m"0"[39m
        [36m>[39m
          [36m<div[39m
            [33mclass[39m=[32m"flex justify-between items-start mb-3"[39m
          [36m>[39m
            [36m<h4[39m
              [33mclass[39m=[32m"text-lg font-semibold text-gray-900"[39m
            [36m>[39m
              [0mMorning Beginners[0m
            [36m</h4>[39m
            [36m<button[39m
              [33maria-label[39m=[32m"Remove Morning Beginners batch"[39m
              [33mclass[39m=[32m"text-red-600 hover:text-red-700 text-sm font-medium disabled:opacity-50 disabled:cursor-not-allowed"[39m
            [36m>[39m
              [0mRemove[0m
            [36m</button>[39m
          [36m</div>[39m
          [36m<div[39m
            [33mclass[39m=[32m"mb-4"[39m
          [36m>[39m
            [36m<p[39m
              [33mclass[39m=[32m"text-sm text-gray-600 mb-1"[39m
            [36m>[39m
              [0mSchedule[0m
            [36m</p>[39m
            [36m<p[39m
              [33mclass[39m=[32m"text-base text-gray-900"[39m
            [36m>[39m
              [0mMon/Wed/Fri 6-7 AM[0m
            [36m</p>[39m
          [36m</div>[39m
          [36m<div[39m
            [33mclass[39m=[32m"grid grid-cols-2 gap-4 lg:grid-cols-4 mt-6 pt-6 border-t border-gray-200"[39m
          [36m>[39m
            [36m<div>[39m
              [36m<p[39m
                [33mclass[39m=[32m"text-xs font-medium text-gray-600 uppercase tracking-wider"[39m
              [36m>[39m
                [0mStudents[0m
              [36m</p>[39m
              [36m<p[39m
                [33mclass[39m=[32m"text-2xl font-bold text-gray-900 mt-1"[39m
              [36m>[39m
                [0m4[0m
              [36m</p>[39m
            [36m</div>[39m
            [36m<div>[39m
              [36m<p[39m
                [33mclass[39m=[32m"text-xs font-medium text-gray-600 uppercase tracking-wider"[39m
              [36m>[39m
                [0mAttendance[0m
              [36m</p>[39m
              [36m<div[39m
                [33mclass[39m=[32m"flex items-center gap-2 mt-1"[39m
              [36m>[39m
                [36m<p[39m
                  [33mclass[39m=[32m"text-2xl font-bold text-gray-900"[39m
                [36m>[39m
                  [0m87[0m
                  [0m%[0m
                [36m</p>[39m
                [36m<div[39m
                  [33mclass[39m=[32m"inline-block px-2 py-1 rounded text-xs font-medium bg-yellow-100 text-yellow-700"[39m
                [36m>[39m
                  [0mGood[0m
                [36m</div>[39m
              [36m</div>[39m
            [36m</div>[39m
            [36m<div>[39m
              [36m<p[39m
                [33mclass[39m=[32m"text-xs font-medium text-gray-600 uppercase tracking-wider"[39m
              [36m>[39m
                [0mAvg Skill[0m
              [36m</p>[39m
              [36m<p[39m
                [33mclass[39m=[32m"text-2xl font-bold text-gray-900 mt-1"[39m
              [36m>[39m
                [0m90[0m
                [0m%[0m
              [36m</p>[39m
            [36m</div>[39m
            [36m<div>[39m
              [36m<p[39m
                [33mclass[39m=[32m"text-xs font-medium text-gray-600 uppercase tracking-wider"[39m
              [36m>[39m
                [0mCreated[0m
              [36m</p>[39m
              [36m<p[39m
                [33mclass[39m=[32m"text-base text-gray-900 mt-1"[39m
              [36m>[39m
                [0m1 Jan 2026[0m
              [36m</p>[39m
            [36m</div>[39m
          [36m</div>[39m
        [36m</div>[39m
        [36m<div[39m
          [33maria-label[39m=[32m"View details for Evening Intermediate batch"[39m
          [33mclass[39m=[32m"bg-white rounded-lg border border-gray-200 p-6 hover:shadow-sm transition-shadow cursor-pointer"[39m
          [33mrole[39m=[32m"button"[39m
          [33mtabindex[39m=[32m"0"[39m
        [36m>[39m
          [36m<div[39m
            [33mclass[39m=[32m"flex justify-between items-start mb-3"[39m
          [36m>[39m
            [36m<h4[39m
              [33mclass[39m=[32m"text-lg font-semibold text-gray-900"[39m
            [36m>[39m
              [0mEvening Intermediate[0m
            [36m</h4>[39m
            [36m<button[39m
              [33maria-label[39m=[32m"Remove Evening Intermediate batch"[39m
              [33mclass[39m=[32m"text-red-600 hover:text-red-700 text-sm font-medium disabled:opacity-50 disabled:cursor-not-allowed"[39m
            [36m>[39m
              [0mRemove[0m
            [36m</button>[39m
          [36m</div>[39m
          [36m<div[39m
            [33mclass[39m=[32m"mb-4"[39m
          [36m>[39m
            [36m<p[39m
              [33mclass[39m=[32m"text-sm text-gray-600 mb-1"[39m
            [36m>[39m
              [0mSchedule[0m
            [36m</p>[39m
            [36m<p[39m
              [33mclass[39m=[32m"text-base text-gray-900"[39m
            [36m>[39m
              [0mTue/Thu/Sat 5-6:30 PM[0m
            [36m</p>[39m
          [36m</div>[39m
          [36m<div[39m
            [33mclass[39m=[32m"grid grid-cols-2 gap-4 lg:grid-cols-4 mt-6 pt-6 border-t border-gray-200"[39m
          [36m>[39m
            [36m<div>[39m
              [36m<p[39m
                [33mclass[39m=[32m"text-xs font-medium text-gray-600 uppercase tracking-wider"[39m
              [36m>[39m
                [0mStudents[0m
              [36m</p>[39m
              [36m<p[39m
                [33mclass[39m=[32m"text-2xl font-bold text-gray-900 mt-1"[39m
              [36m>[39m
                [0m3[0m
              [36m</p>[39m
            [36m</div>[39m
            [36m<div>[39m
              [36m<p[39m
                [33mclass[39m=[32m"text-xs font-medium text-gray-600 uppercase tracking-wider"[39m
              [36m>[39m
                [0mAttendance[0m
              [36m</p>[39m
              [36m<div[39m
                [33mclass[39m=[32m"flex items-center gap-2 mt-1"[39m
              [36m>[39m
                [36m<p[39m
                  [33mclass[39m=[32m"text-2xl font-bold text-gray-900"[39m
                [36m>[39m
                  [0m98[0m
                  [0m%[0m
                [36m</p>[39m
                [36m<div[39m
                  [33mclass[39m=[32m"inline-block px-2 py-1 rounded text-xs font-medium bg-green-100 text-green-700"[39m
                [36m>[39m
                  [0mExcellent[0m
                [36m</div>[39m
              [36m</div>[39m
            [36m</div>[39m
            [36m<div>[39m
              [36m<p[39m
                [33mclass[39m=[32m"text-xs font-medium text-gray-600 uppercase tracking-wider"[39m
              [36m>[39m
                [0mAvg Skill[0m
              [36m</p>[39m
              [36m<p[39m
                [33mclass[39m=[32m"text-2xl font-bold text-gray-900 mt-1"[39m
              [36m>[39m
                [0m80[0m
                [0m%[0m
              [36m</p>[39m
            [36m</div>[39m
            [36m<div>[39m
              [36m<p[39m
                [33mclass[39m=[32m"text-xs font-medium text-gray-600 uppercase tracking-wider"[39m
              [36m>[39m
                [0mCreated[0m
              [36m</p>[39m
              [36m<p[39m
                [33mclass[39m=[32m"text-base text-gray-900 mt-1"[39m
              [36m>[39m
                [0m2 Jan 2026[0m
              [36m</p>[39m
            [36m</div>[39m
          [36m</div>[39m
        [36m</div>[39m
        [36m<div[39m
          [33maria-label[39m=[32m"View details for Advanced Training batch"[39m
          [33mclass[39m=[32m"bg-white rounded-lg border border-gray-200 p-6 hover:shadow-sm transition-shadow cursor-pointer"[39m
          [33mrole[39m=[32m"button"[39m
          [33mtabindex[39m=[32m"0"[39m
        [36m>[39m
          [36m<div[39m
            [33mclass[39m=[32m"flex justify-between items-start mb-3"[39m
          [36m>[39m
            [36m<h4[39m
              [33mclass[39m=[32m"text-lg font-semibold text-gray-900"[39m
            [36m>[39m
              [0mAdvanced Training[0m
            [36m</h4>[39m
            [36m<button[39m
              [33maria-label[39m=[32m"Remove Advanced Training batch"[39m
              [33mclass[39m=[32m"text-red-600 hover:text-red-700 text-sm font-medium disabled:opacity-50 disabled:cursor-not-allowed"[39m
            [36m>[39m
              [0mRemove[0m
            [36m</button>[39m
          [36m</div>[39m
          [36m<div[39m
            [33mclass[39m=[32m"mb-4"[39m
          [36m>[39m
            [36m<p[39m
              [33mclass[39m=[32m"text-sm text-gray-600 mb-1"[39m
            [36m>[39m
              [0mSchedule[0m
            [36m</p>[39m
            [36m<p[39m
              [33mclass[39m=[32m"text-base text-gray-900"[39m
            [36m>[39m
              [0mMon/Wed/Fri 7-8:30 PM[0m
            [36m</p>[39m
          [36m</div>[39m
          [36m<div[39m
            [33mclass[39m=[32m"grid grid-cols-2 gap-4 lg:grid-cols-4 mt-6 pt-6 border-t border-gray-200"[39m
          [36m>[39m
            [36m<div>[39m
              [36m<p[39m
                [33mclass[39m=[32m"text-xs font-medium text-gray-600 uppercase tracking-wider"[39m
              [36m>[39m
                [0mStudents[0m
              [36m</p>[39m
              [36m<p[39m
                [33mclass[39m=[32m"text-2xl font-bold text-gray-900 mt-1"[39m
              [36m>[39m
                [0m6[0m
              [36m</p>[39m
            [36m</div>[39m
            [36m<div>[39m
              [36m<p[39m
                [33mclass[39m=[32m"text-xs font-medium text-gray-600 uppercase tracking-wider"[39m
              [36m>[39m
                [0mAttendance[0m
              [36m</p>[39m
              [36m<div[39m
                [33mclass[39m=[32m"flex items-center gap-2 mt-1"[39m
              [36m>[39m
                [36m<p[39m
                  [33mclass[39m=[32m"text-2xl font-bold text-gray-900"[39m
                [36m>[39m
                  [0m93[0m
                  [0m%[0m
                [36m</p>[39m
                [36m<div[39m
                  [33mclass[39m=[32m"inline-block px-2 py-1 rounded text-xs font-medium bg-green-100 text-green-700"[39m
                [36m>[39m
                  [0mExcellent[0m
                [36m</div>[39m
              [36m</div>[39m
            [36m</div>[39m
            [36m<div>[39m
              [36m<p[39m
                [33mclass[39m=[32m"text-xs font-medium text-gray-600 uppercase tracking-wider"[39m
              [36m>[39m
                [0mAvg Skill[0m
              [36m</p>[39m
              [36m<p[39m
                [33mclass[39m=[32m"text-2xl font-bold text-gray-900 mt-1"[39m
              [36m>[39m
                [0m10[0m
                [0m%[0m
              [36m</p>[39m
            [36m</div>[39m
            [36m<div>[39m
              [36m<p[39m
                [33mclass[39m=[32m"text-xs font-medium text-gray-600 uppercase tracking-wider"[39m
              [36m>[39m
                [0mCreated[0m
              [36m</p>[39m
              [36m<p[39m
                [33mclass[39m=[32m"text-base text-gray-900 mt-1"[39m
              [36m>[39m
                [0m3 Jan 2026[0m
              [36m</p>[39m
            [36m</div>[39m
          [36m</div>[39m
        [36m</div>[39m
      [36m</div>[39m
    [36m</div>[39m
    [36m<div[39m
      [33mclass[39m=[32m"fixed inset-0 bg-black bg-opacity-50 flex items-center justify-center z-50"[39m
      [33mrole[39m=[32m"presentation"[39m
    [36m>[39m
      [36m<dialog[39m
        [33maria-describedby[39m=[32m"remove-batch-description"[39m
        [33maria-labelledby[39m=[32m"remove-batch-title"[39m
        [33mclass[39m=[32m"bg-white rounded-lg shadow-xl max-w-sm w-full mx-4"[39m
        [33mopen[39m=[32m""[39m
      [36m>[39m
        [36m<div[39m
          [33mclass[39m=[32m"p-6"[39m
        [36m>[39m
          [36m<div[39m
            [33mclass[39m=[32m"flex items-center justify-center w-12 h-12 rounded-full bg-red-100 mx-auto mb-4"[39m
          [36m>[39m
            [36m<svg[39m
              [33mclass[39m=[32m"w-6 h-6 text-red-600"[39m
              [33mfill[39m=[32m"none"[39m
              [33mstroke[39m=[32m"currentColor"[39m
              [33mviewBox[39m=[32m"0 0 24 24"[39m
            [36m>[39m
              [36m<path[39m
                [33md[39m=[32m"M12 9v2m0 4v2m0 0V9m0 0v8m0-8h-.01M21 12a9 9 0 11-18 0 9 9 0 0118 0z"[39m
                [33mstroke-linecap[39m=[32m"round"[39m
                [33mstroke-linejoin[39m=[32m"round"[39m
                [33mstroke-width[39m=[32m"2"[39m
              [36m/>[39m
            [36m</svg>[39m
          [36m</div>[39m
          [36m<h3[39m
            [33mclass[39m=[32m"text-lg font-semibold text-gray-900 text-center mb-2"[39m
            [33mid[39m=[32m"remove-batch-title"[39m
          [36m>[39m
            [0mUnassign Batch?[0m
          [36m</h3>[39m
          [36m<p[39m
            [33mclass[39m=[32m"text-gray-600 text-center mb-6"[39m
            [33mid[39m=[32m"remove-batch-description"[39m
          [36m>[39m
            [0mAre you sure you want to unassign [0m
            [36m<strong>[39m
              [0mMorning Beginners[0m
            [36m</strong>[39m
            [0m from this coach? This action cannot be undone.[0m
          [36m</p>[39m
          [36m<div[39m
            [33mclass[39m=[32m"flex gap-3"[39m
          [36m>[39m
            [36m<button[39m
              [33maria-label[39m=[32m"Cancel batch unassignment"[39m
              [33mclass[39m=[32m"flex-1 px-4 py-2 bg-gray-200 text-gray-900 rounded-lg font-medium hover:bg-gray-300 focus:outline-none focus:ring-2 focus:ring-gray-400 disabled:opacity-50 disabled:cursor-not-allowed"[39m
            [36m>[39m
              [0mCancel[0m
            [36m</button>[39m
            [36m<button[39m
              [33maria-label[39m=[32m"Confirm batch unassignment"[39m
              [33mclass[39m=[32m"flex-1 px-4 py-2 bg-red-600 text-white rounded-lg font-medium hover:bg-red-700 focus:outline-none focus:ring-2 focus:ring-red-500 disabled:opacity-50 disabled:cursor-not-allowed"[39m
            [36m>[39m
              [0mUnassign[0m
            [36m</button>[39m
          [36m</div>[39m
        [36m</div>[39m
      [36m</dialog>[39m
    [36m</div>[39m
  [36m</div>[39m
[36m</body>[39m
 ❯ Object.getElementError node_modules/@testing-library/dom/dist/config.js:37:19
 ❯ node_modules/@testing-library/dom/dist/query-helpers.js:76:38
 ❯ node_modules/@testing-library/dom/dist/query-helpers.js:52:17
 ❯ node_modules/@testing-library/dom/dist/query-helpers.js:95:19
 ❯ src/components/CoachBatchesTab.test.tsx:382:37
    380|
    381|       // Click Unassign in confirmation dialog
    382|       const unassignButton = screen.getByRole('button', { name: /Unass…
       |                                     ^
    383|       fireEvent.click(unassignButton);
    384|

⎯⎯⎯⎯⎯⎯⎯⎯⎯⎯⎯⎯⎯⎯⎯⎯⎯⎯⎯⎯⎯⎯[9/107]⎯

 FAIL  src/components/CoachBatchesTab.test.tsx > CoachBatchesTab > Requirement 6.4-6.6: Batch unassignment functionality (HEAD_COACH only) > shows loading state when unassign is in progress
TestingLibraryElementError: Unable to find an accessible element with the role "button" and name `/Unassign/`

Here are the accessible roles:

  heading:

  Name "Assigned Batches (3)":
  [36m<h3[39m
    [33mclass[39m=[32m"text-lg font-semibold text-gray-900"[39m
  [36m/>[39m

  Name "Morning Beginners":
  [36m<h4[39m
    [33mclass[39m=[32m"text-lg font-semibold text-gray-900"[39m
  [36m/>[39m

  Name "Evening Intermediate":
  [36m<h4[39m
    [33mclass[39m=[32m"text-lg font-semibold text-gray-900"[39m
  [36m/>[39m

  Name "Advanced Training":
  [36m<h4[39m
    [33mclass[39m=[32m"text-lg font-semibold text-gray-900"[39m
  [36m/>[39m

  Name "Unassign Batch?":
  [36m<h3[39m
    [33mclass[39m=[32m"text-lg font-semibold text-gray-900 text-center mb-2"[39m
    [33mid[39m=[32m"remove-batch-title"[39m
  [36m/>[39m

  --------------------------------------------------
  button:

  Name "Add new batch":
  [36m<button[39m
    [33maria-label[39m=[32m"Add new batch"[39m
    [33mclass[39m=[32m"px-4 py-2 bg-blue-600 text-white rounded-lg text-sm font-medium hover:bg-blue-700 focus:outline-none focus:ring-2 focus:ring-blue-500"[39m
  [36m/>[39m

  Name "View details for Morning Beginners batch":
  [36m<div[39m
    [33maria-label[39m=[32m"View details for Morning Beginners batch"[39m
    [33mclass[39m=[32m"bg-white rounded-lg border border-gray-200 p-6 hover:shadow-sm transition-shadow cursor-pointer"[39m
    [33mrole[39m=[32m"button"[39m
    [33mtabindex[39m=[32m"0"[39m
  [36m/>[39m

  Name "Remove Morning Beginners batch":
  [36m<button[39m
    [33maria-label[39m=[32m"Remove Morning Beginners batch"[39m
    [33mclass[39m=[32m"text-red-600 hover:text-red-700 text-sm font-medium disabled:opacity-50 disabled:cursor-not-allowed"[39m
  [36m/>[39m

  Name "View details for Evening Intermediate batch":
  [36m<div[39m
    [33maria-label[39m=[32m"View details for Evening Intermediate batch"[39m
    [33mclass[39m=[32m"bg-white rounded-lg border border-gray-200 p-6 hover:shadow-sm transition-shadow cursor-pointer"[39m
    [33mrole[39m=[32m"button"[39m
    [33mtabindex[39m=[32m"0"[39m
  [36m/>[39m

  Name "Remove Evening Intermediate batch":
  [36m<button[39m
    [33maria-label[39m=[32m"Remove Evening Intermediate batch"[39m
    [33mclass[39m=[32m"text-red-600 hover:text-red-700 text-sm font-medium disabled:opacity-50 disabled:cursor-not-allowed"[39m
  [36m/>[39m

  Name "View details for Advanced Training batch":
  [36m<div[39m
    [33maria-label[39m=[32m"View details for Advanced Training batch"[39m
    [33mclass[39m=[32m"bg-white rounded-lg border border-gray-200 p-6 hover:shadow-sm transition-shadow cursor-pointer"[39m
    [33mrole[39m=[32m"button"[39m
    [33mtabindex[39m=[32m"0"[39m
  [36m/>[39m

  Name "Remove Advanced Training batch":
  [36m<button[39m
    [33maria-label[39m=[32m"Remove Advanced Training batch"[39m
    [33mclass[39m=[32m"text-red-600 hover:text-red-700 text-sm font-medium disabled:opacity-50 disabled:cursor-not-allowed"[39m
  [36m/>[39m

  Name "Cancel batch unassignment":
  [36m<button[39m
    [33maria-label[39m=[32m"Cancel batch unassignment"[39m
    [33mclass[39m=[32m"flex-1 px-4 py-2 bg-gray-200 text-gray-900 rounded-lg font-medium hover:bg-gray-300 focus:outline-none focus:ring-2 focus:ring-gray-400 disabled:opacity-50 disabled:cursor-not-allowed"[39m
  [36m/>[39m

  Name "Confirm batch unassignment":
  [36m<button[39m
    [33maria-label[39m=[32m"Confirm batch unassignment"[39m
    [33mclass[39m=[32m"flex-1 px-4 py-2 bg-red-600 text-white rounded-lg font-medium hover:bg-red-700 focus:outline-none focus:ring-2 focus:ring-red-500 disabled:opacity-50 disabled:cursor-not-allowed"[39m
  [36m/>[39m

  --------------------------------------------------
  paragraph:

  Name "":
  [36m<p[39m
    [33mclass[39m=[32m"text-sm text-gray-600 mb-1"[39m
  [36m/>[39m

  Name "":
  [36m<p[39m
    [33mclass[39m=[32m"text-base text-gray-900"[39m
  [36m/>[39m

  Name "":
  [36m<p[39m
    [33mclass[39m=[32m"text-xs font-medium text-gray-600 uppercase tracking-wider"[39m
  [36m/>[39m

  Name "":
  [36m<p[39m
    [33mclass[39m=[32m"text-2xl font-bold text-gray-900 mt-1"[39m
  [36m/>[39m

  Name "":
  [36m<p[39m
    [33mclass[39m=[32m"text-xs font-medium text-gray-600 uppercase tracking-wider"[39m
  [36m/>[39m

  Name "":
  [36m<p[39m
    [33mclass[39m=[32m"text-2xl font-bold text-gray-900"[39m
  [36m/>[39m

  Name "":
  [36m<p[39m
    [33mclass[39m=[32m"text-xs font-medium text-gray-600 uppercase tracking-wider"[39m
  [36m/>[39m

  Name "":
  [36m<p[39m
    [33mclass[39m=[32m"text-2xl font-bold text-gray-900 mt-1"[39m
  [36m/>[39m

  Name "":
  [36m<p[39m
    [33mclass[39m=[32m"text-xs font-medium text-gray-600 uppercase tracking-wider"[39m
  [36m/>[39m

  Name "":
  [36m<p[39m
    [33mclass[39m=[32m"text-base text-gray-900 mt-1"[39m
  [36m/>[39m

  Name "":
  [36m<p[39m
    [33mclass[39m=[32m"text-sm text-gray-600 mb-1"[39m
  [36m/>[39m

  Name "":
  [36m<p[39m
    [33mclass[39m=[32m"text-base text-gray-900"[39m
  [36m/>[39m

  Name "":
  [36m<p[39m
    [33mclass[39m=[32m"text-xs font-medium text-gray-600 uppercase tracking-wider"[39m
  [36m/>[39m

  Name "":
  [36m<p[39m
    [33mclass[39m=[32m"text-2xl font-bold text-gray-900 mt-1"[39m
  [36m/>[39m

  Name "":
  [36m<p[39m
    [33mclass[39m=[32m"text-xs font-medium text-gray-600 uppercase tracking-wider"[39m
  [36m/>[39m

  Name "":
  [36m<p[39m
    [33mclass[39m=[32m"text-2xl font-bold text-gray-900"[39m
  [36m/>[39m

  Name "":
  [36m<p[39m
    [33mclass[39m=[32m"text-xs font-medium text-gray-600 uppercase tracking-wider"[39m
  [36m/>[39m

  Name "":
  [36m<p[39m
    [33mclass[39m=[32m"text-2xl font-bold text-gray-900 mt-1"[39m
  [36m/>[39m

  Name "":
  [36m<p[39m
    [33mclass[39m=[32m"text-xs font-medium text-gray-600 uppercase tracking-wider"[39m
  [36m/>[39m

  Name "":
  [36m<p[39m
    [33mclass[39m=[32m"text-base text-gray-900 mt-1"[39m
  [36m/>[39m

  Name "":
  [36m<p[39m
    [33mclass[39m=[32m"text-sm text-gray-600 mb-1"[39m
  [36m/>[39m

  Name "":
  [36m<p[39m
    [33mclass[39m=[32m"text-base text-gray-900"[39m
  [36m/>[39m

  Name "":
  [36m<p[39m
    [33mclass[39m=[32m"text-xs font-medium text-gray-600 uppercase tracking-wider"[39m
  [36m/>[39m

  Name "":
  [36m<p[39m
    [33mclass[39m=[32m"text-2xl font-bold text-gray-900 mt-1"[39m
  [36m/>[39m

  Name "":
  [36m<p[39m
    [33mclass[39m=[32m"text-xs font-medium text-gray-600 uppercase tracking-wider"[39m
  [36m/>[39m

  Name "":
  [36m<p[39m
    [33mclass[39m=[32m"text-2xl font-bold text-gray-900"[39m
  [36m/>[39m

  Name "":
  [36m<p[39m
    [33mclass[39m=[32m"text-xs font-medium text-gray-600 uppercase tracking-wider"[39m
  [36m/>[39m

  Name "":
  [36m<p[39m
    [33mclass[39m=[32m"text-2xl font-bold text-gray-900 mt-1"[39m
  [36m/>[39m

  Name "":
  [36m<p[39m
    [33mclass[39m=[32m"text-xs font-medium text-gray-600 uppercase tracking-wider"[39m
  [36m/>[39m

  Name "":
  [36m<p[39m
    [33mclass[39m=[32m"text-base text-gray-900 mt-1"[39m
  [36m/>[39m

  Name "":
  [36m<p[39m
    [33mclass[39m=[32m"text-gray-600 text-center mb-6"[39m
    [33mid[39m=[32m"remove-batch-description"[39m
  [36m/>[39m

  --------------------------------------------------
  presentation:

  Name "":
  [36m<div[39m
    [33mclass[39m=[32m"fixed inset-0 bg-black bg-opacity-50 flex items-center justify-center z-50"[39m
    [33mrole[39m=[32m"presentation"[39m
  [36m/>[39m

  --------------------------------------------------
  dialog:

  Name "Unassign Batch?":
  [36m<dialog[39m
    [33maria-describedby[39m=[32m"remove-batch-description"[39m
    [33maria-labelledby[39m=[32m"remove-batch-title"[39m
    [33mclass[39m=[32m"bg-white rounded-lg shadow-xl max-w-sm w-full mx-4"[39m
    [33mopen[39m=[32m""[39m
  [36m/>[39m

  --------------------------------------------------
  strong:

  Name "":
  [36m<strong />[39m

  --------------------------------------------------

Ignored nodes: comments, script, style
[36m<body>[39m
  [36m<div>[39m
    [36m<div[39m
      [33mclass[39m=[32m"p-6 space-y-4"[39m
    [36m>[39m
      [36m<div[39m
        [33mclass[39m=[32m"flex justify-between items-center mb-6"[39m
      [36m>[39m
        [36m<h3[39m
          [33mclass[39m=[32m"text-lg font-semibold text-gray-900"[39m
        [36m>[39m
          [0mAssigned Batches ([0m
          [0m3[0m
          [0m)[0m
        [36m</h3>[39m
        [36m<button[39m
          [33maria-label[39m=[32m"Add new batch"[39m
          [33mclass[39m=[32m"px-4 py-2 bg-blue-600 text-white rounded-lg text-sm font-medium hover:bg-blue-700 focus:outline-none focus:ring-2 focus:ring-blue-500"[39m
        [36m>[39m
          [0mAdd Batch[0m
        [36m</button>[39m
      [36m</div>[39m
      [36m<div[39m
        [33mclass[39m=[32m"space-y-4"[39m
      [36m>[39m
        [36m<div[39m
          [33maria-label[39m=[32m"View details for Morning Beginners batch"[39m
          [33mclass[39m=[32m"bg-white rounded-lg border border-gray-200 p-6 hover:shadow-sm transition-shadow cursor-pointer"[39m
          [33mrole[39m=[32m"button"[39m
          [33mtabindex[39m=[32m"0"[39m
        [36m>[39m
          [36m<div[39m
            [33mclass[39m=[32m"flex justify-between items-start mb-3"[39m
          [36m>[39m
            [36m<h4[39m
              [33mclass[39m=[32m"text-lg font-semibold text-gray-900"[39m
            [36m>[39m
              [0mMorning Beginners[0m
            [36m</h4>[39m
            [36m<button[39m
              [33maria-label[39m=[32m"Remove Morning Beginners batch"[39m
              [33mclass[39m=[32m"text-red-600 hover:text-red-700 text-sm font-medium disabled:opacity-50 disabled:cursor-not-allowed"[39m
            [36m>[39m
              [0mRemove[0m
            [36m</button>[39m
          [36m</div>[39m
          [36m<div[39m
            [33mclass[39m=[32m"mb-4"[39m
          [36m>[39m
            [36m<p[39m
              [33mclass[39m=[32m"text-sm text-gray-600 mb-1"[39m
            [36m>[39m
              [0mSchedule[0m
            [36m</p>[39m
            [36m<p[39m
              [33mclass[39m=[32m"text-base text-gray-900"[39m
            [36m>[39m
              [0mMon/Wed/Fri 6-7 AM[0m
            [36m</p>[39m
          [36m</div>[39m
          [36m<div[39m
            [33mclass[39m=[32m"grid grid-cols-2 gap-4 lg:grid-cols-4 mt-6 pt-6 border-t border-gray-200"[39m
          [36m>[39m
            [36m<div>[39m
              [36m<p[39m
                [33mclass[39m=[32m"text-xs font-medium text-gray-600 uppercase tracking-wider"[39m
              [36m>[39m
                [0mStudents[0m
              [36m</p>[39m
              [36m<p[39m
                [33mclass[39m=[32m"text-2xl font-bold text-gray-900 mt-1"[39m
              [36m>[39m
                [0m4[0m
              [36m</p>[39m
            [36m</div>[39m
            [36m<div>[39m
              [36m<p[39m
                [33mclass[39m=[32m"text-xs font-medium text-gray-600 uppercase tracking-wider"[39m
              [36m>[39m
                [0mAttendance[0m
              [36m</p>[39m
              [36m<div[39m
                [33mclass[39m=[32m"flex items-center gap-2 mt-1"[39m
              [36m>[39m
                [36m<p[39m
                  [33mclass[39m=[32m"text-2xl font-bold text-gray-900"[39m
                [36m>[39m
                  [0m90[0m
                  [0m%[0m
                [36m</p>[39m
                [36m<div[39m
                  [33mclass[39m=[32m"inline-block px-2 py-1 rounded text-xs font-medium bg-green-100 text-green-700"[39m
                [36m>[39m
                  [0mExcellent[0m
                [36m</div>[39m
              [36m</div>[39m
            [36m</div>[39m
            [36m<div>[39m
              [36m<p[39m
                [33mclass[39m=[32m"text-xs font-medium text-gray-600 uppercase tracking-wider"[39m
              [36m>[39m
                [0mAvg Skill[0m
              [36m</p>[39m
              [36m<p[39m
                [33mclass[39m=[32m"text-2xl font-bold text-gray-900 mt-1"[39m
              [36m>[39m
                [0m90[0m
                [0m%[0m
              [36m</p>[39m
            [36m</div>[39m
            [36m<div>[39m
              [36m<p[39m
                [33mclass[39m=[32m"text-xs font-medium text-gray-600 uppercase tracking-wider"[39m
              [36m>[39m
                [0mCreated[0m
              [36m</p>[39m
              [36m<p[39m
                [33mclass[39m=[32m"text-base text-gray-900 mt-1"[39m
              [36m>[39m
                [0m1 Jan 2026[0m
              [36m</p>[39m
            [36m</div>[39m
          [36m</div>[39m
        [36m</div>[39m
        [36m<div[39m
          [33maria-label[39m=[32m"View details for Evening Intermediate batch"[39m
          [33mclass[39m=[32m"bg-white rounded-lg border border-gray-200 p-6 hover:shadow-sm transition-shadow cursor-pointer"[39m
          [33mrole[39m=[32m"button"[39m
          [33mtabindex[39m=[32m"0"[39m
        [36m>[39m
          [36m<div[39m
            [33mclass[39m=[32m"flex justify-between items-start mb-3"[39m
          [36m>[39m
            [36m<h4[39m
              [33mclass[39m=[32m"text-lg font-semibold text-gray-900"[39m
            [36m>[39m
              [0mEvening Intermediate[0m
            [36m</h4>[39m
            [36m<button[39m
              [33maria-label[39m=[32m"Remove Evening Intermediate batch"[39m
              [33mclass[39m=[32m"text-red-600 hover:text-red-700 text-sm font-medium disabled:opacity-50 disabled:cursor-not-allowed"[39m
            [36m>[39m
              [0mRemove[0m
            [36m</button>[39m
          [36m</div>[39m
          [36m<div[39m
            [33mclass[39m=[32m"mb-4"[39m
          [36m>[39m
            [36m<p[39m
              [33mclass[39m=[32m"text-sm text-gray-600 mb-1"[39m
            [36m>[39m
              [0mSchedule[0m
            [36m</p>[39m
            [36m<p[39m
              [33mclass[39m=[32m"text-base text-gray-900"[39m
            [36m>[39m
              [0mTue/Thu/Sat 5-6:30 PM[0m
            [36m</p>[39m
          [36m</div>[39m
          [36m<div[39m
            [33mclass[39m=[32m"grid grid-cols-2 gap-4 lg:grid-cols-4 mt-6 pt-6 border-t border-gray-200"[39m
          [36m>[39m
            [36m<div>[39m
              [36m<p[39m
                [33mclass[39m=[32m"text-xs font-medium text-gray-600 uppercase tracking-wider"[39m
              [36m>[39m
                [0mStudents[0m
              [36m</p>[39m
              [36m<p[39m
                [33mclass[39m=[32m"text-2xl font-bold text-gray-900 mt-1"[39m
              [36m>[39m
                [0m3[0m
              [36m</p>[39m
            [36m</div>[39m
            [36m<div>[39m
              [36m<p[39m
                [33mclass[39m=[32m"text-xs font-medium text-gray-600 uppercase tracking-wider"[39m
              [36m>[39m
                [0mAttendance[0m
              [36m</p>[39m
              [36m<div[39m
                [33mclass[39m=[32m"flex items-center gap-2 mt-1"[39m
              [36m>[39m
                [36m<p[39m
                  [33mclass[39m=[32m"text-2xl font-bold text-gray-900"[39m
                [36m>[39m
                  [0m96[0m
                  [0m%[0m
                [36m</p>[39m
                [36m<div[39m
                  [33mclass[39m=[32m"inline-block px-2 py-1 rounded text-xs font-medium bg-green-100 text-green-700"[39m
                [36m>[39m
                  [0mExcellent[0m
                [36m</div>[39m
              [36m</div>[39m
            [36m</div>[39m
            [36m<div>[39m
              [36m<p[39m
                [33mclass[39m=[32m"text-xs font-medium text-gray-600 uppercase tracking-wider"[39m
              [36m>[39m
                [0mAvg Skill[0m
              [36m</p>[39m
              [36m<p[39m
                [33mclass[39m=[32m"text-2xl font-bold text-gray-900 mt-1"[39m
              [36m>[39m
                [0m80[0m
                [0m%[0m
              [36m</p>[39m
            [36m</div>[39m
            [36m<div>[39m
              [36m<p[39m
                [33mclass[39m=[32m"text-xs font-medium text-gray-600 uppercase tracking-wider"[39m
              [36m>[39m
                [0mCreated[0m
              [36m</p>[39m
              [36m<p[39m
                [33mclass[39m=[32m"text-base text-gray-900 mt-1"[39m
              [36m>[39m
                [0m2 Jan 2026[0m
              [36m</p>[39m
            [36m</div>[39m
          [36m</div>[39m
        [36m</div>[39m
        [36m<div[39m
          [33maria-label[39m=[32m"View details for Advanced Training batch"[39m
          [33mclass[39m=[32m"bg-white rounded-lg border border-gray-200 p-6 hover:shadow-sm transition-shadow cursor-pointer"[39m
          [33mrole[39m=[32m"button"[39m
          [33mtabindex[39m=[32m"0"[39m
        [36m>[39m
          [36m<div[39m
            [33mclass[39m=[32m"flex justify-between items-start mb-3"[39m
          [36m>[39m
            [36m<h4[39m
              [33mclass[39m=[32m"text-lg font-semibold text-gray-900"[39m
            [36m>[39m
              [0mAdvanced Training[0m
            [36m</h4>[39m
            [36m<button[39m
              [33maria-label[39m=[32m"Remove Advanced Training batch"[39m
              [33mclass[39m=[32m"text-red-600 hover:text-red-700 text-sm font-medium disabled:opacity-50 disabled:cursor-not-allowed"[39m
            [36m>[39m
              [0mRemove[0m
            [36m</button>[39m
          [36m</div>[39m
          [36m<div[39m
            [33mclass[39m=[32m"mb-4"[39m
          [36m>[39m
            [36m<p[39m
              [33mclass[39m=[32m"text-sm text-gray-600 mb-1"[39m
            [36m>[39m
              [0mSchedule[0m
            [36m</p>[39m
            [36m<p[39m
              [33mclass[39m=[32m"text-base text-gray-900"[39m
            [36m>[39m
              [0mMon/Wed/Fri 7-8:30 PM[0m
            [36m</p>[39m
          [36m</div>[39m
          [36m<div[39m
            [33mclass[39m=[32m"grid grid-cols-2 gap-4 lg:grid-cols-4 mt-6 pt-6 border-t border-gray-200"[39m
          [36m>[39m
            [36m<div>[39m
              [36m<p[39m
                [33mclass[39m=[32m"text-xs font-medium text-gray-600 uppercase tracking-wider"[39m
              [36m>[39m
                [0mStudents[0m
              [36m</p>[39m
              [36m<p[39m
                [33mclass[39m=[32m"text-2xl font-bold text-gray-900 mt-1"[39m
              [36m>[39m
                [0m6[0m
              [36m</p>[39m
            [36m</div>[39m
            [36m<div>[39m
              [36m<p[39m
                [33mclass[39m=[32m"text-xs font-medium text-gray-600 uppercase tracking-wider"[39m
              [36m>[39m
                [0mAttendance[0m
              [36m</p>[39m
              [36m<div[39m
                [33mclass[39m=[32m"flex items-center gap-2 mt-1"[39m
              [36m>[39m
                [36m<p[39m
                  [33mclass[39m=[32m"text-2xl font-bold text-gray-900"[39m
                [36m>[39m
                  [0m93[0m
                  [0m%[0m
                [36m</p>[39m
                [36m<div[39m
                  [33mclass[39m=[32m"inline-block px-2 py-1 rounded text-xs font-medium bg-green-100 text-green-700"[39m
                [36m>[39m
                  [0mExcellent[0m
                [36m</div>[39m
              [36m</div>[39m
            [36m</div>[39m
            [36m<div>[39m
              [36m<p[39m
                [33mclass[39m=[32m"text-xs font-medium text-gray-600 uppercase tracking-wider"[39m
              [36m>[39m
                [0mAvg Skill[0m
              [36m</p>[39m
              [36m<p[39m
                [33mclass[39m=[32m"text-2xl font-bold text-gray-900 mt-1"[39m
              [36m>[39m
                [0m10[0m
                [0m%[0m
              [36m</p>[39m
            [36m</div>[39m
            [36m<div>[39m
              [36m<p[39m
                [33mclass[39m=[32m"text-xs font-medium text-gray-600 uppercase tracking-wider"[39m
              [36m>[39m
                [0mCreated[0m
              [36m</p>[39m
              [36m<p[39m
                [33mclass[39m=[32m"text-base text-gray-900 mt-1"[39m
              [36m>[39m
                [0m3 Jan 2026[0m
              [36m</p>[39m
            [36m</div>[39m
          [36m</div>[39m
        [36m</div>[39m
      [36m</div>[39m
    [36m</div>[39m
    [36m<div[39m
      [33mclass[39m=[32m"fixed inset-0 bg-black bg-opacity-50 flex items-center justify-center z-50"[39m
      [33mrole[39m=[32m"presentation"[39m
    [36m>[39m
      [36m<dialog[39m
        [33maria-describedby[39m=[32m"remove-batch-description"[39m
        [33maria-labelledby[39m=[32m"remove-batch-title"[39m
        [33mclass[39m=[32m"bg-white rounded-lg shadow-xl max-w-sm w-full mx-4"[39m
        [33mopen[39m=[32m""[39m
      [36m>[39m
        [36m<div[39m
          [33mclass[39m=[32m"p-6"[39m
        [36m>[39m
          [36m<div[39m
            [33mclass[39m=[32m"flex items-center justify-center w-12 h-12 rounded-full bg-red-100 mx-auto mb-4"[39m
          [36m>[39m
            [36m<svg[39m
              [33mclass[39m=[32m"w-6 h-6 text-red-600"[39m
              [33mfill[39m=[32m"none"[39m
              [33mstroke[39m=[32m"currentColor"[39m
              [33mviewBox[39m=[32m"0 0 24 24"[39m
            [36m>[39m
              [36m<path[39m
                [33md[39m=[32m"M12 9v2m0 4v2m0 0V9m0 0v8m0-8h-.01M21 12a9 9 0 11-18 0 9 9 0 0118 0z"[39m
                [33mstroke-linecap[39m=[32m"round"[39m
                [33mstroke-linejoin[39m=[32m"round"[39m
                [33mstroke-width[39m=[32m"2"[39m
              [36m/>[39m
            [36m</svg>[39m
          [36m</div>[39m
          [36m<h3[39m
            [33mclass[39m=[32m"text-lg font-semibold text-gray-900 text-center mb-2"[39m
            [33mid[39m=[32m"remove-batch-title"[39m
          [36m>[39m
            [0mUnassign Batch?[0m
          [36m</h3>[39m
          [36m<p[39m
            [33mclass[39m=[32m"text-gray-600 text-center mb-6"[39m
            [33mid[39m=[32m"remove-batch-description"[39m
          [36m>[39m
            [0mAre you sure you want to unassign [0m
            [36m<strong>[39m
              [0mMorning Beginners[0m
            [36m</strong>[39m
            [0m from this coach? This action cannot be undone.[0m
          [36m</p>[39m
          [36m<div[39m
            [33mclass[39m=[32m"flex gap-3"[39m
          [36m>[39m
            [36m<button[39m
              [33maria-label[39m=[32m"Cancel batch unassignment"[39m
              [33mclass[39m=[32m"flex-1 px-4 py-2 bg-gray-200 text-gray-900 rounded-lg font-medium hover:bg-gray-300 focus:outline-none focus:ring-2 focus:ring-gray-400 disabled:opacity-50 disabled:cursor-not-allowed"[39m
            [36m>[39m
              [0mCancel[0m
            [36m</button>[39m
            [36m<button[39m
              [33maria-label[39m=[32m"Confirm batch unassignment"[39m
              [33mclass[39m=[32m"flex-1 px-4 py-2 bg-red-600 text-white rounded-lg font-medium hover:bg-red-700 focus:outline-none focus:ring-2 focus:ring-red-500 disabled:opacity-50 disabled:cursor-not-allowed"[39m
            [36m>[39m
              [0mUnassign[0m
            [36m</button>[39m
          [36m</div>[39m
        [36m</div>[39m
      [36m</dialog>[39m
    [36m</div>[39m
  [36m</div>[39m
[36m</body>[39m
 ❯ Object.getElementError node_modules/@testing-library/dom/dist/config.js:37:19
 ❯ node_modules/@testing-library/dom/dist/query-helpers.js:76:38
 ❯ node_modules/@testing-library/dom/dist/query-helpers.js:52:17
 ❯ node_modules/@testing-library/dom/dist/query-helpers.js:95:19
 ❯ src/components/CoachBatchesTab.test.tsx:450:37
    448|
    449|       // Click Unassign
    450|       const unassignButton = screen.getByRole('button', { name: /Unass…
       |                                     ^
    451|       fireEvent.click(unassignButton);
    452|

⎯⎯⎯⎯⎯⎯⎯⎯⎯⎯⎯⎯⎯⎯⎯⎯⎯⎯⎯⎯⎯[10/107]⎯

 FAIL  src/components/CoachBatchesTab.test.tsx > CoachBatchesTab > Requirement 6.4-6.6: Batch unassignment functionality (HEAD_COACH only) > prevents multiple simultaneous unassignments
TestingLibraryElementError: Unable to find an accessible element with the role "button" and name `/Unassign/`

Here are the accessible roles:

  heading:

  Name "Assigned Batches (3)":
  [36m<h3[39m
    [33mclass[39m=[32m"text-lg font-semibold text-gray-900"[39m
  [36m/>[39m

  Name "Morning Beginners":
  [36m<h4[39m
    [33mclass[39m=[32m"text-lg font-semibold text-gray-900"[39m
  [36m/>[39m

  Name "Evening Intermediate":
  [36m<h4[39m
    [33mclass[39m=[32m"text-lg font-semibold text-gray-900"[39m
  [36m/>[39m

  Name "Advanced Training":
  [36m<h4[39m
    [33mclass[39m=[32m"text-lg font-semibold text-gray-900"[39m
  [36m/>[39m

  Name "Unassign Batch?":
  [36m<h3[39m
    [33mclass[39m=[32m"text-lg font-semibold text-gray-900 text-center mb-2"[39m
    [33mid[39m=[32m"remove-batch-title"[39m
  [36m/>[39m

  --------------------------------------------------
  button:

  Name "Add new batch":
  [36m<button[39m
    [33maria-label[39m=[32m"Add new batch"[39m
    [33mclass[39m=[32m"px-4 py-2 bg-blue-600 text-white rounded-lg text-sm font-medium hover:bg-blue-700 focus:outline-none focus:ring-2 focus:ring-blue-500"[39m
  [36m/>[39m

  Name "View details for Morning Beginners batch":
  [36m<div[39m
    [33maria-label[39m=[32m"View details for Morning Beginners batch"[39m
    [33mclass[39m=[32m"bg-white rounded-lg border border-gray-200 p-6 hover:shadow-sm transition-shadow cursor-pointer"[39m
    [33mrole[39m=[32m"button"[39m
    [33mtabindex[39m=[32m"0"[39m
  [36m/>[39m

  Name "Remove Morning Beginners batch":
  [36m<button[39m
    [33maria-label[39m=[32m"Remove Morning Beginners batch"[39m
    [33mclass[39m=[32m"text-red-600 hover:text-red-700 text-sm font-medium disabled:opacity-50 disabled:cursor-not-allowed"[39m
  [36m/>[39m

  Name "View details for Evening Intermediate batch":
  [36m<div[39m
    [33maria-label[39m=[32m"View details for Evening Intermediate batch"[39m
    [33mclass[39m=[32m"bg-white rounded-lg border border-gray-200 p-6 hover:shadow-sm transition-shadow cursor-pointer"[39m
    [33mrole[39m=[32m"button"[39m
    [33mtabindex[39m=[32m"0"[39m
  [36m/>[39m

  Name "Remove Evening Intermediate batch":
  [36m<button[39m
    [33maria-label[39m=[32m"Remove Evening Intermediate batch"[39m
    [33mclass[39m=[32m"text-red-600 hover:text-red-700 text-sm font-medium disabled:opacity-50 disabled:cursor-not-allowed"[39m
  [36m/>[39m

  Name "View details for Advanced Training batch":
  [36m<div[39m
    [33maria-label[39m=[32m"View details for Advanced Training batch"[39m
    [33mclass[39m=[32m"bg-white rounded-lg border border-gray-200 p-6 hover:shadow-sm transition-shadow cursor-pointer"[39m
    [33mrole[39m=[32m"button"[39m
    [33mtabindex[39m=[32m"0"[39m
  [36m/>[39m

  Name "Remove Advanced Training batch":
  [36m<button[39m
    [33maria-label[39m=[32m"Remove Advanced Training batch"[39m
    [33mclass[39m=[32m"text-red-600 hover:text-red-700 text-sm font-medium disabled:opacity-50 disabled:cursor-not-allowed"[39m
  [36m/>[39m

  Name "Cancel batch unassignment":
  [36m<button[39m
    [33maria-label[39m=[32m"Cancel batch unassignment"[39m
    [33mclass[39m=[32m"flex-1 px-4 py-2 bg-gray-200 text-gray-900 rounded-lg font-medium hover:bg-gray-300 focus:outline-none focus:ring-2 focus:ring-gray-400 disabled:opacity-50 disabled:cursor-not-allowed"[39m
  [36m/>[39m

  Name "Confirm batch unassignment":
  [36m<button[39m
    [33maria-label[39m=[32m"Confirm batch unassignment"[39m
    [33mclass[39m=[32m"flex-1 px-4 py-2 bg-red-600 text-white rounded-lg font-medium hover:bg-red-700 focus:outline-none focus:ring-2 focus:ring-red-500 disabled:opacity-50 disabled:cursor-not-allowed"[39m
  [36m/>[39m

  --------------------------------------------------
  paragraph:

  Name "":
  [36m<p[39m
    [33mclass[39m=[32m"text-sm text-gray-600 mb-1"[39m
  [36m/>[39m

  Name "":
  [36m<p[39m
    [33mclass[39m=[32m"text-base text-gray-900"[39m
  [36m/>[39m

  Name "":
  [36m<p[39m
    [33mclass[39m=[32m"text-xs font-medium text-gray-600 uppercase tracking-wider"[39m
  [36m/>[39m

  Name "":
  [36m<p[39m
    [33mclass[39m=[32m"text-2xl font-bold text-gray-900 mt-1"[39m
  [36m/>[39m

  Name "":
  [36m<p[39m
    [33mclass[39m=[32m"text-xs font-medium text-gray-600 uppercase tracking-wider"[39m
  [36m/>[39m

  Name "":
  [36m<p[39m
    [33mclass[39m=[32m"text-2xl font-bold text-gray-900"[39m
  [36m/>[39m

  Name "":
  [36m<p[39m
    [33mclass[39m=[32m"text-xs font-medium text-gray-600 uppercase tracking-wider"[39m
  [36m/>[39m

  Name "":
  [36m<p[39m
    [33mclass[39m=[32m"text-2xl font-bold text-gray-900 mt-1"[39m
  [36m/>[39m

  Name "":
  [36m<p[39m
    [33mclass[39m=[32m"text-xs font-medium text-gray-600 uppercase tracking-wider"[39m
  [36m/>[39m

  Name "":
  [36m<p[39m
    [33mclass[39m=[32m"text-base text-gray-900 mt-1"[39m
  [36m/>[39m

  Name "":
  [36m<p[39m
    [33mclass[39m=[32m"text-sm text-gray-600 mb-1"[39m
  [36m/>[39m

  Name "":
  [36m<p[39m
    [33mclass[39m=[32m"text-base text-gray-900"[39m
  [36m/>[39m

  Name "":
  [36m<p[39m
    [33mclass[39m=[32m"text-xs font-medium text-gray-600 uppercase tracking-wider"[39m
  [36m/>[39m

  Name "":
  [36m<p[39m
    [33mclass[39m=[32m"text-2xl font-bold text-gray-900 mt-1"[39m
  [36m/>[39m

  Name "":
  [36m<p[39m
    [33mclass[39m=[32m"text-xs font-medium text-gray-600 uppercase tracking-wider"[39m
  [36m/>[39m

  Name "":
  [36m<p[39m
    [33mclass[39m=[32m"text-2xl font-bold text-gray-900"[39m
  [36m/>[39m

  Name "":
  [36m<p[39m
    [33mclass[39m=[32m"text-xs font-medium text-gray-600 uppercase tracking-wider"[39m
  [36m/>[39m

  Name "":
  [36m<p[39m
    [33mclass[39m=[32m"text-2xl font-bold text-gray-900 mt-1"[39m
  [36m/>[39m

  Name "":
  [36m<p[39m
    [33mclass[39m=[32m"text-xs font-medium text-gray-600 uppercase tracking-wider"[39m
  [36m/>[39m

  Name "":
  [36m<p[39m
    [33mclass[39m=[32m"text-base text-gray-900 mt-1"[39m
  [36m/>[39m

  Name "":
  [36m<p[39m
    [33mclass[39m=[32m"text-sm text-gray-600 mb-1"[39m
  [36m/>[39m

  Name "":
  [36m<p[39m
    [33mclass[39m=[32m"text-base text-gray-900"[39m
  [36m/>[39m

  Name "":
  [36m<p[39m
    [33mclass[39m=[32m"text-xs font-medium text-gray-600 uppercase tracking-wider"[39m
  [36m/>[39m

  Name "":
  [36m<p[39m
    [33mclass[39m=[32m"text-2xl font-bold text-gray-900 mt-1"[39m
  [36m/>[39m

  Name "":
  [36m<p[39m
    [33mclass[39m=[32m"text-xs font-medium text-gray-600 uppercase tracking-wider"[39m
  [36m/>[39m

  Name "":
  [36m<p[39m
    [33mclass[39m=[32m"text-2xl font-bold text-gray-900"[39m
  [36m/>[39m

  Name "":
  [36m<p[39m
    [33mclass[39m=[32m"text-xs font-medium text-gray-600 uppercase tracking-wider"[39m
  [36m/>[39m

  Name "":
  [36m<p[39m
    [33mclass[39m=[32m"text-2xl font-bold text-gray-900 mt-1"[39m
  [36m/>[39m

  Name "":
  [36m<p[39m
    [33mclass[39m=[32m"text-xs font-medium text-gray-600 uppercase tracking-wider"[39m
  [36m/>[39m

  Name "":
  [36m<p[39m
    [33mclass[39m=[32m"text-base text-gray-900 mt-1"[39m
  [36m/>[39m

  Name "":
  [36m<p[39m
    [33mclass[39m=[32m"text-gray-600 text-center mb-6"[39m
    [33mid[39m=[32m"remove-batch-description"[39m
  [36m/>[39m

  --------------------------------------------------
  presentation:

  Name "":
  [36m<div[39m
    [33mclass[39m=[32m"fixed inset-0 bg-black bg-opacity-50 flex items-center justify-center z-50"[39m
    [33mrole[39m=[32m"presentation"[39m
  [36m/>[39m

  --------------------------------------------------
  dialog:

  Name "Unassign Batch?":
  [36m<dialog[39m
    [33maria-describedby[39m=[32m"remove-batch-description"[39m
    [33maria-labelledby[39m=[32m"remove-batch-title"[39m
    [33mclass[39m=[32m"bg-white rounded-lg shadow-xl max-w-sm w-full mx-4"[39m
    [33mopen[39m=[32m""[39m
  [36m/>[39m

  --------------------------------------------------
  strong:

  Name "":
  [36m<strong />[39m

  --------------------------------------------------

Ignored nodes: comments, script, style
[36m<body>[39m
  [36m<div>[39m
    [36m<div[39m
      [33mclass[39m=[32m"p-6 space-y-4"[39m
    [36m>[39m
      [36m<div[39m
        [33mclass[39m=[32m"flex justify-between items-center mb-6"[39m
      [36m>[39m
        [36m<h3[39m
          [33mclass[39m=[32m"text-lg font-semibold text-gray-900"[39m
        [36m>[39m
          [0mAssigned Batches ([0m
          [0m3[0m
          [0m)[0m
        [36m</h3>[39m
        [36m<button[39m
          [33maria-label[39m=[32m"Add new batch"[39m
          [33mclass[39m=[32m"px-4 py-2 bg-blue-600 text-white rounded-lg text-sm font-medium hover:bg-blue-700 focus:outline-none focus:ring-2 focus:ring-blue-500"[39m
        [36m>[39m
          [0mAdd Batch[0m
        [36m</button>[39m
      [36m</div>[39m
      [36m<div[39m
        [33mclass[39m=[32m"space-y-4"[39m
      [36m>[39m
        [36m<div[39m
          [33maria-label[39m=[32m"View details for Morning Beginners batch"[39m
          [33mclass[39m=[32m"bg-white rounded-lg border border-gray-200 p-6 hover:shadow-sm transition-shadow cursor-pointer"[39m
          [33mrole[39m=[32m"button"[39m
          [33mtabindex[39m=[32m"0"[39m
        [36m>[39m
          [36m<div[39m
            [33mclass[39m=[32m"flex justify-between items-start mb-3"[39m
          [36m>[39m
            [36m<h4[39m
              [33mclass[39m=[32m"text-lg font-semibold text-gray-900"[39m
            [36m>[39m
              [0mMorning Beginners[0m
            [36m</h4>[39m
            [36m<button[39m
              [33maria-label[39m=[32m"Remove Morning Beginners batch"[39m
              [33mclass[39m=[32m"text-red-600 hover:text-red-700 text-sm font-medium disabled:opacity-50 disabled:cursor-not-allowed"[39m
            [36m>[39m
              [0mRemove[0m
            [36m</button>[39m
          [36m</div>[39m
          [36m<div[39m
            [33mclass[39m=[32m"mb-4"[39m
          [36m>[39m
            [36m<p[39m
              [33mclass[39m=[32m"text-sm text-gray-600 mb-1"[39m
            [36m>[39m
              [0mSchedule[0m
            [36m</p>[39m
            [36m<p[39m
              [33mclass[39m=[32m"text-base text-gray-900"[39m
            [36m>[39m
              [0mMon/Wed/Fri 6-7 AM[0m
            [36m</p>[39m
          [36m</div>[39m
          [36m<div[39m
            [33mclass[39m=[32m"grid grid-cols-2 gap-4 lg:grid-cols-4 mt-6 pt-6 border-t border-gray-200"[39m
          [36m>[39m
            [36m<div>[39m
              [36m<p[39m
                [33mclass[39m=[32m"text-xs font-medium text-gray-600 uppercase tracking-wider"[39m
              [36m>[39m
                [0mStudents[0m
              [36m</p>[39m
              [36m<p[39m
                [33mclass[39m=[32m"text-2xl font-bold text-gray-900 mt-1"[39m
              [36m>[39m
                [0m4[0m
              [36m</p>[39m
            [36m</div>[39m
            [36m<div>[39m
              [36m<p[39m
                [33mclass[39m=[32m"text-xs font-medium text-gray-600 uppercase tracking-wider"[39m
              [36m>[39m
                [0mAttendance[0m
              [36m</p>[39m
              [36m<div[39m
                [33mclass[39m=[32m"flex items-center gap-2 mt-1"[39m
              [36m>[39m
                [36m<p[39m
                  [33mclass[39m=[32m"text-2xl font-bold text-gray-900"[39m
                [36m>[39m
                  [0m85[0m
                  [0m%[0m
                [36m</p>[39m
                [36m<div[39m
                  [33mclass[39m=[32m"inline-block px-2 py-1 rounded text-xs font-medium bg-yellow-100 text-yellow-700"[39m
                [36m>[39m
                  [0mGood[0m
                [36m</div>[39m
              [36m</div>[39m
            [36m</div>[39m
            [36m<div>[39m
              [36m<p[39m
                [33mclass[39m=[32m"text-xs font-medium text-gray-600 uppercase tracking-wider"[39m
              [36m>[39m
                [0mAvg Skill[0m
              [36m</p>[39m
              [36m<p[39m
                [33mclass[39m=[32m"text-2xl font-bold text-gray-900 mt-1"[39m
              [36m>[39m
                [0m90[0m
                [0m%[0m
              [36m</p>[39m
            [36m</div>[39m
            [36m<div>[39m
              [36m<p[39m
                [33mclass[39m=[32m"text-xs font-medium text-gray-600 uppercase tracking-wider"[39m
              [36m>[39m
                [0mCreated[0m
              [36m</p>[39m
              [36m<p[39m
                [33mclass[39m=[32m"text-base text-gray-900 mt-1"[39m
              [36m>[39m
                [0m1 Jan 2026[0m
              [36m</p>[39m
            [36m</div>[39m
          [36m</div>[39m
        [36m</div>[39m
        [36m<div[39m
          [33maria-label[39m=[32m"View details for Evening Intermediate batch"[39m
          [33mclass[39m=[32m"bg-white rounded-lg border border-gray-200 p-6 hover:shadow-sm transition-shadow cursor-pointer"[39m
          [33mrole[39m=[32m"button"[39m
          [33mtabindex[39m=[32m"0"[39m
        [36m>[39m
          [36m<div[39m
            [33mclass[39m=[32m"flex justify-between items-start mb-3"[39m
          [36m>[39m
            [36m<h4[39m
              [33mclass[39m=[32m"text-lg font-semibold text-gray-900"[39m
            [36m>[39m
              [0mEvening Intermediate[0m
            [36m</h4>[39m
            [36m<button[39m
              [33maria-label[39m=[32m"Remove Evening Intermediate batch"[39m
              [33mclass[39m=[32m"text-red-600 hover:text-red-700 text-sm font-medium disabled:opacity-50 disabled:cursor-not-allowed"[39m
            [36m>[39m
              [0mRemove[0m
            [36m</button>[39m
          [36m</div>[39m
          [36m<div[39m
            [33mclass[39m=[32m"mb-4"[39m
          [36m>[39m
            [36m<p[39m
              [33mclass[39m=[32m"text-sm text-gray-600 mb-1"[39m
            [36m>[39m
              [0mSchedule[0m
            [36m</p>[39m
            [36m<p[39m
              [33mclass[39m=[32m"text-base text-gray-900"[39m
            [36m>[39m
              [0mTue/Thu/Sat 5-6:30 PM[0m
            [36m</p>[39m
          [36m</div>[39m
          [36m<div[39m
            [33mclass[39m=[32m"grid grid-cols-2 gap-4 lg:grid-cols-4 mt-6 pt-6 border-t border-gray-200"[39m
          [36m>[39m
            [36m<div>[39m
              [36m<p[39m
                [33mclass[39m=[32m"text-xs font-medium text-gray-600 uppercase tracking-wider"[39m
              [36m>[39m
                [0mStudents[0m
              [36m</p>[39m
              [36m<p[39m
                [33mclass[39m=[32m"text-2xl font-bold text-gray-900 mt-1"[39m
              [36m>[39m
                [0m3[0m
              [36m</p>[39m
            [36m</div>[39m
            [36m<div>[39m
              [36m<p[39m
                [33mclass[39m=[32m"text-xs font-medium text-gray-600 uppercase tracking-wider"[39m
              [36m>[39m
                [0mAttendance[0m
              [36m</p>[39m
              [36m<div[39m
                [33mclass[39m=[32m"flex items-center gap-2 mt-1"[39m
              [36m>[39m
                [36m<p[39m
                  [33mclass[39m=[32m"text-2xl font-bold text-gray-900"[39m
                [36m>[39m
                  [0m91[0m
                  [0m%[0m
                [36m</p>[39m
                [36m<div[39m
                  [33mclass[39m=[32m"inline-block px-2 py-1 rounded text-xs font-medium bg-green-100 text-green-700"[39m
                [36m>[39m
                  [0mExcellent[0m
                [36m</div>[39m
              [36m</div>[39m
            [36m</div>[39m
            [36m<div>[39m
              [36m<p[39m
                [33mclass[39m=[32m"text-xs font-medium text-gray-600 uppercase tracking-wider"[39m
              [36m>[39m
                [0mAvg Skill[0m
              [36m</p>[39m
              [36m<p[39m
                [33mclass[39m=[32m"text-2xl font-bold text-gray-900 mt-1"[39m
              [36m>[39m
                [0m80[0m
                [0m%[0m
              [36m</p>[39m
            [36m</div>[39m
            [36m<div>[39m
              [36m<p[39m
                [33mclass[39m=[32m"text-xs font-medium text-gray-600 uppercase tracking-wider"[39m
              [36m>[39m
                [0mCreated[0m
              [36m</p>[39m
              [36m<p[39m
                [33mclass[39m=[32m"text-base text-gray-900 mt-1"[39m
              [36m>[39m
                [0m2 Jan 2026[0m
              [36m</p>[39m
            [36m</div>[39m
          [36m</div>[39m
        [36m</div>[39m
        [36m<div[39m
          [33maria-label[39m=[32m"View details for Advanced Training batch"[39m
          [33mclass[39m=[32m"bg-white rounded-lg border border-gray-200 p-6 hover:shadow-sm transition-shadow cursor-pointer"[39m
          [33mrole[39m=[32m"button"[39m
          [33mtabindex[39m=[32m"0"[39m
        [36m>[39m
          [36m<div[39m
            [33mclass[39m=[32m"flex justify-between items-start mb-3"[39m
          [36m>[39m
            [36m<h4[39m
              [33mclass[39m=[32m"text-lg font-semibold text-gray-900"[39m
            [36m>[39m
              [0mAdvanced Training[0m
            [36m</h4>[39m
            [36m<button[39m
              [33maria-label[39m=[32m"Remove Advanced Training batch"[39m
              [33mclass[39m=[32m"text-red-600 hover:text-red-700 text-sm font-medium disabled:opacity-50 disabled:cursor-not-allowed"[39m
            [36m>[39m
              [0mRemove[0m
            [36m</button>[39m
          [36m</div>[39m
          [36m<div[39m
            [33mclass[39m=[32m"mb-4"[39m
          [36m>[39m
            [36m<p[39m
              [33mclass[39m=[32m"text-sm text-gray-600 mb-1"[39m
            [36m>[39m
              [0mSchedule[0m
            [36m</p>[39m
            [36m<p[39m
              [33mclass[39m=[32m"text-base text-gray-900"[39m
            [36m>[39m
              [0mMon/Wed/Fri 7-8:30 PM[0m
            [36m</p>[39m
          [36m</div>[39m
          [36m<div[39m
            [33mclass[39m=[32m"grid grid-cols-2 gap-4 lg:grid-cols-4 mt-6 pt-6 border-t border-gray-200"[39m
          [36m>[39m
            [36m<div>[39m
              [36m<p[39m
                [33mclass[39m=[32m"text-xs font-medium text-gray-600 uppercase tracking-wider"[39m
              [36m>[39m
                [0mStudents[0m
              [36m</p>[39m
              [36m<p[39m
                [33mclass[39m=[32m"text-2xl font-bold text-gray-900 mt-1"[39m
              [36m>[39m
                [0m6[0m
              [36m</p>[39m
            [36m</div>[39m
            [36m<div>[39m
              [36m<p[39m
                [33mclass[39m=[32m"text-xs font-medium text-gray-600 uppercase tracking-wider"[39m
              [36m>[39m
                [0mAttendance[0m
              [36m</p>[39m
              [36m<div[39m
                [33mclass[39m=[32m"flex items-center gap-2 mt-1"[39m
              [36m>[39m
                [36m<p[39m
                  [33mclass[39m=[32m"text-2xl font-bold text-gray-900"[39m
                [36m>[39m
                  [0m90[0m
                  [0m%[0m
                [36m</p>[39m
                [36m<div[39m
                  [33mclass[39m=[32m"inline-block px-2 py-1 rounded text-xs font-medium bg-green-100 text-green-700"[39m
                [36m>[39m
                  [0mExcellent[0m
                [36m</div>[39m
              [36m</div>[39m
            [36m</div>[39m
            [36m<div>[39m
              [36m<p[39m
                [33mclass[39m=[32m"text-xs font-medium text-gray-600 uppercase tracking-wider"[39m
              [36m>[39m
                [0mAvg Skill[0m
              [36m</p>[39m
              [36m<p[39m
                [33mclass[39m=[32m"text-2xl font-bold text-gray-900 mt-1"[39m
              [36m>[39m
                [0m10[0m
                [0m%[0m
              [36m</p>[39m
            [36m</div>[39m
            [36m<div>[39m
              [36m<p[39m
                [33mclass[39m=[32m"text-xs font-medium text-gray-600 uppercase tracking-wider"[39m
              [36m>[39m
                [0mCreated[0m
              [36m</p>[39m
              [36m<p[39m
                [33mclass[39m=[32m"text-base text-gray-900 mt-1"[39m
              [36m>[39m
                [0m3 Jan 2026[0m
              [36m</p>[39m
            [36m</div>[39m
          [36m</div>[39m
        [36m</div>[39m
      [36m</div>[39m
    [36m</div>[39m
    [36m<div[39m
      [33mclass[39m=[32m"fixed inset-0 bg-black bg-opacity-50 flex items-center justify-center z-50"[39m
      [33mrole[39m=[32m"presentation"[39m
    [36m>[39m
      [36m<dialog[39m
        [33maria-describedby[39m=[32m"remove-batch-description"[39m
        [33maria-labelledby[39m=[32m"remove-batch-title"[39m
        [33mclass[39m=[32m"bg-white rounded-lg shadow-xl max-w-sm w-full mx-4"[39m
        [33mopen[39m=[32m""[39m
      [36m>[39m
        [36m<div[39m
          [33mclass[39m=[32m"p-6"[39m
        [36m>[39m
          [36m<div[39m
            [33mclass[39m=[32m"flex items-center justify-center w-12 h-12 rounded-full bg-red-100 mx-auto mb-4"[39m
          [36m>[39m
            [36m<svg[39m
              [33mclass[39m=[32m"w-6 h-6 text-red-600"[39m
              [33mfill[39m=[32m"none"[39m
              [33mstroke[39m=[32m"currentColor"[39m
              [33mviewBox[39m=[32m"0 0 24 24"[39m
            [36m>[39m
              [36m<path[39m
                [33md[39m=[32m"M12 9v2m0 4v2m0 0V9m0 0v8m0-8h-.01M21 12a9 9 0 11-18 0 9 9 0 0118 0z"[39m
                [33mstroke-linecap[39m=[32m"round"[39m
                [33mstroke-linejoin[39m=[32m"round"[39m
                [33mstroke-width[39m=[32m"2"[39m
              [36m/>[39m
            [36m</svg>[39m
          [36m</div>[39m
          [36m<h3[39m
            [33mclass[39m=[32m"text-lg font-semibold text-gray-900 text-center mb-2"[39m
            [33mid[39m=[32m"remove-batch-title"[39m
          [36m>[39m
            [0mUnassign Batch?[0m
          [36m</h3>[39m
          [36m<p[39m
            [33mclass[39m=[32m"text-gray-600 text-center mb-6"[39m
            [33mid[39m=[32m"remove-batch-description"[39m
          [36m>[39m
            [0mAre you sure you want to unassign [0m
            [36m<strong>[39m
              [0mMorning Beginners[0m
            [36m</strong>[39m
            [0m from this coach? This action cannot be undone.[0m
          [36m</p>[39m
          [36m<div[39m
            [33mclass[39m=[32m"flex gap-3"[39m
          [36m>[39m
            [36m<button[39m
              [33maria-label[39m=[32m"Cancel batch unassignment"[39m
              [33mclass[39m=[32m"flex-1 px-4 py-2 bg-gray-200 text-gray-900 rounded-lg font-medium hover:bg-gray-300 focus:outline-none focus:ring-2 focus:ring-gray-400 disabled:opacity-50 disabled:cursor-not-allowed"[39m
            [36m>[39m
              [0mCancel[0m
            [36m</button>[39m
            [36m<button[39m
              [33maria-label[39m=[32m"Confirm batch unassignment"[39m
              [33mclass[39m=[32m"flex-1 px-4 py-2 bg-red-600 text-white rounded-lg font-medium hover:bg-red-700 focus:outline-none focus:ring-2 focus:ring-red-500 disabled:opacity-50 disabled:cursor-not-allowed"[39m
            [36m>[39m
              [0mUnassign[0m
            [36m</button>[39m
          [36m</div>[39m
        [36m</div>[39m
      [36m</dialog>[39m
    [36m</div>[39m
  [36m</div>[39m
[36m</body>[39m
 ❯ Object.getElementError node_modules/@testing-library/dom/dist/config.js:37:19
 ❯ node_modules/@testing-library/dom/dist/query-helpers.js:76:38
 ❯ node_modules/@testing-library/dom/dist/query-helpers.js:52:17
 ❯ node_modules/@testing-library/dom/dist/query-helpers.js:95:19
 ❯ src/components/CoachBatchesTab.test.tsx:491:35
    489|
    490|       // Confirm removal
    491|       let unassignButton = screen.getByRole('button', { name: /Unassig…
       |                                   ^
    492|       fireEvent.click(unassignButton);
    493|

⎯⎯⎯⎯⎯⎯⎯⎯⎯⎯⎯⎯⎯⎯⎯⎯⎯⎯⎯⎯⎯[11/107]⎯

 FAIL  src/components/CoachPaymentsTab.test.tsx > CoachPaymentsTab > Filter and Sort > should show Clear Filters button when filters are active
TestingLibraryElementError: Unable to find an accessible element with the role "button" and name `/Clear Filters/i`

Here are the accessible roles:

  heading:

  Name "Payment Records & Expenses":
  [36m<h3[39m
    [33mclass[39m=[32m"tab-title"[39m
  [36m/>[39m

  Name "Income Records":
  [36m<h4[39m
    [33mclass[39m=[32m"section-title"[39m
  [36m/>[39m

  Name "Expense Records":
  [36m<h4[39m
    [33mclass[39m=[32m"ledger-title"[39m
  [36m/>[39m

  --------------------------------------------------
  region:

  Name "Payment transaction filters":
  [36m<section[39m
    [33maria-label[39m=[32m"Payment transaction filters"[39m
    [33mclass[39m=[32m"filters-section"[39m
  [36m/>[39m

  Name "Income records":
  [36m<section[39m
    [33maria-label[39m=[32m"Income records"[39m
    [33mclass[39m=[32m"payment-section"[39m
  [36m/>[39m

  Name "Expense records":
  [36m<section[39m
    [33maria-label[39m=[32m"Expense records"[39m
    [33mclass[39m=[32m"payment-section"[39m
  [36m/>[39m

  --------------------------------------------------
  combobox:

  Name "Filter transactions by student":
  [36m<select[39m
    [33maria-label[39m=[32m"Filter transactions by student"[39m
    [33mclass[39m=[32m"filter-select"[39m
    [33mid[39m=[32m"student"[39m
  [36m/>[39m

  Name "Filter transactions by batch":
  [36m<select[39m
    [33maria-label[39m=[32m"Filter transactions by batch"[39m
    [33mclass[39m=[32m"filter-select"[39m
    [33mid[39m=[32m"batch"[39m
  [36m/>[39m

  Name "Filter transactions by payment method":
  [36m<select[39m
    [33maria-label[39m=[32m"Filter transactions by payment method"[39m
    [33mclass[39m=[32m"filter-select"[39m
    [33mid[39m=[32m"paymentMethod"[39m
  [36m/>[39m

  Name "Filter transactions by expense type":
  [36m<select[39m
    [33maria-label[39m=[32m"Filter transactions by expense type"[39m
    [33mclass[39m=[32m"filter-select"[39m
    [33mid[39m=[32m"expenseType"[39m
  [36m/>[39m

  --------------------------------------------------
  option:

  Name "All Students":
  [36m<option[39m
    [33mvalue[39m=[32m""[39m
  [36m/>[39m

  Name "Arjun Verma":
  [36m<option[39m
    [33mvalue[39m=[32m"student-001"[39m
  [36m/>[39m

  Name "Neha Sharma":
  [36m<option[39m
    [33mvalue[39m=[32m"student-002"[39m
  [36m/>[39m

  Name "All Batches":
  [36m<option[39m
    [33mvalue[39m=[32m""[39m
  [36m/>[39m

  Name "batch-001":
  [36m<option[39m
    [33mvalue[39m=[32m"batch-001"[39m
  [36m/>[39m

  Name "All Methods":
  [36m<option[39m
    [33mvalue[39m=[32m""[39m
  [36m/>[39m

  Name "CASH":
  [36m<option[39m
    [33mvalue[39m=[32m"CASH"[39m
  [36m/>[39m

  Name "UPI":
  [36m<option[39m
    [33mvalue[39m=[32m"UPI"[39m
  [36m/>[39m

  Name "All Types":
  [36m<option[39m
    [33mvalue[39m=[32m""[39m
  [36m/>[39m

  Name "SHUTTLE":
  [36m<option[39m
    [33mvalue[39m=[32m"SHUTTLE"[39m
  [36m/>[39m

  --------------------------------------------------
  button:

  Name "Clear all active filters":
  [36m<button[39m
    [33maria-label[39m=[32m"Clear all active filters"[39m
    [33mclass[39m=[32m"btn-secondary filter-button"[39m
  [36m/>[39m

  Name "Edit expense: Shuttle for training":
  [36m<button[39m
    [33maria-label[39m=[32m"Edit expense: Shuttle for training"[39m
    [33mclass[39m=[32m"btn-action btn-edit"[39m
    [33mtitle[39m=[32m"Edit expense"[39m
    [33mtype[39m=[32m"button"[39m
  [36m/>[39m

  Name "Delete expense: Shuttle for training":
  [36m<button[39m
    [33maria-label[39m=[32m"Delete expense: Shuttle for training"[39m
    [33mclass[39m=[32m"btn-action btn-delete"[39m
    [33mtitle[39m=[32m"Delete expense"[39m
    [33mtype[39m=[32m"button"[39m
  [36m/>[39m

  --------------------------------------------------
  table:

  Name "Student fee income transactions":
  [36m<table[39m
    [33maria-label[39m=[32m"Student fee income transactions"[39m
    [33mclass[39m=[32m"payment-table"[39m
  [36m/>[39m

  Name "":
  [36m<table[39m
    [33mclass[39m=[32m"ledger-table"[39m
  [36m/>[39m

  --------------------------------------------------
  rowgroup:

  Name "":
  [36m<thead />[39m

  Name "":
  [36m<tbody />[39m

  Name "":
  [36m<thead />[39m

  Name "":
  [36m<tbody />[39m

  --------------------------------------------------
  row:

  Name "Type Student Name Amount Date Details Status":
  [36m<tr />[39m

  Name "Income Neha Sharmaneha@example.com ₹1,000 15 Jan 2026 January 2026Ref: CASH001 Paid":
  [36m<tr[39m
    [33mclass[39m=[32m"row-fee"[39m
  [36m/>[39m

  Name "Income Arjun Vermaarjun@example.com ₹1,000 10 Jan 2026 January 2026Ref: UPI001 Paid":
  [36m<tr[39m
    [33mclass[39m=[32m"row-fee"[39m
  [36m/>[39m

  Name "Type Amount Date Description Created By Actions":
  [36m<tr />[39m

  Name "Shuttle ₹500 5 Jan 2026 Shuttle for training coach-001 Edit Delete":
  [36m<tr[39m
    [33mclass[39m=[32m"ledger-row"[39m
  [36m/>[39m

  --------------------------------------------------
  columnheader:

  Name "Type":
  [36m<th[39m
    [33mscope[39m=[32m"col"[39m
  [36m/>[39m

  Name "Student Name":
  [36m<th[39m
    [33mscope[39m=[32m"col"[39m
  [36m/>[39m

  Name "Amount":
  [36m<th[39m
    [33mscope[39m=[32m"col"[39m
  [36m/>[39m

  Name "Date":
  [36m<th[39m
    [33mscope[39m=[32m"col"[39m
  [36m/>[39m

  Name "Details":
  [36m<th[39m
    [33mscope[39m=[32m"col"[39m
  [36m/>[39m

  Name "Status":
  [36m<th[39m
    [33mscope[39m=[32m"col"[39m
  [36m/>[39m

  Name "Type":
  [36m<th[39m
    [33mclass[39m=[32m"col-type"[39m
  [36m/>[39m

  Name "Amount":
  [36m<th[39m
    [33mclass[39m=[32m"col-amount"[39m
  [36m/>[39m

  Name "Date":
  [36m<th[39m
    [33mclass[39m=[32m"col-date"[39m
  [36m/>[39m

  Name "Description":
  [36m<th[39m
    [33mclass[39m=[32m"col-description"[39m
  [36m/>[39m

  Name "Created By":
  [36m<th[39m
    [33mclass[39m=[32m"col-created-by"[39m
  [36m/>[39m

  Name "Actions":
  [36m<th[39m
    [33mclass[39m=[32m"col-actions"[39m
  [36m/>[39m

  --------------------------------------------------
  cell:

  Name "Income":
  [36m<td[39m
    [33mclass[39m=[32m"cell-type"[39m
  [36m/>[39m

  Name "Neha Sharmaneha@example.com":
  [36m<td[39m
    [33mclass[39m=[32m"cell-student"[39m
  [36m/>[39m

  Name "₹1,000":
  [36m<td[39m
    [33mclass[39m=[32m"cell-amount"[39m
  [36m/>[39m

  Name "15 Jan 2026":
  [36m<td[39m
    [33mclass[39m=[32m"cell-date"[39m
  [36m/>[39m

  Name "January 2026Ref: CASH001":
  [36m<td[39m
    [33mclass[39m=[32m"cell-details"[39m
  [36m/>[39m

  Name "Paid":
  [36m<td[39m
    [33mclass[39m=[32m"cell-status"[39m
  [36m/>[39m

  Name "Income":
  [36m<td[39m
    [33mclass[39m=[32m"cell-type"[39m
  [36m/>[39m

  Name "Arjun Vermaarjun@example.com":
  [36m<td[39m
    [33mclass[39m=[32m"cell-student"[39m
  [36m/>[39m

  Name "₹1,000":
  [36m<td[39m
    [33mclass[39m=[32m"cell-amount"[39m
  [36m/>[39m

  Name "10 Jan 2026":
  [36m<td[39m
    [33mclass[39m=[32m"cell-date"[39m
  [36m/>[39m

  Name "January 2026Ref: UPI001":
  [36m<td[39m
    [33mclass[39m=[32m"cell-details"[39m
  [36m/>[39m

  Name "Paid":
  [36m<td[39m
    [33mclass[39m=[32m"cell-status"[39m
  [36m/>[39m

  Name "Shuttle":
  [36m<td[39m
    [33mclass[39m=[32m"col-type"[39m
  [36m/>[39m

  Name "₹500":
  [36m<td[39m
    [33mclass[39m=[32m"col-amount"[39m
  [36m/>[39m

  Name "5 Jan 2026":
  [36m<td[39m
    [33mclass[39m=[32m"col-date"[39m
  [36m/>[39m

  Name "Shuttle for training":
  [36m<td[39m
    [33mclass[39m=[32m"col-description"[39m
  [36m/>[39m

  Name "coach-001":
  [36m<td[39m
    [33mclass[39m=[32m"col-created-by"[39m
  [36m/>[39m

  Name "Edit Delete":
  [36m<td[39m
    [33mclass[39m=[32m"col-actions"[39m
  [36m/>[39m

  --------------------------------------------------

Ignored nodes: comments, script, style
[36m<body>[39m
  [36m<div>[39m
    [36m<div[39m
      [33mclass[39m=[32m"coach-profile-tab-content"[39m
    [36m>[39m
      [36m<div[39m
        [33mclass[39m=[32m"tab-header"[39m
      [36m>[39m
        [36m<h3[39m
          [33mclass[39m=[32m"tab-title"[39m
        [36m>[39m
          [0mPayment Records & Expenses[0m
        [36m</h3>[39m
      [36m</div>[39m
      [36m<section[39m
        [33maria-label[39m=[32m"Payment transaction filters"[39m
        [33mclass[39m=[32m"filters-section"[39m
      [36m>[39m
        [36m<div[39m
          [33mclass[39m=[32m"filters-container"[39m
        [36m>[39m
          [36m<div[39m
            [33mclass[39m=[32m"filter-group"[39m
          [36m>[39m
            [36m<label[39m
              [33mclass[39m=[32m"filter-label"[39m
              [33mfor[39m=[32m"dateFrom"[39m
            [36m>[39m
              [0mFrom Date[0m
            [36m</label>[39m
            [36m<input[39m
              [33maria-label[39m=[32m"Filter transactions from date"[39m
              [33mclass[39m=[32m"filter-input"[39m
              [33mid[39m=[32m"dateFrom"[39m
              [33mtype[39m=[32m"date"[39m
              [33mvalue[39m=[32m"2026-01-01"[39m
            [36m/>[39m
          [36m</div>[39m
          [36m<div[39m
            [33mclass[39m=[32m"filter-group"[39m
          [36m>[39m
            [36m<label[39m
              [33mclass[39m=[32m"filter-label"[39m
              [33mfor[39m=[32m"dateTo"[39m
            [36m>[39m
              [0mTo Date[0m
            [36m</label>[39m
            [36m<input[39m
              [33maria-label[39m=[32m"Filter transactions to date"[39m
              [33mclass[39m=[32m"filter-input"[39m
              [33mid[39m=[32m"dateTo"[39m
              [33mtype[39m=[32m"date"[39m
              [33mvalue[39m=[32m""[39m
            [36m/>[39m
          [36m</div>[39m
          [36m<div[39m
            [33mclass[39m=[32m"filter-group"[39m
          [36m>[39m
            [36m<label[39m
              [33mclass[39m=[32m"filter-label"[39m
              [33mfor[39m=[32m"student"[39m
            [36m>[39m
              [0mStudent[0m
            [36m</label>[39m
            [36m<select[39m
              [33maria-label[39m=[32m"Filter transactions by student"[39m
              [33mclass[39m=[32m"filter-select"[39m
              [33mid[39m=[32m"student"[39m
            [36m>[39m
              [36m<option[39m
                [33mvalue[39m=[32m""[39m
              [36m>[39m
                [0mAll Students[0m
              [36m</option>[39m
              [36m<option[39m
                [33mvalue[39m=[32m"student-001"[39m
              [36m>[39m
                [0mArjun Verma[0m
              [36m</option>[39m
              [36m<option[39m
                [33mvalue[39m=[32m"student-002"[39m
              [36m>[39m
                [0mNeha Sharma[0m
              [36m</option>[39m
            [36m</select>[39m
          [36m</div>[39m
          [36m<div[39m
            [33mclass[39m=[32m"filter-group"[39m
          [36m>[39m
            [36m<label[39m
              [33mclass[39m=[32m"filter-label"[39m
              [33mfor[39m=[32m"batch"[39m
            [36m>[39m
              [0mBatch[0m
            [36m</label>[39m
            [36m<select[39m
              [33maria-label[39m=[32m"Filter transactions by batch"[39m
              [33mclass[39m=[32m"filter-select"[39m
              [33mid[39m=[32m"batch"[39m
            [36m>[39m
              [36m<option[39m
                [33mvalue[39m=[32m""[39m
              [36m>[39m
                [0mAll Batches[0m
              [36m</option>[39m
              [36m<option[39m
                [33mvalue[39m=[32m"batch-001"[39m
              [36m>[39m
                [0mbatch-001[0m
              [36m</option>[39m
            [36m</select>[39m
          [36m</div>[39m
          [36m<div[39m
            [33mclass[39m=[32m"filter-group"[39m
          [36m>[39m
            [36m<label[39m
              [33mclass[39m=[32m"filter-label"[39m
              [33mfor[39m=[32m"paymentMethod"[39m
            [36m>[39m
              [0mPayment Method[0m
            [36m</label>[39m
            [36m<select[39m
              [33maria-label[39m=[32m"Filter transactions by payment method"[39m
              [33mclass[39m=[32m"filter-select"[39m
              [33mid[39m=[32m"paymentMethod"[39m
            [36m>[39m
              [36m<option[39m
                [33mvalue[39m=[32m""[39m
              [36m>[39m
                [0mAll Methods[0m
              [36m</option>[39m
              [36m<option[39m
                [33mvalue[39m=[32m"CASH"[39m
              [36m>[39m
                [0mCASH[0m
              [36m</option>[39m
              [36m<option[39m
                [33mvalue[39m=[32m"UPI"[39m
              [36m>[39m
                [0mUPI[0m
              [36m</option>[39m
            [36m</select>[39m
          [36m</div>[39m
          [36m<div[39m
            [33mclass[39m=[32m"filter-group"[39m
          [36m>[39m
            [36m<label[39m
              [33mclass[39m=[32m"filter-label"[39m
              [33mfor[39m=[32m"expenseType"[39m
            [36m>[39m
              [0mExpense Type[0m
            [36m</label>[39m
            [36m<select[39m
              [33maria-label[39m=[32m"Filter transactions by expense type"[39m
              [33mclass[39m=[32m"filter-select"[39m
              [33mid[39m=[32m"expenseType"[39m
            [36m>[39m
              [36m<option[39m
                [33mvalue[39m=[32m""[39m
              [36m>[39m
                [0mAll Types[0m
              [36m</option>[39m
              [36m<option[39m
                [33mvalue[39m=[32m"SHUTTLE"[39m
              [36m>[39m
                [0mSHUTTLE[0m
              [36m</option>[39m
            [36m</select>[39m
          [36m</div>[39m
          [36m<div[39m
            [33mclass[39m=[32m"filter-group filter-button-group"[39m
          [36m>[39m
            [36m<button[39m
              [33maria-label[39m=[32m"Clear all active filters"[39m
              [33mclass[39m=[32m"btn-secondary filter-button"[39m
            [36m>[39m
              [0mClear Filters[0m
            [36m</button>[39m
          [36m</div>[39m
        [36m</div>[39m
        [36m<div[39m
          [33mclass[39m=[32m"active-filters"[39m
        [36m>[39m
          [36m<span[39m
            [33mclass[39m=[32m"filter-badge"[39m
          [36m>[39m
            [0mFrom: [0m
            [0m1/1/2026[0m
          [36m</span>[39m
        [36m</div>[39m
        [36m<div[39m
          [33mclass[39m=[32m"filter-result-info"[39m
        [36m>[39m
          [0mShowing [0m
          [0m3[0m
          [0m transaction[0m
          [0ms[0m
          [0m (filtered from 3 total)[0m
        [36m</div>[39m
      [36m</section>[39m
      [36m<div[39m
        [33mclass[39m=[32m"payment-stats-grid"[39m
      [36m>[39m
        [36m<div[39m
          [33mclass[39m=[32m"stat-card"[39m
        [36m>[39m
          [36m<div[39m
            [33mclass[39m=[32m"stat-label"[39m
          [36m>[39m
            [0mTotal Income[0m
          [36m</div>[39m
          [36m<div[39m
            [33mclass[39m=[32m"stat-value"[39m
          [36m>[39m
            [0m₹2,000[0m
          [36m</div>[39m
        [36m</div>[39m
        [36m<div[39m
          [33mclass[39m=[32m"stat-card"[39m
        [36m>[39m
          [36m<div[39m
            [33mclass[39m=[32m"stat-label"[39m
          [36m>[39m
            [0mTotal Expenses[0m
          [36m</div>[39m
          [36m<div[39m
            [33mclass[39m=[32m"stat-value"[39m
          [36m>[39m
            [0m₹500[0m
          [36m</div>[39m
        [36m</div>[39m
        [36m<div[39m
          [33mclass[39m=[32m"stat-card"[39m
        [36m>[39m
          [36m<div[39m
            [33mclass[39m=[32m"stat-label"[39m
          [36m>[39m
            [0mNet Balance[0m
          [36m</div>[39m
          [36m<div[39m
            [33mclass[39m=[32m"stat-value positive"[39m
          [36m>[39m
            [0m₹1,500[0m
          [36m</div>[39m
        [36m</div>[39m
        [36m<div[39m
          [33mclass[39m=[32m"stat-card stat-card--success"[39m
        [36m>[39m
          [36m<div[39m
            [33mclass[39m=[32m"stat-label"[39m
          [36m>[39m
            [0mPaid[0m
          [36m</div>[39m
          [36m<div[39m
            [33mclass[39m=[32m"stat-value"[39m
          [36m>[39m
            [0m₹2,000[0m
          [36m</div>[39m
        [36m</div>[39m
        [36m<div[39m
          [33mclass[39m=[32m"stat-card stat-card--warning"[39m
        [36m>[39m
          [36m<div[39m
            [33mclass[39m=[32m"stat-label"[39m
          [36m>[39m
            [0mPending[0m
          [36m</div>[39m
          [36m<div[39m
            [33mclass[39m=[32m"stat-value"[39m
          [36m>[39m
            [0m₹0[0m
          [36m</div>[39m
        [36m</div>[39m
        [36m<div[39m
          [33mclass[39m=[32m"stat-card stat-card--danger"[39m
        [36m>[39m
          [36m<div[39m
            [33mclass[39m=[32m"stat-label"[39m
          [36m>[39m
            [0mOverdue[0m
          [36m</div>[39m
          [36m<div[39m
            [33mclass[39m=[32m"stat-value"[39m
          [36m>[39m
            [0m₹0[0m
          [36m</div>[39m
        [36m</div>[39m
      [36m</div>[39m
      [36m<section[39m
        [33maria-label[39m=[32m"Income records"[39m
        [33mclass[39m=[32m"payment-section"[39m
      [36m>[39m
        [36m<h4[39m
          [33mclass[39m=[32m"section-title"[39m
        [36m>[39m
          [0mIncome Records[0m
        [36m</h4>[39m
        [36m<div[39m
          [33mclass[39m=[32m"payment-table-container"[39m
        [36m>[39m
          [36m<table[39m
            [33maria-label[39m=[32m"Student fee income transactions"[39m
            [33mclass[39m=[32m"payment-table"[39m
          [36m>[39m
            [36m<thead>[39m
              [36m<tr>[39m
                [36m<th[39m
                  [33mscope[39m=[32m"col"[39m
                [36m>[39m
                  [0mType[0m
                [36m</th>[39m
                [36m<th[39m
                  [33mscope[39m=[32m"col"[39m
                [36m>[39m
                  [0mStudent Name[0m
                [36m</th>[39m
                [36m<th[39m
                  [33mscope[39m=[32m"col"[39m
                [36m>[39m
                  [0mAmount[0m
                [36m</th>[39m
                [36m<th[39m
                  [33mscope[39m=[32m"col"[39m
                [36m>[39m
                  [0mDate[0m
                [36m</th>[39m
                [36m<th[39m
                  [33mscope[39m=[32m"col"[39m
                [36m>[39m
                  [0mDetails[0m
                [36m</th>[39m
                [36m<th[39m
                  [33mscope[39m=[32m"col"[39m
                [36m>[39m
                  [0mStatus[0m
                [36m</th>[39m
              [36m</tr>[39m
            [36m</thead>[39m
            [36m<tbody>[39m
              [36m<tr[39m
                [33mclass[39m=[32m"row-fee"[39m
              [36m>[39m
                [36m<td[39m
                  [33mclass[39m=[32m"cell-type"[39m
                [36m>[39m
                  [36m<span[39m
                    [33mclass[39m=[32m"type-badge type-badge--income"[39m
                  [36m>[39m
                    [0mIncome[0m
                  [36m</span>[39m
                [36m</td>[39m
                [36m<td[39m
                  [33mclass[39m=[32m"cell-student"[39m
                [36m>[39m
                  [36m<div[39m
                    [33mclass[39m=[32m"student-cell"[39m
                  [36m>[39m
                    [36m<span[39m
                      [33mclass[39m=[32m"student-name"[39m
                    [36m>[39m
                      [0mNeha Sharma[0m
                    [36m</span>[39m
                    [36m<span[39m
                      [33mclass[39m=[32m"student-email"[39m
                    [36m>[39m
                      [0mneha@example.com[0m
                    [36m</span>[39m
                  [36m</div>[39m
                [36m</td>[39m
                [36m<td[39m
                  [33mclass[39m=[32m"cell-amount"[39m
                [36m>[39m
                  [0m₹1,000[0m
                [36m</td>[39m
                [36m<td[39m
                  [33mclass[39m=[32m"cell-date"[39m
                [36m>[39m
                  [0m15 Jan 2026[0m
                [36m</td>[39m
                [36m<td[39m
                  [33mclass[39m=[32m"cell-details"[39m
                [36m>[39m
                  [36m<span[39m
                    [33mclass[39m=[32m"detail-month"[39m
                  [36m>[39m
                    [0mJanuary 2026[0m
                  [36m</span>[39m
                  [36m<span[39m
                    [33mclass[39m=[32m"detail-ref"[39m
                  [36m>[39m
                    [0mRef: [0m
                    [0mCASH001[0m
                  [36m</span>[39m
                [36m</td>[39m
                [36m<td[39m
                  [33mclass[39m=[32m"cell-status"[39m
                [36m>[39m
                  [36m<span[39m
                    [33mclass[39m=[32m"badge badge--success"[39m
                  [36m>[39m
                    [0mPaid[0m
                  [36m</span>[39m
                [36m</td>[39m
              [36m</tr>[39m
              [36m<tr[39m
                [33mclass[39m=[32m"row-fee"[39m
              [36m>[39m
                [36m<td[39m
                  [33mclass[39m=[32m"cell-type"[39m
                [36m>[39m
                  [36m<span[39m
                    [33mclass[39m=[32m"type-badge type-badge--income"[39m
                  [36m>[39m
                    [0mIncome[0m
                  [36m</span>[39m
                [36m</td>[39m
                [36m<td[39m
                  [33mclass[39m=[32m"cell-student"[39m
                [36m>[39m
                  [36m<div[39m
                    [33mclass[39m=[32m"student-cell"[39m
                  [36m>[39m
                    [36m<span[39m
                      [33mclass[39m=[32m"student-name"[39m
                    [36m>[39m
                      [0mArjun Verma[0m
                    [36m</span>[39m
                    [36m<span[39m
                      [33mclass[39m=[32m"student-email"[39m
                    [36m>[39m
                      [0marjun@example.com[0m
                    [36m</span>[39m
                  [36m</div>[39m
                [36m</td>[39m
                [36m<td[39m
                  [33mclass[39m=[32m"cell-amount"[39m
                [36m>[39m
                  [0m₹1,000[0m
                [36m</td>[39m
                [36m<td[39m
                  [33mclass[39m=[32m"cell-date"[39m
                [36m>[39m
                  [0m10 Jan 2026[0m
                [36m</td>[39m
                [36m<td[39m
                  [33mclass[39m=[32m"cell-details"[39m
                [36m>[39m
                  [36m<span[39m
                    [33mclass[39m=[32m"detail-month"[39m
                  [36m>[39m
                    [0mJanuary 2026[0m
                  [36m</span>[39m
                  [36m<span[39m
                    [33mclass[39m=[32m"detail-ref"[39m
                  [36m>[39m
                    [0mRef: [0m
                    [0mUPI001[0m
                  [36m</span>[39m
                [36m</td>[39m
                [36m<td[39m
                  [33mclass[39m=[32m"cell-status"[39m
                [36m>[39m
                  [36m<span[39m
                    [33mclass[39m=[32m"badge badge--success"[39m
                  [36m>[39m
                    [0mPaid[0m
                  [36m</span>[39m
                [36m</td>[39m
              [36m</tr>[39m
            [36m</tbody>[39m
          [36m</table>[39m
        [36m</div>[39m
      [36m</section>[39m
      [36m<section[39m
        [33maria-label[39m=[32m"Expense records"[39m
        [33mclass[39m=[32m"payment-section"[39m
      [36m>[39m
        [36m<div[39m
          [33mclass[39m=[32m"expense-ledger"[39m
        [36m>[39m
          [36m<div[39m
            [33mclass[39m=[32m"expense-ledger-header"[39m
          [36m>[39m
            [36m<h4[39m
              [33mclass[39m=[32m"ledger-title"[39m
            [36m>[39m
              [0mExpense Records[0m
            [36m</h4>[39m
            [36m<span[39m
              [33mclass[39m=[32m"ledger-count"[39m
            [36m>[39m
              [0m1[0m
              [0m [0m
              [0mrecord[0m
            [36m</span>[39m
          [36m</div>[39m
          [36m<div[39m
            [33mclass[39m=[32m"ledger-table-container"[39m
          [36m>[39m
            [36m<table[39m
              [33mclass[39m=[32m"ledger-table"[39m
            [36m>[39m
              [36m<thead>[39m
                [36m<tr>[39m
                  [36m<th[39m
                    [33mclass[39m=[32m"col-type"[39m
                  [36m>[39m
                    [0mType[0m
                  [36m</th>[39m
                  [36m<th[39m
                    [33mclass[39m=[32m"col-amount"[39m
                  [36m>[39m
                    [0mAmount[0m
                  [36m</th>[39m
                  [36m<th[39m
                    [33mclass[39m=[32m"col-date"[39m
                  [36m>[39m
                    [0mDate[0m
                  [36m</th>[39m
                  [36m<th[39m
                    [33mclass[39m=[32m"col-description"[39m
                  [36m>[39m
                    [0mDescription[0m
                  [36m</th>[39m
                  [36m<th[39m
                    [33mclass[39m=[32m"col-created-by"[39m
                  [36m>[39m
                    [0mCreated By[0m
                  [36m</th>[39m
                  [36m<th[39m
                    [33mclass[39m=[32m"col-actions"[39m
                  [36m>[39m
                    [0mActions[0m
                  [36m</th>[39m
                [36m</tr>[39m
              [36m</thead>[39m
              [36m<tbody>[39m
                [36m<tr[39m
                  [33mclass[39m=[32m"ledger-row"[39m
                [36m>[39m
                  [36m<td[39m
                    [33mclass[39m=[32m"col-type"[39m
                  [36m>[39m
                    [36m<span[39m
                      [33mclass[39m=[32m"expense-type-badge"[39m
                    [36m>[39m
                      [0mShuttle[0m
                    [36m</span>[39m
                  [36m</td>[39m
                  [36m<td[39m
                    [33mclass[39m=[32m"col-amount"[39m
                  [36m>[39m
                    [36m<span[39m
                      [33mclass[39m=[32m"amount-value"[39m
                    [36m>[39m
                      [0m₹500[0m
                    [36m</span>[39m
                  [36m</td>[39m
                  [36m<td[39m
                    [33mclass[39m=[32m"col-date"[39m
                  [36m>[39m
                    [36m<span[39m
                      [33mclass[39m=[32m"date-value"[39m
                    [36m>[39m
                      [0m5 Jan 2026[0m
                    [36m</span>[39m
                  [36m</td>[39m
                  [36m<td[39m
                    [33mclass[39m=[32m"col-description"[39m
                  [36m>[39m
                    [36m<span[39m
                      [33mclass[39m=[32m"description-value"[39m
                      [33mtitle[39m=[32m"Shuttle for training"[39m
                    [36m>[39m
                      [0mShuttle for training[0m
                    [36m</span>[39m
                  [36m</td>[39m
                  [36m<td[39m
                    [33mclass[39m=[32m"col-created-by"[39m
                  [36m>[39m
                    [36m<span[39m
                      [33mclass[39m=[32m"created-by-value"[39m
                    [36m>[39m
                      [0mcoach-001[0m
                    [36m</span>[39m
                  [36m</td>[39m
                  [36m<td[39m
                    [33mclass[39m=[32m"col-actions"[39m
                  [36m>[39m
                    [36m<div[39m
                      [33mclass[39m=[32m"action-buttons"[39m
                    [36m>[39m
                      [36m<button[39m
                        [33maria-label[39m=[32m"Edit expense: Shuttle for training"[39m
                        [33mclass[39m=[32m"btn-action btn-edit"[39m
                        [33mtitle[39m=[32m"Edit expense"[39m
                        [33mtype[39m=[32m"button"[39m
                      [36m>[39m
                        [36m<svg[39m
                          [33mfill[39m=[32m"none"[39m
                          [33mheight[39m=[32m"16"[39m
                          [33mstroke[39m=[32m"currentColor"[39m
                          [33mviewBox[39m=[32m"0 0 24 24"[39m
                          [33mwidth[39m=[32m"16"[39m
                        [36m>[39m
                          [36m<path[39m
                            [33md[39m=[32m"M11 5H6a2 2 0 00-2 2v11a2 2 0 002 2h11a2 2 0 002-2v-5m-1.414-9.414a2 2 0 112.828 2.828L11.828 15H9v-2.828l8.586-8.586z"[39m
                            [33mstroke-linecap[39m=[32m"round"[39m
                            [33mstroke-linejoin[39m=[32m"round"[39m
                            [33mstroke-width[39m=[32m"2"[39m
                          [36m/>[39m
                        [36m</svg>[39m
                        [36m<span[39m
                          [33mclass[39m=[32m"btn-text"[39m
                        [36m>[39m
                          [0mEdit[0m
                        [36m</span>[39m
                      [36m</button>[39m
                      [36m<button[39m
                        [33maria-label[39m=[32m"Delete expense: Shuttle for training"[39m
                        [33mclass[39m=[32m"btn-action btn-delete"[39m
                        [33mtitle[39m=[32m"Delete expense"[39m
                        [33mtype[39m=[32m"button"[39m
                      [36m>[39m
                        [36m<svg[39m
                          [33mfill[39m=[32m"none"[39m
                          [33mheight[39m=[32m"16"[39m
                          [33mstroke[39m=[32m"currentColor"[39m
                          [33mviewBox[39m=[32m"0 0 24 24"[39m
                          [33mwidth[39m=[32m"16"[39m
                        [36m>[39m
                          [36m<path[39m
                            [33md[39m=[32m"M19 7l-.867 12.142A2 2 0 0116.138 21H7.862a2 2 0 01-1.995-1.858L5 7m5 4v6m4-6v6m1-10V4a1 1 0 00-1-1h-4a1 1 0 00-1 1v3M4 7h16"[39m
                            [33mstroke-linecap[39m=[32m"round"[39m
                            [33mstroke-linejoin[39m=[32m"round"[39m
                            [33mstroke-width[39m=[32m"2"[39m
                          [36m/>[39m
                        [36m</svg>[39m
                        [36m<span[39m
                          [33mclass[39m=[32m"btn-text"[39m
                        [36m>[39m
                          [0mDelete[0m
                        [36m</span>[39m
                      [36m</button>[39m
                    [36m</div>[39m
                  [36m</td>[39m
                [36m</tr>[39m
              [36m</tbody>[39m
            [36m</table>[39m
          [36m</div>[39m
        [36m</div>[39m
      [36m</section>[39m
    [36m</div>[39m
  [36m</div>[39m
[36m</body>[39m
 ❯ Object.getElementError node_modules/@testing-library/dom/dist/config.js:37:19
 ❯ node_modules/@testing-library/dom/dist/query-helpers.js:76:38
 ❯ node_modules/@testing-library/dom/dist/query-helpers.js:52:17
 ❯ node_modules/@testing-library/dom/dist/query-helpers.js:95:19
 ❯ src/components/CoachPaymentsTab.test.tsx:189:34
    187|
    188|       // Clear Filters button should appear
    189|       const clearButton = screen.getByRole('button', { name: /Clear Fi…
       |                                  ^
    190|       expect(clearButton).toBeInTheDocument();
    191|     });

⎯⎯⎯⎯⎯⎯⎯⎯⎯⎯⎯⎯⎯⎯⎯⎯⎯⎯⎯⎯⎯[12/107]⎯

 FAIL  src/components/CoachPaymentsTab.test.tsx > CoachPaymentsTab > Filter and Sort > should clear all filters when Clear Filters button is clicked
TestingLibraryElementError: Unable to find an accessible element with the role "button" and name `/Clear Filters/i`

Here are the accessible roles:

  heading:

  Name "Payment Records & Expenses":
  [36m<h3[39m
    [33mclass[39m=[32m"tab-title"[39m
  [36m/>[39m

  Name "Income Records":
  [36m<h4[39m
    [33mclass[39m=[32m"section-title"[39m
  [36m/>[39m

  Name "Expense Records":
  [36m<h4[39m
    [33mclass[39m=[32m"ledger-title"[39m
  [36m/>[39m

  --------------------------------------------------
  region:

  Name "Payment transaction filters":
  [36m<section[39m
    [33maria-label[39m=[32m"Payment transaction filters"[39m
    [33mclass[39m=[32m"filters-section"[39m
  [36m/>[39m

  Name "Income records":
  [36m<section[39m
    [33maria-label[39m=[32m"Income records"[39m
    [33mclass[39m=[32m"payment-section"[39m
  [36m/>[39m

  Name "Expense records":
  [36m<section[39m
    [33maria-label[39m=[32m"Expense records"[39m
    [33mclass[39m=[32m"payment-section"[39m
  [36m/>[39m

  --------------------------------------------------
  combobox:

  Name "Filter transactions by student":
  [36m<select[39m
    [33maria-label[39m=[32m"Filter transactions by student"[39m
    [33mclass[39m=[32m"filter-select"[39m
    [33mid[39m=[32m"student"[39m
  [36m/>[39m

  Name "Filter transactions by batch":
  [36m<select[39m
    [33maria-label[39m=[32m"Filter transactions by batch"[39m
    [33mclass[39m=[32m"filter-select"[39m
    [33mid[39m=[32m"batch"[39m
  [36m/>[39m

  Name "Filter transactions by payment method":
  [36m<select[39m
    [33maria-label[39m=[32m"Filter transactions by payment method"[39m
    [33mclass[39m=[32m"filter-select"[39m
    [33mid[39m=[32m"paymentMethod"[39m
  [36m/>[39m

  Name "Filter transactions by expense type":
  [36m<select[39m
    [33maria-label[39m=[32m"Filter transactions by expense type"[39m
    [33mclass[39m=[32m"filter-select"[39m
    [33mid[39m=[32m"expenseType"[39m
  [36m/>[39m

  --------------------------------------------------
  option:

  Name "All Students":
  [36m<option[39m
    [33mvalue[39m=[32m""[39m
  [36m/>[39m

  Name "Arjun Verma":
  [36m<option[39m
    [33mvalue[39m=[32m"student-001"[39m
  [36m/>[39m

  Name "Neha Sharma":
  [36m<option[39m
    [33mvalue[39m=[32m"student-002"[39m
  [36m/>[39m

  Name "All Batches":
  [36m<option[39m
    [33mvalue[39m=[32m""[39m
  [36m/>[39m

  Name "batch-001":
  [36m<option[39m
    [33mvalue[39m=[32m"batch-001"[39m
  [36m/>[39m

  Name "All Methods":
  [36m<option[39m
    [33mvalue[39m=[32m""[39m
  [36m/>[39m

  Name "CASH":
  [36m<option[39m
    [33mvalue[39m=[32m"CASH"[39m
  [36m/>[39m

  Name "UPI":
  [36m<option[39m
    [33mvalue[39m=[32m"UPI"[39m
  [36m/>[39m

  Name "All Types":
  [36m<option[39m
    [33mvalue[39m=[32m""[39m
  [36m/>[39m

  Name "SHUTTLE":
  [36m<option[39m
    [33mvalue[39m=[32m"SHUTTLE"[39m
  [36m/>[39m

  --------------------------------------------------
  button:

  Name "Clear all active filters":
  [36m<button[39m
    [33maria-label[39m=[32m"Clear all active filters"[39m
    [33mclass[39m=[32m"btn-secondary filter-button"[39m
  [36m/>[39m

  Name "Edit expense: Shuttle for training":
  [36m<button[39m
    [33maria-label[39m=[32m"Edit expense: Shuttle for training"[39m
    [33mclass[39m=[32m"btn-action btn-edit"[39m
    [33mtitle[39m=[32m"Edit expense"[39m
    [33mtype[39m=[32m"button"[39m
  [36m/>[39m

  Name "Delete expense: Shuttle for training":
  [36m<button[39m
    [33maria-label[39m=[32m"Delete expense: Shuttle for training"[39m
    [33mclass[39m=[32m"btn-action btn-delete"[39m
    [33mtitle[39m=[32m"Delete expense"[39m
    [33mtype[39m=[32m"button"[39m
  [36m/>[39m

  --------------------------------------------------
  table:

  Name "Student fee income transactions":
  [36m<table[39m
    [33maria-label[39m=[32m"Student fee income transactions"[39m
    [33mclass[39m=[32m"payment-table"[39m
  [36m/>[39m

  Name "":
  [36m<table[39m
    [33mclass[39m=[32m"ledger-table"[39m
  [36m/>[39m

  --------------------------------------------------
  rowgroup:

  Name "":
  [36m<thead />[39m

  Name "":
  [36m<tbody />[39m

  Name "":
  [36m<thead />[39m

  Name "":
  [36m<tbody />[39m

  --------------------------------------------------
  row:

  Name "Type Student Name Amount Date Details Status":
  [36m<tr />[39m

  Name "Income Neha Sharmaneha@example.com ₹1,000 15 Jan 2026 January 2026Ref: CASH001 Paid":
  [36m<tr[39m
    [33mclass[39m=[32m"row-fee"[39m
  [36m/>[39m

  Name "Income Arjun Vermaarjun@example.com ₹1,000 10 Jan 2026 January 2026Ref: UPI001 Paid":
  [36m<tr[39m
    [33mclass[39m=[32m"row-fee"[39m
  [36m/>[39m

  Name "Type Amount Date Description Created By Actions":
  [36m<tr />[39m

  Name "Shuttle ₹500 5 Jan 2026 Shuttle for training coach-001 Edit Delete":
  [36m<tr[39m
    [33mclass[39m=[32m"ledger-row"[39m
  [36m/>[39m

  --------------------------------------------------
  columnheader:

  Name "Type":
  [36m<th[39m
    [33mscope[39m=[32m"col"[39m
  [36m/>[39m

  Name "Student Name":
  [36m<th[39m
    [33mscope[39m=[32m"col"[39m
  [36m/>[39m

  Name "Amount":
  [36m<th[39m
    [33mscope[39m=[32m"col"[39m
  [36m/>[39m

  Name "Date":
  [36m<th[39m
    [33mscope[39m=[32m"col"[39m
  [36m/>[39m

  Name "Details":
  [36m<th[39m
    [33mscope[39m=[32m"col"[39m
  [36m/>[39m

  Name "Status":
  [36m<th[39m
    [33mscope[39m=[32m"col"[39m
  [36m/>[39m

  Name "Type":
  [36m<th[39m
    [33mclass[39m=[32m"col-type"[39m
  [36m/>[39m

  Name "Amount":
  [36m<th[39m
    [33mclass[39m=[32m"col-amount"[39m
  [36m/>[39m

  Name "Date":
  [36m<th[39m
    [33mclass[39m=[32m"col-date"[39m
  [36m/>[39m

  Name "Description":
  [36m<th[39m
    [33mclass[39m=[32m"col-description"[39m
  [36m/>[39m

  Name "Created By":
  [36m<th[39m
    [33mclass[39m=[32m"col-created-by"[39m
  [36m/>[39m

  Name "Actions":
  [36m<th[39m
    [33mclass[39m=[32m"col-actions"[39m
  [36m/>[39m

  --------------------------------------------------
  cell:

  Name "Income":
  [36m<td[39m
    [33mclass[39m=[32m"cell-type"[39m
  [36m/>[39m

  Name "Neha Sharmaneha@example.com":
  [36m<td[39m
    [33mclass[39m=[32m"cell-student"[39m
  [36m/>[39m

  Name "₹1,000":
  [36m<td[39m
    [33mclass[39m=[32m"cell-amount"[39m
  [36m/>[39m

  Name "15 Jan 2026":
  [36m<td[39m
    [33mclass[39m=[32m"cell-date"[39m
  [36m/>[39m

  Name "January 2026Ref: CASH001":
  [36m<td[39m
    [33mclass[39m=[32m"cell-details"[39m
  [36m/>[39m

  Name "Paid":
  [36m<td[39m
    [33mclass[39m=[32m"cell-status"[39m
  [36m/>[39m

  Name "Income":
  [36m<td[39m
    [33mclass[39m=[32m"cell-type"[39m
  [36m/>[39m

  Name "Arjun Vermaarjun@example.com":
  [36m<td[39m
    [33mclass[39m=[32m"cell-student"[39m
  [36m/>[39m

  Name "₹1,000":
  [36m<td[39m
    [33mclass[39m=[32m"cell-amount"[39m
  [36m/>[39m

  Name "10 Jan 2026":
  [36m<td[39m
    [33mclass[39m=[32m"cell-date"[39m
  [36m/>[39m

  Name "January 2026Ref: UPI001":
  [36m<td[39m
    [33mclass[39m=[32m"cell-details"[39m
  [36m/>[39m

  Name "Paid":
  [36m<td[39m
    [33mclass[39m=[32m"cell-status"[39m
  [36m/>[39m

  Name "Shuttle":
  [36m<td[39m
    [33mclass[39m=[32m"col-type"[39m
  [36m/>[39m

  Name "₹500":
  [36m<td[39m
    [33mclass[39m=[32m"col-amount"[39m
  [36m/>[39m

  Name "5 Jan 2026":
  [36m<td[39m
    [33mclass[39m=[32m"col-date"[39m
  [36m/>[39m

  Name "Shuttle for training":
  [36m<td[39m
    [33mclass[39m=[32m"col-description"[39m
  [36m/>[39m

  Name "coach-001":
  [36m<td[39m
    [33mclass[39m=[32m"col-created-by"[39m
  [36m/>[39m

  Name "Edit Delete":
  [36m<td[39m
    [33mclass[39m=[32m"col-actions"[39m
  [36m/>[39m

  --------------------------------------------------

Ignored nodes: comments, script, style
[36m<body>[39m
  [36m<div>[39m
    [36m<div[39m
      [33mclass[39m=[32m"coach-profile-tab-content"[39m
    [36m>[39m
      [36m<div[39m
        [33mclass[39m=[32m"tab-header"[39m
      [36m>[39m
        [36m<h3[39m
          [33mclass[39m=[32m"tab-title"[39m
        [36m>[39m
          [0mPayment Records & Expenses[0m
        [36m</h3>[39m
      [36m</div>[39m
      [36m<section[39m
        [33maria-label[39m=[32m"Payment transaction filters"[39m
        [33mclass[39m=[32m"filters-section"[39m
      [36m>[39m
        [36m<div[39m
          [33mclass[39m=[32m"filters-container"[39m
        [36m>[39m
          [36m<div[39m
            [33mclass[39m=[32m"filter-group"[39m
          [36m>[39m
            [36m<label[39m
              [33mclass[39m=[32m"filter-label"[39m
              [33mfor[39m=[32m"dateFrom"[39m
            [36m>[39m
              [0mFrom Date[0m
            [36m</label>[39m
            [36m<input[39m
              [33maria-label[39m=[32m"Filter transactions from date"[39m
              [33mclass[39m=[32m"filter-input"[39m
              [33mid[39m=[32m"dateFrom"[39m
              [33mtype[39m=[32m"date"[39m
              [33mvalue[39m=[32m"2026-01-01"[39m
            [36m/>[39m
          [36m</div>[39m
          [36m<div[39m
            [33mclass[39m=[32m"filter-group"[39m
          [36m>[39m
            [36m<label[39m
              [33mclass[39m=[32m"filter-label"[39m
              [33mfor[39m=[32m"dateTo"[39m
            [36m>[39m
              [0mTo Date[0m
            [36m</label>[39m
            [36m<input[39m
              [33maria-label[39m=[32m"Filter transactions to date"[39m
              [33mclass[39m=[32m"filter-input"[39m
              [33mid[39m=[32m"dateTo"[39m
              [33mtype[39m=[32m"date"[39m
              [33mvalue[39m=[32m""[39m
            [36m/>[39m
          [36m</div>[39m
          [36m<div[39m
            [33mclass[39m=[32m"filter-group"[39m
          [36m>[39m
            [36m<label[39m
              [33mclass[39m=[32m"filter-label"[39m
              [33mfor[39m=[32m"student"[39m
            [36m>[39m
              [0mStudent[0m
            [36m</label>[39m
            [36m<select[39m
              [33maria-label[39m=[32m"Filter transactions by student"[39m
              [33mclass[39m=[32m"filter-select"[39m
              [33mid[39m=[32m"student"[39m
            [36m>[39m
              [36m<option[39m
                [33mvalue[39m=[32m""[39m
              [36m>[39m
                [0mAll Students[0m
              [36m</option>[39m
              [36m<option[39m
                [33mvalue[39m=[32m"student-001"[39m
              [36m>[39m
                [0mArjun Verma[0m
              [36m</option>[39m
              [36m<option[39m
                [33mvalue[39m=[32m"student-002"[39m
              [36m>[39m
                [0mNeha Sharma[0m
              [36m</option>[39m
            [36m</select>[39m
          [36m</div>[39m
          [36m<div[39m
            [33mclass[39m=[32m"filter-group"[39m
          [36m>[39m
            [36m<label[39m
              [33mclass[39m=[32m"filter-label"[39m
              [33mfor[39m=[32m"batch"[39m
            [36m>[39m
              [0mBatch[0m
            [36m</label>[39m
            [36m<select[39m
              [33maria-label[39m=[32m"Filter transactions by batch"[39m
              [33mclass[39m=[32m"filter-select"[39m
              [33mid[39m=[32m"batch"[39m
            [36m>[39m
              [36m<option[39m
                [33mvalue[39m=[32m""[39m
              [36m>[39m
                [0mAll Batches[0m
              [36m</option>[39m
              [36m<option[39m
                [33mvalue[39m=[32m"batch-001"[39m
              [36m>[39m
                [0mbatch-001[0m
              [36m</option>[39m
            [36m</select>[39m
          [36m</div>[39m
          [36m<div[39m
            [33mclass[39m=[32m"filter-group"[39m
          [36m>[39m
            [36m<label[39m
              [33mclass[39m=[32m"filter-label"[39m
              [33mfor[39m=[32m"paymentMethod"[39m
            [36m>[39m
              [0mPayment Method[0m
            [36m</label>[39m
            [36m<select[39m
              [33maria-label[39m=[32m"Filter transactions by payment method"[39m
              [33mclass[39m=[32m"filter-select"[39m
              [33mid[39m=[32m"paymentMethod"[39m
            [36m>[39m
              [36m<option[39m
                [33mvalue[39m=[32m""[39m
              [36m>[39m
                [0mAll Methods[0m
              [36m</option>[39m
              [36m<option[39m
                [33mvalue[39m=[32m"CASH"[39m
              [36m>[39m
                [0mCASH[0m
              [36m</option>[39m
              [36m<option[39m
                [33mvalue[39m=[32m"UPI"[39m
              [36m>[39m
                [0mUPI[0m
              [36m</option>[39m
            [36m</select>[39m
          [36m</div>[39m
          [36m<div[39m
            [33mclass[39m=[32m"filter-group"[39m
          [36m>[39m
            [36m<label[39m
              [33mclass[39m=[32m"filter-label"[39m
              [33mfor[39m=[32m"expenseType"[39m
            [36m>[39m
              [0mExpense Type[0m
            [36m</label>[39m
            [36m<select[39m
              [33maria-label[39m=[32m"Filter transactions by expense type"[39m
              [33mclass[39m=[32m"filter-select"[39m
              [33mid[39m=[32m"expenseType"[39m
            [36m>[39m
              [36m<option[39m
                [33mvalue[39m=[32m""[39m
              [36m>[39m
                [0mAll Types[0m
              [36m</option>[39m
              [36m<option[39m
                [33mvalue[39m=[32m"SHUTTLE"[39m
              [36m>[39m
                [0mSHUTTLE[0m
              [36m</option>[39m
            [36m</select>[39m
          [36m</div>[39m
          [36m<div[39m
            [33mclass[39m=[32m"filter-group filter-button-group"[39m
          [36m>[39m
            [36m<button[39m
              [33maria-label[39m=[32m"Clear all active filters"[39m
              [33mclass[39m=[32m"btn-secondary filter-button"[39m
            [36m>[39m
              [0mClear Filters[0m
            [36m</button>[39m
          [36m</div>[39m
        [36m</div>[39m
        [36m<div[39m
          [33mclass[39m=[32m"active-filters"[39m
        [36m>[39m
          [36m<span[39m
            [33mclass[39m=[32m"filter-badge"[39m
          [36m>[39m
            [0mFrom: [0m
            [0m1/1/2026[0m
          [36m</span>[39m
        [36m</div>[39m
        [36m<div[39m
          [33mclass[39m=[32m"filter-result-info"[39m
        [36m>[39m
          [0mShowing [0m
          [0m3[0m
          [0m transaction[0m
          [0ms[0m
          [0m (filtered from 3 total)[0m
        [36m</div>[39m
      [36m</section>[39m
      [36m<div[39m
        [33mclass[39m=[32m"payment-stats-grid"[39m
      [36m>[39m
        [36m<div[39m
          [33mclass[39m=[32m"stat-card"[39m
        [36m>[39m
          [36m<div[39m
            [33mclass[39m=[32m"stat-label"[39m
          [36m>[39m
            [0mTotal Income[0m
          [36m</div>[39m
          [36m<div[39m
            [33mclass[39m=[32m"stat-value"[39m
          [36m>[39m
            [0m₹2,000[0m
          [36m</div>[39m
        [36m</div>[39m
        [36m<div[39m
          [33mclass[39m=[32m"stat-card"[39m
        [36m>[39m
          [36m<div[39m
            [33mclass[39m=[32m"stat-label"[39m
          [36m>[39m
            [0mTotal Expenses[0m
          [36m</div>[39m
          [36m<div[39m
            [33mclass[39m=[32m"stat-value"[39m
          [36m>[39m
            [0m₹500[0m
          [36m</div>[39m
        [36m</div>[39m
        [36m<div[39m
          [33mclass[39m=[32m"stat-card"[39m
        [36m>[39m
          [36m<div[39m
            [33mclass[39m=[32m"stat-label"[39m
          [36m>[39m
            [0mNet Balance[0m
          [36m</div>[39m
          [36m<div[39m
            [33mclass[39m=[32m"stat-value positive"[39m
          [36m>[39m
            [0m₹1,500[0m
          [36m</div>[39m
        [36m</div>[39m
        [36m<div[39m
          [33mclass[39m=[32m"stat-card stat-card--success"[39m
        [36m>[39m
          [36m<div[39m
            [33mclass[39m=[32m"stat-label"[39m
          [36m>[39m
            [0mPaid[0m
          [36m</div>[39m
          [36m<div[39m
            [33mclass[39m=[32m"stat-value"[39m
          [36m>[39m
            [0m₹2,000[0m
          [36m</div>[39m
        [36m</div>[39m
        [36m<div[39m
          [33mclass[39m=[32m"stat-card stat-card--warning"[39m
        [36m>[39m
          [36m<div[39m
            [33mclass[39m=[32m"stat-label"[39m
          [36m>[39m
            [0mPending[0m
          [36m</div>[39m
          [36m<div[39m
            [33mclass[39m=[32m"stat-value"[39m
          [36m>[39m
            [0m₹0[0m
          [36m</div>[39m
        [36m</div>[39m
        [36m<div[39m
          [33mclass[39m=[32m"stat-card stat-card--danger"[39m
        [36m>[39m
          [36m<div[39m
            [33mclass[39m=[32m"stat-label"[39m
          [36m>[39m
            [0mOverdue[0m
          [36m</div>[39m
          [36m<div[39m
            [33mclass[39m=[32m"stat-value"[39m
          [36m>[39m
            [0m₹0[0m
          [36m</div>[39m
        [36m</div>[39m
      [36m</div>[39m
      [36m<section[39m
        [33maria-label[39m=[32m"Income records"[39m
        [33mclass[39m=[32m"payment-section"[39m
      [36m>[39m
        [36m<h4[39m
          [33mclass[39m=[32m"section-title"[39m
        [36m>[39m
          [0mIncome Records[0m
        [36m</h4>[39m
        [36m<div[39m
          [33mclass[39m=[32m"payment-table-container"[39m
        [36m>[39m
          [36m<table[39m
            [33maria-label[39m=[32m"Student fee income transactions"[39m
            [33mclass[39m=[32m"payment-table"[39m
          [36m>[39m
            [36m<thead>[39m
              [36m<tr>[39m
                [36m<th[39m
                  [33mscope[39m=[32m"col"[39m
                [36m>[39m
                  [0mType[0m
                [36m</th>[39m
                [36m<th[39m
                  [33mscope[39m=[32m"col"[39m
                [36m>[39m
                  [0mStudent Name[0m
                [36m</th>[39m
                [36m<th[39m
                  [33mscope[39m=[32m"col"[39m
                [36m>[39m
                  [0mAmount[0m
                [36m</th>[39m
                [36m<th[39m
                  [33mscope[39m=[32m"col"[39m
                [36m>[39m
                  [0mDate[0m
                [36m</th>[39m
                [36m<th[39m
                  [33mscope[39m=[32m"col"[39m
                [36m>[39m
                  [0mDetails[0m
                [36m</th>[39m
                [36m<th[39m
                  [33mscope[39m=[32m"col"[39m
                [36m>[39m
                  [0mStatus[0m
                [36m</th>[39m
              [36m</tr>[39m
            [36m</thead>[39m
            [36m<tbody>[39m
              [36m<tr[39m
                [33mclass[39m=[32m"row-fee"[39m
              [36m>[39m
                [36m<td[39m
                  [33mclass[39m=[32m"cell-type"[39m
                [36m>[39m
                  [36m<span[39m
                    [33mclass[39m=[32m"type-badge type-badge--income"[39m
                  [36m>[39m
                    [0mIncome[0m
                  [36m</span>[39m
                [36m</td>[39m
                [36m<td[39m
                  [33mclass[39m=[32m"cell-student"[39m
                [36m>[39m
                  [36m<div[39m
                    [33mclass[39m=[32m"student-cell"[39m
                  [36m>[39m
                    [36m<span[39m
                      [33mclass[39m=[32m"student-name"[39m
                    [36m>[39m
                      [0mNeha Sharma[0m
                    [36m</span>[39m
                    [36m<span[39m
                      [33mclass[39m=[32m"student-email"[39m
                    [36m>[39m
                      [0mneha@example.com[0m
                    [36m</span>[39m
                  [36m</div>[39m
                [36m</td>[39m
                [36m<td[39m
                  [33mclass[39m=[32m"cell-amount"[39m
                [36m>[39m
                  [0m₹1,000[0m
                [36m</td>[39m
                [36m<td[39m
                  [33mclass[39m=[32m"cell-date"[39m
                [36m>[39m
                  [0m15 Jan 2026[0m
                [36m</td>[39m
                [36m<td[39m
                  [33mclass[39m=[32m"cell-details"[39m
                [36m>[39m
                  [36m<span[39m
                    [33mclass[39m=[32m"detail-month"[39m
                  [36m>[39m
                    [0mJanuary 2026[0m
                  [36m</span>[39m
                  [36m<span[39m
                    [33mclass[39m=[32m"detail-ref"[39m
                  [36m>[39m
                    [0mRef: [0m
                    [0mCASH001[0m
                  [36m</span>[39m
                [36m</td>[39m
                [36m<td[39m
                  [33mclass[39m=[32m"cell-status"[39m
                [36m>[39m
                  [36m<span[39m
                    [33mclass[39m=[32m"badge badge--success"[39m
                  [36m>[39m
                    [0mPaid[0m
                  [36m</span>[39m
                [36m</td>[39m
              [36m</tr>[39m
              [36m<tr[39m
                [33mclass[39m=[32m"row-fee"[39m
              [36m>[39m
                [36m<td[39m
                  [33mclass[39m=[32m"cell-type"[39m
                [36m>[39m
                  [36m<span[39m
                    [33mclass[39m=[32m"type-badge type-badge--income"[39m
                  [36m>[39m
                    [0mIncome[0m
                  [36m</span>[39m
                [36m</td>[39m
                [36m<td[39m
                  [33mclass[39m=[32m"cell-student"[39m
                [36m>[39m
                  [36m<div[39m
                    [33mclass[39m=[32m"student-cell"[39m
                  [36m>[39m
                    [36m<span[39m
                      [33mclass[39m=[32m"student-name"[39m
                    [36m>[39m
                      [0mArjun Verma[0m
                    [36m</span>[39m
                    [36m<span[39m
                      [33mclass[39m=[32m"student-email"[39m
                    [36m>[39m
                      [0marjun@example.com[0m
                    [36m</span>[39m
                  [36m</div>[39m
                [36m</td>[39m
                [36m<td[39m
                  [33mclass[39m=[32m"cell-amount"[39m
                [36m>[39m
                  [0m₹1,000[0m
                [36m</td>[39m
                [36m<td[39m
                  [33mclass[39m=[32m"cell-date"[39m
                [36m>[39m
                  [0m10 Jan 2026[0m
                [36m</td>[39m
                [36m<td[39m
                  [33mclass[39m=[32m"cell-details"[39m
                [36m>[39m
                  [36m<span[39m
                    [33mclass[39m=[32m"detail-month"[39m
                  [36m>[39m
                    [0mJanuary 2026[0m
                  [36m</span>[39m
                  [36m<span[39m
                    [33mclass[39m=[32m"detail-ref"[39m
                  [36m>[39m
                    [0mRef: [0m
                    [0mUPI001[0m
                  [36m</span>[39m
                [36m</td>[39m
                [36m<td[39m
                  [33mclass[39m=[32m"cell-status"[39m
                [36m>[39m
                  [36m<span[39m
                    [33mclass[39m=[32m"badge badge--success"[39m
                  [36m>[39m
                    [0mPaid[0m
                  [36m</span>[39m
                [36m</td>[39m
              [36m</tr>[39m
            [36m</tbody>[39m
          [36m</table>[39m
        [36m</div>[39m
      [36m</section>[39m
      [36m<section[39m
        [33maria-label[39m=[32m"Expense records"[39m
        [33mclass[39m=[32m"payment-section"[39m
      [36m>[39m
        [36m<div[39m
          [33mclass[39m=[32m"expense-ledger"[39m
        [36m>[39m
          [36m<div[39m
            [33mclass[39m=[32m"expense-ledger-header"[39m
          [36m>[39m
            [36m<h4[39m
              [33mclass[39m=[32m"ledger-title"[39m
            [36m>[39m
              [0mExpense Records[0m
            [36m</h4>[39m
            [36m<span[39m
              [33mclass[39m=[32m"ledger-count"[39m
            [36m>[39m
              [0m1[0m
              [0m [0m
              [0mrecord[0m
            [36m</span>[39m
          [36m</div>[39m
          [36m<div[39m
            [33mclass[39m=[32m"ledger-table-container"[39m
          [36m>[39m
            [36m<table[39m
              [33mclass[39m=[32m"ledger-table"[39m
            [36m>[39m
              [36m<thead>[39m
                [36m<tr>[39m
                  [36m<th[39m
                    [33mclass[39m=[32m"col-type"[39m
                  [36m>[39m
                    [0mType[0m
                  [36m</th>[39m
                  [36m<th[39m
                    [33mclass[39m=[32m"col-amount"[39m
                  [36m>[39m
                    [0mAmount[0m
                  [36m</th>[39m
                  [36m<th[39m
                    [33mclass[39m=[32m"col-date"[39m
                  [36m>[39m
                    [0mDate[0m
                  [36m</th>[39m
                  [36m<th[39m
                    [33mclass[39m=[32m"col-description"[39m
                  [36m>[39m
                    [0mDescription[0m
                  [36m</th>[39m
                  [36m<th[39m
                    [33mclass[39m=[32m"col-created-by"[39m
                  [36m>[39m
                    [0mCreated By[0m
                  [36m</th>[39m
                  [36m<th[39m
                    [33mclass[39m=[32m"col-actions"[39m
                  [36m>[39m
                    [0mActions[0m
                  [36m</th>[39m
                [36m</tr>[39m
              [36m</thead>[39m
              [36m<tbody>[39m
                [36m<tr[39m
                  [33mclass[39m=[32m"ledger-row"[39m
                [36m>[39m
                  [36m<td[39m
                    [33mclass[39m=[32m"col-type"[39m
                  [36m>[39m
                    [36m<span[39m
                      [33mclass[39m=[32m"expense-type-badge"[39m
                    [36m>[39m
                      [0mShuttle[0m
                    [36m</span>[39m
                  [36m</td>[39m
                  [36m<td[39m
                    [33mclass[39m=[32m"col-amount"[39m
                  [36m>[39m
                    [36m<span[39m
                      [33mclass[39m=[32m"amount-value"[39m
                    [36m>[39m
                      [0m₹500[0m
                    [36m</span>[39m
                  [36m</td>[39m
                  [36m<td[39m
                    [33mclass[39m=[32m"col-date"[39m
                  [36m>[39m
                    [36m<span[39m
                      [33mclass[39m=[32m"date-value"[39m
                    [36m>[39m
                      [0m5 Jan 2026[0m
                    [36m</span>[39m
                  [36m</td>[39m
                  [36m<td[39m
                    [33mclass[39m=[32m"col-description"[39m
                  [36m>[39m
                    [36m<span[39m
                      [33mclass[39m=[32m"description-value"[39m
                      [33mtitle[39m=[32m"Shuttle for training"[39m
                    [36m>[39m
                      [0mShuttle for training[0m
                    [36m</span>[39m
                  [36m</td>[39m
                  [36m<td[39m
                    [33mclass[39m=[32m"col-created-by"[39m
                  [36m>[39m
                    [36m<span[39m
                      [33mclass[39m=[32m"created-by-value"[39m
                    [36m>[39m
                      [0mcoach-001[0m
                    [36m</span>[39m
                  [36m</td>[39m
                  [36m<td[39m
                    [33mclass[39m=[32m"col-actions"[39m
                  [36m>[39m
                    [36m<div[39m
                      [33mclass[39m=[32m"action-buttons"[39m
                    [36m>[39m
                      [36m<button[39m
                        [33maria-label[39m=[32m"Edit expense: Shuttle for training"[39m
                        [33mclass[39m=[32m"btn-action btn-edit"[39m
                        [33mtitle[39m=[32m"Edit expense"[39m
                        [33mtype[39m=[32m"button"[39m
                      [36m>[39m
                        [36m<svg[39m
                          [33mfill[39m=[32m"none"[39m
                          [33mheight[39m=[32m"16"[39m
                          [33mstroke[39m=[32m"currentColor"[39m
                          [33mviewBox[39m=[32m"0 0 24 24"[39m
                          [33mwidth[39m=[32m"16"[39m
                        [36m>[39m
                          [36m<path[39m
                            [33md[39m=[32m"M11 5H6a2 2 0 00-2 2v11a2 2 0 002 2h11a2 2 0 002-2v-5m-1.414-9.414a2 2 0 112.828 2.828L11.828 15H9v-2.828l8.586-8.586z"[39m
                            [33mstroke-linecap[39m=[32m"round"[39m
                            [33mstroke-linejoin[39m=[32m"round"[39m
                            [33mstroke-width[39m=[32m"2"[39m
                          [36m/>[39m
                        [36m</svg>[39m
                        [36m<span[39m
                          [33mclass[39m=[32m"btn-text"[39m
                        [36m>[39m
                          [0mEdit[0m
                        [36m</span>[39m
                      [36m</button>[39m
                      [36m<button[39m
                        [33maria-label[39m=[32m"Delete expense: Shuttle for training"[39m
                        [33mclass[39m=[32m"btn-action btn-delete"[39m
                        [33mtitle[39m=[32m"Delete expense"[39m
                        [33mtype[39m=[32m"button"[39m
                      [36m>[39m
                        [36m<svg[39m
                          [33mfill[39m=[32m"none"[39m
                          [33mheight[39m=[32m"16"[39m
                          [33mstroke[39m=[32m"currentColor"[39m
                          [33mviewBox[39m=[32m"0 0 24 24"[39m
                          [33mwidth[39m=[32m"16"[39m
                        [36m>[39m
                          [36m<path[39m
                            [33md[39m=[32m"M19 7l-.867 12.142A2 2 0 0116.138 21H7.862a2 2 0 01-1.995-1.858L5 7m5 4v6m4-6v6m1-10V4a1 1 0 00-1-1h-4a1 1 0 00-1 1v3M4 7h16"[39m
                            [33mstroke-linecap[39m=[32m"round"[39m
                            [33mstroke-linejoin[39m=[32m"round"[39m
                            [33mstroke-width[39m=[32m"2"[39m
                          [36m/>[39m
                        [36m</svg>[39m
                        [36m<span[39m
                          [33mclass[39m=[32m"btn-text"[39m
                        [36m>[39m
                          [0mDelete[0m
                        [36m</span>[39m
                      [36m</button>[39m
                    [36m</div>[39m
                  [36m</td>[39m
                [36m</tr>[39m
              [36m</tbody>[39m
            [36m</table>[39m
          [36m</div>[39m
        [36m</div>[39m
      [36m</section>[39m
    [36m</div>[39m
  [36m</div>[39m
[36m</body>[39m
 ❯ Object.getElementError node_modules/@testing-library/dom/dist/config.js:37:19
 ❯ node_modules/@testing-library/dom/dist/query-helpers.js:76:38
 ❯ node_modules/@testing-library/dom/dist/query-helpers.js:52:17
 ❯ node_modules/@testing-library/dom/dist/query-helpers.js:95:19
 ❯ src/components/CoachPaymentsTab.test.tsx:211:34
    209|
    210|       // Click Clear Filters button
    211|       const clearButton = screen.getByRole('button', { name: /Clear Fi…
       |                                  ^
    212|       fireEvent.click(clearButton);
    213|

⎯⎯⎯⎯⎯⎯⎯⎯⎯⎯⎯⎯⎯⎯⎯⎯⎯⎯⎯⎯⎯[13/107]⎯

 FAIL  src/components/CoachPaymentsTab.test.tsx > CoachPaymentsTab > Filter and Sort > should display table with both fees and expenses
TestingLibraryElementError: Found multiple elements with the text: Type

Here are the matching elements:

Ignored nodes: comments, script, style
[36m<th[39m
  [33mscope[39m=[32m"col"[39m
[36m>[39m
  [0mType[0m
[36m</th>[39m

Ignored nodes: comments, script, style
[36m<th[39m
  [33mclass[39m=[32m"col-type"[39m
[36m>[39m
  [0mType[0m
[36m</th>[39m

(If this is intentional, then use the `*AllBy*` variant of the query (like `queryAllByText`, `getAllByText`, or `findAllByText`)).

Ignored nodes: comments, script, style
[36m<body>[39m
  [36m<div>[39m
    [36m<div[39m
      [33mclass[39m=[32m"coach-profile-tab-content"[39m
    [36m>[39m
      [36m<div[39m
        [33mclass[39m=[32m"tab-header"[39m
      [36m>[39m
        [36m<h3[39m
          [33mclass[39m=[32m"tab-title"[39m
        [36m>[39m
          [0mPayment Records & Expenses[0m
        [36m</h3>[39m
      [36m</div>[39m
      [36m<section[39m
        [33maria-label[39m=[32m"Payment transaction filters"[39m
        [33mclass[39m=[32m"filters-section"[39m
      [36m>[39m
        [36m<div[39m
          [33mclass[39m=[32m"filters-container"[39m
        [36m>[39m
          [36m<div[39m
            [33mclass[39m=[32m"filter-group"[39m
          [36m>[39m
            [36m<label[39m
              [33mclass[39m=[32m"filter-label"[39m
              [33mfor[39m=[32m"dateFrom"[39m
            [36m>[39m
              [0mFrom Date[0m
            [36m</label>[39m
            [36m<input[39m
              [33maria-label[39m=[32m"Filter transactions from date"[39m
              [33mclass[39m=[32m"filter-input"[39m
              [33mid[39m=[32m"dateFrom"[39m
              [33mtype[39m=[32m"date"[39m
              [33mvalue[39m=[32m""[39m
            [36m/>[39m
          [36m</div>[39m
          [36m<div[39m
            [33mclass[39m=[32m"filter-group"[39m
          [36m>[39m
            [36m<label[39m
              [33mclass[39m=[32m"filter-label"[39m
              [33mfor[39m=[32m"dateTo"[39m
            [36m>[39m
              [0mTo Date[0m
            [36m</label>[39m
            [36m<input[39m
              [33maria-label[39m=[32m"Filter transactions to date"[39m
              [33mclass[39m=[32m"filter-input"[39m
              [33mid[39m=[32m"dateTo"[39m
              [33mtype[39m=[32m"date"[39m
              [33mvalue[39m=[32m""[39m
            [36m/>[39m
          [36m</div>[39m
          [36m<div[39m
            [33mclass[39m=[32m"filter-group"[39m
          [36m>[39m
            [36m<label[39m
              [33mclass[39m=[32m"filter-label"[39m
              [33mfor[39m=[32m"student"[39m
            [36m>[39m
              [0mStudent[0m
            [36m</label>[39m
            [36m<select[39m
              [33maria-label[39m=[32m"Filter transactions by student"[39m
              [33mclass[39m=[32m"filter-select"[39m
              [33mid[39m=[32m"student"[39m
            [36m>[39m
              [36m<option[39m
                [33mvalue[39m=[32m""[39m
              [36m>[39m
                [0mAll Students[0m
              [36m</option>[39m
              [36m<option[39m
                [33mvalue[39m=[32m"student-001"[39m
              [36m>[39m
                [0mArjun Verma[0m
              [36m</option>[39m
              [36m<option[39m
                [33mvalue[39m=[32m"student-002"[39m
              [36m>[39m
                [0mNeha Sharma[0m
              [36m</option>[39m
            [36m</select>[39m
          [36m</div>[39m
          [36m<div[39m
            [33mclass[39m=[32m"filter-group"[39m
          [36m>[39m
            [36m<label[39m
              [33mclass[39m=[32m"filter-label"[39m
              [33mfor[39m=[32m"batch"[39m
            [36m>[39m
              [0mBatch[0m
            [36m</label>[39m
            [36m<select[39m
              [33maria-label[39m=[32m"Filter transactions by batch"[39m
              [33mclass[39m=[32m"filter-select"[39m
              [33mid[39m=[32m"batch"[39m
            [36m>[39m
              [36m<option[39m
                [33mvalue[39m=[32m""[39m
              [36m>[39m
                [0mAll Batches[0m
              [36m</option>[39m
              [36m<option[39m
                [33mvalue[39m=[32m"batch-001"[39m
              [36m>[39m
                [0mbatch-001[0m
              [36m</option>[39m
            [36m</select>[39m
          [36m</div>[39m
          [36m<div[39m
            [33mclass[39m=[32m"filter-group"[39m
          [36m>[39m
            [36m<label[39m
              [33mclass[39m=[32m"filter-label"[39m
              [33mfor[39m=[32m"paymentMethod"[39m
            [36m>[39m
              [0mPayment Method[0m
            [36m</label>[39m
            [36m<select[39m
              [33maria-label[39m=[32m"Filter transactions by payment method"[39m
              [33mclass[39m=[32m"filter-select"[39m
              [33mid[39m=[32m"paymentMethod"[39m
            [36m>[39m
              [36m<option[39m
                [33mvalue[39m=[32m""[39m
              [36m>[39m
                [0mAll Methods[0m
              [36m</option>[39m
              [36m<option[39m
                [33mvalue[39m=[32m"CASH"[39m
              [36m>[39m
                [0mCASH[0m
              [36m</option>[39m
              [36m<option[39m
                [33mvalue[39m=[32m"UPI"[39m
              [36m>[39m
                [0mUPI[0m
              [36m</option>[39m
            [36m</select>[39m
          [36m</div>[39m
          [36m<div[39m
            [33mclass[39m=[32m"filter-group"[39m
          [36m>[39m
            [36m<label[39m
              [33mclass[39m=[32m"filter-label"[39m
              [33mfor[39m=[32m"expenseType"[39m
            [36m>[39m
              [0mExpense Type[0m
            [36m</label>[39m
            [36m<select[39m
              [33maria-label[39m=[32m"Filter transactions by expense type"[39m
              [33mclass[39m=[32m"filter-select"[39m
              [33mid[39m=[32m"expenseType"[39m
            [36m>[39m
              [36m<option[39m
                [33mvalue[39m=[32m""[39m
              [36m>[39m
                [0mAll Types[0m
              [36m</option>[39m
              [36m<option[39m
                [33mvalue[39m=[32m"SHUTTLE"[39m
              [36m>[39m
                [0mSHUTTLE[0m
              [36m</option>[39m
            [36m</select>[39m
          [36m</div>[39m
        [36m</div>[39m
        [36m<div[39m
          [33mclass[39m=[32m"filter-result-info"[39m
        [36m>[39m
          [0mShowing [0m
          [0m3[0m
          [0m transaction[0m
          [0ms[0m
        [36m</div>[39m
      [36m</section>[39m
      [36m<div[39m
        [33mclass[39m=[32m"payment-stats-grid"[39m
      [36m>[39m
        [36m<div[39m
          [33mclass[39m=[32m"stat-card"[39m
        [36m>[39m
          [36m<div[39m
            [33mclass[39m=[32m"stat-label"[39m
          [36m>[39m
            [0mTotal Income[0m
          [36m</div>[39m
          [36m<div[39m
            [33mclass[39m=[32m"stat-value"[39m
          [36m>[39m
            [0m₹2,000[0m
          [36m</div>[39m
        [36m</div>[39m
        [36m<div[39m
          [33mclass[39m=[32m"stat-card"[39m
        [36m>[39m
          [36m<div[39m
            [33mclass[39m=[32m"stat-label"[39m
          [36m>[39m
            [0mTotal Expenses[0m
          [36m</div>[39m
          [36m<div[39m
            [33mclass[39m=[32m"stat-value"[39m
          [36m>[39m
            [0m₹500[0m
          [36m</div>[39m
        [36m</div>[39m
        [36m<div[39m
          [33mclass[39m=[32m"stat-card"[39m
        [36m>[39m
          [36m<div[39m
            [33mclass[39m=[32m"stat-label"[39m
          [36m>[39m
            [0mNet Balance[0m
          [36m</div>[39m
          [36m<div[39m
            [33mclass[39m=[32m"stat-value positive"[39m
          [36m>[39m
            [0m₹1,500[0m
          [36m</div>[39m
        [36m</div>[39m
        [36m<div[39m
          [33mclass[39m=[32m"stat-card stat-card--success"[39m
        [36m>[39m
          [36m<div[39m
            [33mclass[39m=[32m"stat-label"[39m
          [36m>[39m
            [0mPaid[0m
          [36m</div>[39m
          [36m<div[39m
            [33mclass[39m=[32m"stat-value"[39m
          [36m>[39m
            [0m₹2,000[0m
          [36m</div>[39m
        [36m</div>[39m
        [36m<div[39m
          [33mclass[39m=[32m"stat-card stat-card--warning"[39m
        [36m>[39m
          [36m<div[39m
            [33mclass[39m=[32m"stat-label"[39m
          [36m>[39m
            [0mPending[0m
          [36m</div>[39m
          [36m<div[39m
            [33mclass[39m=[32m"stat-value"[39m
          [36m>[39m
            [0m₹0[0m
          [36m</div>[39m
        [36m</div>[39m
        [36m<div[39m
          [33mclass[39m=[32m"stat-card stat-card--danger"[39m
        [36m>[39m
          [36m<div[39m
            [33mclass[39m=[32m"stat-label"[39m
          [36m>[39m
            [0mOverdue[0m
          [36m</div>[39m
          [36m<div[39m
            [33mclass[39m=[32m"stat-value"[39m
          [36m>[39m
            [0m₹0[0m
          [36m</div>[39m
        [36m</div>[39m
      [36m</div>[39m
      [36m<section[39m
        [33maria-label[39m=[32m"Income records"[39m
        [33mclass[39m=[32m"payment-section"[39m
      [36m>[39m
        [36m<h4[39m
          [33mclass[39m=[32m"section-title"[39m
        [36m>[39m
          [0mIncome Records[0m
        [36m</h4>[39m
        [36m<div[39m
          [33mclass[39m=[32m"payment-table-container"[39m
        [36m>[39m
          [36m<table[39m
            [33maria-label[39m=[32m"Student fee income transactions"[39m
            [33mclass[39m=[32m"payment-table"[39m
          [36m>[39m
            [36m<thead>[39m
              [36m<tr>[39m
                [36m<th[39m
                  [33mscope[39m=[32m"col"[39m
                [36m>[39m
                  [0mType[0m
                [36m</th>[39m
                [36m<th[39m
                  [33mscope[39m=[32m"col"[39m
                [36m>[39m
                  [0mStudent Name[0m
                [36m</th>[39m
                [36m<th[39m
                  [33mscope[39m=[32m"col"[39m
                [36m>[39m
                  [0mAmount[0m
                [36m</th>[39m
                [36m<th[39m
                  [33mscope[39m=[32m"col"[39m
                [36m>[39m
                  [0mDate[0m
                [36m</th>[39m
                [36m<th[39m
                  [33mscope[39m=[32m"col"[39m
                [36m>[39m
                  [0mDetails[0m
                [36m</th>[39m
                [36m<th[39m
                  [33mscope[39m=[32m"col"[39m
                [36m>[39m
                  [0mStatus[0m
                [36m</th>[39m
              [36m</tr>[39m
            [36m</thead>[39m
            [36m<tbody>[39m
              [36m<tr[39m
                [33mclass[39m=[32m"row-fee"[39m
              [36m>[39m
                [36m<td[39m
                  [33mclass[39m=[32m"cell-type"[39m
                [36m>[39m
                  [36m<span[39m
                    [33mclass[39m=[32m"type-badge type-badge--income"[39m
                  [36m>[39m
                    [0mIncome[0m
                  [36m</span>[39m
                [36m</td>[39m
                [36m<td[39m
                  [33mclass[39m=[32m"cell-student"[39m
                [36m>[39m
                  [36m<div[39m
                    [33mclass[39m=[32m"student-cell"[39m
                  [36m>[39m
                    [36m<span[39m
                      [33mclass[39m=[32m"student-name"[39m
                    [36m>[39m
                      [0mNeha Sharma[0m
                    [36m</span>[39m
                    [36m<span[39m
                      [33mclass[39m=[32m"student-email"[39m
                    [36m>[39m
                      [0mneha@example.com[0m
                    [36m</span>[39m
                  [36m</div>[39m
                [36m</td>[39m
                [36m<td[39m
                  [33mclass[39m=[32m"cell-amount"[39m
                [36m>[39m
                  [0m₹1,000[0m
                [36m</td>[39m
                [36m<td[39m
                  [33mclass[39m=[32m"cell-date"[39m
                [36m>[39m
                  [0m15 Jan 2026[0m
                [36m</td>[39m
                [36m<td[39m
                  [33mclass[39m=[32m"cell-details"[39m
                [36m>[39m
                  [36m<span[39m
                    [33mclass[39m=[32m"detail-month"[39m
                  [36m>[39m
                    [0mJanuary 2026[0m
                  [36m</span>[39m
                  [36m<span[39m
                    [33mclass[39m=[32m"detail-ref"[39m
                  [36m>[39m
                    [0mRef: [0m
                    [0mCASH001[0m
                  [36m</span>[39m
                [36m</td>[39m
                [36m<td[39m
                  [33mclass[39m=[32m"cell-status"[39m
                [36m>[39m
                  [36m<span[39m
                    [33mclass[39m=[32m"badge badge--success"[39m
                  [36m>[39m
                    [0mPaid[0m
                  [36m</span>[39m
                [36m</td>[39m
              [36m</tr>[39m
              [36m<tr[39m
                [33mclass[39m=[32m"row-fee"[39m
              [36m>[39m
                [36m<td[39m
                  [33mclass[39m=[32m"cell-type"[39m
                [36m>[39m
                  [36m<span[39m
                    [33mclass[39m=[32m"type-badge type-badge--income"[39m
                  [36m>[39m
                    [0mIncome[0m
                  [36m</span>[39m
                [36m</td>[39m
                [36m<td[39m
                  [33mclass[39m=[32m"cell-student"[39m
                [36m>[39m
                  [36m<div[39m
                    [33mclass[39m=[32m"student-cell"[39m
                  [36m>[39m
                    [36m<span[39m
                      [33mclass[39m=[32m"student-name"[39m
                    [36m>[39m
                      [0mArjun Verma[0m
                    [36m</span>[39m
                    [36m<span[39m
                      [33mclass[39m=[32m"student-email"[39m
                    [36m>[39m
                      [0marjun@example.com[0m
                    [36m</span>[39m
                  [36m</div>[39m
                [36m</td>[39m
                [36m<td[39m
                  [33mclass[39m=[32m"cell-amount"[39m
                [36m>[39m
                  [0m₹1,000[0m
                [36m</td>[39m
                [36m<td[39m
                  [33mclass[39m=[32m"cell-date"[39m
                [36m>[39m
                  [0m10 Jan 2026[0m
                [36m</td>[39m
                [36m<td[39m
                  [33mclass[39m=[32m"cell-details"[39m
                [36m>[39m
                  [36m<span[39m
                    [33mclass[39m=[32m"detail-month"[39m
                  [36m>[39m
                    [0mJanuary 2026[0m
                  [36m</span>[39m
                  [36m<span[39m
                    [33mclass[39m=[32m"detail-ref"[39m
                  [36m>[39m
                    [0mRef: [0m
                    [0mUPI001[0m
                  [36m</span>[39m
                [36m</td>[39m
                [36m<td[39m
                  [33mclass[39m=[32m"cell-status"[39m
                [36m>[39m
                  [36m<span[39m
                    [33mclass[39m=[32m"badge badge--success"[39m
                  [36m>[39m
                    [0mPaid[0m
                  [36m</span>[39m
                [36m</td>[39m
              [36m</tr>[39m
            [36m</tbody>[39m
          [36m</table>[39m
        [36m</div>[39m
      [36m</section>[39m
      [36m<section[39m
        [33maria-label[39m=[32m"Expense records"[39m
        [33mclass[39m=[32m"payment-section"[39m
      [36m>[39m
        [36m<div[39m
          [33mclass[39m=[32m"expense-ledger"[39m
        [36m>[39m
          [36m<div[39m
            [33mclass[39m=[32m"expense-ledger-header"[39m
          [36m>[39m
            [36m<h4[39m
              [33mclass[39m=[32m"ledger-title"[39m
            [36m>[39m
              [0mExpense Records[0m
            [36m</h4>[39m
            [36m<span[39m
              [33mclass[39m=[32m"ledger-count"[39m
            [36m>[39m
              [0m1[0m
              [0m [0m
              [0mrecord[0m
            [36m</span>[39m
          [36m</div>[39m
          [36m<div[39m
            [33mclass[39m=[32m"ledger-table-container"[39m
          [36m>[39m
            [36m<table[39m
              [33mclass[39m=[32m"ledger-table"[39m
            [36m>[39m
              [36m<thead>[39m
                [36m<tr>[39m
                  [36m<th[39m
                    [33mclass[39m=[32m"col-type"[39m
                  [36m>[39m
                    [0mType[0m
                  [36m</th>[39m
                  [36m<th[39m
                    [33mclass[39m=[32m"col-amount"[39m
                  [36m>[39m
                    [0mAmount[0m
                  [36m</th>[39m
                  [36m<th[39m
                    [33mclass[39m=[32m"col-date"[39m
                  [36m>[39m
                    [0mDate[0m
                  [36m</th>[39m
                  [36m<th[39m
                    [33mclass[39m=[32m"col-description"[39m
                  [36m>[39m
                    [0mDescription[0m
                  [36m</th>[39m
                  [36m<th[39m
                    [33mclass[39m=[32m"col-created-by"[39m
                  [36m>[39m
                    [0mCreated By[0m
                  [36m</th>[39m
                  [36m<th[39m
                    [33mclass[39m=[32m"col-actions"[39m
                  [36m>[39m
                    [0mActions[0m
                  [36m</th>[39m
                [36m</tr>[39m
              [36m</thead>[39m
              [36m<tbody>[39m
                [36m<tr[39m
                  [33mclass[39m=[32m"ledger-row"[39m
                [36m>[39m
                  [36m<td[39m
                    [33mclass[39m=[32m"col-type"[39m
                  [36m>[39m
                    [36m<span[39m
                      [33mclass[39m=[32m"expense-type-badge"[39m
                    [36m>[39m
                      [0mShuttle[0m
                    [36m</span>[39m
                  [36m</td>[39m
                  [36m<td[39m
                    [33mclass[39m=[32m"col-amount"[39m
                  [36m>[39m
                    [36m<span[39m
                      [33mclass[39m=[32m"amount-value"[39m
                    [36m>[39m
                      [0m₹500[0m
                    [36m</span>[39m
                  [36m</td>[39m
                  [36m<td[39m
                    [33mclass[39m=[32m"col-date"[39m
                  [36m>[39m
                    [36m<span[39m
                      [33mclass[39m=[32m"date-value"[39m
                    [36m>[39m
                      [0m5 Jan 2026[0m
                    [36m</span>[39m
                  [36m</td>[39m
                  [36m<td[39m
                    [33mclass[39m=[32m"col-description"[39m
                  [36m>[39m
                    [36m<span[39m
                      [33mclass[39m=[32m"description-value"[39m
                      [33mtitle[39m=[32m"Shuttle for training"[39m
                    [36m>[39m
                      [0mShuttle for training[0m
                    [36m</span>[39m
                  [36m</td>[39m
                  [36m<td[39m
                    [33mclass[39m=[32m"col-created-by"[39m
                  [36m>[39m
                    [36m<span[39m
                      [33mclass[39m=[32m"created-by-value"[39m
                    [36m>[39m
                      [0mcoach-001[0m
                    [36m</span>[39m
                  [36m</td>[39m
                  [36m<td[39m
                    [33mclass[39m=[32m"col-actions"[39m
                  [36m>[39m
                    [36m<div[39m
                      [33mclass[39m=[32m"action-buttons"[39m
                    [36m>[39m
                      [36m<button[39m
                        [33maria-label[39m=[32m"Edit expense: Shuttle for training"[39m
                        [33mclass[39m=[32m"btn-action btn-edit"[39m
                        [33mtitle[39m=[32m"Edit expense"[39m
                        [33mtype[39m=[32m"button"[39m
                      [36m>[39m
                        [36m<svg[39m
                          [33mfill[39m=[32m"none"[39m
                          [33mheight[39m=[32m"16"[39m
                          [33mstroke[39m=[32m"currentColor"[39m
                          [33mviewBox[39m=[32m"0 0 24 24"[39m
                          [33mwidth[39m=[32m"16"[39m
                        [36m>[39m
                          [36m<path[39m
                            [33md[39m=[32m"M11 5H6a2 2 0 00-2 2v11a2 2 0 002 2h11a2 2 0 002-2v-5m-1.414-9.414a2 2 0 112.828 2.828L11.828 15H9v-2.828l8.586-8.586z"[39m
                            [33mstroke-linecap[39m=[32m"round"[39m
                            [33mstroke-linejoin[39m=[32m"round"[39m
                            [33mstroke-width[39m=[32m"2"[39m
                          [36m/>[39m
                        [36m</svg>[39m
                        [36m<span[39m
                          [33mclass[39m=[32m"btn-text"[39m
                        [36m>[39m
                          [0mEdit[0m
                        [36m</span>[39m
                      [36m</button>[39m
                      [36m<button[39m
                        [33maria-label[39m=[32m"Delete expense: Shuttle for training"[39m
                        [33mclass[39m=[32m"btn-action btn-delete"[39m
                        [33mtitle[39m=[32m"Delete expense"[39m
                        [33mtype[39m=[32m"button"[39m
                      [36m>[39m
                        [36m<svg[39m
                          [33mfill[39m=[32m"none"[39m
                          [33mheight[39m=[32m"16"[39m
                          [33mstroke[39m=[32m"currentColor"[39m
                          [33mviewBox[39m=[32m"0 0 24 24"[39m
                          [33mwidth[39m=[32m"16"[39m
                        [36m>[39m
                          [36m<path[39m
                            [33md[39m=[32m"M19 7l-.867 12.142A2 2 0 0116.138 21H7.862a2 2 0 01-1.995-1.858L5 7m5 4v6m4-6v6m1-10V4a1 1 0 00-1-1h-4a1 1 0 00-1 1v3M4 7h16"[39m
                            [33mstroke-linecap[39m=[32m"round"[39m
                            [33mstroke-linejoin[39m=[32m"round"[39m
                            [33mstroke-width[39m=[32m"2"[39m
                          [36m/>[39m
                        [36m</svg>[39m
                        [36m<span[39m
                          [33mclass[39m=[32m"btn-text"[39m
                        [36m>[39m
                          [0mDelete[0m
                        [36m</span>[39m
                      [36m</button>[39m
                    [36m</div>[39m
                  [36m</td>[39m
                [36m</tr>[39m
              [36m</tbody>[39m
            [36m</table>[39m
          [36m</div>[39m
        [36m</div>[39m
      [36m</section>[39m
    [36m</div>[39m
  [36m</div>[39m
[36m</body>[39m
 ❯ Object.getElementError node_modules/@testing-library/dom/dist/config.js:37:19
 ❯ getElementError node_modules/@testing-library/dom/dist/query-helpers.js:20:35
 ❯ getMultipleElementsFoundError node_modules/@testing-library/dom/dist/query-helpers.js:23:10
 ❯ node_modules/@testing-library/dom/dist/query-helpers.js:55:13
 ❯ node_modules/@testing-library/dom/dist/query-helpers.js:95:19
 ❯ src/components/CoachPaymentsTab.test.tsx:243:21
    241|
    242|       // Table should have headers for Type, Student Name, Amount, Dat…
    243|       expect(screen.getByText('Type')).toBeInTheDocument();
       |                     ^
    244|       expect(screen.getByText('Student Name')).toBeInTheDocument();
    245|       expect(screen.getByText('Amount')).toBeInTheDocument();

⎯⎯⎯⎯⎯⎯⎯⎯⎯⎯⎯⎯⎯⎯⎯⎯⎯⎯⎯⎯⎯[14/107]⎯

 FAIL  src/components/CoachPaymentsTab.test.tsx > CoachPaymentsTab > Filter and Sort > should show financial summary cards with updated values
TestingLibraryElementError: Found multiple elements with the text: Paid

Here are the matching elements:

Ignored nodes: comments, script, style
[36m<div[39m
  [33mclass[39m=[32m"stat-label"[39m
[36m>[39m
  [0mPaid[0m
[36m</div>[39m

Ignored nodes: comments, script, style
[36m<span[39m
  [33mclass[39m=[32m"badge badge--success"[39m
[36m>[39m
  [0mPaid[0m
[36m</span>[39m

Ignored nodes: comments, script, style
[36m<span[39m
  [33mclass[39m=[32m"badge badge--success"[39m
[36m>[39m
  [0mPaid[0m
[36m</span>[39m

(If this is intentional, then use the `*AllBy*` variant of the query (like `queryAllByText`, `getAllByText`, or `findAllByText`)).

Ignored nodes: comments, script, style
[36m<body>[39m
  [36m<div>[39m
    [36m<div[39m
      [33mclass[39m=[32m"coach-profile-tab-content"[39m
    [36m>[39m
      [36m<div[39m
        [33mclass[39m=[32m"tab-header"[39m
      [36m>[39m
        [36m<h3[39m
          [33mclass[39m=[32m"tab-title"[39m
        [36m>[39m
          [0mPayment Records & Expenses[0m
        [36m</h3>[39m
      [36m</div>[39m
      [36m<section[39m
        [33maria-label[39m=[32m"Payment transaction filters"[39m
        [33mclass[39m=[32m"filters-section"[39m
      [36m>[39m
        [36m<div[39m
          [33mclass[39m=[32m"filters-container"[39m
        [36m>[39m
          [36m<div[39m
            [33mclass[39m=[32m"filter-group"[39m
          [36m>[39m
            [36m<label[39m
              [33mclass[39m=[32m"filter-label"[39m
              [33mfor[39m=[32m"dateFrom"[39m
            [36m>[39m
              [0mFrom Date[0m
            [36m</label>[39m
            [36m<input[39m
              [33maria-label[39m=[32m"Filter transactions from date"[39m
              [33mclass[39m=[32m"filter-input"[39m
              [33mid[39m=[32m"dateFrom"[39m
              [33mtype[39m=[32m"date"[39m
              [33mvalue[39m=[32m""[39m
            [36m/>[39m
          [36m</div>[39m
          [36m<div[39m
            [33mclass[39m=[32m"filter-group"[39m
          [36m>[39m
            [36m<label[39m
              [33mclass[39m=[32m"filter-label"[39m
              [33mfor[39m=[32m"dateTo"[39m
            [36m>[39m
              [0mTo Date[0m
            [36m</label>[39m
            [36m<input[39m
              [33maria-label[39m=[32m"Filter transactions to date"[39m
              [33mclass[39m=[32m"filter-input"[39m
              [33mid[39m=[32m"dateTo"[39m
              [33mtype[39m=[32m"date"[39m
              [33mvalue[39m=[32m""[39m
            [36m/>[39m
          [36m</div>[39m
          [36m<div[39m
            [33mclass[39m=[32m"filter-group"[39m
          [36m>[39m
            [36m<label[39m
              [33mclass[39m=[32m"filter-label"[39m
              [33mfor[39m=[32m"student"[39m
            [36m>[39m
              [0mStudent[0m
            [36m</label>[39m
            [36m<select[39m
              [33maria-label[39m=[32m"Filter transactions by student"[39m
              [33mclass[39m=[32m"filter-select"[39m
              [33mid[39m=[32m"student"[39m
            [36m>[39m
              [36m<option[39m
                [33mvalue[39m=[32m""[39m
              [36m>[39m
                [0mAll Students[0m
              [36m</option>[39m
              [36m<option[39m
                [33mvalue[39m=[32m"student-001"[39m
              [36m>[39m
                [0mArjun Verma[0m
              [36m</option>[39m
              [36m<option[39m
                [33mvalue[39m=[32m"student-002"[39m
              [36m>[39m
                [0mNeha Sharma[0m
              [36m</option>[39m
            [36m</select>[39m
          [36m</div>[39m
          [36m<div[39m
            [33mclass[39m=[32m"filter-group"[39m
          [36m>[39m
            [36m<label[39m
              [33mclass[39m=[32m"filter-label"[39m
              [33mfor[39m=[32m"batch"[39m
            [36m>[39m
              [0mBatch[0m
            [36m</label>[39m
            [36m<select[39m
              [33maria-label[39m=[32m"Filter transactions by batch"[39m
              [33mclass[39m=[32m"filter-select"[39m
              [33mid[39m=[32m"batch"[39m
            [36m>[39m
              [36m<option[39m
                [33mvalue[39m=[32m""[39m
              [36m>[39m
                [0mAll Batches[0m
              [36m</option>[39m
              [36m<option[39m
                [33mvalue[39m=[32m"batch-001"[39m
              [36m>[39m
                [0mbatch-001[0m
              [36m</option>[39m
            [36m</select>[39m
          [36m</div>[39m
          [36m<div[39m
            [33mclass[39m=[32m"filter-group"[39m
          [36m>[39m
            [36m<label[39m
              [33mclass[39m=[32m"filter-label"[39m
              [33mfor[39m=[32m"paymentMethod"[39m
            [36m>[39m
              [0mPayment Method[0m
            [36m</label>[39m
            [36m<select[39m
              [33maria-label[39m=[32m"Filter transactions by payment method"[39m
              [33mclass[39m=[32m"filter-select"[39m
              [33mid[39m=[32m"paymentMethod"[39m
            [36m>[39m
              [36m<option[39m
                [33mvalue[39m=[32m""[39m
              [36m>[39m
                [0mAll Methods[0m
              [36m</option>[39m
              [36m<option[39m
                [33mvalue[39m=[32m"CASH"[39m
              [36m>[39m
                [0mCASH[0m
              [36m</option>[39m
              [36m<option[39m
                [33mvalue[39m=[32m"UPI"[39m
              [36m>[39m
                [0mUPI[0m
              [36m</option>[39m
            [36m</select>[39m
          [36m</div>[39m
          [36m<div[39m
            [33mclass[39m=[32m"filter-group"[39m
          [36m>[39m
            [36m<label[39m
              [33mclass[39m=[32m"filter-label"[39m
              [33mfor[39m=[32m"expenseType"[39m
            [36m>[39m
              [0mExpense Type[0m
            [36m</label>[39m
            [36m<select[39m
              [33maria-label[39m=[32m"Filter transactions by expense type"[39m
              [33mclass[39m=[32m"filter-select"[39m
              [33mid[39m=[32m"expenseType"[39m
            [36m>[39m
              [36m<option[39m
                [33mvalue[39m=[32m""[39m
              [36m>[39m
                [0mAll Types[0m
              [36m</option>[39m
              [36m<option[39m
                [33mvalue[39m=[32m"SHUTTLE"[39m
              [36m>[39m
                [0mSHUTTLE[0m
              [36m</option>[39m
            [36m</select>[39m
          [36m</div>[39m
        [36m</div>[39m
        [36m<div[39m
          [33mclass[39m=[32m"filter-result-info"[39m
        [36m>[39m
          [0mShowing [0m
          [0m3[0m
          [0m transaction[0m
          [0ms[0m
        [36m</div>[39m
      [36m</section>[39m
      [36m<div[39m
        [33mclass[39m=[32m"payment-stats-grid"[39m
      [36m>[39m
        [36m<div[39m
          [33mclass[39m=[32m"stat-card"[39m
        [36m>[39m
          [36m<div[39m
            [33mclass[39m=[32m"stat-label"[39m
          [36m>[39m
            [0mTotal Income[0m
          [36m</div>[39m
          [36m<div[39m
            [33mclass[39m=[32m"stat-value"[39m
          [36m>[39m
            [0m₹2,000[0m
          [36m</div>[39m
        [36m</div>[39m
        [36m<div[39m
          [33mclass[39m=[32m"stat-card"[39m
        [36m>[39m
          [36m<div[39m
            [33mclass[39m=[32m"stat-label"[39m
          [36m>[39m
            [0mTotal Expenses[0m
          [36m</div>[39m
          [36m<div[39m
            [33mclass[39m=[32m"stat-value"[39m
          [36m>[39m
            [0m₹500[0m
          [36m</div>[39m
        [36m</div>[39m
        [36m<div[39m
          [33mclass[39m=[32m"stat-card"[39m
        [36m>[39m
          [36m<div[39m
            [33mclass[39m=[32m"stat-label"[39m
          [36m>[39m
            [0mNet Balance[0m
          [36m</div>[39m
          [36m<div[39m
            [33mclass[39m=[32m"stat-value positive"[39m
          [36m>[39m
            [0m₹1,500[0m
          [36m</div>[39m
        [36m</div>[39m
        [36m<div[39m
          [33mclass[39m=[32m"stat-card stat-card--success"[39m
        [36m>[39m
          [36m<div[39m
            [33mclass[39m=[32m"stat-label"[39m
          [36m>[39m
            [0mPaid[0m
          [36m</div>[39m
          [36m<div[39m
            [33mclass[39m=[32m"stat-value"[39m
          [36m>[39m
            [0m₹2,000[0m
          [36m</div>[39m
        [36m</div>[39m
        [36m<div[39m
          [33mclass[39m=[32m"stat-card stat-card--warning"[39m
        [36m>[39m
          [36m<div[39m
            [33mclass[39m=[32m"stat-label"[39m
          [36m>[39m
            [0mPending[0m
          [36m</div>[39m
          [36m<div[39m
            [33mclass[39m=[32m"stat-value"[39m
          [36m>[39m
            [0m₹0[0m
          [36m</div>[39m
        [36m</div>[39m
        [36m<div[39m
          [33mclass[39m=[32m"stat-card stat-card--danger"[39m
        [36m>[39m
          [36m<div[39m
            [33mclass[39m=[32m"stat-label"[39m
          [36m>[39m
            [0mOverdue[0m
          [36m</div>[39m
          [36m<div[39m
            [33mclass[39m=[32m"stat-value"[39m
          [36m>[39m
            [0m₹0[0m
          [36m</div>[39m
        [36m</div>[39m
      [36m</div>[39m
      [36m<section[39m
        [33maria-label[39m=[32m"Income records"[39m
        [33mclass[39m=[32m"payment-section"[39m
      [36m>[39m
        [36m<h4[39m
          [33mclass[39m=[32m"section-title"[39m
        [36m>[39m
          [0mIncome Records[0m
        [36m</h4>[39m
        [36m<div[39m
          [33mclass[39m=[32m"payment-table-container"[39m
        [36m>[39m
          [36m<table[39m
            [33maria-label[39m=[32m"Student fee income transactions"[39m
            [33mclass[39m=[32m"payment-table"[39m
          [36m>[39m
            [36m<thead>[39m
              [36m<tr>[39m
                [36m<th[39m
                  [33mscope[39m=[32m"col"[39m
                [36m>[39m
                  [0mType[0m
                [36m</th>[39m
                [36m<th[39m
                  [33mscope[39m=[32m"col"[39m
                [36m>[39m
                  [0mStudent Name[0m
                [36m</th>[39m
                [36m<th[39m
                  [33mscope[39m=[32m"col"[39m
                [36m>[39m
                  [0mAmount[0m
                [36m</th>[39m
                [36m<th[39m
                  [33mscope[39m=[32m"col"[39m
                [36m>[39m
                  [0mDate[0m
                [36m</th>[39m
                [36m<th[39m
                  [33mscope[39m=[32m"col"[39m
                [36m>[39m
                  [0mDetails[0m
                [36m</th>[39m
                [36m<th[39m
                  [33mscope[39m=[32m"col"[39m
                [36m>[39m
                  [0mStatus[0m
                [36m</th>[39m
              [36m</tr>[39m
            [36m</thead>[39m
            [36m<tbody>[39m
              [36m<tr[39m
                [33mclass[39m=[32m"row-fee"[39m
              [36m>[39m
                [36m<td[39m
                  [33mclass[39m=[32m"cell-type"[39m
                [36m>[39m
                  [36m<span[39m
                    [33mclass[39m=[32m"type-badge type-badge--income"[39m
                  [36m>[39m
                    [0mIncome[0m
                  [36m</span>[39m
                [36m</td>[39m
                [36m<td[39m
                  [33mclass[39m=[32m"cell-student"[39m
                [36m>[39m
                  [36m<div[39m
                    [33mclass[39m=[32m"student-cell"[39m
                  [36m>[39m
                    [36m<span[39m
                      [33mclass[39m=[32m"student-name"[39m
                    [36m>[39m
                      [0mNeha Sharma[0m
                    [36m</span>[39m
                    [36m<span[39m
                      [33mclass[39m=[32m"student-email"[39m
                    [36m>[39m
                      [0mneha@example.com[0m
                    [36m</span>[39m
                  [36m</div>[39m
                [36m</td>[39m
                [36m<td[39m
                  [33mclass[39m=[32m"cell-amount"[39m
                [36m>[39m
                  [0m₹1,000[0m
                [36m</td>[39m
                [36m<td[39m
                  [33mclass[39m=[32m"cell-date"[39m
                [36m>[39m
                  [0m15 Jan 2026[0m
                [36m</td>[39m
                [36m<td[39m
                  [33mclass[39m=[32m"cell-details"[39m
                [36m>[39m
                  [36m<span[39m
                    [33mclass[39m=[32m"detail-month"[39m
                  [36m>[39m
                    [0mJanuary 2026[0m
                  [36m</span>[39m
                  [36m<span[39m
                    [33mclass[39m=[32m"detail-ref"[39m
                  [36m>[39m
                    [0mRef: [0m
                    [0mCASH001[0m
                  [36m</span>[39m
                [36m</td>[39m
                [36m<td[39m
                  [33mclass[39m=[32m"cell-status"[39m
                [36m>[39m
                  [36m<span[39m
                    [33mclass[39m=[32m"badge badge--success"[39m
                  [36m>[39m
                    [0mPaid[0m
                  [36m</span>[39m
                [36m</td>[39m
              [36m</tr>[39m
              [36m<tr[39m
                [33mclass[39m=[32m"row-fee"[39m
              [36m>[39m
                [36m<td[39m
                  [33mclass[39m=[32m"cell-type"[39m
                [36m>[39m
                  [36m<span[39m
                    [33mclass[39m=[32m"type-badge type-badge--income"[39m
                  [36m>[39m
                    [0mIncome[0m
                  [36m</span>[39m
                [36m</td>[39m
                [36m<td[39m
                  [33mclass[39m=[32m"cell-student"[39m
                [36m>[39m
                  [36m<div[39m
                    [33mclass[39m=[32m"student-cell"[39m
                  [36m>[39m
                    [36m<span[39m
                      [33mclass[39m=[32m"student-name"[39m
                    [36m>[39m
                      [0mArjun Verma[0m
                    [36m</span>[39m
                    [36m<span[39m
                      [33mclass[39m=[32m"student-email"[39m
                    [36m>[39m
                      [0marjun@example.com[0m
                    [36m</span>[39m
                  [36m</div>[39m
                [36m</td>[39m
                [36m<td[39m
                  [33mclass[39m=[32m"cell-amount"[39m
                [36m>[39m
                  [0m₹1,000[0m
                [36m</td>[39m
                [36m<td[39m
                  [33mclass[39m=[32m"cell-date"[39m
                [36m>[39m
                  [0m10 Jan 2026[0m
                [36m</td>[39m
                [36m<td[39m
                  [33mclass[39m=[32m"cell-details"[39m
                [36m>[39m
                  [36m<span[39m
                    [33mclass[39m=[32m"detail-month"[39m
                  [36m>[39m
                    [0mJanuary 2026[0m
                  [36m</span>[39m
                  [36m<span[39m
                    [33mclass[39m=[32m"detail-ref"[39m
                  [36m>[39m
                    [0mRef: [0m
                    [0mUPI001[0m
                  [36m</span>[39m
                [36m</td>[39m
                [36m<td[39m
                  [33mclass[39m=[32m"cell-status"[39m
                [36m>[39m
                  [36m<span[39m
                    [33mclass[39m=[32m"badge badge--success"[39m
                  [36m>[39m
                    [0mPaid[0m
                  [36m</span>[39m
                [36m</td>[39m
              [36m</tr>[39m
            [36m</tbody>[39m
          [36m</table>[39m
        [36m</div>[39m
      [36m</section>[39m
      [36m<section[39m
        [33maria-label[39m=[32m"Expense records"[39m
        [33mclass[39m=[32m"payment-section"[39m
      [36m>[39m
        [36m<div[39m
          [33mclass[39m=[32m"expense-ledger"[39m
        [36m>[39m
          [36m<div[39m
            [33mclass[39m=[32m"expense-ledger-header"[39m
          [36m>[39m
            [36m<h4[39m
              [33mclass[39m=[32m"ledger-title"[39m
            [36m>[39m
              [0mExpense Records[0m
            [36m</h4>[39m
            [36m<span[39m
              [33mclass[39m=[32m"ledger-count"[39m
            [36m>[39m
              [0m1[0m
              [0m [0m
              [0mrecord[0m
            [36m</span>[39m
          [36m</div>[39m
          [36m<div[39m
            [33mclass[39m=[32m"ledger-table-container"[39m
          [36m>[39m
            [36m<table[39m
              [33mclass[39m=[32m"ledger-table"[39m
            [36m>[39m
              [36m<thead>[39m
                [36m<tr>[39m
                  [36m<th[39m
                    [33mclass[39m=[32m"col-type"[39m
                  [36m>[39m
                    [0mType[0m
                  [36m</th>[39m
                  [36m<th[39m
                    [33mclass[39m=[32m"col-amount"[39m
                  [36m>[39m
                    [0mAmount[0m
                  [36m</th>[39m
                  [36m<th[39m
                    [33mclass[39m=[32m"col-date"[39m
                  [36m>[39m
                    [0mDate[0m
                  [36m</th>[39m
                  [36m<th[39m
                    [33mclass[39m=[32m"col-description"[39m
                  [36m>[39m
                    [0mDescription[0m
                  [36m</th>[39m
                  [36m<th[39m
                    [33mclass[39m=[32m"col-created-by"[39m
                  [36m>[39m
                    [0mCreated By[0m
                  [36m</th>[39m
                  [36m<th[39m
                    [33mclass[39m=[32m"col-actions"[39m
                  [36m>[39m
                    [0mActions[0m
                  [36m</th>[39m
                [36m</tr>[39m
              [36m</thead>[39m
              [36m<tbody>[39m
                [36m<tr[39m
                  [33mclass[39m=[32m"ledger-row"[39m
                [36m>[39m
                  [36m<td[39m
                    [33mclass[39m=[32m"col-type"[39m
                  [36m>[39m
                    [36m<span[39m
                      [33mclass[39m=[32m"expense-type-badge"[39m
                    [36m>[39m
                      [0mShuttle[0m
                    [36m</span>[39m
                  [36m</td>[39m
                  [36m<td[39m
                    [33mclass[39m=[32m"col-amount"[39m
                  [36m>[39m
                    [36m<span[39m
                      [33mclass[39m=[32m"amount-value"[39m
                    [36m>[39m
                      [0m₹500[0m
                    [36m</span>[39m
                  [36m</td>[39m
                  [36m<td[39m
                    [33mclass[39m=[32m"col-date"[39m
                  [36m>[39m
                    [36m<span[39m
                      [33mclass[39m=[32m"date-value"[39m
                    [36m>[39m
                      [0m5 Jan 2026[0m
                    [36m</span>[39m
                  [36m</td>[39m
                  [36m<td[39m
                    [33mclass[39m=[32m"col-description"[39m
                  [36m>[39m
                    [36m<span[39m
                      [33mclass[39m=[32m"description-value"[39m
                      [33mtitle[39m=[32m"Shuttle for training"[39m
                    [36m>[39m
                      [0mShuttle for training[0m
                    [36m</span>[39m
                  [36m</td>[39m
                  [36m<td[39m
                    [33mclass[39m=[32m"col-created-by"[39m
                  [36m>[39m
                    [36m<span[39m
                      [33mclass[39m=[32m"created-by-value"[39m
                    [36m>[39m
                      [0mcoach-001[0m
                    [36m</span>[39m
                  [36m</td>[39m
                  [36m<td[39m
                    [33mclass[39m=[32m"col-actions"[39m
                  [36m>[39m
                    [36m<div[39m
                      [33mclass[39m=[32m"action-buttons"[39m
                    [36m>[39m
                      [36m<button[39m
                        [33maria-label[39m=[32m"Edit expense: Shuttle for training"[39m
                        [33mclass[39m=[32m"btn-action btn-edit"[39m
                        [33mtitle[39m=[32m"Edit expense"[39m
                        [33mtype[39m=[32m"button"[39m
                      [36m>[39m
                        [36m<svg[39m
                          [33mfill[39m=[32m"none"[39m
                          [33mheight[39m=[32m"16"[39m
                          [33mstroke[39m=[32m"currentColor"[39m
                          [33mviewBox[39m=[32m"0 0 24 24"[39m
                          [33mwidth[39m=[32m"16"[39m
                        [36m>[39m
                          [36m<path[39m
                            [33md[39m=[32m"M11 5H6a2 2 0 00-2 2v11a2 2 0 002 2h11a2 2 0 002-2v-5m-1.414-9.414a2 2 0 112.828 2.828L11.828 15H9v-2.828l8.586-8.586z"[39m
                            [33mstroke-linecap[39m=[32m"round"[39m
                            [33mstroke-linejoin[39m=[32m"round"[39m
                            [33mstroke-width[39m=[32m"2"[39m
                          [36m/>[39m
                        [36m</svg>[39m
                        [36m<span[39m
                          [33mclass[39m=[32m"btn-text"[39m
                        [36m>[39m
                          [0mEdit[0m
                        [36m</span>[39m
                      [36m</button>[39m
                      [36m<button[39m
                        [33maria-label[39m=[32m"Delete expense: Shuttle for training"[39m
                        [33mclass[39m=[32m"btn-action btn-delete"[39m
                        [33mtitle[39m=[32m"Delete expense"[39m
                        [33mtype[39m=[32m"button"[39m
                      [36m>[39m
                        [36m<svg[39m
                          [33mfill[39m=[32m"none"[39m
                          [33mheight[39m=[32m"16"[39m
                          [33mstroke[39m=[32m"currentColor"[39m
                          [33mviewBox[39m=[32m"0 0 24 24"[39m
                          [33mwidth[39m=[32m"16"[39m
                        [36m>[39m
                          [36m<path[39m
                            [33md[39m=[32m"M19 7l-.867 12.142A2 2 0 0116.138 21H7.862a2 2 0 01-1.995-1.858L5 7m5 4v6m4-6v6m1-10V4a1 1 0 00-1-1h-4a1 1 0 00-1 1v3M4 7h16"[39m
                            [33mstroke-linecap[39m=[32m"round"[39m
                            [33mstroke-linejoin[39m=[32m"round"[39m
                            [33mstroke-width[39m=[32m"2"[39m
                          [36m/>[39m
                        [36m</svg>[39m
                        [36m<span[39m
                          [33mclass[39m=[32m"btn-text"[39m
                        [36m>[39m
                          [0mDelete[0m
                        [36m</span>[39m
                      [36m</button>[39m
                    [36m</div>[39m
                  [36m</td>[39m
                [36m</tr>[39m
              [36m</tbody>[39m
            [36m</table>[39m
          [36m</div>[39m
        [36m</div>[39m
      [36m</section>[39m
    [36m</div>[39m
  [36m</div>[39m
[36m</body>[39m
 ❯ Object.getElementError node_modules/@testing-library/dom/dist/config.js:37:19
 ❯ getElementError node_modules/@testing-library/dom/dist/query-helpers.js:20:35
 ❯ getMultipleElementsFoundError node_modules/@testing-library/dom/dist/query-helpers.js:23:10
 ❯ node_modules/@testing-library/dom/dist/query-helpers.js:55:13
 ❯ node_modules/@testing-library/dom/dist/query-helpers.js:95:19
 ❯ src/components/CoachPaymentsTab.test.tsx:265:21
    263|       expect(screen.getByText('Total Expenses')).toBeInTheDocument();
    264|       expect(screen.getByText('Net Balance')).toBeInTheDocument();
    265|       expect(screen.getByText('Paid')).toBeInTheDocument();
       |                     ^
    266|       expect(screen.getByText('Pending')).toBeInTheDocument();
    267|       expect(screen.getByText('Overdue')).toBeInTheDocument();

⎯⎯⎯⎯⎯⎯⎯⎯⎯⎯⎯⎯⎯⎯⎯⎯⎯⎯⎯⎯⎯[15/107]⎯

 FAIL  src/components/CoachProfileTab.test.tsx > CoachProfileTab > Requirement 3.8: Save and Cancel buttons > displays Save and Cancel buttons in edit mode
TestingLibraryElementError: Unable to find role="button" and name `/save changes/i`

Ignored nodes: comments, script, style
[36m<body>[39m
  [36m<div>[39m
    [36m<form[39m
      [33mclass[39m=[32m"space-y-6 p-6"[39m
      [33mnovalidate[39m=[32m""[39m
    [36m>[39m
      [36m<div>[39m
        [36m<h3[39m
          [33mclass[39m=[32m"text-lg font-semibold mb-4 text-gray-900"[39m
        [36m>[39m
          [0mPersonal Information[0m
        [36m</h3>[39m
        [36m<div[39m
          [33mclass[39m=[32m"space-y-4"[39m
        [36m>[39m
          [36m<div>[39m
            [36m<label[39m
              [33mclass[39m=[32m"block text-sm font-medium text-gray-700 mb-1"[39m
              [33mfor[39m=[32m"name"[39m
            [36m>[39m
              [0mName *[0m
            [36m</label>[39m
            [36m<input[39m
              [33maria-invalid[39m=[32m"false"[39m
              [33mclass[39m=[32m"w-full px-3 py-2 border rounded-lg text-base focus:outline-none focus:ring-2 focus:ring-blue-500 border-gray-300"[39m
              [33mid[39m=[32m"name"[39m
              [33mplaceholder[39m=[32m"Enter coach name"[39m
              [33mtype[39m=[32m"text"[39m
              [33mvalue[39m=[32m"John Doe"[39m
            [36m/>[39m
          [36m</div>[39m
          [36m<div>[39m
            [36m<label[39m
              [33mclass[39m=[32m"block text-sm font-medium text-gray-700 mb-1"[39m
              [33mfor[39m=[32m"email"[39m
            [36m>[39m
              [0mEmail[0m
            [36m</label>[39m
            [36m<input[39m
              [33maria-invalid[39m=[32m"false"[39m
              [33mclass[39m=[32m"w-full px-3 py-2 border rounded-lg text-base focus:outline-none focus:ring-2 focus:ring-blue-500 border-gray-300"[39m
              [33mid[39m=[32m"email"[39m
              [33mplaceholder[39m=[32m"Enter email address"[39m
              [33mtype[39m=[32m"email"[39m
              [33mvalue[39m=[32m"john@example.com"[39m
            [36m/>[39m
          [36m</div>[39m
          [36m<div>[39m
            [36m<label[39m
              [33mclass[39m=[32m"block text-sm font-medium text-gray-700 mb-1"[39m
              [33mfor[39m=[32m"phone"[39m
            [36m>[39m
              [0mPhone[0m
            [36m</label>[39m
            [36m<input[39m
              [33maria-invalid[39m=[32m"false"[39m
              [33mclass[39m=[32m"w-full px-3 py-2 border rounded-lg text-base focus:outline-none focus:ring-2 focus:ring-blue-500 border-gray-300"[39m
              [33mid[39m=[32m"phone"[39m
              [33mplaceholder[39m=[32m"Enter phone number"[39m
              [33mtype[39m=[32m"tel"[39m
              [33mvalue[39m=[32m"+91-9876543210"[39m
            [36m/>[39m
          [36m</div>[39m
        [36m</div>[39m
      [36m</div>[39m
      [36m<div>[39m
        [36m<h3[39m
          [33mclass[39m=[32m"text-lg font-semibold mb-4 text-gray-900"[39m
        [36m>[39m
          [0mProfessional Information[0m
        [36m</h3>[39m
        [36m<div[39m
          [33mclass[39m=[32m"space-y-4"[39m
        [36m>[39m
          [36m<div>[39m
            [36m<label[39m
              [33mclass[39m=[32m"block text-sm font-medium text-gray-700 mb-1"[39m
              [33mfor[39m=[32m"specialization"[39m
            [36m>[39m
              [0mSpecialization[0m
            [36m</label>[39m
            [36m<input[39m
              [33maria-invalid[39m=[32m"false"[39m
              [33mclass[39m=[32m"w-full px-3 py-2 border rounded-lg text-base focus:outline-none focus:ring-2 focus:ring-blue-500 border-gray-300"[39m
              [33mid[39m=[32m"specialization"[39m
              [33mplaceholder[39m=[32m"Enter specialization"[39m
              [33mtype[39m=[32m"text"[39m
              [33mvalue[39m=[32m"Advanced Doubles Training"[39m
            [36m/>[39m
          [36m</div>[39m
          [36m<div>[39m
            [36m<label[39m
              [33mclass[39m=[32m"block text-sm font-medium text-gray-700 mb-1"[39m
              [33mfor[39m=[32m"qualifications"[39m
            [36m>[39m
              [0mQualifications[0m
            [36m</label>[39m
            [36m<textarea[39m
              [33maria-invalid[39m=[32m"false"[39m
              [33mclass[39m=[32m"w-full px-3 py-2 border rounded-lg text-base focus:outline-none focus:ring-2 focus:ring-blue-500 resize-none border-gray-300"[39m
              [33mid[39m=[32m"qualifications"[39m
              [33mplaceholder[39m=[32m"Enter qualifications"[39m
              [33mrows[39m=[32m"3"[39m
            [36m>[39m
              [0mBSc Physical Education, International Badminton Certification[0m
            [36m</textarea>[39m
          [36m</div>[39m
          [36m<div>[39m
            [36m<label[39m
              [33mclass[39m=[32m"block text-sm font-medium text-gray-700 mb-1"[39m
              [33mfor[39m=[32m"certifications"[39m
            [36m>[39m
              [0mCertifications[0m
            [36m</label>[39m
            [36m<textarea[39m
              [33maria-invalid[39m=[32m"false"[39m
              [33mclass[39m=[32m"w-full px-3 py-2 border rounded-lg text-base focus:outline-none focus:ring-2 focus:ring-blue-500 resize-none border-gray-300"[39m
              [33mid[39m=[32m"certifications"[39m
              [33mplaceholder[39m=[32m"Enter certifications"[39m
              [33mrows[39m=[32m"3"[39m
            [36m>[39m
              [0mLevel 3 Badminton Coach, Sports Science Diploma[0m
            [36m</textarea>[39m
          [36m</div>[39m
          [36m<div>[39m
            [36m<label[39m
              [33mclass[39m=[32m"block text-sm font-medium text-gray-700 mb-1"[39m
              [33mfor[39m=[32m"bio"[39m
            [36m>[39m
              [0mBio[0m
            [36m</label>[39m
            [36m<textarea[39m
              [33maria-invalid[39m=[32m"false"[39m
              [33mclass[39m=[32m"w-full px-3 py-2 border rounded-lg text-base focus:outline-none focus:ring-2 focus:ring-blue-500 resize-none border-gray-300"[39m
              [33mid[39m=[32m"bio"[39m
              [33mplaceholder[39m=[32m"Enter bio"[39m
              [33mrows[39m=[32m"4"[39m
            [36m>[39m
              [0mExpert badminton coach with 10 years of experience in training professional athletes.[0m
            [36m</textarea>[39m
          [36m</div>[39m
        [36m</div>[39m
      [36m</div>[39m
      [36m<div[39m
        [33mclass[39m=[32m"flex justify-end gap-3 pt-6"[39m
      [36m>[39m
        [36m<button[39m
          [33maria-label[39m=[32m"Cancel profile editing"[39m
          [33mclass[39m=[32m"px-6 py-2 border border-gray-300 rounded-lg text-base font-medium text-gray-700 hover:bg-gray-50 focus:outline-none focus:ring-2 focus:ring-blue-500 disabled:opacity-50 disabled:cursor-not-allowed"[39m
          [33mtype[39m=[32m"button"[39m
        [36m>[39m
          [0mCancel[0m
        [36m</button>[39m
        [36m<button[39m
          [33maria-label[39m=[32m"Save profile changes"[39m
          [33mclass[39m=[32m"px-6 py-2 bg-blue-600 rounded-lg text-base font-medium text-white hover:bg-blue-700 focus:outline-none focus:ring-2 focus:ring-blue-500 disabled:opacity-50 disabled:cursor-not-allowed"[39m
          [33mtype[39m=[32m"submit"[39m
        [36m>[39m
          [0mSave Changes[0m
        [36m</button>[39m
      [36m</div>[39m
    [36m</form>[39m
  [36m</div>[39m
[36m</body>[39m

Ignored nodes: comments, script, style
[36m<html>[39m
  [36m<head />[39m
  [36m<body>[39m
    [36m<div>[39m
      [36m<form[39m
        [33mclass[39m=[32m"space-y-6 p-6"[39m
        [33mnovalidate[39m=[32m""[39m
      [36m>[39m
        [36m<div>[39m
          [36m<h3[39m
            [33mclass[39m=[32m"text-lg font-semibold mb-4 text-gray-900"[39m
          [36m>[39m
            [0mPersonal Information[0m
          [36m</h3>[39m
          [36m<div[39m
            [33mclass[39m=[32m"space-y-4"[39m
          [36m>[39m
            [36m<div>[39m
              [36m<label[39m
                [33mclass[39m=[32m"block text-sm font-medium text-gray-700 mb-1"[39m
                [33mfor[39m=[32m"name"[39m
              [36m>[39m
                [0mName *[0m
              [36m</label>[39m
              [36m<input[39m
                [33maria-invalid[39m=[32m"false"[39m
                [33mclass[39m=[32m"w-full px-3 py-2 border rounded-lg text-base focus:outline-none focus:ring-2 focus:ring-blue-500 border-gray-300"[39m
                [33mid[39m=[32m"name"[39m
                [33mplaceholder[39m=[32m"Enter coach name"[39m
                [33mtype[39m=[32m"text"[39m
                [33mvalue[39m=[32m"John Doe"[39m
              [36m/>[39m
            [36m</div>[39m
            [36m<div>[39m
              [36m<label[39m
                [33mclass[39m=[32m"block text-sm font-medium text-gray-700 mb-1"[39m
                [33mfor[39m=[32m"email"[39m
              [36m>[39m
                [0mEmail[0m
              [36m</label>[39m
              [36m<input[39m
                [33maria-invalid[39m=[32m"false"[39m
                [33mclass[39m=[32m"w-full px-3 py-2 border rounded-lg text-base focus:outline-none focus:ring-2 focus:ring-blue-500 border-gray-300"[39m
                [33mid[39m=[32m"email"[39m
                [33mplaceholder[39m=[32m"Enter email address"[39m
                [33mtype[39m=[32m"email"[39m
                [33mvalue[39m=[32m"john@example.com"[39m
              [36m/>[39m
            [36m</div>[39m
            [36m<div>[39m
              [36m<label[39m
                [33mclass[39m=[32m"block text-sm font-medium text-gray-700 mb-1"[39m
                [33mfor[39m=[32m"phone"[39m
              [36m>[39m
                [0mPhone[0m
              [36m</label>[39m
              [36m<input[39m
                [33maria-invalid[39m=[32m"false"[39m
                [33mclass[39m=[32m"w-full px-3 py-2 border rounded-lg text-base focus:outline-none focus:ring-2 focus:ring-blue-500 border-gray-300"[39m
                [33mid[39m=[32m"phone"[39m
                [33mplaceholder[39m=[32m"Enter phone number"[39m
                [33mtype[39m=[32m"tel"[39m
                [33mvalue[39m=[32m"+91-9876543210"[39m
              [36m/>[39m
            [36m</div>[39m
          [36m</div>[39m
        [36m</div>[39m
        [36m<div>[39m
          [36m<h3[39m
            [33mclass[39m=[32m"text-lg font-semibold mb-4 text-gray-900"[39m
          [36m>[39m
            [0mProfessional Information[0m
          [36m</h3>[39m
          [36m<div[39m
            [33mclass[39m=[32m"space-y-4"[39m
          [36m>[39m
            [36m<div>[39m
              [36m<label[39m
                [33mclass[39m=[32m"block text-sm font-medium text-gray-700 mb-1"[39m
                [33mfor[39m=[32m"specialization"[39m
              [36m>[39m
                [0mSpecialization[0m
              [36m</label>[39m
              [36m<input[39m
                [33maria-invalid[39m=[32m"false"[39m
                [33mclass[39m=[32m"w-full px-3 py-2 border rounded-lg text-base focus:outline-none focus:ring-2 focus:ring-blue-500 border-gray-300"[39m
                [33mid[39m=[32m"specialization"[39m
                [33mplaceholder[39m=[32m"Enter specialization"[39m
                [33mtype[39m=[32m"text"[39m
                [33mvalue[39m=[32m"Advanced Doubles Training"[39m
              [36m/>[39m
            [36m</div>[39m
            [36m<div>[39m
              [36m<label[39m
                [33mclass[39m=[32m"block text-sm font-medium text-gray-700 mb-1"[39m
                [33mfor[39m=[32m"qualifications"[39m
              [36m>[39m
                [0mQualifications[0m
              [36m</label>[39m
              [36m<textarea[39m
                [33maria-invalid[39m=[32m"false"[39m
                [33mclass[39m=[32m"w-full px-3 py-2 border rounded-lg text-base focus:outline-none focus:ring-2 focus:ring-blue-500 resize-none border-gray-300"[39m
                [33mid[39m=[32m"qualifications"[39m
                [33mplaceholder[39m=[32m"Enter qualifications"[39m
                [33mrows[39m=[32m"3"[39m
              [36m>[39m
                [0mBSc Physical Education, International Badminton Certification[0m
              [36m</textarea>[39m
            [36m</div>[39m
            [36m<div>[39m
              [36m<label[39m
                [33mclass[39m=[32m"block text-sm font-medium text-gray-700 mb-1"[39m
                [33mfor[39m=[32m"certifications"[39m
              [36m>[39m
                [0mCertifications[0m
              [36m</label>[39m
              [36m<textarea[39m
                [33maria-invalid[39m=[32m"false"[39m
                [33mclass[39m=[32m"w-full px-3 py-2 border rounded-lg text-base focus:outline-none focus:ring-2 focus:ring-blue-500 resize-none border-gray-300"[39m
                [33mid[39m=[32m"certifications"[39m
                [33mplaceholder[39m=[32m"Enter certifications"[39m
                [33mrows[39m=[32m"3"[39m
              [36m>[39m
                [0mLevel 3 Badminton Coach, Sports Science Diploma[0m
              [36m</textarea>[39m
            [36m</div>[39m
            [36m<div>[39m
              [36m<label[39m
                [33mclass[39m=[32m"block text-sm font-medium text-gray-700 mb-1"[39m
                [33mfor[39m=[32m"bio"[39m
              [36m>[39m
                [0mBio[0m
              [36m</label>[39m
              [36m<textarea[39m
                [33maria-invalid[39m=[32m"false"[39m
                [33mclass[39m=[32m"w-full px-3 py-2 border rounded-lg text-base focus:outline-none focus:ring-2 focus:ring-blue-500 resize-none border-gray-300"[39m
                [33mid[39m=[32m"bio"[39m
                [33mplaceholder[39m=[32m"Enter bio"[39m
                [33mrows[39m=[32m"4"[39m
              [36m>[39m
                [0mExpert badminton coach with 10 years of experience in training professional athletes.[0m
              [36m</textarea>[39m
            [36m</div>[39m
          [36m</div>[39m
        [36m</div>[39m
        [36m<div[39m
          [33mclass[39m=[32m"flex justify-end gap-3 pt-6"[39m
        [36m>[39m
          [36m<button[39m
            [33maria-label[39m=[32m"Cancel profile editing"[39m
            [33mclass[39m=[32m"px-6 py-2 border border-gray-300 rounded-lg text-base font-medium text-gray-700 hover:bg-gray-50 focus:outline-none focus:ring-2 focus:ring-blue-500 disabled:opacity-50 disabled:cursor-not-allowed"[39m
            [33mtype[39m=[32m"button"[39m
          [36m>[39m
            [0mCancel[0m
          [36m</button>[39m
          [36m<button[39m
            [33maria-label[39m=[32m"Save profile changes"[39m
            [33mclass[39m=[32m"px-6 py-2 bg-blue-600 rounded-lg text-base font-medium text-white hover:bg-blue-700 focus:outline-none focus:ring-2 focus:ring-blue-500 disabled:opacity-50 disabled:cursor-not-allowed"[39m
            [33mtype[39m=[32m"submit"[39m
          [36m>[39m
            [0mSave Changes[0m
          [36m</button>[39m
        [36m</div>[39m
      [36m</form>[39m
    [36m</div>[39m
  [36m</body>[39m
[36m</html>[39m
 ❯ waitForWrapper node_modules/@testing-library/dom/dist/wait-for.js:163:27
 ❯ src/components/CoachProfileTab.test.tsx:524:13
    522|       fireEvent.click(screen.getByRole('button', { name: /edit profile…
    523|
    524|       await waitFor(() => {
       |             ^
    525|         expect(screen.getByRole('button', { name: /save changes/i })).…
    526|         expect(screen.getByRole('button', { name: /cancel/i })).toBeIn…

⎯⎯⎯⎯⎯⎯⎯⎯⎯⎯⎯⎯⎯⎯⎯⎯⎯⎯⎯⎯⎯[16/107]⎯

 FAIL  src/components/CoachWorkload.test.tsx > CoachWorkload > should render empty state when no workloads
TestingLibraryElementError: Unable to find an element with the text: /no coach assignments found/i. This could be because the text is broken up by multiple elements. In this case, you can provide a function for your text matcher to make your matcher more flexible.

Ignored nodes: comments, script, style
[36m<body>[39m
  [36m<div>[39m
    [36m<div[39m
      [33mclass[39m=[32m"coach-workload"[39m
    [36m>[39m
      [36m<h3[39m
        [33mclass[39m=[32m"coach-workload__title"[39m
      [36m>[39m
        [0mCoach Workloads[0m
      [36m</h3>[39m
      [36m<p[39m
        [33mclass[39m=[32m"coach-workload__subtitle"[39m
      [36m>[39m
        [0mNo coach assignments[0m
      [36m</p>[39m
    [36m</div>[39m
  [36m</div>[39m
[36m</body>[39m
 ❯ Object.getElementError node_modules/@testing-library/dom/dist/config.js:37:19
 ❯ node_modules/@testing-library/dom/dist/query-helpers.js:76:38
 ❯ node_modules/@testing-library/dom/dist/query-helpers.js:52:17
 ❯ node_modules/@testing-library/dom/dist/query-helpers.js:95:19
 ❯ src/components/CoachWorkload.test.tsx:41:19
     39|     render(<CoachWorkload workloads={[]} />);
     40|     expect(screen.getByText('Coach Workloads')).toBeInTheDocument();
     41|     expect(screen.getByText(/no coach assignments found/i)).toBeInTheD…
       |                   ^
     42|   });
     43|

⎯⎯⎯⎯⎯⎯⎯⎯⎯⎯⎯⎯⎯⎯⎯⎯⎯⎯⎯⎯⎯[17/107]⎯

 FAIL  src/components/CoachWorkload.test.tsx > CoachWorkload > should render coach names and student counts
TestingLibraryElementError: Unable to find an element with the text: 12 students. This could be because the text is broken up by multiple elements. In this case, you can provide a function for your text matcher to make your matcher more flexible.

Ignored nodes: comments, script, style
[36m<body>[39m
  [36m<div>[39m
    [36m<div[39m
      [33mclass[39m=[32m"coach-workload"[39m
    [36m>[39m
      [36m<h3[39m
        [33mclass[39m=[32m"coach-workload__title"[39m
      [36m>[39m
        [0mCoach Workloads[0m
      [36m</h3>[39m
      [36m<p[39m
        [33mclass[39m=[32m"coach-workload__subtitle"[39m
      [36m>[39m
        [0mStudent assignments per coach[0m
      [36m</p>[39m
      [36m<div[39m
        [33mclass[39m=[32m"coach-workload__list"[39m
      [36m>[39m
        [36m<div[39m
          [33mclass[39m=[32m"coach-workload__item"[39m
        [36m>[39m
          [36m<div[39m
            [33mclass[39m=[32m"coach-workload__item-content"[39m
          [36m>[39m
            [36m<div[39m
              [33mclass[39m=[32m"coach-workload__badge coach-workload__badge--red"[39m
            [36m>[39m
              [0m12[0m
            [36m</div>[39m
            [36m<p[39m
              [33mclass[39m=[32m"coach-workload__name"[39m
            [36m>[39m
              [0mCoach John[0m
            [36m</p>[39m
          [36m</div>[39m
          [36m<span[39m
            [33mclass[39m=[32m"coach-workload__status-label coach-workload__status-label--red"[39m
          [36m>[39m
            [0mOverloaded[0m
          [36m</span>[39m
        [36m</div>[39m
        [36m<div[39m
          [33mclass[39m=[32m"coach-workload__item"[39m
        [36m>[39m
          [36m<div[39m
            [33mclass[39m=[32m"coach-workload__item-content"[39m
          [36m>[39m
            [36m<div[39m
              [33mclass[39m=[32m"coach-workload__badge coach-workload__badge--green"[39m
            [36m>[39m
              [0m7[0m
            [36m</div>[39m
            [36m<p[39m
              [33mclass[39m=[32m"coach-workload__name"[39m
            [36m>[39m
              [0mCoach Sarah[0m
            [36m</p>[39m
          [36m</div>[39m
          [36m<span[39m
            [33mclass[39m=[32m"coach-workload__status-label coach-workload__status-label--green"[39m
          [36m>[39m
            [0mBalanced[0m
          [36m</span>[39m
        [36m</div>[39m
        [36m<div[39m
          [33mclass[39m=[32m"coach-workload__item"[39m
        [36m>[39m
          [36m<div[39m
            [33mclass[39m=[32m"coach-workload__item-content"[39m
          [36m>[39m
            [36m<div[39m
              [33mclass[39m=[32m"coach-workload__badge coach-workload__badge--yellow"[39m
            [36m>[39m
              [0m3[0m
            [36m</div>[39m
            [36m<p[39m
              [33mclass[39m=[32m"coach-workload__name"[39m
            [36m>[39m
              [0mCoach Mike[0m
            [36m</p>[39m
          [36m</div>[39m
          [36m<span[39m
            [33mclass[39m=[32m"coach-workload__status-label coach-workload__status-label--yellow"[39m
          [36m>[39m
            [0mLight[0m
          [36m</span>[39m
        [36m</div>[39m
      [36m</div>[39m
      [36m<div[39m
        [33mclass[39m=[32m"coach-workload__legend"[39m
      [36m>[39m
        [36m<div[39m
          [33mclass[39m=[32m"coach-workload__legend-item"[39m
        [36m>[39m
          [36m<span[39m
            [33mclass[39m=[32m"coach-workload__legend-dot coach-workload__legend-dot--green"[39m
          [36m/>[39m
          [36m<span>[39m
            [0mBalanced[0m
          [36m</span>[39m
        [36m</div>[39m
        [36m<div[39m
          [33mclass[39m=[32m"coach-workload__legend-item"[39m
        [36m>[39m
          [36m<span[39m
            [33mclass[39m=[32m"coach-workload__legend-dot coach-workload__legend-dot--yellow"[39m
          [36m/>[39m
          [36m<span>[39m
            [0mLight[0m
          [36m</span>[39m
        [36m</div>[39m
        [36m<div[39m
          [33mclass[39m=[32m"coach-workload__legend-item"[39m
        [36m>[39m
          [36m<span[39m
            [33mclass[39m=[32m"coach-workload__legend-dot coach-workload__legend-dot--red"[39m
          [36m/>[39m
          [36m<span>[39m
            [0mOverload[0m
          [36m</span>[39m
        [36m</div>[39m
      [36m</div>[39m
    [36m</div>[39m
  [36m</div>[39m
[36m</body>[39m
 ❯ Object.getElementError node_modules/@testing-library/dom/dist/config.js:37:19
 ❯ node_modules/@testing-library/dom/dist/query-helpers.js:76:38
 ❯ node_modules/@testing-library/dom/dist/query-helpers.js:52:17
 ❯ node_modules/@testing-library/dom/dist/query-helpers.js:95:19
 ❯ src/components/CoachWorkload.test.tsx:49:19
     47|     expect(screen.getByText('Coach Sarah')).toBeInTheDocument();
     48|     expect(screen.getByText('Coach Mike')).toBeInTheDocument();
     49|     expect(screen.getByText('12 students')).toBeInTheDocument();
       |                   ^
     50|     expect(screen.getByText('7 students')).toBeInTheDocument();
     51|     expect(screen.getByText('3 students')).toBeInTheDocument();

⎯⎯⎯⎯⎯⎯⎯⎯⎯⎯⎯⎯⎯⎯⎯⎯⎯⎯⎯⎯⎯[18/107]⎯

 FAIL  src/components/CoachWorkload.test.tsx > CoachWorkload > should display "Balanced" status for coaches with 5-10 students
TestingLibraryElementError: Found multiple elements with the text: Balanced

Here are the matching elements:

Ignored nodes: comments, script, style
[36m<span[39m
  [33mclass[39m=[32m"coach-workload__status-label coach-workload__status-label--green"[39m
[36m>[39m
  [0mBalanced[0m
[36m</span>[39m

Ignored nodes: comments, script, style
[36m<span>[39m
  [0mBalanced[0m
[36m</span>[39m

(If this is intentional, then use the `*AllBy*` variant of the query (like `queryAllByText`, `getAllByText`, or `findAllByText`)).

Ignored nodes: comments, script, style
[36m<body>[39m
  [36m<div>[39m
    [36m<div[39m
      [33mclass[39m=[32m"coach-workload"[39m
    [36m>[39m
      [36m<h3[39m
        [33mclass[39m=[32m"coach-workload__title"[39m
      [36m>[39m
        [0mCoach Workloads[0m
      [36m</h3>[39m
      [36m<p[39m
        [33mclass[39m=[32m"coach-workload__subtitle"[39m
      [36m>[39m
        [0mStudent assignments per coach[0m
      [36m</p>[39m
      [36m<div[39m
        [33mclass[39m=[32m"coach-workload__list"[39m
      [36m>[39m
        [36m<div[39m
          [33mclass[39m=[32m"coach-workload__item"[39m
        [36m>[39m
          [36m<div[39m
            [33mclass[39m=[32m"coach-workload__item-content"[39m
          [36m>[39m
            [36m<div[39m
              [33mclass[39m=[32m"coach-workload__badge coach-workload__badge--red"[39m
            [36m>[39m
              [0m12[0m
            [36m</div>[39m
            [36m<p[39m
              [33mclass[39m=[32m"coach-workload__name"[39m
            [36m>[39m
              [0mCoach John[0m
            [36m</p>[39m
          [36m</div>[39m
          [36m<span[39m
            [33mclass[39m=[32m"coach-workload__status-label coach-workload__status-label--red"[39m
          [36m>[39m
            [0mOverloaded[0m
          [36m</span>[39m
        [36m</div>[39m
        [36m<div[39m
          [33mclass[39m=[32m"coach-workload__item"[39m
        [36m>[39m
          [36m<div[39m
            [33mclass[39m=[32m"coach-workload__item-content"[39m
          [36m>[39m
            [36m<div[39m
              [33mclass[39m=[32m"coach-workload__badge coach-workload__badge--green"[39m
            [36m>[39m
              [0m7[0m
            [36m</div>[39m
            [36m<p[39m
              [33mclass[39m=[32m"coach-workload__name"[39m
            [36m>[39m
              [0mCoach Sarah[0m
            [36m</p>[39m
          [36m</div>[39m
          [36m<span[39m
            [33mclass[39m=[32m"coach-workload__status-label coach-workload__status-label--green"[39m
          [36m>[39m
            [0mBalanced[0m
          [36m</span>[39m
        [36m</div>[39m
        [36m<div[39m
          [33mclass[39m=[32m"coach-workload__item"[39m
        [36m>[39m
          [36m<div[39m
            [33mclass[39m=[32m"coach-workload__item-content"[39m
          [36m>[39m
            [36m<div[39m
              [33mclass[39m=[32m"coach-workload__badge coach-workload__badge--yellow"[39m
            [36m>[39m
              [0m3[0m
            [36m</div>[39m
            [36m<p[39m
              [33mclass[39m=[32m"coach-workload__name"[39m
            [36m>[39m
              [0mCoach Mike[0m
            [36m</p>[39m
          [36m</div>[39m
          [36m<span[39m
            [33mclass[39m=[32m"coach-workload__status-label coach-workload__status-label--yellow"[39m
          [36m>[39m
            [0mLight[0m
          [36m</span>[39m
        [36m</div>[39m
      [36m</div>[39m
      [36m<div[39m
        [33mclass[39m=[32m"coach-workload__legend"[39m
      [36m>[39m
        [36m<div[39m
          [33mclass[39m=[32m"coach-workload__legend-item"[39m
        [36m>[39m
          [36m<span[39m
            [33mclass[39m=[32m"coach-workload__legend-dot coach-workload__legend-dot--green"[39m
          [36m/>[39m
          [36m<span>[39m
            [0mBalanced[0m
          [36m</span>[39m
        [36m</div>[39m
        [36m<div[39m
          [33mclass[39m=[32m"coach-workload__legend-item"[39m
        [36m>[39m
          [36m<span[39m
            [33mclass[39m=[32m"coach-workload__legend-dot coach-workload__legend-dot--yellow"[39m
          [36m/>[39m
          [36m<span>[39m
            [0mLight[0m
          [36m</span>[39m
        [36m</div>[39m
        [36m<div[39m
          [33mclass[39m=[32m"coach-workload__legend-item"[39m
        [36m>[39m
          [36m<span[39m
            [33mclass[39m=[32m"coach-workload__legend-dot coach-workload__legend-dot--red"[39m
          [36m/>[39m
          [36m<span>[39m
            [0mOverload[0m
          [36m</span>[39m
        [36m</div>[39m
      [36m</div>[39m
    [36m</div>[39m
  [36m</div>[39m
[36m</body>[39m
 ❯ Object.getElementError node_modules/@testing-library/dom/dist/config.js:37:19
 ❯ getElementError node_modules/@testing-library/dom/dist/query-helpers.js:20:35
 ❯ getMultipleElementsFoundError node_modules/@testing-library/dom/dist/query-helpers.js:23:10
 ❯ node_modules/@testing-library/dom/dist/query-helpers.js:55:13
 ❯ node_modules/@testing-library/dom/dist/query-helpers.js:95:19
 ❯ src/components/CoachWorkload.test.tsx:61:19
     59|   it('should display "Balanced" status for coaches with 5-10 students'…
     60|     render(<CoachWorkload workloads={mockWorkloads} />);
     61|     expect(screen.getByText('Balanced')).toBeInTheDocument();
       |                   ^
     62|   });
     63|

⎯⎯⎯⎯⎯⎯⎯⎯⎯⎯⎯⎯⎯⎯⎯⎯⎯⎯⎯⎯⎯[19/107]⎯

 FAIL  src/components/CoachWorkload.test.tsx > CoachWorkload > should display "Light" status for coaches with <5 students
TestingLibraryElementError: Found multiple elements with the text: Light

Here are the matching elements:

Ignored nodes: comments, script, style
[36m<span[39m
  [33mclass[39m=[32m"coach-workload__status-label coach-workload__status-label--yellow"[39m
[36m>[39m
  [0mLight[0m
[36m</span>[39m

Ignored nodes: comments, script, style
[36m<span>[39m
  [0mLight[0m
[36m</span>[39m

(If this is intentional, then use the `*AllBy*` variant of the query (like `queryAllByText`, `getAllByText`, or `findAllByText`)).

Ignored nodes: comments, script, style
[36m<body>[39m
  [36m<div>[39m
    [36m<div[39m
      [33mclass[39m=[32m"coach-workload"[39m
    [36m>[39m
      [36m<h3[39m
        [33mclass[39m=[32m"coach-workload__title"[39m
      [36m>[39m
        [0mCoach Workloads[0m
      [36m</h3>[39m
      [36m<p[39m
        [33mclass[39m=[32m"coach-workload__subtitle"[39m
      [36m>[39m
        [0mStudent assignments per coach[0m
      [36m</p>[39m
      [36m<div[39m
        [33mclass[39m=[32m"coach-workload__list"[39m
      [36m>[39m
        [36m<div[39m
          [33mclass[39m=[32m"coach-workload__item"[39m
        [36m>[39m
          [36m<div[39m
            [33mclass[39m=[32m"coach-workload__item-content"[39m
          [36m>[39m
            [36m<div[39m
              [33mclass[39m=[32m"coach-workload__badge coach-workload__badge--red"[39m
            [36m>[39m
              [0m12[0m
            [36m</div>[39m
            [36m<p[39m
              [33mclass[39m=[32m"coach-workload__name"[39m
            [36m>[39m
              [0mCoach John[0m
            [36m</p>[39m
          [36m</div>[39m
          [36m<span[39m
            [33mclass[39m=[32m"coach-workload__status-label coach-workload__status-label--red"[39m
          [36m>[39m
            [0mOverloaded[0m
          [36m</span>[39m
        [36m</div>[39m
        [36m<div[39m
          [33mclass[39m=[32m"coach-workload__item"[39m
        [36m>[39m
          [36m<div[39m
            [33mclass[39m=[32m"coach-workload__item-content"[39m
          [36m>[39m
            [36m<div[39m
              [33mclass[39m=[32m"coach-workload__badge coach-workload__badge--green"[39m
            [36m>[39m
              [0m7[0m
            [36m</div>[39m
            [36m<p[39m
              [33mclass[39m=[32m"coach-workload__name"[39m
            [36m>[39m
              [0mCoach Sarah[0m
            [36m</p>[39m
          [36m</div>[39m
          [36m<span[39m
            [33mclass[39m=[32m"coach-workload__status-label coach-workload__status-label--green"[39m
          [36m>[39m
            [0mBalanced[0m
          [36m</span>[39m
        [36m</div>[39m
        [36m<div[39m
          [33mclass[39m=[32m"coach-workload__item"[39m
        [36m>[39m
          [36m<div[39m
            [33mclass[39m=[32m"coach-workload__item-content"[39m
          [36m>[39m
            [36m<div[39m
              [33mclass[39m=[32m"coach-workload__badge coach-workload__badge--yellow"[39m
            [36m>[39m
              [0m3[0m
            [36m</div>[39m
            [36m<p[39m
              [33mclass[39m=[32m"coach-workload__name"[39m
            [36m>[39m
              [0mCoach Mike[0m
            [36m</p>[39m
          [36m</div>[39m
          [36m<span[39m
            [33mclass[39m=[32m"coach-workload__status-label coach-workload__status-label--yellow"[39m
          [36m>[39m
            [0mLight[0m
          [36m</span>[39m
        [36m</div>[39m
      [36m</div>[39m
      [36m<div[39m
        [33mclass[39m=[32m"coach-workload__legend"[39m
      [36m>[39m
        [36m<div[39m
          [33mclass[39m=[32m"coach-workload__legend-item"[39m
        [36m>[39m
          [36m<span[39m
            [33mclass[39m=[32m"coach-workload__legend-dot coach-workload__legend-dot--green"[39m
          [36m/>[39m
          [36m<span>[39m
            [0mBalanced[0m
          [36m</span>[39m
        [36m</div>[39m
        [36m<div[39m
          [33mclass[39m=[32m"coach-workload__legend-item"[39m
        [36m>[39m
          [36m<span[39m
            [33mclass[39m=[32m"coach-workload__legend-dot coach-workload__legend-dot--yellow"[39m
          [36m/>[39m
          [36m<span>[39m
            [0mLight[0m
          [36m</span>[39m
        [36m</div>[39m
        [36m<div[39m
          [33mclass[39m=[32m"coach-workload__legend-item"[39m
        [36m>[39m
          [36m<span[39m
            [33mclass[39m=[32m"coach-workload__legend-dot coach-workload__legend-dot--red"[39m
          [36m/>[39m
          [36m<span>[39m
            [0mOverload[0m
          [36m</span>[39m
        [36m</div>[39m
      [36m</div>[39m
    [36m</div>[39m
  [36m</div>[39m
[36m</body>[39m
 ❯ Object.getElementError node_modules/@testing-library/dom/dist/config.js:37:19
 ❯ getElementError node_modules/@testing-library/dom/dist/query-helpers.js:20:35
 ❯ getMultipleElementsFoundError node_modules/@testing-library/dom/dist/query-helpers.js:23:10
 ❯ node_modules/@testing-library/dom/dist/query-helpers.js:55:13
 ❯ node_modules/@testing-library/dom/dist/query-helpers.js:95:19
 ❯ src/components/CoachWorkload.test.tsx:66:19
     64|   it('should display "Light" status for coaches with <5 students', () …
     65|     render(<CoachWorkload workloads={mockWorkloads} />);
     66|     expect(screen.getByText('Light')).toBeInTheDocument();
       |                   ^
     67|   });
     68|

⎯⎯⎯⎯⎯⎯⎯⎯⎯⎯⎯⎯⎯⎯⎯⎯⎯⎯⎯⎯⎯[20/107]⎯

 FAIL  src/components/CoachWorkload.test.tsx > CoachWorkload > should display legend explaining status indicators
TestingLibraryElementError: Unable to find an element with the text: /balanced \(5-10\)/i. This could be because the text is broken up by multiple elements. In this case, you can provide a function for your text matcher to make your matcher more flexible.

Ignored nodes: comments, script, style
[36m<body>[39m
  [36m<div>[39m
    [36m<div[39m
      [33mclass[39m=[32m"coach-workload"[39m
    [36m>[39m
      [36m<h3[39m
        [33mclass[39m=[32m"coach-workload__title"[39m
      [36m>[39m
        [0mCoach Workloads[0m
      [36m</h3>[39m
      [36m<p[39m
        [33mclass[39m=[32m"coach-workload__subtitle"[39m
      [36m>[39m
        [0mStudent assignments per coach[0m
      [36m</p>[39m
      [36m<div[39m
        [33mclass[39m=[32m"coach-workload__list"[39m
      [36m>[39m
        [36m<div[39m
          [33mclass[39m=[32m"coach-workload__item"[39m
        [36m>[39m
          [36m<div[39m
            [33mclass[39m=[32m"coach-workload__item-content"[39m
          [36m>[39m
            [36m<div[39m
              [33mclass[39m=[32m"coach-workload__badge coach-workload__badge--red"[39m
            [36m>[39m
              [0m12[0m
            [36m</div>[39m
            [36m<p[39m
              [33mclass[39m=[32m"coach-workload__name"[39m
            [36m>[39m
              [0mCoach John[0m
            [36m</p>[39m
          [36m</div>[39m
          [36m<span[39m
            [33mclass[39m=[32m"coach-workload__status-label coach-workload__status-label--red"[39m
          [36m>[39m
            [0mOverloaded[0m
          [36m</span>[39m
        [36m</div>[39m
        [36m<div[39m
          [33mclass[39m=[32m"coach-workload__item"[39m
        [36m>[39m
          [36m<div[39m
            [33mclass[39m=[32m"coach-workload__item-content"[39m
          [36m>[39m
            [36m<div[39m
              [33mclass[39m=[32m"coach-workload__badge coach-workload__badge--green"[39m
            [36m>[39m
              [0m7[0m
            [36m</div>[39m
            [36m<p[39m
              [33mclass[39m=[32m"coach-workload__name"[39m
            [36m>[39m
              [0mCoach Sarah[0m
            [36m</p>[39m
          [36m</div>[39m
          [36m<span[39m
            [33mclass[39m=[32m"coach-workload__status-label coach-workload__status-label--green"[39m
          [36m>[39m
            [0mBalanced[0m
          [36m</span>[39m
        [36m</div>[39m
        [36m<div[39m
          [33mclass[39m=[32m"coach-workload__item"[39m
        [36m>[39m
          [36m<div[39m
            [33mclass[39m=[32m"coach-workload__item-content"[39m
          [36m>[39m
            [36m<div[39m
              [33mclass[39m=[32m"coach-workload__badge coach-workload__badge--yellow"[39m
            [36m>[39m
              [0m3[0m
            [36m</div>[39m
            [36m<p[39m
              [33mclass[39m=[32m"coach-workload__name"[39m
            [36m>[39m
              [0mCoach Mike[0m
            [36m</p>[39m
          [36m</div>[39m
          [36m<span[39m
            [33mclass[39m=[32m"coach-workload__status-label coach-workload__status-label--yellow"[39m
          [36m>[39m
            [0mLight[0m
          [36m</span>[39m
        [36m</div>[39m
      [36m</div>[39m
      [36m<div[39m
        [33mclass[39m=[32m"coach-workload__legend"[39m
      [36m>[39m
        [36m<div[39m
          [33mclass[39m=[32m"coach-workload__legend-item"[39m
        [36m>[39m
          [36m<span[39m
            [33mclass[39m=[32m"coach-workload__legend-dot coach-workload__legend-dot--green"[39m
          [36m/>[39m
          [36m<span>[39m
            [0mBalanced[0m
          [36m</span>[39m
        [36m</div>[39m
        [36m<div[39m
          [33mclass[39m=[32m"coach-workload__legend-item"[39m
        [36m>[39m
          [36m<span[39m
            [33mclass[39m=[32m"coach-workload__legend-dot coach-workload__legend-dot--yellow"[39m
          [36m/>[39m
          [36m<span>[39m
            [0mLight[0m
          [36m</span>[39m
        [36m</div>[39m
        [36m<div[39m
          [33mclass[39m=[32m"coach-workload__legend-item"[39m
        [36m>[39m
          [36m<span[39m
            [33mclass[39m=[32m"coach-workload__legend-dot coach-workload__legend-dot--red"[39m
          [36m/>[39m
          [36m<span>[39m
            [0mOverload[0m
          [36m</span>[39m
        [36m</div>[39m
      [36m</div>[39m
    [36m</div>[39m
  [36m</div>[39m
[36m</body>[39m
 ❯ Object.getElementError node_modules/@testing-library/dom/dist/config.js:37:19
 ❯ node_modules/@testing-library/dom/dist/query-helpers.js:76:38
 ❯ node_modules/@testing-library/dom/dist/query-helpers.js:52:17
 ❯ node_modules/@testing-library/dom/dist/query-helpers.js:95:19
 ❯ src/components/CoachWorkload.test.tsx:71:19
     69|   it('should display legend explaining status indicators', () => {
     70|     render(<CoachWorkload workloads={mockWorkloads} />);
     71|     expect(screen.getByText(/balanced \(5-10\)/i)).toBeInTheDocument();
       |                   ^
     72|     expect(screen.getByText(/light \(<5\)/i)).toBeInTheDocument();
     73|     expect(screen.getByText(/overloaded \(>10\)/i)).toBeInTheDocument(…

⎯⎯⎯⎯⎯⎯⎯⎯⎯⎯⎯⎯⎯⎯⎯⎯⎯⎯⎯⎯⎯[21/107]⎯

 FAIL  src/components/CoachWorkload.test.tsx > CoachWorkload > should render singular "student" for count of 1
TestingLibraryElementError: Unable to find an element with the text: 1 student. This could be because the text is broken up by multiple elements. In this case, you can provide a function for your text matcher to make your matcher more flexible.

Ignored nodes: comments, script, style
[36m<body>[39m
  [36m<div>[39m
    [36m<div[39m
      [33mclass[39m=[32m"coach-workload"[39m
    [36m>[39m
      [36m<h3[39m
        [33mclass[39m=[32m"coach-workload__title"[39m
      [36m>[39m
        [0mCoach Workloads[0m
      [36m</h3>[39m
      [36m<p[39m
        [33mclass[39m=[32m"coach-workload__subtitle"[39m
      [36m>[39m
        [0mStudent assignments per coach[0m
      [36m</p>[39m
      [36m<div[39m
        [33mclass[39m=[32m"coach-workload__list"[39m
      [36m>[39m
        [36m<div[39m
          [33mclass[39m=[32m"coach-workload__item"[39m
        [36m>[39m
          [36m<div[39m
            [33mclass[39m=[32m"coach-workload__item-content"[39m
          [36m>[39m
            [36m<div[39m
              [33mclass[39m=[32m"coach-workload__badge coach-workload__badge--yellow"[39m
            [36m>[39m
              [0m1[0m
            [36m</div>[39m
            [36m<p[39m
              [33mclass[39m=[32m"coach-workload__name"[39m
            [36m>[39m
              [0mCoach Solo[0m
            [36m</p>[39m
          [36m</div>[39m
          [36m<span[39m
            [33mclass[39m=[32m"coach-workload__status-label coach-workload__status-label--yellow"[39m
          [36m>[39m
            [0mLight[0m
          [36m</span>[39m
        [36m</div>[39m
      [36m</div>[39m
      [36m<div[39m
        [33mclass[39m=[32m"coach-workload__legend"[39m
      [36m>[39m
        [36m<div[39m
          [33mclass[39m=[32m"coach-workload__legend-item"[39m
        [36m>[39m
          [36m<span[39m
            [33mclass[39m=[32m"coach-workload__legend-dot coach-workload__legend-dot--green"[39m
          [36m/>[39m
          [36m<span>[39m
            [0mBalanced[0m
          [36m</span>[39m
        [36m</div>[39m
        [36m<div[39m
          [33mclass[39m=[32m"coach-workload__legend-item"[39m
        [36m>[39m
          [36m<span[39m
            [33mclass[39m=[32m"coach-workload__legend-dot coach-workload__legend-dot--yellow"[39m
          [36m/>[39m
          [36m<span>[39m
            [0mLight[0m
          [36m</span>[39m
        [36m</div>[39m
        [36m<div[39m
          [33mclass[39m=[32m"coach-workload__legend-item"[39m
        [36m>[39m
          [36m<span[39m
            [33mclass[39m=[32m"coach-workload__legend-dot coach-workload__legend-dot--red"[39m
          [36m/>[39m
          [36m<span>[39m
            [0mOverload[0m
          [36m</span>[39m
        [36m</div>[39m
      [36m</div>[39m
    [36m</div>[39m
  [36m</div>[39m
[36m</body>[39m
 ❯ Object.getElementError node_modules/@testing-library/dom/dist/config.js:37:19
 ❯ node_modules/@testing-library/dom/dist/query-helpers.js:76:38
 ❯ node_modules/@testing-library/dom/dist/query-helpers.js:52:17
 ❯ node_modules/@testing-library/dom/dist/query-helpers.js:95:19
 ❯ src/components/CoachWorkload.test.tsx:88:19
     86|     ];
     87|     render(<CoachWorkload workloads={singleStudentWorkload} />);
     88|     expect(screen.getByText('1 student')).toBeInTheDocument();
       |                   ^
     89|   });
     90|

⎯⎯⎯⎯⎯⎯⎯⎯⎯⎯⎯⎯⎯⎯⎯⎯⎯⎯⎯⎯⎯[22/107]⎯

 FAIL  src/components/FeeAlerts.test.tsx > FeeAlerts > should render success state when no overdue fees
TestingLibraryElementError: Unable to find an element with the text: /all fees are up to date/i. This could be because the text is broken up by multiple elements. In this case, you can provide a function for your text matcher to make your matcher more flexible.

Ignored nodes: comments, script, style
[36m<body>[39m
  [36m<div>[39m
    [36m<div[39m
      [33mclass[39m=[32m"fee-alerts fee-alerts--success"[39m
    [36m>[39m
      [36m<div[39m
        [33mclass[39m=[32m"fee-alerts__container"[39m
      [36m>[39m
        [36m<div[39m
          [33mclass[39m=[32m"fee-alerts__icon-wrapper fee-alerts__icon-wrapper--success"[39m
        [36m>[39m
          [36m<svg[39m
            [33mclass[39m=[32m"fee-alerts__icon"[39m
            [33mfill[39m=[32m"none"[39m
            [33mstroke[39m=[32m"currentColor"[39m
            [33mviewBox[39m=[32m"0 0 24 24"[39m
          [36m>[39m
            [36m<path[39m
              [33md[39m=[32m"M9 12l2 2 4-4m6 2a9 9 0 11-18 0 9 9 0 0118 0z"[39m
              [33mstroke-linecap[39m=[32m"round"[39m
              [33mstroke-linejoin[39m=[32m"round"[39m
              [33mstroke-width[39m=[32m"2"[39m
            [36m/>[39m
          [36m</svg>[39m
        [36m</div>[39m
        [36m<div[39m
          [33mclass[39m=[32m"fee-alerts__content"[39m
        [36m>[39m
          [36m<h3[39m
            [33mclass[39m=[32m"fee-alerts__title fee-alerts__title--success"[39m
          [36m>[39m
            [0mFee Alerts[0m
          [36m</h3>[39m
          [36m<p[39m
            [33mclass[39m=[32m"fee-alerts__subtitle fee-alerts__subtitle--success"[39m
          [36m>[39m
            [0mAll fees up to date[0m
          [36m</p>[39m
        [36m</div>[39m
      [36m</div>[39m
    [36m</div>[39m
  [36m</div>[39m
[36m</body>[39m
 ❯ Object.getElementError node_modules/@testing-library/dom/dist/config.js:37:19
 ❯ node_modules/@testing-library/dom/dist/query-helpers.js:76:38
 ❯ node_modules/@testing-library/dom/dist/query-helpers.js:52:17
 ❯ node_modules/@testing-library/dom/dist/query-helpers.js:95:19
 ❯ src/components/FeeAlerts.test.tsx:39:19
     37|     render(<FeeAlerts overdueFees={[]} />);
     38|     expect(screen.getByText('Fee Alerts')).toBeInTheDocument();
     39|     expect(screen.getByText(/all fees are up to date/i)).toBeInTheDocu…
       |                   ^
     40|   });
     41|

⎯⎯⎯⎯⎯⎯⎯⎯⎯⎯⎯⎯⎯⎯⎯⎯⎯⎯⎯⎯⎯[23/107]⎯

 FAIL  src/components/FeeAlerts.test.tsx > FeeAlerts > should render alert state when there are overdue fees
AssertionError: the given combination of arguments (undefined and string) is invalid for this assertion. You can use an array, a map, an object, a set, a string, or a weakset instead of a string
 ❯ src/components/FeeAlerts.test.tsx:54:38
     52|     // Check for the header span with total count
     53|     const headerCount = container.querySelector('.text-sm.font-medium.…
     54|     expect(headerCount?.textContent).toContain('1 overdue payment');
       |                                      ^
     55|   });
     56|

⎯⎯⎯⎯⎯⎯⎯⎯⎯⎯⎯⎯⎯⎯⎯⎯⎯⎯⎯⎯⎯[24/107]⎯

 FAIL  src/components/FeeAlerts.test.tsx > FeeAlerts > should display count of overdue payments per student
AssertionError: expected false to be true // Object.is equality

- Expected
+ Received

- true
+ false

 ❯ src/components/FeeAlerts.test.tsx:95:29
     93|       (card) => card.textContent?.includes('2 overdue payments')
     94|     );
     95|     expect(hasCorrectCount).toBe(true);
       |                             ^
     96|   });
     97|

⎯⎯⎯⎯⎯⎯⎯⎯⎯⎯⎯⎯⎯⎯⎯⎯⎯⎯⎯⎯⎯[25/107]⎯

 FAIL  src/components/FeeAlerts.test.tsx > FeeAlerts > should limit display to 5 students
TestingLibraryElementError: Unable to find an element with the text: /\+2 more student/i. This could be because the text is broken up by multiple elements. In this case, you can provide a function for your text matcher to make your matcher more flexible.

Ignored nodes: comments, script, style
[36m<body>[39m
  [36m<div>[39m
    [36m<div[39m
      [33mclass[39m=[32m"fee-alerts fee-alerts--danger"[39m
    [36m>[39m
      [36m<div[39m
        [33mclass[39m=[32m"fee-alerts__container"[39m
      [36m>[39m
        [36m<div[39m
          [33mclass[39m=[32m"fee-alerts__icon-wrapper fee-alerts__icon-wrapper--danger"[39m
        [36m>[39m
          [36m<svg[39m
            [33mclass[39m=[32m"fee-alerts__icon"[39m
            [33mfill[39m=[32m"none"[39m
            [33mstroke[39m=[32m"currentColor"[39m
            [33mviewBox[39m=[32m"0 0 24 24"[39m
          [36m>[39m
            [36m<path[39m
              [33md[39m=[32m"M12 9v2m0 4h.01m-6.938 4h13.856c1.54 0 2.502-1.667 1.732-3L13.732 4c-.77-1.333-2.694-1.333-3.464 0L3.34 16c-.77 1.333.192 3 1.732 3z"[39m
              [33mstroke-linecap[39m=[32m"round"[39m
              [33mstroke-linejoin[39m=[32m"round"[39m
              [33mstroke-width[39m=[32m"2"[39m
            [36m/>[39m
          [36m</svg>[39m
        [36m</div>[39m
        [36m<div[39m
          [33mclass[39m=[32m"fee-alerts__content"[39m
        [36m>[39m
          [36m<div[39m
            [33mclass[39m=[32m"fee-alerts__header"[39m
          [36m>[39m
            [36m<h3[39m
              [33mclass[39m=[32m"fee-alerts__title fee-alerts__title--danger"[39m
            [36m>[39m
              [0mFee Alerts[0m
            [36m</h3>[39m
            [36m<span[39m
              [33mclass[39m=[32m"fee-alerts__count"[39m
            [36m>[39m
              [0m7[0m
              [0m overdue[0m
            [36m</span>[39m
          [36m</div>[39m
          [36m<p[39m
            [33mclass[39m=[32m"fee-alerts__subtitle fee-alerts__subtitle--danger"[39m
          [36m>[39m
            [0m7[0m
            [0m student[0m
            [0ms[0m
            [0m with overdue fees[0m
          [36m</p>[39m
          [36m<div[39m
            [33mclass[39m=[32m"fee-alerts__list"[39m
          [36m>[39m
            [36m<div[39m
              [33mclass[39m=[32m"fee-alerts__list-item"[39m
            [36m>[39m
              [36m<p[39m
                [33mclass[39m=[32m"fee-alerts__student-name"[39m
              [36m>[39m
                [0mStudent 0[0m
              [36m</p>[39m
              [36m<p[39m
                [33mclass[39m=[32m"fee-alerts__amount"[39m
              [36m>[39m
                [0m₹[0m
                [0m3,000[0m
              [36m</p>[39m
            [36m</div>[39m
            [36m<div[39m
              [33mclass[39m=[32m"fee-alerts__list-item"[39m
            [36m>[39m
              [36m<p[39m
                [33mclass[39m=[32m"fee-alerts__student-name"[39m
              [36m>[39m
                [0mStudent 1[0m
              [36m</p>[39m
              [36m<p[39m
                [33mclass[39m=[32m"fee-alerts__amount"[39m
              [36m>[39m
                [0m₹[0m
                [0m3,000[0m
              [36m</p>[39m
            [36m</div>[39m
            [36m<div[39m
              [33mclass[39m=[32m"fee-alerts__list-item"[39m
            [36m>[39m
              [36m<p[39m
                [33mclass[39m=[32m"fee-alerts__student-name"[39m
              [36m>[39m
                [0mStudent 2[0m
              [36m</p>[39m
              [36m<p[39m
                [33mclass[39m=[32m"fee-alerts__amount"[39m
              [36m>[39m
                [0m₹[0m
                [0m3,000[0m
              [36m</p>[39m
            [36m</div>[39m
          [36m</div>[39m
          [36m<p[39m
            [33mclass[39m=[32m"fee-alerts__more-text"[39m
          [36m>[39m
            [0m+[0m
            [0m4[0m
            [0m more[0m
          [36m</p>[39m
        [36m</div>[39m
      [36m</div>[39m
    [36m</div>[39m
  [36m</div>[39m
[36m</body>[39m
 ❯ Object.getElementError node_modules/@testing-library/dom/dist/config.js:37:19
 ❯ node_modules/@testing-library/dom/dist/query-helpers.js:76:38
 ❯ node_modules/@testing-library/dom/dist/query-helpers.js:52:17
 ❯ node_modules/@testing-library/dom/dist/query-helpers.js:95:19
 ❯ src/components/FeeAlerts.test.tsx:105:19
    103|     }));
    104|     render(<FeeAlerts overdueFees={overdueFees} />);
    105|     expect(screen.getByText(/\+2 more student/i)).toBeInTheDocument();
       |                   ^
    106|   });
    107|

⎯⎯⎯⎯⎯⎯⎯⎯⎯⎯⎯⎯⎯⎯⎯⎯⎯⎯⎯⎯⎯[26/107]⎯

 FAIL  src/components/FeeAlerts.test.tsx > FeeAlerts > should call onViewDetails when button is clicked
TestingLibraryElementError: Unable to find an element with the text: /view all fee details/i. This could be because the text is broken up by multiple elements. In this case, you can provide a function for your text matcher to make your matcher more flexible.

Ignored nodes: comments, script, style
[36m<body>[39m
  [36m<div>[39m
    [36m<div[39m
      [33mclass[39m=[32m"fee-alerts fee-alerts--danger"[39m
    [36m>[39m
      [36m<div[39m
        [33mclass[39m=[32m"fee-alerts__container"[39m
      [36m>[39m
        [36m<div[39m
          [33mclass[39m=[32m"fee-alerts__icon-wrapper fee-alerts__icon-wrapper--danger"[39m
        [36m>[39m
          [36m<svg[39m
            [33mclass[39m=[32m"fee-alerts__icon"[39m
            [33mfill[39m=[32m"none"[39m
            [33mstroke[39m=[32m"currentColor"[39m
            [33mviewBox[39m=[32m"0 0 24 24"[39m
          [36m>[39m
            [36m<path[39m
              [33md[39m=[32m"M12 9v2m0 4h.01m-6.938 4h13.856c1.54 0 2.502-1.667 1.732-3L13.732 4c-.77-1.333-2.694-1.333-3.464 0L3.34 16c-.77 1.333.192 3 1.732 3z"[39m
              [33mstroke-linecap[39m=[32m"round"[39m
              [33mstroke-linejoin[39m=[32m"round"[39m
              [33mstroke-width[39m=[32m"2"[39m
            [36m/>[39m
          [36m</svg>[39m
        [36m</div>[39m
        [36m<div[39m
          [33mclass[39m=[32m"fee-alerts__content"[39m
        [36m>[39m
          [36m<div[39m
            [33mclass[39m=[32m"fee-alerts__header"[39m
          [36m>[39m
            [36m<h3[39m
              [33mclass[39m=[32m"fee-alerts__title fee-alerts__title--danger"[39m
            [36m>[39m
              [0mFee Alerts[0m
            [36m</h3>[39m
            [36m<span[39m
              [33mclass[39m=[32m"fee-alerts__count"[39m
            [36m>[39m
              [0m1[0m
              [0m overdue[0m
            [36m</span>[39m
          [36m</div>[39m
          [36m<p[39m
            [33mclass[39m=[32m"fee-alerts__subtitle fee-alerts__subtitle--danger"[39m
          [36m>[39m
            [0m1[0m
            [0m student[0m
            [0m with overdue fees[0m
          [36m</p>[39m
          [36m<div[39m
            [33mclass[39m=[32m"fee-alerts__list"[39m
          [36m>[39m
            [36m<div[39m
              [33mclass[39m=[32m"fee-alerts__list-item"[39m
            [36m>[39m
              [36m<p[39m
                [33mclass[39m=[32m"fee-alerts__student-name"[39m
              [36m>[39m
                [0mTest Student[0m
              [36m</p>[39m
              [36m<p[39m
                [33mclass[39m=[32m"fee-alerts__amount"[39m
              [36m>[39m
                [0m₹[0m
                [0m3,000[0m
              [36m</p>[39m
            [36m</div>[39m
          [36m</div>[39m
          [36m<button[39m
            [33mclass[39m=[32m"fee-alerts__view-btn"[39m
          [36m>[39m
            [0mView all →[0m
          [36m</button>[39m
        [36m</div>[39m
      [36m</div>[39m
    [36m</div>[39m
  [36m</div>[39m
[36m</body>[39m
 ❯ Object.getElementError node_modules/@testing-library/dom/dist/config.js:37:19
 ❯ node_modules/@testing-library/dom/dist/query-helpers.js:76:38
 ❯ node_modules/@testing-library/dom/dist/query-helpers.js:52:17
 ❯ node_modules/@testing-library/dom/dist/query-helpers.js:95:19
 ❯ src/components/FeeAlerts.test.tsx:119:27
    117|     render(<FeeAlerts overdueFees={overdueFees} onViewDetails={onViewD…
    118|
    119|     const button = screen.getByText(/view all fee details/i);
       |                           ^
    120|     button.click();
    121|     expect(onViewDetails).toHaveBeenCalledTimes(1);

⎯⎯⎯⎯⎯⎯⎯⎯⎯⎯⎯⎯⎯⎯⎯⎯⎯⎯⎯⎯⎯[27/107]⎯

 FAIL  src/components/FeeListTable.test.tsx > FeeListTable > displays status badges with correct colors
AssertionError: expected 'table-badge table-badge--success' to contain 'bg-green-100'

Expected: "bg-green-100"
Received: "table-badge table-badge--success"

 ❯ src/components/FeeListTable.test.tsx:105:33
    103|
    104|     // Check badge colors (class names)
    105|     expect(paidBadge.className).toContain('bg-green-100');
       |                                 ^
    106|     expect(pendingBadge.className).toContain('bg-yellow-100');
    107|     expect(overdueBadge.className).toContain('bg-red-100');

⎯⎯⎯⎯⎯⎯⎯⎯⎯⎯⎯⎯⎯⎯⎯⎯⎯⎯⎯⎯⎯[28/107]⎯

 FAIL  src/components/PaymentsTabSkeleton.test.tsx > PaymentsTabSkeleton > renders table structure skeleton
AssertionError: expected 0 to be greater than 0
 ❯ src/components/PaymentsTabSkeleton.test.tsx:65:32
     63|     // Should have grid layouts for table header and rows
     64|     const gridLayouts = container.querySelectorAll('div[style*="gridTe…
     65|     expect(gridLayouts.length).toBeGreaterThan(0);
       |                                ^
     66|   });
     67|

⎯⎯⎯⎯⎯⎯⎯⎯⎯⎯⎯⎯⎯⎯⎯⎯⎯⎯⎯⎯⎯[29/107]⎯

 FAIL  src/components/PaymentsTabSkeleton.test.tsx > PaymentsTabSkeleton > renders responsive grid layout for filters
Error: [2mexpect([22m[31mreceived[39m[2m).toBeInTheDocument()[22m

[31mreceived[39m value must be an HTMLElement or an SVGElement.
Received has type:  Null
Received has value: [31mnull[39m
 ❯ src/components/PaymentsTabSkeleton.test.tsx:105:24
    103|
    104|     const filterGrid = container.querySelector('div[style*="gridTempla…
    105|     expect(filterGrid).toBeInTheDocument();
       |                        ^
    106|   });
    107|

⎯⎯⎯⎯⎯⎯⎯⎯⎯⎯⎯⎯⎯⎯⎯⎯⎯⎯⎯⎯⎯[30/107]⎯

 FAIL  src/components/RecentActivity.test.tsx > RecentActivity > should render empty state when no activities
TestingLibraryElementError: Unable to find an element with the text: /no recent activity to display/i. This could be because the text is broken up by multiple elements. In this case, you can provide a function for your text matcher to make your matcher more flexible.

Ignored nodes: comments, script, style
[36m<body>[39m
  [36m<div>[39m
    [36m<div[39m
      [33mclass[39m=[32m"recent-activity"[39m
    [36m>[39m
      [36m<h3[39m
        [33mclass[39m=[32m"recent-activity__title"[39m
      [36m>[39m
        [0mRecent Activity[0m
      [36m</h3>[39m
      [36m<p[39m
        [33mclass[39m=[32m"recent-activity__subtitle"[39m
      [36m>[39m
        [0mNo recent activity[0m
      [36m</p>[39m
    [36m</div>[39m
  [36m</div>[39m
[36m</body>[39m
 ❯ Object.getElementError node_modules/@testing-library/dom/dist/config.js:37:19
 ❯ node_modules/@testing-library/dom/dist/query-helpers.js:76:38
 ❯ node_modules/@testing-library/dom/dist/query-helpers.js:52:17
 ❯ node_modules/@testing-library/dom/dist/query-helpers.js:95:19
 ❯ src/components/RecentActivity.test.tsx:44:19
     42|     render(<RecentActivity activities={[]} />);
     43|     expect(screen.getByText('Recent Activity')).toBeInTheDocument();
     44|     expect(screen.getByText(/no recent activity to display/i)).toBeInT…
       |                   ^
     45|   });
     46|

⎯⎯⎯⎯⎯⎯⎯⎯⎯⎯⎯⎯⎯⎯⎯⎯⎯⎯⎯⎯⎯[31/107]⎯

 FAIL  src/components/RecentActivity.test.tsx > RecentActivity > should format recent timestamps correctly
TestingLibraryElementError: Unable to find an element with the text: /1 hour ago|Just now/i. This could be because the text is broken up by multiple elements. In this case, you can provide a function for your text matcher to make your matcher more flexible.

Ignored nodes: comments, script, style
[36m<body>[39m
  [36m<div>[39m
    [36m<div[39m
      [33mclass[39m=[32m"recent-activity"[39m
    [36m>[39m
      [36m<h3[39m
        [33mclass[39m=[32m"recent-activity__title"[39m
      [36m>[39m
        [0mRecent Activity[0m
      [36m</h3>[39m
      [36m<p[39m
        [33mclass[39m=[32m"recent-activity__subtitle"[39m
      [36m>[39m
        [0mLatest updates[0m
      [36m</p>[39m
      [36m<div[39m
        [33mclass[39m=[32m"recent-activity__list"[39m
      [36m>[39m
        [36m<div[39m
          [33mclass[39m=[32m"recent-activity__item"[39m
        [36m>[39m
          [36m<div[39m
            [33mclass[39m=[32m"recent-activity__icon-wrapper recent-activity__icon-wrapper--blue"[39m
          [36m>[39m
            [36m<svg[39m
              [33mclass[39m=[32m"w-4 h-4"[39m
              [33mfill[39m=[32m"none"[39m
              [33mstroke[39m=[32m"currentColor"[39m
              [33mviewBox[39m=[32m"0 0 24 24"[39m
            [36m>[39m
              [36m<path[39m
                [33md[39m=[32m"M9 5H7a2 2 0 00-2 2v12a2 2 0 002 2h10a2 2 0 002-2V7a2 2 0 00-2-2h-2M9 5a2 2 0 002 2h2a2 2 0 002-2M9 5a2 2 0 012-2h2a2 2 0 012 2m-6 9l2 2 4-4"[39m
                [33mstroke-linecap[39m=[32m"round"[39m
                [33mstroke-linejoin[39m=[32m"round"[39m
                [33mstroke-width[39m=[32m"2"[39m
              [36m/>[39m
            [36m</svg>[39m
          [36m</div>[39m
          [36m<div[39m
            [33mclass[39m=[32m"recent-activity__content"[39m
          [36m>[39m
            [36m<p[39m
              [33mclass[39m=[32m"recent-activity__item-title"[39m
            [36m>[39m
              [0mRecent Assessment[0m
            [36m</p>[39m
            [36m<p[39m
              [33mclass[39m=[32m"recent-activity__description"[39m
            [36m>[39m
              [0mTest description[0m
            [36m</p>[39m
          [36m</div>[39m
          [36m<p[39m
            [33mclass[39m=[32m"recent-activity__timestamp"[39m
          [36m>[39m
            [0m1h ago[0m
          [36m</p>[39m
        [36m</div>[39m
      [36m</div>[39m
    [36m</div>[39m
  [36m</div>[39m
[36m</body>[39m
 ❯ Object.getElementError node_modules/@testing-library/dom/dist/config.js:37:19
 ❯ node_modules/@testing-library/dom/dist/query-helpers.js:76:38
 ❯ node_modules/@testing-library/dom/dist/query-helpers.js:52:17
 ❯ node_modules/@testing-library/dom/dist/query-helpers.js:95:19
 ❯ src/components/RecentActivity.test.tsx:85:19
     83|     };
     84|     render(<RecentActivity activities={[recentActivity]} />);
     85|     expect(screen.getByText(/1 hour ago|Just now/i)).toBeInTheDocument…
       |                   ^
     86|   });
     87|

⎯⎯⎯⎯⎯⎯⎯⎯⎯⎯⎯⎯⎯⎯⎯⎯⎯⎯⎯⎯⎯[32/107]⎯

 FAIL  src/components/RecentActivity.test.tsx > RecentActivity > should render correct number of activities
AssertionError: expected +0 to be 3 // Object.is equality

- Expected
+ Received

- 3
+ 0

 ❯ src/components/RecentActivity.test.tsx:105:34
    103|     const { container } = render(<RecentActivity activities={mockActiv…
    104|     const activityItems = container.querySelectorAll('[class*="rounded…
    105|     expect(activityItems.length).toBe(mockActivities.length);
       |                                  ^
    106|   });
    107| });

⎯⎯⎯⎯⎯⎯⎯⎯⎯⎯⎯⎯⎯⎯⎯⎯⎯⎯⎯⎯⎯[33/107]⎯

 FAIL  src/components/StudentCard.test.tsx > StudentCard - Review Reminder > displays review badge with warning icon
Error: [2mexpect([22m[31mreceived[39m[2m).toBeInTheDocument()[22m

[31mreceived[39m value must be an HTMLElement or an SVGElement.
Received has type:  Null
Received has value: [31mnull[39m
 ❯ src/components/StudentCard.test.tsx:56:19
     54|
     55|     const badge = screen.getByText('10 days overdue').closest('.due-fo…
     56|     expect(badge).toBeInTheDocument();
       |                   ^
     57|     expect(badge?.querySelector('.due-icon')).toHaveTextContent('⚠️');
     58|   });

⎯⎯⎯⎯⎯⎯⎯⎯⎯⎯⎯⎯⎯⎯⎯⎯⎯⎯⎯⎯⎯[34/107]⎯

 FAIL  src/components/StudentCard.test.tsx > StudentCard - Review Reminder > includes tooltip with overdue information
Error: [2mexpect([22m[31mreceived[39m[2m).toHaveAttribute()[22m

[31mreceived[39m value must be an HTMLElement or an SVGElement.
Received has type:  Null
Received has value: [31mnull[39m
 ❯ src/components/StudentCard.test.tsx:64:19
     62|
     63|     const badge = screen.getByText('15 days overdue').closest('.due-fo…
     64|     expect(badge).toHaveAttribute('title', 'Assessment overdue: 15 day…
       |                   ^
     65|   });
     66|

⎯⎯⎯⎯⎯⎯⎯⎯⎯⎯⎯⎯⎯⎯⎯⎯⎯⎯⎯⎯⎯[35/107]⎯

 FAIL  src/components/StudentsTabSkeleton.test.tsx > StudentsTabSkeleton > renders student avatar placeholders
AssertionError: expected 'width: 48px; height: 48px; border-rad…' to contain 'borderRadius: 50%'

Expected: "borderRadius: 50%"
Received: "width: 48px; height: 48px; border-radius: 50%; background: var(--surface-card); flex-shrink: 0;"

 ❯ src/components/StudentsTabSkeleton.test.tsx:61:21
     59|     avatars.forEach((avatar) => {
     60|       const style = (avatar as HTMLElement).getAttribute('style');
     61|       // Check for border-radius in style (may be with hyphen or camel…
       |                     ^
     62|       expect(style).toMatch(/border-radius|borderRadius/);
     63|     });
 ❯ src/components/StudentsTabSkeleton.test.tsx:59:13

⎯⎯⎯⎯⎯⎯⎯⎯⎯⎯⎯⎯⎯⎯⎯⎯⎯⎯⎯⎯⎯[36/107]⎯

 FAIL  src/contexts/AuthContext.property.test.tsx > AuthContext - Property-Based Tests > Property: Successful login results in authenticated state with all required fields
AxiosError: Request failed with status code 401
 ❯ settle node_modules/axios/lib/core/settle.js:19:12
 ❯ XMLHttpRequest.onloadend node_modules/axios/lib/adapters/xhr.js:63:9
 ❯ XMLHttpRequest.invokeTheCallbackFunction node_modules/jsdom/lib/generated/idl/EventHandlerNonNull.js:14:28
 ❯ XMLHttpRequest.<anonymous> node_modules/jsdom/lib/jsdom/living/helpers/create-event-accessor.js:57:32
 ❯ innerInvokeEventListeners node_modules/jsdom/lib/jsdom/living/events/EventTarget-impl.js:360:16
 ❯ invokeEventListeners node_modules/jsdom/lib/jsdom/living/events/EventTarget-impl.js:296:3
 ❯ XMLHttpRequestImpl._dispatch node_modules/jsdom/lib/jsdom/living/events/EventTarget-impl.js:243:9
 ❯ fireAnEvent node_modules/jsdom/lib/jsdom/living/helpers/events.js:18:36
 ❯ node_modules/jsdom/lib/jsdom/living/xhr/XMLHttpRequest-impl.js:860:11
 ❯ Axios.request node_modules/axios/lib/core/Axios.js:46:41
 ❯ Object.login src/contexts/AuthContext.tsx:70:24
     68|     try {
     69|       // Call API login endpoint
     70|       const response = await apiClient.post<LoginResponse>('/auth/logi…
       |                        ^
     71|         username,
     72|         password,
 ❯ src/contexts/AuthContext.property.test.tsx:48:7

⎯⎯⎯⎯⎯⎯⎯⎯⎯⎯⎯⎯⎯⎯⎯⎯⎯⎯⎯⎯⎯[37/107]⎯

 FAIL  src/contexts/AuthContext.property.test.tsx > AuthContext - Property-Based Tests > Property: Invalid credentials always fail and leave state unauthenticated
AssertionError: expected 'Request failed with status code 401' to be 'Invalid username or password' // Object.is equality

Expected: "Invalid username or password"
Received: "Request failed with status code 401"

 ❯ src/contexts/AuthContext.property.test.tsx:116:42
    114|       } catch (error) {
    115|         // Property: error message is consistent
    116|         expect((error as Error).message).toBe('Invalid username or pas…
       |                                          ^
    117|       }
    118|

⎯⎯⎯⎯⎯⎯⎯⎯⎯⎯⎯⎯⎯⎯⎯⎯⎯⎯⎯⎯⎯[38/107]⎯

 FAIL  src/contexts/AuthContext.property.test.tsx > AuthContext - Property-Based Tests > Property: Logout always clears all authentication state and localStorage
AxiosError: Request failed with status code 401
 ❯ settle node_modules/axios/lib/core/settle.js:19:12
 ❯ XMLHttpRequest.onloadend node_modules/axios/lib/adapters/xhr.js:63:9
 ❯ XMLHttpRequest.invokeTheCallbackFunction node_modules/jsdom/lib/generated/idl/EventHandlerNonNull.js:14:28
 ❯ XMLHttpRequest.<anonymous> node_modules/jsdom/lib/jsdom/living/helpers/create-event-accessor.js:57:32
 ❯ innerInvokeEventListeners node_modules/jsdom/lib/jsdom/living/events/EventTarget-impl.js:360:16
 ❯ invokeEventListeners node_modules/jsdom/lib/jsdom/living/events/EventTarget-impl.js:296:3
 ❯ XMLHttpRequestImpl._dispatch node_modules/jsdom/lib/jsdom/living/events/EventTarget-impl.js:243:9
 ❯ fireAnEvent node_modules/jsdom/lib/jsdom/living/helpers/events.js:18:36
 ❯ node_modules/jsdom/lib/jsdom/living/xhr/XMLHttpRequest-impl.js:860:11
 ❯ Axios.request node_modules/axios/lib/core/Axios.js:46:41
 ❯ Object.login src/contexts/AuthContext.tsx:70:24
     68|     try {
     69|       // Call API login endpoint
     70|       const response = await apiClient.post<LoginResponse>('/auth/logi…
       |                        ^
     71|         username,
     72|         password,
 ❯ src/contexts/AuthContext.property.test.tsx:156:5

⎯⎯⎯⎯⎯⎯⎯⎯⎯⎯⎯⎯⎯⎯⎯⎯⎯⎯⎯⎯⎯[39/107]⎯

 FAIL  src/contexts/AuthContext.property.test.tsx > AuthContext - Property-Based Tests > Property: localStorage correctly persists and restores authentication state
AxiosError: Request failed with status code 401
 ❯ settle node_modules/axios/lib/core/settle.js:19:12
 ❯ XMLHttpRequest.onloadend node_modules/axios/lib/adapters/xhr.js:63:9
 ❯ XMLHttpRequest.invokeTheCallbackFunction node_modules/jsdom/lib/generated/idl/EventHandlerNonNull.js:14:28
 ❯ XMLHttpRequest.<anonymous> node_modules/jsdom/lib/jsdom/living/helpers/create-event-accessor.js:57:32
 ❯ innerInvokeEventListeners node_modules/jsdom/lib/jsdom/living/events/EventTarget-impl.js:360:16
 ❯ invokeEventListeners node_modules/jsdom/lib/jsdom/living/events/EventTarget-impl.js:296:3
 ❯ XMLHttpRequestImpl._dispatch node_modules/jsdom/lib/jsdom/living/events/EventTarget-impl.js:243:9
 ❯ fireAnEvent node_modules/jsdom/lib/jsdom/living/helpers/events.js:18:36
 ❯ node_modules/jsdom/lib/jsdom/living/xhr/XMLHttpRequest-impl.js:860:11
 ❯ Axios.request node_modules/axios/lib/core/Axios.js:46:41
 ❯ Object.login src/contexts/AuthContext.tsx:70:24
     68|     try {
     69|       // Call API login endpoint
     70|       const response = await apiClient.post<LoginResponse>('/auth/logi…
       |                        ^
     71|         username,
     72|         password,
 ❯ src/contexts/AuthContext.property.test.tsx:208:5

⎯⎯⎯⎯⎯⎯⎯⎯⎯⎯⎯⎯⎯⎯⎯⎯⎯⎯⎯⎯⎯[40/107]⎯

 FAIL  src/contexts/AuthContext.property.test.tsx > AuthContext - Property-Based Tests > Property: User roles are correctly assigned based on credentials for all user types
AxiosError: Request failed with status code 401
 ❯ settle node_modules/axios/lib/core/settle.js:19:12
 ❯ XMLHttpRequest.onloadend node_modules/axios/lib/adapters/xhr.js:63:9
 ❯ XMLHttpRequest.invokeTheCallbackFunction node_modules/jsdom/lib/generated/idl/EventHandlerNonNull.js:14:28
 ❯ XMLHttpRequest.<anonymous> node_modules/jsdom/lib/jsdom/living/helpers/create-event-accessor.js:57:32
 ❯ innerInvokeEventListeners node_modules/jsdom/lib/jsdom/living/events/EventTarget-impl.js:360:16
 ❯ invokeEventListeners node_modules/jsdom/lib/jsdom/living/events/EventTarget-impl.js:296:3
 ❯ XMLHttpRequestImpl._dispatch node_modules/jsdom/lib/jsdom/living/events/EventTarget-impl.js:243:9
 ❯ fireAnEvent node_modules/jsdom/lib/jsdom/living/helpers/events.js:18:36
 ❯ node_modules/jsdom/lib/jsdom/living/xhr/XMLHttpRequest-impl.js:860:11
 ❯ Axios.request node_modules/axios/lib/core/Axios.js:46:41
 ❯ Object.login src/contexts/AuthContext.tsx:70:24
     68|     try {
     69|       // Call API login endpoint
     70|       const response = await apiClient.post<LoginResponse>('/auth/logi…
       |                        ^
     71|         username,
     72|         password,
 ❯ src/contexts/AuthContext.property.test.tsx:288:7

⎯⎯⎯⎯⎯⎯⎯⎯⎯⎯⎯⎯⎯⎯⎯⎯⎯⎯⎯⎯⎯[41/107]⎯

 FAIL  src/contexts/AuthContext.property.test.tsx > AuthContext - Property-Based Tests > Property: Token format is consistent with user ID and timestamp
AxiosError: Request failed with status code 401
 ❯ settle node_modules/axios/lib/core/settle.js:19:12
 ❯ XMLHttpRequest.onloadend node_modules/axios/lib/adapters/xhr.js:63:9
 ❯ XMLHttpRequest.invokeTheCallbackFunction node_modules/jsdom/lib/generated/idl/EventHandlerNonNull.js:14:28
 ❯ XMLHttpRequest.<anonymous> node_modules/jsdom/lib/jsdom/living/helpers/create-event-accessor.js:57:32
 ❯ innerInvokeEventListeners node_modules/jsdom/lib/jsdom/living/events/EventTarget-impl.js:360:16
 ❯ invokeEventListeners node_modules/jsdom/lib/jsdom/living/events/EventTarget-impl.js:296:3
 ❯ XMLHttpRequestImpl._dispatch node_modules/jsdom/lib/jsdom/living/events/EventTarget-impl.js:243:9
 ❯ fireAnEvent node_modules/jsdom/lib/jsdom/living/helpers/events.js:18:36
 ❯ node_modules/jsdom/lib/jsdom/living/xhr/XMLHttpRequest-impl.js:860:11
 ❯ Axios.request node_modules/axios/lib/core/Axios.js:46:41
 ❯ Object.login src/contexts/AuthContext.tsx:70:24
     68|     try {
     69|       // Call API login endpoint
     70|       const response = await apiClient.post<LoginResponse>('/auth/logi…
       |                        ^
     71|         username,
     72|         password,
 ❯ src/contexts/AuthContext.property.test.tsx:333:7

⎯⎯⎯⎯⎯⎯⎯⎯⎯⎯⎯⎯⎯⎯⎯⎯⎯⎯⎯⎯⎯[42/107]⎯

 FAIL  src/contexts/AuthContext.property.test.tsx > AuthContext - Property-Based Tests > Property: User object never contains password regardless of input
AxiosError: Request failed with status code 401
 ❯ settle node_modules/axios/lib/core/settle.js:19:12
 ❯ XMLHttpRequest.onloadend node_modules/axios/lib/adapters/xhr.js:63:9
 ❯ XMLHttpRequest.invokeTheCallbackFunction node_modules/jsdom/lib/generated/idl/EventHandlerNonNull.js:14:28
 ❯ XMLHttpRequest.<anonymous> node_modules/jsdom/lib/jsdom/living/helpers/create-event-accessor.js:57:32
 ❯ innerInvokeEventListeners node_modules/jsdom/lib/jsdom/living/events/EventTarget-impl.js:360:16
 ❯ invokeEventListeners node_modules/jsdom/lib/jsdom/living/events/EventTarget-impl.js:296:3
 ❯ XMLHttpRequestImpl._dispatch node_modules/jsdom/lib/jsdom/living/events/EventTarget-impl.js:243:9
 ❯ fireAnEvent node_modules/jsdom/lib/jsdom/living/helpers/events.js:18:36
 ❯ node_modules/jsdom/lib/jsdom/living/xhr/XMLHttpRequest-impl.js:860:11
 ❯ Axios.request node_modules/axios/lib/core/Axios.js:46:41
 ❯ Object.login src/contexts/AuthContext.tsx:70:24
     68|     try {
     69|       // Call API login endpoint
     70|       const response = await apiClient.post<LoginResponse>('/auth/logi…
       |                        ^
     71|         username,
     72|         password,
 ❯ src/contexts/AuthContext.property.test.tsx:394:7

⎯⎯⎯⎯⎯⎯⎯⎯⎯⎯⎯⎯⎯⎯⎯⎯⎯⎯⎯⎯⎯[43/107]⎯

 FAIL  src/contexts/AuthContext.property.test.tsx > AuthContext - Property-Based Tests > Property: AuthProvider completes loading and renders children in all scenarios
Error: Test timed out in 5000ms.
If this is a long-running test, pass a timeout value as the last argument or configure it globally with "testTimeout".
 ❯ src/contexts/AuthContext.property.test.tsx:422:3
    420|    * **Validates: Requirement 1.2 - Authentication context is always a…
    421|    */
    422|   it('Property: AuthProvider completes loading and renders children in…
       |   ^
    423|     // Scenario 1: Empty localStorage
    424|     let contextValue1: any = null;

⎯⎯⎯⎯⎯⎯⎯⎯⎯⎯⎯⎯⎯⎯⎯⎯⎯⎯⎯⎯⎯[44/107]⎯

 FAIL  src/contexts/AuthContext.test.tsx > AuthContext > Login functionality > should successfully login with valid HEAD_COACH credentials
AxiosError: Request failed with status code 401
 ❯ settle node_modules/axios/lib/core/settle.js:19:12
 ❯ XMLHttpRequest.onloadend node_modules/axios/lib/adapters/xhr.js:63:9
 ❯ XMLHttpRequest.invokeTheCallbackFunction node_modules/jsdom/lib/generated/idl/EventHandlerNonNull.js:14:28
 ❯ XMLHttpRequest.<anonymous> node_modules/jsdom/lib/jsdom/living/helpers/create-event-accessor.js:57:32
 ❯ innerInvokeEventListeners node_modules/jsdom/lib/jsdom/living/events/EventTarget-impl.js:360:16
 ❯ invokeEventListeners node_modules/jsdom/lib/jsdom/living/events/EventTarget-impl.js:296:3
 ❯ XMLHttpRequestImpl._dispatch node_modules/jsdom/lib/jsdom/living/events/EventTarget-impl.js:243:9
 ❯ fireAnEvent node_modules/jsdom/lib/jsdom/living/helpers/events.js:18:36
 ❯ node_modules/jsdom/lib/jsdom/living/xhr/XMLHttpRequest-impl.js:860:11
 ❯ Axios.request node_modules/axios/lib/core/Axios.js:46:41
 ❯ Object.login src/contexts/AuthContext.tsx:70:24
     68|     try {
     69|       // Call API login endpoint
     70|       const response = await apiClient.post<LoginResponse>('/auth/logi…
       |                        ^
     71|         username,
     72|         password,
 ❯ src/contexts/AuthContext.test.tsx:122:7

⎯⎯⎯⎯⎯⎯⎯⎯⎯⎯⎯⎯⎯⎯⎯⎯⎯⎯⎯⎯⎯[45/107]⎯

 FAIL  src/contexts/AuthContext.test.tsx > AuthContext > Login functionality > should successfully login with valid ASSISTANT_COACH credentials
AxiosError: Request failed with status code 401
 ❯ settle node_modules/axios/lib/core/settle.js:19:12
 ❯ XMLHttpRequest.onloadend node_modules/axios/lib/adapters/xhr.js:63:9
 ❯ XMLHttpRequest.invokeTheCallbackFunction node_modules/jsdom/lib/generated/idl/EventHandlerNonNull.js:14:28
 ❯ XMLHttpRequest.<anonymous> node_modules/jsdom/lib/jsdom/living/helpers/create-event-accessor.js:57:32
 ❯ innerInvokeEventListeners node_modules/jsdom/lib/jsdom/living/events/EventTarget-impl.js:360:16
 ❯ invokeEventListeners node_modules/jsdom/lib/jsdom/living/events/EventTarget-impl.js:296:3
 ❯ XMLHttpRequestImpl._dispatch node_modules/jsdom/lib/jsdom/living/events/EventTarget-impl.js:243:9
 ❯ fireAnEvent node_modules/jsdom/lib/jsdom/living/helpers/events.js:18:36
 ❯ node_modules/jsdom/lib/jsdom/living/xhr/XMLHttpRequest-impl.js:860:11
 ❯ Axios.request node_modules/axios/lib/core/Axios.js:46:41
 ❯ Object.login src/contexts/AuthContext.tsx:70:24
     68|     try {
     69|       // Call API login endpoint
     70|       const response = await apiClient.post<LoginResponse>('/auth/logi…
       |                        ^
     71|         username,
     72|         password,
 ❯ src/contexts/AuthContext.test.tsx:152:7

⎯⎯⎯⎯⎯⎯⎯⎯⎯⎯⎯⎯⎯⎯⎯⎯⎯⎯⎯⎯⎯[46/107]⎯

 FAIL  src/contexts/AuthContext.test.tsx > AuthContext > Login functionality > should successfully login with valid STUDENT credentials
AxiosError: Request failed with status code 401
 ❯ settle node_modules/axios/lib/core/settle.js:19:12
 ❯ XMLHttpRequest.onloadend node_modules/axios/lib/adapters/xhr.js:63:9
 ❯ XMLHttpRequest.invokeTheCallbackFunction node_modules/jsdom/lib/generated/idl/EventHandlerNonNull.js:14:28
 ❯ XMLHttpRequest.<anonymous> node_modules/jsdom/lib/jsdom/living/helpers/create-event-accessor.js:57:32
 ❯ innerInvokeEventListeners node_modules/jsdom/lib/jsdom/living/events/EventTarget-impl.js:360:16
 ❯ invokeEventListeners node_modules/jsdom/lib/jsdom/living/events/EventTarget-impl.js:296:3
 ❯ XMLHttpRequestImpl._dispatch node_modules/jsdom/lib/jsdom/living/events/EventTarget-impl.js:243:9
 ❯ fireAnEvent node_modules/jsdom/lib/jsdom/living/helpers/events.js:18:36
 ❯ node_modules/jsdom/lib/jsdom/living/xhr/XMLHttpRequest-impl.js:860:11
 ❯ Axios.request node_modules/axios/lib/core/Axios.js:46:41
 ❯ Object.login src/contexts/AuthContext.tsx:70:24
     68|     try {
     69|       // Call API login endpoint
     70|       const response = await apiClient.post<LoginResponse>('/auth/logi…
       |                        ^
     71|         username,
     72|         password,
 ❯ src/contexts/AuthContext.test.tsx:180:7

⎯⎯⎯⎯⎯⎯⎯⎯⎯⎯⎯⎯⎯⎯⎯⎯⎯⎯⎯⎯⎯[47/107]⎯

 FAIL  src/contexts/AuthContext.test.tsx > AuthContext > Login functionality > should throw error on invalid username
AssertionError: expected 'Request failed with status code 401' to be 'Invalid username or password' // Object.is equality

Expected: "Invalid username or password"
Received: "Request failed with status code 401"

 ❯ src/contexts/AuthContext.test.tsx:212:42
    210|         expect.fail('Should have thrown an error');
    211|       } catch (error) {
    212|         expect((error as Error).message).toBe('Invalid username or pas…
       |                                          ^
    213|       }
    214|     });

⎯⎯⎯⎯⎯⎯⎯⎯⎯⎯⎯⎯⎯⎯⎯⎯⎯⎯⎯⎯⎯[48/107]⎯

 FAIL  src/contexts/AuthContext.test.tsx > AuthContext > Login functionality > should throw error on invalid password
AssertionError: expected 'Request failed with status code 401' to be 'Invalid username or password' // Object.is equality

Expected: "Invalid username or password"
Received: "Request failed with status code 401"

 ❯ src/contexts/AuthContext.test.tsx:238:42
    236|         expect.fail('Should have thrown an error');
    237|       } catch (error) {
    238|         expect((error as Error).message).toBe('Invalid username or pas…
       |                                          ^
    239|       }
    240|     });

⎯⎯⎯⎯⎯⎯⎯⎯⎯⎯⎯⎯⎯⎯⎯⎯⎯⎯⎯⎯⎯[49/107]⎯

 FAIL  src/contexts/AuthContext.test.tsx > AuthContext > Login functionality > should not include password in user object after login
AxiosError: Request failed with status code 401
 ❯ settle node_modules/axios/lib/core/settle.js:19:12
 ❯ XMLHttpRequest.onloadend node_modules/axios/lib/adapters/xhr.js:63:9
 ❯ XMLHttpRequest.invokeTheCallbackFunction node_modules/jsdom/lib/generated/idl/EventHandlerNonNull.js:14:28
 ❯ XMLHttpRequest.<anonymous> node_modules/jsdom/lib/jsdom/living/helpers/create-event-accessor.js:57:32
 ❯ innerInvokeEventListeners node_modules/jsdom/lib/jsdom/living/events/EventTarget-impl.js:360:16
 ❯ invokeEventListeners node_modules/jsdom/lib/jsdom/living/events/EventTarget-impl.js:296:3
 ❯ XMLHttpRequestImpl._dispatch node_modules/jsdom/lib/jsdom/living/events/EventTarget-impl.js:243:9
 ❯ fireAnEvent node_modules/jsdom/lib/jsdom/living/helpers/events.js:18:36
 ❯ node_modules/jsdom/lib/jsdom/living/xhr/XMLHttpRequest-impl.js:860:11
 ❯ Axios.request node_modules/axios/lib/core/Axios.js:46:41
 ❯ Object.login src/contexts/AuthContext.tsx:70:24
     68|     try {
     69|       // Call API login endpoint
     70|       const response = await apiClient.post<LoginResponse>('/auth/logi…
       |                        ^
     71|         username,
     72|         password,
 ❯ src/contexts/AuthContext.test.tsx:260:7

⎯⎯⎯⎯⎯⎯⎯⎯⎯⎯⎯⎯⎯⎯⎯⎯⎯⎯⎯⎯⎯[50/107]⎯

 FAIL  src/contexts/AuthContext.test.tsx > AuthContext > Login functionality > should generate a token on successful login
AxiosError: Request failed with status code 401
 ❯ settle node_modules/axios/lib/core/settle.js:19:12
 ❯ XMLHttpRequest.onloadend node_modules/axios/lib/adapters/xhr.js:63:9
 ❯ XMLHttpRequest.invokeTheCallbackFunction node_modules/jsdom/lib/generated/idl/EventHandlerNonNull.js:14:28
 ❯ XMLHttpRequest.<anonymous> node_modules/jsdom/lib/jsdom/living/helpers/create-event-accessor.js:57:32
 ❯ innerInvokeEventListeners node_modules/jsdom/lib/jsdom/living/events/EventTarget-impl.js:360:16
 ❯ invokeEventListeners node_modules/jsdom/lib/jsdom/living/events/EventTarget-impl.js:296:3
 ❯ XMLHttpRequestImpl._dispatch node_modules/jsdom/lib/jsdom/living/events/EventTarget-impl.js:243:9
 ❯ fireAnEvent node_modules/jsdom/lib/jsdom/living/helpers/events.js:18:36
 ❯ node_modules/jsdom/lib/jsdom/living/xhr/XMLHttpRequest-impl.js:860:11
 ❯ Axios.request node_modules/axios/lib/core/Axios.js:46:41
 ❯ Object.login src/contexts/AuthContext.tsx:70:24
     68|     try {
     69|       // Call API login endpoint
     70|       const response = await apiClient.post<LoginResponse>('/auth/logi…
       |                        ^
     71|         username,
     72|         password,
 ❯ src/contexts/AuthContext.test.tsx:286:7

⎯⎯⎯⎯⎯⎯⎯⎯⎯⎯⎯⎯⎯⎯⎯⎯⎯⎯⎯⎯⎯[51/107]⎯

 FAIL  src/contexts/AuthContext.test.tsx > AuthContext > Logout functionality > should clear auth state on logout
AxiosError: Request failed with status code 401
 ❯ settle node_modules/axios/lib/core/settle.js:19:12
 ❯ XMLHttpRequest.onloadend node_modules/axios/lib/adapters/xhr.js:63:9
 ❯ XMLHttpRequest.invokeTheCallbackFunction node_modules/jsdom/lib/generated/idl/EventHandlerNonNull.js:14:28
 ❯ XMLHttpRequest.<anonymous> node_modules/jsdom/lib/jsdom/living/helpers/create-event-accessor.js:57:32
 ❯ innerInvokeEventListeners node_modules/jsdom/lib/jsdom/living/events/EventTarget-impl.js:360:16
 ❯ invokeEventListeners node_modules/jsdom/lib/jsdom/living/events/EventTarget-impl.js:296:3
 ❯ XMLHttpRequestImpl._dispatch node_modules/jsdom/lib/jsdom/living/events/EventTarget-impl.js:243:9
 ❯ fireAnEvent node_modules/jsdom/lib/jsdom/living/helpers/events.js:18:36
 ❯ node_modules/jsdom/lib/jsdom/living/xhr/XMLHttpRequest-impl.js:860:11
 ❯ Axios.request node_modules/axios/lib/core/Axios.js:46:41
 ❯ Object.login src/contexts/AuthContext.tsx:70:24
     68|     try {
     69|       // Call API login endpoint
     70|       const response = await apiClient.post<LoginResponse>('/auth/logi…
       |                        ^
     71|         username,
     72|         password,
 ❯ src/contexts/AuthContext.test.tsx:316:7

⎯⎯⎯⎯⎯⎯⎯⎯⎯⎯⎯⎯⎯⎯⎯⎯⎯⎯⎯⎯⎯[52/107]⎯

 FAIL  src/contexts/AuthContext.test.tsx > AuthContext > Logout functionality > should remove auth data from localStorage on logout
AxiosError: Request failed with status code 401
 ❯ settle node_modules/axios/lib/core/settle.js:19:12
 ❯ XMLHttpRequest.onloadend node_modules/axios/lib/adapters/xhr.js:63:9
 ❯ XMLHttpRequest.invokeTheCallbackFunction node_modules/jsdom/lib/generated/idl/EventHandlerNonNull.js:14:28
 ❯ XMLHttpRequest.<anonymous> node_modules/jsdom/lib/jsdom/living/helpers/create-event-accessor.js:57:32
 ❯ innerInvokeEventListeners node_modules/jsdom/lib/jsdom/living/events/EventTarget-impl.js:360:16
 ❯ invokeEventListeners node_modules/jsdom/lib/jsdom/living/events/EventTarget-impl.js:296:3
 ❯ XMLHttpRequestImpl._dispatch node_modules/jsdom/lib/jsdom/living/events/EventTarget-impl.js:243:9
 ❯ fireAnEvent node_modules/jsdom/lib/jsdom/living/helpers/events.js:18:36
 ❯ node_modules/jsdom/lib/jsdom/living/xhr/XMLHttpRequest-impl.js:860:11
 ❯ Axios.request node_modules/axios/lib/core/Axios.js:46:41
 ❯ Object.login src/contexts/AuthContext.tsx:70:24
     68|     try {
     69|       // Call API login endpoint
     70|       const response = await apiClient.post<LoginResponse>('/auth/logi…
       |                        ^
     71|         username,
     72|         password,
 ❯ src/contexts/AuthContext.test.tsx:352:7

⎯⎯⎯⎯⎯⎯⎯⎯⎯⎯⎯⎯⎯⎯⎯⎯⎯⎯⎯⎯⎯[53/107]⎯

 FAIL  src/contexts/AuthContext.test.tsx > AuthContext > localStorage persistence > should persist auth state to localStorage on login
AxiosError: Request failed with status code 401
 ❯ settle node_modules/axios/lib/core/settle.js:19:12
 ❯ XMLHttpRequest.onloadend node_modules/axios/lib/adapters/xhr.js:63:9
 ❯ XMLHttpRequest.invokeTheCallbackFunction node_modules/jsdom/lib/generated/idl/EventHandlerNonNull.js:14:28
 ❯ XMLHttpRequest.<anonymous> node_modules/jsdom/lib/jsdom/living/helpers/create-event-accessor.js:57:32
 ❯ innerInvokeEventListeners node_modules/jsdom/lib/jsdom/living/events/EventTarget-impl.js:360:16
 ❯ invokeEventListeners node_modules/jsdom/lib/jsdom/living/events/EventTarget-impl.js:296:3
 ❯ XMLHttpRequestImpl._dispatch node_modules/jsdom/lib/jsdom/living/events/EventTarget-impl.js:243:9
 ❯ fireAnEvent node_modules/jsdom/lib/jsdom/living/helpers/events.js:18:36
 ❯ node_modules/jsdom/lib/jsdom/living/xhr/XMLHttpRequest-impl.js:860:11
 ❯ Axios.request node_modules/axios/lib/core/Axios.js:46:41
 ❯ Object.login src/contexts/AuthContext.tsx:70:24
     68|     try {
     69|       // Call API login endpoint
     70|       const response = await apiClient.post<LoginResponse>('/auth/logi…
       |                        ^
     71|         username,
     72|         password,
 ❯ src/contexts/AuthContext.test.tsx:390:7

⎯⎯⎯⎯⎯⎯⎯⎯⎯⎯⎯⎯⎯⎯⎯⎯⎯⎯⎯⎯⎯[54/107]⎯

 FAIL  src/contexts/AuthContext.test.tsx > AuthContext > localStorage persistence > should restore auth state from localStorage on component mount
AxiosError: Request failed with status code 401
 ❯ settle node_modules/axios/lib/core/settle.js:19:12
 ❯ XMLHttpRequest.onloadend node_modules/axios/lib/adapters/xhr.js:63:9
 ❯ XMLHttpRequest.invokeTheCallbackFunction node_modules/jsdom/lib/generated/idl/EventHandlerNonNull.js:14:28
 ❯ XMLHttpRequest.<anonymous> node_modules/jsdom/lib/jsdom/living/helpers/create-event-accessor.js:57:32
 ❯ innerInvokeEventListeners node_modules/jsdom/lib/jsdom/living/events/EventTarget-impl.js:360:16
 ❯ invokeEventListeners node_modules/jsdom/lib/jsdom/living/events/EventTarget-impl.js:296:3
 ❯ XMLHttpRequestImpl._dispatch node_modules/jsdom/lib/jsdom/living/events/EventTarget-impl.js:243:9
 ❯ fireAnEvent node_modules/jsdom/lib/jsdom/living/helpers/events.js:18:36
 ❯ node_modules/jsdom/lib/jsdom/living/xhr/XMLHttpRequest-impl.js:860:11
 ❯ Axios.request node_modules/axios/lib/core/Axios.js:46:41
 ❯ Object.login src/contexts/AuthContext.tsx:70:24
     68|     try {
     69|       // Call API login endpoint
     70|       const response = await apiClient.post<LoginResponse>('/auth/logi…
       |                        ^
     71|         username,
     72|         password,
 ❯ src/contexts/AuthContext.test.tsx:422:7

⎯⎯⎯⎯⎯⎯⎯⎯⎯⎯⎯⎯⎯⎯⎯⎯⎯⎯⎯⎯⎯[55/107]⎯

 FAIL  src/contexts/AuthContext.test.tsx > AuthContext > User data structure > should return complete user object with all required fields
AxiosError: Request failed with status code 401
 ❯ settle node_modules/axios/lib/core/settle.js:19:12
 ❯ XMLHttpRequest.onloadend node_modules/axios/lib/adapters/xhr.js:63:9
 ❯ XMLHttpRequest.invokeTheCallbackFunction node_modules/jsdom/lib/generated/idl/EventHandlerNonNull.js:14:28
 ❯ XMLHttpRequest.<anonymous> node_modules/jsdom/lib/jsdom/living/helpers/create-event-accessor.js:57:32
 ❯ innerInvokeEventListeners node_modules/jsdom/lib/jsdom/living/events/EventTarget-impl.js:360:16
 ❯ invokeEventListeners node_modules/jsdom/lib/jsdom/living/events/EventTarget-impl.js:296:3
 ❯ XMLHttpRequestImpl._dispatch node_modules/jsdom/lib/jsdom/living/events/EventTarget-impl.js:243:9
 ❯ fireAnEvent node_modules/jsdom/lib/jsdom/living/helpers/events.js:18:36
 ❯ node_modules/jsdom/lib/jsdom/living/xhr/XMLHttpRequest-impl.js:860:11
 ❯ Axios.request node_modules/axios/lib/core/Axios.js:46:41
 ❯ Object.login src/contexts/AuthContext.tsx:70:24
     68|     try {
     69|       // Call API login endpoint
     70|       const response = await apiClient.post<LoginResponse>('/auth/logi…
       |                        ^
     71|         username,
     72|         password,
 ❯ src/contexts/AuthContext.test.tsx:507:7

⎯⎯⎯⎯⎯⎯⎯⎯⎯⎯⎯⎯⎯⎯⎯⎯⎯⎯⎯⎯⎯[56/107]⎯

 FAIL  src/contexts/AuthContext.test.tsx > AuthContext > Multiple users availability > should have 5 sample users with correct roles
AxiosError: Request failed with status code 401
 ❯ settle node_modules/axios/lib/core/settle.js:19:12
 ❯ XMLHttpRequest.onloadend node_modules/axios/lib/adapters/xhr.js:63:9
 ❯ XMLHttpRequest.invokeTheCallbackFunction node_modules/jsdom/lib/generated/idl/EventHandlerNonNull.js:14:28
 ❯ XMLHttpRequest.<anonymous> node_modules/jsdom/lib/jsdom/living/helpers/create-event-accessor.js:57:32
 ❯ innerInvokeEventListeners node_modules/jsdom/lib/jsdom/living/events/EventTarget-impl.js:360:16
 ❯ invokeEventListeners node_modules/jsdom/lib/jsdom/living/events/EventTarget-impl.js:296:3
 ❯ XMLHttpRequestImpl._dispatch node_modules/jsdom/lib/jsdom/living/events/EventTarget-impl.js:243:9
 ❯ fireAnEvent node_modules/jsdom/lib/jsdom/living/helpers/events.js:18:36
 ❯ node_modules/jsdom/lib/jsdom/living/xhr/XMLHttpRequest-impl.js:860:11
 ❯ Axios.request node_modules/axios/lib/core/Axios.js:46:41
 ❯ Object.login src/contexts/AuthContext.tsx:70:24
     68|     try {
     69|       // Call API login endpoint
     70|       const response = await apiClient.post<LoginResponse>('/auth/logi…
       |                        ^
     71|         username,
     72|         password,
 ❯ src/contexts/AuthContext.test.tsx:552:9

⎯⎯⎯⎯⎯⎯⎯⎯⎯⎯⎯⎯⎯⎯⎯⎯⎯⎯⎯⎯⎯[57/107]⎯

 FAIL  src/contexts/AuthContext.test.tsx > AuthContext > Token format and structure > should generate token with userId and timestamp
AxiosError: Request failed with status code 401
 ❯ settle node_modules/axios/lib/core/settle.js:19:12
 ❯ XMLHttpRequest.onloadend node_modules/axios/lib/adapters/xhr.js:63:9
 ❯ XMLHttpRequest.invokeTheCallbackFunction node_modules/jsdom/lib/generated/idl/EventHandlerNonNull.js:14:28
 ❯ XMLHttpRequest.<anonymous> node_modules/jsdom/lib/jsdom/living/helpers/create-event-accessor.js:57:32
 ❯ innerInvokeEventListeners node_modules/jsdom/lib/jsdom/living/events/EventTarget-impl.js:360:16
 ❯ invokeEventListeners node_modules/jsdom/lib/jsdom/living/events/EventTarget-impl.js:296:3
 ❯ XMLHttpRequestImpl._dispatch node_modules/jsdom/lib/jsdom/living/events/EventTarget-impl.js:243:9
 ❯ fireAnEvent node_modules/jsdom/lib/jsdom/living/helpers/events.js:18:36
 ❯ node_modules/jsdom/lib/jsdom/living/xhr/XMLHttpRequest-impl.js:860:11
 ❯ Axios.request node_modules/axios/lib/core/Axios.js:46:41
 ❯ Object.login src/contexts/AuthContext.tsx:70:24
     68|     try {
     69|       // Call API login endpoint
     70|       const response = await apiClient.post<LoginResponse>('/auth/logi…
       |                        ^
     71|         username,
     72|         password,
 ❯ src/contexts/AuthContext.test.tsx:618:7

⎯⎯⎯⎯⎯⎯⎯⎯⎯⎯⎯⎯⎯⎯⎯⎯⎯⎯⎯⎯⎯[58/107]⎯

 FAIL  src/hooks/useStudents.test.ts > useStudents > loading students > should load initial students from JSON data on mount
AssertionError: expected +0 to be 10 // Object.is equality

- Expected
+ Received

- 10
+ 0

 ❯ src/hooks/useStudents.test.ts:36:46
     34|       const { result } = renderHook(() => useStudents());
     35|       // students.json has 10 students
     36|       expect(result.current.students.length).toBe(10);
       |                                              ^
     37|       expect(result.current.students[0].fullName).toBe('Arjun Verma');
     38|     });

⎯⎯⎯⎯⎯⎯⎯⎯⎯⎯⎯⎯⎯⎯⎯⎯⎯⎯⎯⎯⎯[59/107]⎯

 FAIL  src/hooks/useStudents.test.ts > useStudents > loading students > should parse date strings into Date objects
TypeError: Cannot read properties of undefined (reading 'dateOfBirth')
 ❯ src/hooks/useStudents.test.ts:43:22
     41|       const { result } = renderHook(() => useStudents());
     42|       const student = result.current.students[0];
     43|       expect(student.dateOfBirth).toBeInstanceOf(Date);
       |                      ^
     44|       expect(student.createdAt).toBeInstanceOf(Date);
     45|       expect(student.updatedAt).toBeInstanceOf(Date);

⎯⎯⎯⎯⎯⎯⎯⎯⎯⎯⎯⎯⎯⎯⎯⎯⎯⎯⎯⎯⎯[60/107]⎯

 FAIL  src/hooks/useStudents.test.ts > useStudents > loading students > should merge localStorage data with initial data (localStorage takes precedence)
AssertionError: expected undefined to be 'Modified Arjun' // Object.is equality

- Expected:
"Modified Arjun"

+ Received:
undefined

 ❯ src/hooks/useStudents.test.ts:68:31
     66|
     67|       const arjun = result.current.students.find((s) => s.id === 'stud…
     68|       expect(arjun?.fullName).toBe('Modified Arjun');
       |                               ^
     69|       expect(arjun?.skillLevel).toBe('Intermediate');
     70|       // Other initial students should still be present

⎯⎯⎯⎯⎯⎯⎯⎯⎯⎯⎯⎯⎯⎯⎯⎯⎯⎯⎯⎯⎯[61/107]⎯

 FAIL  src/hooks/useStudents.test.ts > useStudents > loading students > should include new students from localStorage not in initial data
AssertionError: expected +0 to be 11 // Object.is equality

- Expected
+ Received

- 11
+ 0

 ❯ src/hooks/useStudents.test.ts:92:46
     90|       const { result } = renderHook(() => useStudents());
     91|       // 10 from JSON + 1 new from localStorage
     92|       expect(result.current.students.length).toBe(11);
       |                                              ^
     93|       expect(result.current.students.find((s) => s.id === 'student-new…
     94|     });

⎯⎯⎯⎯⎯⎯⎯⎯⎯⎯⎯⎯⎯⎯⎯⎯⎯⎯⎯⎯⎯[62/107]⎯

 FAIL  src/hooks/useStudents.test.ts > useStudents > getStudent > should return a student by id
AssertionError: expected undefined to be 'Rohan Kapoor' // Object.is equality

- Expected:
"Rohan Kapoor"

+ Received:
undefined

 ❯ src/hooks/useStudents.test.ts:101:33
     99|       const { result } = renderHook(() => useStudents());
    100|       const student = result.current.getStudent('student-003');
    101|       expect(student?.fullName).toBe('Rohan Kapoor');
       |                                 ^
    102|     });
    103|

⎯⎯⎯⎯⎯⎯⎯⎯⎯⎯⎯⎯⎯⎯⎯⎯⎯⎯⎯⎯⎯[63/107]⎯

 FAIL  src/hooks/useStudents.test.ts > useStudents > getStudent > should return undefined for non-existent id
AssertionError: expected Promise{…} to be undefined

- Expected:
undefined

+ Received:
Promise {}

 ❯ src/hooks/useStudents.test.ts:106:57
    104|     it('should return undefined for non-existent id', () => {
    105|       const { result } = renderHook(() => useStudents());
    106|       expect(result.current.getStudent('non-existent')).toBeUndefined(…
       |                                                         ^
    107|     });
    108|   });

⎯⎯⎯⎯⎯⎯⎯⎯⎯⎯⎯⎯⎯⎯⎯⎯⎯⎯⎯⎯⎯[64/107]⎯

 FAIL  src/hooks/useStudents.test.ts > useStudents > createStudent > should create a new student with valid data
AssertionError: expected +0 to be 11 // Object.is equality

- Expected
+ Received

- 11
+ 0

 ❯ src/hooks/useStudents.test.ts:119:46
    117|       });
    118|
    119|       expect(result.current.students.length).toBe(11);
       |                                              ^
    120|       expect(newStudent).toBeDefined();
    121|     });

⎯⎯⎯⎯⎯⎯⎯⎯⎯⎯⎯⎯⎯⎯⎯⎯⎯⎯⎯⎯⎯[65/107]⎯

 FAIL  src/hooks/useStudents.test.ts > useStudents > createStudent > should generate a unique id for new students
AssertionError: expected undefined not to be undefined // Object.is equality
 ❯ src/hooks/useStudents.test.ts:137:32
    135|       });
    136|
    137|       expect(student1!.id).not.toBe(student2!.id);
       |                                ^
    138|     });
    139|

⎯⎯⎯⎯⎯⎯⎯⎯⎯⎯⎯⎯⎯⎯⎯⎯⎯⎯⎯⎯⎯[66/107]⎯

 FAIL  src/hooks/useStudents.test.ts > useStudents > createStudent > should auto-compute age from dateOfBirth
TypeError: actual value must be number or bigint, received "undefined"
 ❯ src/hooks/useStudents.test.ts:148:31
    146|       });
    147|
    148|       expect(newStudent!.age).toBeGreaterThan(0);
       |                               ^
    149|       expect(typeof newStudent!.age).toBe('number');
    150|     });

⎯⎯⎯⎯⎯⎯⎯⎯⎯⎯⎯⎯⎯⎯⎯⎯⎯⎯⎯⎯⎯[67/107]⎯

 FAIL  src/hooks/useStudents.test.ts > useStudents > createStudent > should auto-compute bmi from height and weight
AssertionError: expected undefined to be close to 21.5, received difference is NaN, but expected 0.5
 ❯ src/hooks/useStudents.test.ts:161:31
    159|
    160|       // BMI = 55 / (1.60)^2 = 21.5
    161|       expect(newStudent!.bmi).toBeCloseTo(21.5, 0);
       |                               ^
    162|     });
    163|

⎯⎯⎯⎯⎯⎯⎯⎯⎯⎯⎯⎯⎯⎯⎯⎯⎯⎯⎯⎯⎯[68/107]⎯

 FAIL  src/hooks/useStudents.test.ts > useStudents > createStudent > should persist new student to localStorage
TypeError: Cannot read properties of null (reading 'length')
 ❯ src/hooks/useStudents.test.ts:187:21
    185|
    186|       const stored = JSON.parse(localStorage.getItem(STORAGE_KEY)!);
    187|       expect(stored.length).toBe(11);
       |                     ^
    188|       expect(stored.find((s: { fullName: string }) => s.fullName === '…
    189|     });

⎯⎯⎯⎯⎯⎯⎯⎯⎯⎯⎯⎯⎯⎯⎯⎯⎯⎯⎯⎯⎯[69/107]⎯

 FAIL  src/hooks/useStudents.test.ts > useStudents > createStudent > should set createdAt and updatedAt to current time
TypeError: Cannot read properties of undefined (reading 'getTime')
 ❯ src/hooks/useStudents.test.ts:201:36
    199|       const after = new Date();
    200|
    201|       expect(newStudent!.createdAt.getTime()).toBeGreaterThanOrEqual(b…
       |                                    ^
    202|       expect(newStudent!.createdAt.getTime()).toBeLessThanOrEqual(afte…
    203|       expect(newStudent!.updatedAt.getTime()).toEqual(newStudent!.crea…

⎯⎯⎯⎯⎯⎯⎯⎯⎯⎯⎯⎯⎯⎯⎯⎯⎯⎯⎯⎯⎯[70/107]⎯

 FAIL  src/hooks/useStudents.test.ts > useStudents > createStudent > should default skillLevel to Beginner if not provided
AssertionError: expected undefined to be 'Beginner' // Object.is equality

- Expected:
"Beginner"

+ Received:
undefined

 ❯ src/hooks/useStudents.test.ts:217:38
    215|       });
    216|
    217|       expect(newStudent!.skillLevel).toBe('Beginner');
       |                                      ^
    218|     });
    219|

⎯⎯⎯⎯⎯⎯⎯⎯⎯⎯⎯⎯⎯⎯⎯⎯⎯⎯⎯⎯⎯[71/107]⎯

 FAIL  src/hooks/useStudents.test.ts > useStudents > createStudent > should throw error if fullName is missing
AssertionError: expected [Function] to throw an error

- Expected:
null

+ Received:
undefined

 ❯ src/hooks/useStudents.test.ts:227:10
    225|           result.current.createStudent({ ...validStudentData, fullName…
    226|         });
    227|       }).toThrow('Validation failed');
       |          ^
    228|     });
    229|

⎯⎯⎯⎯⎯⎯⎯⎯⎯⎯⎯⎯⎯⎯⎯⎯⎯⎯⎯⎯⎯[72/107]⎯

 FAIL  src/hooks/useStudents.test.ts > useStudents > createStudent > should throw error if dateOfBirth is missing
AssertionError: expected [Function] to throw an error

- Expected:
null

+ Received:
undefined

 ❯ src/hooks/useStudents.test.ts:240:10
    238|           });
    239|         });
    240|       }).toThrow('Validation failed');
       |          ^
    241|     });
    242|

⎯⎯⎯⎯⎯⎯⎯⎯⎯⎯⎯⎯⎯⎯⎯⎯⎯⎯⎯⎯⎯[73/107]⎯

 FAIL  src/hooks/useStudents.test.ts > useStudents > createStudent > should throw error if gender is missing
AssertionError: expected [Function] to throw an error

- Expected:
null

+ Received:
undefined

 ❯ src/hooks/useStudents.test.ts:253:10
    251|           });
    252|         });
    253|       }).toThrow('Validation failed');
       |          ^
    254|     });
    255|

⎯⎯⎯⎯⎯⎯⎯⎯⎯⎯⎯⎯⎯⎯⎯⎯⎯⎯⎯⎯⎯[74/107]⎯

 FAIL  src/hooks/useStudents.test.ts > useStudents > createStudent > should throw error if contactPhone is missing
AssertionError: expected [Function] to throw an error

- Expected:
null

+ Received:
undefined

 ❯ src/hooks/useStudents.test.ts:263:10
    261|           result.current.createStudent({ ...validStudentData, contactP…
    262|         });
    263|       }).toThrow('Validation failed');
       |          ^
    264|     });
    265|   });

⎯⎯⎯⎯⎯⎯⎯⎯⎯⎯⎯⎯⎯⎯⎯⎯⎯⎯⎯⎯⎯[75/107]⎯

 FAIL  src/hooks/useStudents.test.ts > useStudents > updateStudent > should update an existing student
AssertionError: expected undefined to be 'Arjun Updated' // Object.is equality

- Expected:
"Arjun Updated"

+ Received:
undefined

 ❯ src/hooks/useStudents.test.ts:278:33
    276|       });
    277|
    278|       expect(updated!.fullName).toBe('Arjun Updated');
       |                                 ^
    279|       expect(result.current.getStudent('student-001')?.fullName).toBe(…
    280|     });

⎯⎯⎯⎯⎯⎯⎯⎯⎯⎯⎯⎯⎯⎯⎯⎯⎯⎯⎯⎯⎯[76/107]⎯

 FAIL  src/hooks/useStudents.test.ts > useStudents > updateStudent > should preserve fields not included in update
AssertionError: expected undefined to be 'Neha Updated' // Object.is equality

- Expected:
"Neha Updated"

+ Received:
undefined

 ❯ src/hooks/useStudents.test.ts:292:33
    290|
    291|       const updated = result.current.getStudent('student-002');
    292|       expect(updated?.fullName).toBe('Neha Updated');
       |                                 ^
    293|       expect(updated?.gender).toBe(original?.gender);
    294|       expect(updated?.contactPhone).toBe(original?.contactPhone);

⎯⎯⎯⎯⎯⎯⎯⎯⎯⎯⎯⎯⎯⎯⎯⎯⎯⎯⎯⎯⎯[77/107]⎯

 FAIL  src/hooks/useStudents.test.ts > useStudents > updateStudent > should recompute age when dateOfBirth is updated
TypeError: actual value must be number or bigint, received "undefined"
 ❯ src/hooks/useStudents.test.ts:309:28
    307|       const updated = result.current.getStudent('student-001');
    308|       // Age should reflect the new DOB
    309|       expect(updated?.age).toBeLessThan(13);
       |                            ^
    310|     });
    311|

⎯⎯⎯⎯⎯⎯⎯⎯⎯⎯⎯⎯⎯⎯⎯⎯⎯⎯⎯⎯⎯[78/107]⎯

 FAIL  src/hooks/useStudents.test.ts > useStudents > updateStudent > should recompute bmi when height is updated
AssertionError: expected undefined to be close to 16.6, received difference is NaN, but expected 0.5
 ❯ src/hooks/useStudents.test.ts:321:28
    319|       const updated = result.current.getStudent('student-001');
    320|       // Original weight is 48, new height 170 → BMI = 48 / (1.70^2) ≈…
    321|       expect(updated?.bmi).toBeCloseTo(16.6, 0);
       |                            ^
    322|     });
    323|

⎯⎯⎯⎯⎯⎯⎯⎯⎯⎯⎯⎯⎯⎯⎯⎯⎯⎯⎯⎯⎯[79/107]⎯

 FAIL  src/hooks/useStudents.test.ts > useStudents > updateStudent > should recompute bmi when weight is updated
AssertionError: expected undefined to be close to 25, received difference is NaN, but expected 0.5
 ❯ src/hooks/useStudents.test.ts:333:28
    331|       const updated = result.current.getStudent('student-001');
    332|       // Original height is 155, new weight 60 → BMI = 60 / (1.55^2) ≈…
    333|       expect(updated?.bmi).toBeCloseTo(25.0, 0);
       |                            ^
    334|     });
    335|

⎯⎯⎯⎯⎯⎯⎯⎯⎯⎯⎯⎯⎯⎯⎯⎯⎯⎯⎯⎯⎯[80/107]⎯

 FAIL  src/hooks/useStudents.test.ts > useStudents > updateStudent > should update the updatedAt timestamp
TypeError: Cannot read properties of undefined (reading 'getTime')
 ❯ src/hooks/useStudents.test.ts:345:23
    343|
    344|       const updated = result.current.getStudent('student-001');
    345|       expect(updated?.updatedAt.getTime()).toBeGreaterThanOrEqual(befo…
       |                       ^
    346|     });
    347|

⎯⎯⎯⎯⎯⎯⎯⎯⎯⎯⎯⎯⎯⎯⎯⎯⎯⎯⎯⎯⎯[81/107]⎯

 FAIL  src/hooks/useStudents.test.ts > useStudents > updateStudent > should persist changes to localStorage
TypeError: Cannot read properties of null (reading 'find')
 ❯ src/hooks/useStudents.test.ts:356:28
    354|
    355|       const stored = JSON.parse(localStorage.getItem(STORAGE_KEY)!);
    356|       const found = stored.find((s: { id: string }) => s.id === 'stude…
       |                            ^
    357|       expect(found.fullName).toBe('Persisted Name');
    358|     });

⎯⎯⎯⎯⎯⎯⎯⎯⎯⎯⎯⎯⎯⎯⎯⎯⎯⎯⎯⎯⎯[82/107]⎯

 FAIL  src/hooks/useStudents.test.ts > useStudents > updateStudent > should throw error for non-existent student id
AssertionError: expected [Function] to throw an error

- Expected:
null

+ Received:
undefined

 ❯ src/hooks/useStudents.test.ts:367:10
    365|           result.current.updateStudent('non-existent', { fullName: 'Te…
    366|         });
    367|       }).toThrow('not found');
       |          ^
    368|     });
    369|

⎯⎯⎯⎯⎯⎯⎯⎯⎯⎯⎯⎯⎯⎯⎯⎯⎯⎯⎯⎯⎯[83/107]⎯

 FAIL  src/hooks/useStudents.test.ts > useStudents > updateStudent > should throw error if updating fullName to empty
AssertionError: expected [Function] to throw an error

- Expected:
null

+ Received:
undefined

 ❯ src/hooks/useStudents.test.ts:377:10
    375|           result.current.updateStudent('student-001', { fullName: '' }…
    376|         });
    377|       }).toThrow('Validation failed');
       |          ^
    378|     });
    379|

⎯⎯⎯⎯⎯⎯⎯⎯⎯⎯⎯⎯⎯⎯⎯⎯⎯⎯⎯⎯⎯[84/107]⎯

 FAIL  src/hooks/useStudents.test.ts > useStudents > updateStudent > should throw error if updating contactPhone to empty
AssertionError: expected [Function] to throw an error

- Expected:
null

+ Received:
undefined

 ❯ src/hooks/useStudents.test.ts:387:10
    385|           result.current.updateStudent('student-001', { contactPhone: …
    386|         });
    387|       }).toThrow('Validation failed');
       |          ^
    388|     });
    389|   });

⎯⎯⎯⎯⎯⎯⎯⎯⎯⎯⎯⎯⎯⎯⎯⎯⎯⎯⎯⎯⎯[85/107]⎯

 FAIL  src/hooks/useStudents.test.ts > useStudents > persistence across refreshes > should restore created students after re-mounting
AssertionError: expected +0 to be 11 // Object.is equality

- Expected
+ Received

- 11
+ 0

 ❯ src/hooks/useStudents.test.ts:403:47
    401|       // Re-render (simulates page refresh with same localStorage)
    402|       const { result: result2 } = renderHook(() => useStudents());
    403|       expect(result2.current.students.length).toBe(11);
       |                                               ^
    404|       expect(
    405|         result2.current.students.find((s) => s.fullName === 'Test Stud…

⎯⎯⎯⎯⎯⎯⎯⎯⎯⎯⎯⎯⎯⎯⎯⎯⎯⎯⎯⎯⎯[86/107]⎯

 FAIL  src/hooks/useStudents.test.ts > useStudents > persistence across refreshes > should restore updated students after re-mounting
AssertionError: expected undefined to be 'Persisted Update' // Object.is equality

- Expected:
"Persisted Update"

+ Received:
undefined

 ❯ src/hooks/useStudents.test.ts:419:67
    417|
    418|       const { result: result2 } = renderHook(() => useStudents());
    419|       expect(result2.current.getStudent('student-001')?.fullName).toBe…
       |                                                                   ^
    420|     });
    421|   });

⎯⎯⎯⎯⎯⎯⎯⎯⎯⎯⎯⎯⎯⎯⎯⎯⎯⎯⎯⎯⎯[87/107]⎯

 FAIL  src/pages/CoachDetailPage.test.tsx > CoachDetailPage - Error Handling > should display error state when data fetch fails
AssertionError: expected '/**\n * CoachDetailPage\n * Comprehen…' to contain 'Failed to load coach details'

- Expected
+ Received

- Failed to load coach details
+ /**
+  * CoachDetailPage
+  * Comprehensive single-page interface for viewing and managing coach information
+  * including profile management, batch assignments, student enrollment, and financial transactions.
+  * 
+  * Requirements: 1.1, 1.3, 20.1
+  * - Extracts coachId from URL params
+  * - Initializes tab state (default to 'profile')
+  * - Fetches coach data using useCoachDetail
+  * - Fetches batches, students, payments using respective hooks
+  * - Renders page header with coach info
+  * - Handles tab navigation and role-based access control
+  */
+
+ import { useState, useEffect } from 'react';
+ import { useParams, useNavigate, useLocation } from 'react-router-dom';
+ import { useAuth } from '../contexts/AuthContext';
+ import DashboardLayout from '../components/DashboardLayout';
+ import { CoachHeaderCard } from '../components/CoachHeaderCard';
+ import { TabNavigation } from '../components/TabNavigation';
+ import { CoachProfileTab } from '../components/CoachProfileTab';
+ import { CoachBatchesTab } from '../components/CoachBatchesTab';
+ import { CoachStudentsTab } from '../components/CoachStudentsTab';
+ import { CoachPaymentsTab } from '../components/CoachPaymentsTab';
+ import { ProfileTabSkeleton } from '../components/ProfileTabSkeleton';
+ import { BatchesTabSkeleton } from '../components/BatchesTabSkeleton';
+ import { StudentsTabSkeleton } from '../components/StudentsTabSkeleton';
+ import { PaymentsTabSkeleton } from '../components/PaymentsTabSkeleton';
+ import { ErrorState } from '../components/ErrorState';
+ import { useCoachDetail } from '../hooks/useCoachDetail';
+ import { useCoachBatches } from '../hooks/useCoachBatches';
+ import { useCoachStudents } from '../hooks/useCoachStudents';
+ import { useCoachPayments } from '../hooks/useCoachPayments';
+ import type { TabName, UserRole } from '../types';
+
+ interface CoachDetailPageState {
+   activeTab: TabName;
+   isLoadingData: boolean;
+   error: string | null;
+   accessDenialMessage: string | null;
+   isRetrying: boolean;
+ }
+
+ /**
+  * Main CoachDetailPage component
+  * Orchestrates all coach detail functionality with tabbed interface
+  */
+ export default function CoachDetailPage() {
+   const { coachId } = useParams<{ coachId: string }>();
+   const navigate = useNavigate();
+   const location = useLocation();
+   const { role } = useAuth();
+
+   // Validate coachId from URL params
+   if (!coachId) {
+     return (
+       <DashboardLayout>
+         <div className="text-center py-12">
+           <h2 className="text-lg font-semibold text-gray-900">Invalid Coach ID</h2>
+           <p className="text-gray-600 mt-2">No coach ID provided in URL</p>
+           <button
+             onClick={() => navigate('/coaches')}
+             className="mt-4 px-4 py-2 bg-blue-600 text-white rounded hover:bg-blue-700"
+           >
+             Return to Coaches
+           </button>
+         </div>
+       </DashboardLayout>
+     );
+   }
+
+   // Page state
+   const [pageState, setPageState] = useState<CoachDetailPageState>({
+     activeTab: 'profile' as TabName,
+     isLoadingData: false,
+     error: null,
+     accessDenialMessage: null,
+     isRetrying: false,
+   });
+
+   // Fetch coach data
+   const { coach, isLoading: isLoadingCoach, error: coachError, refetch: refetchCoach } = useCoachDetail(coachId);
+
+   // Fetch coach batches
+   const {
+     batches,
+     isLoading: isLoadingBatches,
+     error: batchesError,
+     refetch: refetchBatches,
+   } = useCoachBatches(coachId);
+
+   // Fetch coach students
+   const {
+     students,
+     isLoading: isLoadingStudents,
+     error: studentsError,
+     refetch: refetchStudents,
+   } = useCoachStudents(coachId);
+
+   // Fetch coach payments (fees and expenses)
+   const {
+     fees,
+     expenses,
+     isLoading: isLoadingPayments,
+     error: paymentsError,
+     refetch: refetchPayments,
+   } = useCoachPayments(coachId);
+
+   // Check overall loading state
+   useEffect(() => {
+     const isLoading = isLoadingCoach || isLoadingBatches || isLoadingStudents || isLoadingPayments;
+     const error = coachError || batchesError || studentsError || paymentsError;
+
+     setPageState((prev) => ({
+       ...prev,
+       isLoadingData: isLoading,
+       error: error,
+     }));
+   }, [isLoadingCoach, isLoadingBatches, isLoadingStudents, isLoadingPayments, coachError, batchesError, studentsError, paymentsError]);
+
+   // Determine visible tabs based on user role
+   const getVisibleTabs = (): TabName[] => {
+     switch (role) {
+       case 'HEAD_COACH':
+         return ['profile', 'batches', 'students', 'payments'];
+       case 'ASSISTANT_COACH':
+         return ['profile', 'students'];
+       case 'STUDENT':
+         return []; // No tabs visible for students
+       default:
+         return [];
+     }
+   };
+
+   const visibleTabs = getVisibleTabs();
+
+   // Handle role-based access denial for students (Requirement 19.1)
+   useEffect(() => {
+     if (role === 'STUDENT') {
+       // Persist denial message in localStorage for display after redirect
+       localStorage.setItem(
+         'accessDenialMessage',
+         'You do not have permission to access this resource.'
+       );
+       navigate('/dashboard');
+     }
+   }, [role, navigate]);
+
+   // Handle payment tab access denial for non-HEAD_COACH roles (Requirements 18.5, 19.1)
+   useEffect(() => {
+     if (pageState.activeTab === 'payments' && role !== 'HEAD_COACH' && role !== 'ADMIN') {
+       const denialMessage =
+         role === 'ASSISTANT_COACH'
+           ? 'You do not have access to payment information.'
+           : 'You do not have permission to access this resource.';
+
+       // Persist denial message in localStorage for display after redirect
+       localStorage.setItem('accessDenialMessage', denialMessage);
+       navigate('/dashboard');
+     }
+   }, [pageState.activeTab, role, navigate]);
+
+   // Check for and display persisted access denial message on page load (Requirement 13.4)
+   useEffect(() => {
+     const denialMessage = localStorage.getItem('accessDenialMessage');
+     if (denialMessage) {
+       setPageState((prev) => ({
+         ...prev,
+         accessDenialMessage: denialMessage,
+       }));
+       // Clear from localStorage to avoid showing it again on next load
+       localStorage.removeItem('accessDenialMessage');
+     }
+   }, []);
+
+   // Show loading state
+   if (pageState.isLoadingData && !coach) {
+     return (
+       <DashboardLayout>
+         <div className="p-6">
+           <div className="h-24 bg-gray-200 rounded animate-pulse mb-6" />
+           <div className="space-y-3">
+             {[1, 2, 3].map((i) => (
+               <div key={i} className="h-12 bg-gray-200 rounded animate-pulse" />
+             ))}
+           </div>
+         </div>
+       </DashboardLayout>
+     );
+   }
+
+   // Show error state
+   if (pageState.error && !coach) {
+     const handleRetry = async () => {
+       setPageState((prev) => ({ ...prev, isRetrying: true }));
+       try {
+         await Promise.all([
+           refetchCoach(),
+           refetchBatches(),
+           refetchStudents(),
+           refetchPayments(),
+         ]);
+       } finally {
+         setPageState((prev) => ({ ...prev, isRetrying: false }));
+       }
+     };
+
+     return (
+       <DashboardLayout>
+         <div className="mx-4 lg:mx-6 mt-6">
+           <ErrorState
+             error={pageState.error}
+             onRetry={handleRetry}
+             isRetrying={pageState.isRetrying}
+             variant="page"
+           />
+         </div>
+       </DashboardLayout>
+     );
+   }
+
+   // Show no coach found
+   if (!coach) {
+     return (
+       <DashboardLayout>
+         <div className="text-center py-12">
+           <h2 className="text-lg font-semibold text-gray-900">Coach not found</h2>
+           <p className="text-gray-600 mt-2">The coach you're looking for does not exist or access is denied</p>
+           <button
+             onClick={() => navigate('/coaches')}
+             className="mt-4 px-4 py-2 bg-blue-600 text-white rounded hover:bg-blue-700"
+           >
+             Return to Coaches
+           </button>
+         </div>
+       </DashboardLayout>
+     );
+   }
+
+   // Handle tab change
+   const handleTabChange = (tabName: string) => {
+     const tab = tabName as TabName;
+     if (visibleTabs.includes(tab)) {
+       setPageState((prev) => ({ ...prev, activeTab: tab }));
+     }
+   };
+
+   // Calculate summary stats
+   const batchCount = batches.length;
+   const studentCount = students.length;
+
+   // Convert role to UserRole type for header
+   const userRole: UserRole = (role as UserRole) || 'STUDENT';
+
+   return (
+     <DashboardLayout>
+       <div className="coach-detail-page">
+         {/* Page Header */}
+         <div className="mx-4 lg:mx-6 mt-6">
+           <CoachHeaderCard
+             coach={coach}
+             batchCount={batchCount}
+             studentCount={studentCount}
+             userRole={userRole}
+           />
+         </div>
+
+         {/* Access Denial Message (Requirement 13.4) */}
+         {pageState.accessDenialMessage && (
+           <div className="mx-4 lg:mx-6 mt-4 border border-red-300 bg-red-50 rounded-lg p-4" role="alert">
+             <div className="flex items-start gap-3">
+               <svg
+                 className="w-5 h-5 text-red-600 flex-shrink-0 mt-0.5"
+                 fill="none"
+                 stroke="currentColor"
+                 viewBox="0 0 24 24"
+               >
+                 <path
+                   strokeLinecap="round"
+                   strokeLinejoin="round"
+                   strokeWidth={2}
+                   d="M12 8v4m0 4h.01M21 12a9 9 0 11-18 0 9 9 0 0118 0z"
+                 />
+               </svg>
+               <div>
+                 <h4 className="font-semibold text-red-900">Access Denied</h4>
+                 <p className="text-red-800 text-sm mt-1">{pageState.accessDenialMessage}</p>
+               </div>
+               <button
+                 onClick={() => setPageState((prev) => ({ ...prev, accessDenialMessage: null }))}
+                 className="ml-auto text-red-500 hover:text-red-700"
+                 aria-label="Dismiss message"
+               >
+                 <svg className="w-5 h-5" fill="currentColor" viewBox="0 0 20 20">
+                   <path
+                     fillRule="evenodd"
+                     d="M4.293 4.293a1 1 0 011.414 0L10 8.586l4.293-4.293a1 1 0 111.414 1.414L11.414 10l4.293 4.293a1 1 0 01-1.414 1.414L10 11.414l-4.293 4.293a1 1 0 01-1.414-1.414L8.586 10 4.293 5.707a1 1 0 010-1.414z"
+                     clipRule="evenodd"
+                   />
+                 </svg>
+               </button>
+             </div>
+           </div>
+         )}
+
+         {/* Tab Navigation */}
+         <div className="mx-4 lg:mx-6 mt-6">
+           <TabNavigation
+             tabs={visibleTabs.map((tab) => ({
+               id: tab,
+               label: tab.charAt(0).toUpperCase() + tab.slice(1),
+               disabled: false,
+             }))}
+             activeTab={pageState.activeTab}
+             onTabChange={handleTabChange}
+             ariaLabel="Coach detail tabs"
+           />
+         </div>
+
+         {/* Tab Content - Render appropriate component based on activeTab */}
+         <div className="coach-detail-content mx-4 lg:mx-6 mt-6 mb-12">
+           {/* Profile Tab */}
+           {pageState.activeTab === 'profile' && (
+             isLoadingCoach ? (
+               <ProfileTabSkeleton />
+             ) : coach ? (
+               <CoachProfileTab
+                 coach={coach}
+                 userRole={userRole}
+                 onUpdateCoach={async (updates) => {
+                   await refetchCoach();
+                 }}
+                 isLoading={isLoadingCoach}
+               />
+             ) : null
+           )}
+
+           {/* Batches Tab */}
+           {pageState.activeTab === 'batches' && (
+             isLoadingBatches ? (
+               <BatchesTabSkeleton />
+             ) : (
+               <CoachBatchesTab
+                 batches={batches}
+                 userRole={userRole}
+                 coachId={coachId}
+                 isLoading={isLoadingBatches}
+                 onBatchAssigned={() => {
+                   void refetchBatches();
+                 }}
+                 onBatchUnassigned={() => {
+                   void refetchBatches();
+                 }}
+               />
+             )
+           )}
+
+           {/* Students Tab */}
+           {pageState.activeTab === 'students' && (
+             isLoadingStudents ? (
+               <StudentsTabSkeleton />
+             ) : (
+               <CoachStudentsTab
+                 students={students}
+                 coachId={coachId}
+                 userRole={userRole}
+                 batches={batches}
+                 onStudentAdded={() => {
+                   void refetchStudents();
+                 }}
+                 onStudentRemoved={() => {
+                   void refetchStudents();
+                 }}
+                 isLoading={isLoadingStudents}
+               />
+             )
+           )}
+
+           {/* Payments Tab */}
+           {pageState.activeTab === 'payments' && (
+             isLoadingPayments ? (
+               <PaymentsTabSkeleton />
+             ) : (
+               <CoachPaymentsTab
+                 coachId={coachId}
+                 fees={fees}
+                 expenses={expenses}
+                 students={students}
+               />
+             )
+           )}
+         </div>
+       </div>
+     </DashboardLayout>
+   );
+ }
+

 ❯ src/pages/CoachDetailPage.test.tsx:146:18
    144|     const code = fs.readFileSync('./src/pages/CoachDetailPage.tsx', 'u…
    145|     expect(code).toContain('pageState.error');
    146|     expect(code).toContain('Failed to load coach details');
       |                  ^
    147|   });
    148|

⎯⎯⎯⎯⎯⎯⎯⎯⎯⎯⎯⎯⎯⎯⎯⎯⎯⎯⎯⎯⎯[88/107]⎯

 FAIL  src/pages/FeesPage.test.tsx > FeesPage - Overdue Fee Auto-Detection > should automatically detect and count overdue fees on page load (Requirement 12.1, 12.2)
Error: [2mexpect([22m[31mreceived[39m[2m).toHaveTextContent()[22m

[31mreceived[39m value must be a Node.
Received has type:  Null
Received has value: [31mnull[39m

Ignored nodes: comments, script, style
[36m<html>[39m
  [36m<head />[39m
  [36m<body>[39m
    [36m<div>[39m
      [36m<div[39m
        [33mclass[39m=[32m"dashboard-layout"[39m
      [36m>[39m
        [36m<nav[39m
          [33mclass[39m=[32m"topnav"[39m
        [36m>[39m
          [36m<div[39m
            [33mclass[39m=[32m"topnav__container"[39m
          [36m>[39m
            [36m<a[39m
              [33mclass[39m=[32m"topnav__logo"[39m
              [33mdata-discover[39m=[32m"true"[39m
              [33mhref[39m=[32m"/"[39m
            [36m>[39m
              [36m<span[39m
                [33mclass[39m=[32m"topnav__logo-text"[39m
              [36m>[39m
                [0mLoveAll[0m
              [36m</span>[39m
            [36m</a>[39m
            [36m<div[39m
              [33mclass[39m=[32m"topnav__links-desktop"[39m
            [36m>[39m
              [36m<a[39m
                [33mclass[39m=[32m"topnav__link "[39m
                [33mdata-discover[39m=[32m"true"[39m
                [33mhref[39m=[32m"/student-dashboard"[39m
              [36m>[39m
                [0mDashboard[0m
              [36m</a>[39m
              [36m<a[39m
                [33mclass[39m=[32m"topnav__link "[39m
                [33mdata-discover[39m=[32m"true"[39m
                [33mhref[39m=[32m"/my-progress"[39m
              [36m>[39m
                [0mMy Progress[0m
              [36m</a>[39m
              [36m<a[39m
                [33mclass[39m=[32m"topnav__link "[39m
                [33mdata-discover[39m=[32m"true"[39m
                [33mhref[39m=[32m"/my-fees"[39m
              [36m>[39m
                [0mMy Fees[0m
              [36m</a>[39m
            [36m</div>[39m
            [36m<div[39m
              [33mclass[39m=[32m"topnav__right"[39m
            [36m>[39m
              [36m<div[39m
                [33mclass[39m=[32m"topnav__user-info"[39m
              [36m>[39m
                [36m<div[39m
                  [33mclass[39m=[32m"topnav__user-avatar"[39m
                [36m>[39m
                  [0mU[0m
                [36m</div>[39m
                [36m<div[39m
                  [33mclass[39m=[32m"topnav__user-details"[39m
                [36m>[39m
                  [36m<div[39m
                    [33mclass[39m=[32m"topnav__user-name"[39m
                  [36m>[39m
                    [0mUser[0m
                  [36m</div>[39m
                  [36m<div[39m
                    [33mclass[39m=[32m"topnav__user-role"[39m
                  [36m>[39m
                    [0mGuest[0m
                  [36m</div>[39m
                [36m</div>[39m
              [36m</div>[39m
              [36m<button[39m
                [33mclass[39m=[32m"btn-base btn-ghost btn-icon-only topnav__btn-signout"[39m
                [33mtitle[39m=[32m"Sign out"[39m
              [36m>[39m
                [36m<svg[39m
                  [33mclass[39m=[32m"topnav__icon"[39m
                  [33mfill[39m=[32m"none"[39m
                  [33mstroke[39m=[32m"currentColor"[39m
                  [33mstroke-width[39m=[32m"2"[39m
                  [33mviewBox[39m=[32m"0 0 24 24"[39m
                [36m>[39m
                  [36m<path[39m
                    [33md[39m=[32m"M9 21H5a2 2 0 0 1-2-2V5a2 2 0 0 1 2-2h4M16 17l5-5-5-5M21 12H9"[39m
                    [33mstroke-linecap[39m=[32m"round"[39m
                    [33mstroke-linejoin[39m=[32m"round"[39m
                  [36m/>[39m
                [36m</svg>[39m
              [36m</button>[39m
              [36m<button[39m
                [33mclass[39m=[32m"btn-base btn-ghost btn-icon-only topnav__btn-mobile"[39m
                [33mtitle[39m=[32m"Toggle menu"[39m
              [36m>[39m
                [36m<svg[39m
                  [33mclass[39m=[32m"topnav__icon"[39m
                  [33mfill[39m=[32m"none"[39m
                  [33mstroke[39m=[32m"currentColor"[39m
                  [33mstroke-linecap[39m=[32m"round"[39m
                  [33mstroke-linejoin[39m=[32m"round"[39m
                  [33mstroke-width[39m=[32m"2"[39m
                  [33mviewBox[39m=[32m"0 0 24 24"[39m
                [36m>[39m
                  [36m<line[39m
                    [33mx1[39m=[32m"3"[39m
                    [33mx2[39m=[32m"21"[39m
                    [33my1[39m=[32m"6"[39m
                    [33my2[39m=[32m"6"[39m
                  [36m/>[39m
                  [36m<line[39m
                    [33mx1[39m=[32m"3"[39m
                    [33mx2[39m=[32m"21"[39m
                    [33my1[39m=[32m"12"[39m
                    [33my2[39m=[32m"12"[39m
                  [36m/>[39m
                  [36m<line[39m
                    [33mx1[39m=[32m"3"[39m
                    [33mx2[39m=[32m"21"[39m
                    [33my1[39m=[32m"18"[39m
                    [33my2[39m=[32m"18"[39m
                  [36m/>[39m
                [36m</svg>[39m
              [36m</button>[39m
            [36m</div>[39m
          [36m</div>[39m
        [36m</nav>[39m
        [36m<main[39m
          [33mclass[39m=[32m"dashboard-content "[39m
        [36m>[39m
          [36m<div[39m
            [33mclass[39m=[32m"hc-dashboard"[39m
          [36m>[39m
            [36m<div[39m
              [33mclass[39m=[32m"hc-dashboard-content"[39m
            [36m>[39m
              [36m<div[39m
                [33mclass[39m=[32m"page-header"[39m
              [36m>[39m
                [36m<div>[39m
                  [36m<h1[39m
                    [33mclass[39m=[32m"page-header-title"[39m
                  [36m>[39m
                    [0mFee Management[0m
                  [36m</h1>[39m
                  [36m<p[39m
                    [33mclass[39m=[32m"page-header-subtitle"[39m
                  [36m>[39m
                    [0mTrack and manage student fee payments[0m
                  [36m</p>[39m
                [36m</div>[39m
                [36m<div[39m
                  [33mclass[39m=[32m"page-header-actions"[39m
                [36m>[39m
                  [36m<button[39m
                    [33maria-expanded[39m=[32m"false"[39m
                    [33maria-label[39m=[32m"Toggle filters"[39m
                    [33mclass[39m=[32m"filter-toggle-btn"[39m
                  [36m>[39m
                    [36m<svg[39m
                      [33mfill[39m=[32m"none"[39m
                      [33mheight[39m=[32m"14"[39m
                      [33mstroke[39m=[32m"currentColor"[39m
                      [33mstroke-width[39m=[32m"2"[39m
                      [33mviewBox[39m=[32m"0 0 24 24"[39m
                      [33mwidth[39m=[32m"14"[39m
                    [36m>[39m
                      [36m<path[39m
                        [33md[39m=[32m"M3 4a1 1 0 0 1 1-1h16a1 1 0 0 1 1 1v2.586a1 1 0 0 1-.293.707l-6.414 6.414a1 1 0 0 0-.293.707V17l-4 4v-6.586a1 1 0 0 0-.293-.707L3.293 7.293A1 1 0 0 1 3 6.586V4z"[39m
                      [36m/>[39m
                    [36m</svg>[39m
                  [36m</button>[39m
                  [36m<button[39m
                    [33mclass[39m=[32m"btn-create-fee"[39m
                    [33mtitle[39m=[32m"Create new fee"[39m
                  [36m>[39m
                    [36m<svg[39m
                      [33mfill[39m=[32m"none"[39m
                      [33mheight[39m=[32m"16"[39m
                      [33mstroke[39m=[32m"currentColor"[39m
                      [33mstroke-width[39m=[32m"2"[39m
                      [33mviewBox[39m=[32m"0 0 24 24"[39m
                      [33mwidth[39m=[32m"16"[39m
                    [36m>[39m
                      [36m<path[39m
                        [33md[39m=[32m"M12 5v14M5 12h14"[39m
                      [36m/>[39m
                    [36m</svg>[39m
                    [0mCreate Fee[0m
                  [36m</button>[39m
                [36m</div>[39m
              [36m</div>[39m
              [36m<div[39m
                [33mclass[39m=[32m"hc-stats-grid"[39m
              [36m>[39m
                [36m<div[39m
                  [33mclass[39m=[32m"stat-card stat-card--success "[39m
                [36m>[39m
                  [36m<div[39m
                    [33mclass[39m=[32m"stat-card__icon"[39m
                  [36m>[39m
                    [36m<svg[39m
                      [33mfill[39m=[32m"none"[39m
                      [33mstroke[39m=[32m"currentColor"[39m
                      [33mviewBox[39m=[32m"0 0 24 24"[39m
                    [36m>[39m
                      [36m<path[39m
                        [33md[39m=[32m"M9 12l2 2 4-4m6 2a9 9 0 11-18 0 9 9 0 0118 0z"[39m
                        [33mstroke-linecap[39m=[32m"round"[39m
                        [33mstroke-linejoin[39m=[32m"round"[39m
                        [33mstroke-width[39m=[32m"2"[39m
                      [36m/>[39m
                    [36m</svg>[39m
                  [36m</div>[39m
                  [36m<div[39m
                    [33mclass[39m=[32m"stat-card__content"[39m
                  [36m>[39m
                    [36m<h3[39m
                      [33mclass[39m=[32m"stat-card__title"[39m
                    [36m>[39m
                      [0mCollected This Month[0m
                    [36m</h3>[39m
                    [36m<div[39m
                      [33mclass[39m=[32m"stat-card__value"[39m
                    [36m>[39m
                      [0m₹0[0m
                    [36m</div>[39m
                    [36m<p[39m
                      [33mclass[39m=[32m"stat-card__label"[39m
                    [36m>[39m
                      [0mThis month[0m
                    [36m</p>[39m
                  [36m</div>[39m
                [36m</div>[39m
                [36m<div[39m
                  [33mclass[39m=[32m"stat-card stat-card--warning "[39m
                [36m>[39m
                  [36m<div[39m
                    [33mclass[39m=[32m"stat-card__icon"[39m
                  [36m>[39m
                    [36m<svg[39m
                      [33mfill[39m=[32m"none"[39m
                      [33mstroke[39m=[32m"currentColor"[39m
                      [33mviewBox[39m=[32m"0 0 24 24"[39m
                    [36m>[39m
                      [36m<path[39m
                        [33md[39m=[32m"M12 8v4l3 3m6-3a9 9 0 11-18 0 9 9 0 0118 0z"[39m
                        [33mstroke-linecap[39m=[32m"round"[39m
                        [33mstroke-linejoin[39m=[32m"round"[39m
                        [33mstroke-width[39m=[32m"2"[39m
                      [36m/>[39m
                    [36m</svg>[39m
                  [36m</div>[39m
                  [36m<div[39m
                    [33mclass[39m=[32m"stat-card__content"[39m
                  [36m>[39m
                    [36m<h3[39m
                      [33mclass[39m=[32m"stat-card__title"[39m
                    [36m>[39m
                      [0mOutstanding Balance[0m
                    [36m</h3>[39m
                    [36m<div[39m
                      [33mclass[39m=[32m"stat-card__value"[39m
                    [36m>[39m
                      [0m₹12,500[0m
                    [36m</div>[39m
                    [36m<p[39m
                      [33mclass[39m=[32m"stat-card__label"[39m
                    [36m>[39m
                      [0mPending payments[0m
                    [36m</p>[39m
                  [36m</div>[39m
                [36m</div>[39m
                [36m<div[39m
                  [33mclass[39m=[32m"stat-card stat-card--danger "[39m
                [36m>[39m
                  [36m<div[39m
                    [33mclass[39m=[32m"stat-card__icon"[39m
                  [36m>[39m
                    [36m<svg[39m
                      [33mfill[39m=[32m"none"[39m
                      [33mstroke[39m=[32m"currentColor"[39m
                      [33mviewBox[39m=[32m"0 0 24 24"[39m
                    [36m>[39m
                      [36m<path[39m
                        [33md[39m=[32m"M12 9v2m0 4h.01m-6.938 4h13.856c1.54 0 2.502-1.667 1.732-3L13.732 4c-.77-1.333-2.694-1.333-3.464 0L3.34 16c-.77 1.333.192 3 1.732 3z"[39m
                        [33mstroke-linecap[39m=[32m"round"[39m
                        [33mstroke-linejoin[39m=[32m"round"[39m
                        [33mstroke-width[39m=[32m"2"[39m
                      [36m/>[39m
                    [36m</svg>[39m
                  [36m</div>[39m
                  [36m<div[39m
                    [33mclass[39m=[32m"stat-card__content"[39m
                  [36m>[39m
                    [36m<h3[39m
                      [33mclass[39m=[32m"stat-card__title"[39m
                    [36m>[39m
                      [0mOverdue Fees[0m
                    [36m</h3>[39m
                    [36m<div[39m
                      [33mclass[39m=[32m"stat-card__value"[39m
                    [36m>[39m
                      [0m3[0m
                    [36m</div>[39m
                    [36m<p[39m
                      [33mclass[39m=[32m"stat-card__label"[39m
                    [36m>[39m
                      [0mNeed attention[0m
                    [36m</p>[39m
                  [36m</div>[39m
                [36m</div>[39m
              [36m</div>[39m
              [36m<div[39m
                [33mclass[39m=[32m"hc-overview"[39m
              [36m>[39m
                [36m<div[39m
                  [33mclass[39m=[32m"table-filter-section"[39m
                [36m>[39m
                  [36m<div[39m
                    [33mclass[39m=[32m"table-filter-section"[39m
                  [36m>[39m
                    [36m<div[39m
                      [33mclass[39m=[32m"table-container"[39m
                    [36m>[39m
                      [36m<table[39m
                        [33mclass[39m=[32m"table-styled"[39m
                      [36m>[39m
                        [36m<thead>[39m
                          [36m<tr>[39m
                            [36m<th>[39m
                              [0mStudent Name[0m
                            [36m</th>[39m
                            [36m<th>[39m
                              [0mMonth/Year[0m
                            [36m</th>[39m
                            [36m<th>[39m
                              [0mAmount[0m
                            [36m</th>[39m
                            [36m<th>[39m
                              [0mDue Date[0m
                            [36m</th>[39m
                            [36m<th>[39m
                              [0mStatus[0m
                            [36m</th>[39m
                            [36m<th>[39m
                              [0mActions[0m
                            [36m</th>[39m
                          [36m</tr>[39m
                        [36m</thead>[39m
                        [36m<tbody>[39m
                          [36m<tr>[39m
                            [36m<td[39m
                              [33mclass[39m=[32m"text-bold"[39m
                            [36m>[39m
                              [0mCharlie Brown[0m
                            [36m</td>[39m
                            [36m<td[39m
                              [33mclass[39m=[32m"text-muted"[39m
                            [36m>[39m
                              [0m2025-10[0m
                            [36m</td>[39m
                            [36m<td[39m
                              [33mclass[39m=[32m"text-bold"[39m
                            [36m>[39m
                              [0m₹3,000[0m
                            [36m</td>[39m
                            [36m<td[39m
                              [33mclass[39m=[32m"text-muted"[39m
                            [36m>[39m
                              [0m10 Oct 2025[0m
                            [36m</td>[39m
                            [36m<td>[39m
                              [36m<span[39m
                                [33mclass[39m=[32m"table-badge table-badge--overdue"[39m
                              [36m>[39m
                                [0mOVERDUE[0m
                              [36m</span>[39m
                            [36m</td>[39m
                            [36m<td>[39m
                              [36m<div[39m
                                [33mclass[39m=[32m"flex gap-2 flex-wrap"[39m
                              [36m>[39m
                                [36m<button[39m
                                  [33mclass[39m=[32m"table-action-link table-action-link--info"[39m
                                [36m>[39m
                                  [0mEdit[0m
                                [36m</button>[39m
                                [36m<button[39m
                                  [33mclass[39m=[32m"table-action-link table-action-link--success"[39m
                                [36m>[39m
                                  [0mMark Paid[0m
                                [36m</button>[39m
                                [36m<button[39m
                                  [33mclass[39m=[32m"table-action-link table-action-link--primary"[39m
                                [36m>[39m
                                  [0mWaive[0m
                                [36m</button>[39m
                              [36m</div>[39m
                            [36m</td>[39m
                          [36m</tr>[39m
                          [36m<tr>[39m
                            [36m<td[39m
                              [33mclass[39m=[32m"text-bold"[39m
                            [36m>[39m
                              [0mJane Smith[0m
                            [36m</td>[39m
                            [36m<td[39m
                              [33mclass[39m=[32m"text-muted"[39m
                            [36m>[39m
                              [0m2025-11[0m
                            [36m</td>[39m
                            [36m<td[39m
                              [33mclass[39m=[32m"text-bold"[39m
                            [36m>[39m
                              [0m₹3,000[0m
                            [36m</td>[39m
                            [36m<td[39m
                              [33mclass[39m=[32m"text-muted"[39m
                            [36m>[39m
                              [0m10 Nov 2025[0m
                            [36m</td>[39m
                            [36m<td>[39m
                              [36m<span[39m
                                [33mclass[39m=[32m"table-badge table-badge--overdue"[39m
                              [36m>[39m
                                [0mOVERDUE[0m
                              [36m</span>[39m
                            [36m</td>[39m
                            [36m<td>[39m
                              [36m<div[39m
                                [33mclass[39m=[32m"flex gap-2 flex-wrap"[39m
                              [36m>[39m
                                [36m<button[39m
                                  [33mclass[39m=[32m"table-action-link table-action-link--info"[39m
                                [36m>[39m
                                  [0mEdit[0m
                                [36m</button>[39m
                                [36m<button[39m
                                  [33mclass[39m=[32m"table-action-link table-action-link--success"[39m
                                [36m>[39m
                                  [0mMark Paid[0m
                                [36m</button>[39m
                                [36m<button[39m
                                  [33mclass[39m=[32m"table-action-link table-action-link--primary"[39m
                                [36m>[39m
                                  [0mWaive[0m
                                [36m</button>[39m
                              [36m</div>[39m
                            [36m</td>[39m
                          [36m</tr>[39m
                          [36m<tr>[39m
                            [36m<td[39m
                              [33mclass[39m=[32m"text-bold"[39m
                            [36m>[39m
                              [0mAlice Johnson[0m
                            [36m</td>[39m
                            [36m<td[39m
                              [33mclass[39m=[32m"text-muted"[39m
                            [36m>[39m
                              [0m2025-12[0m
                            [36m</td>[39m
                            [36m<td[39m
                              [33mclass[39m=[32m"text-bold"[39m
                            [36m>[39m
                              [0m₹3,500[0m
                            [36m</td>[39m
                            [36m<td[39m
                              [33mclass[39m=[32m"text-muted"[39m
                            [36m>[39m
                              [0m10 Dec 2025[0m
                            [36m</td>[39m
                            [36m<td>[39m
                              [36m<span[39m
                                [33mclass[39m=[32m"table-badge table-badge--overdue"[39m
                              [36m>[39m
                                [0mOVERDUE[0m
                              [36m</span>[39m
                            [36m</td>[39m
                            [36m<td>[39m
                              [36m<div[39m
                                [33mclass[39m=[32m"flex gap-2 flex-wrap"[39m
                              [36m>[39m
                                [36m<button[39m
                                  [33mclass[39m=[32m"table-action-link table-action-link--info"[39m
                                [36m>[39m
                                  [0mEdit[0m
                                [36m</button>[39m
                                [36m<button[39m
                                  [33mclass[39m=[32m"table-action-link table-action-link--success"[39m
                                [36m>[39m
                                  [0mMark Paid[0m
                                [36m</button>[39m
                                [36m<button[39m
                                  [33mclass[39m=[32m"table-action-link table-action-link--primary"[39m
                                [36m>[39m
                                  [0mWaive[0m
                                [36m</button>[39m
                              [36m</div>[39m
                            [36m</td>[39m
                          [36m</tr>[39m
                          [36m<tr>[39m
                            [36m<td[39m
                              [33mclass[39m=[32m"text-bold"[39m
                            [36m>[39m
                              [0mJohn Doe[0m
                            [36m</td>[39m
                            [36m<td[39m
                              [33mclass[39m=[32m"text-muted"[39m
                            [36m>[39m
                              [0m2026-01[0m
                            [36m</td>[39m
                            [36m<td[39m
                              [33mclass[39m=[32m"text-bold"[39m
                            [36m>[39m
                              [0m₹3,000[0m
                            [36m</td>[39m
                            [36m<td[39m
                              [33mclass[39m=[32m"text-muted"[39m
                            [36m>[39m
                              [0m10 Jan 2026[0m
                            [36m</td>[39m
                            [36m<td>[39m
                              [36m<span[39m
                                [33mclass[39m=[32m"table-badge table-badge--success"[39m
                              [36m>[39m
                                [0mPAID[0m
                              [36m</span>[39m
                            [36m</td>[39m
                            [36m<td>[39m
                              [36m<span[39m
                                [33mclass[39m=[32m"table-action-link table-action-link--muted"[39m
                              [36m>[39m
                                [0mPaid on [0m
                                [0m8 Jan 2026[0m
                              [36m</span>[39m
                            [36m</td>[39m
                          [36m</tr>[39m
                          [36m<tr>[39m
                            [36m<td[39m
                              [33mclass[39m=[32m"text-bold"[39m
                            [36m>[39m
                              [0mBob Wilson[0m
                            [36m</td>[39m
                            [36m<td[39m
                              [33mclass[39m=[32m"text-muted"[39m
                            [36m>[39m
                              [0m2027-02[0m
                            [36m</td>[39m
                            [36m<td[39m
                              [33mclass[39m=[32m"text-bold"[39m
                            [36m>[39m
                              [0m₹3,000[0m
                            [36m</td>[39m
                            [36m<td[39m
                              [33mclass[39m=[32m"text-muted"[39m
                            [36m>[39m
                              [0m10 Feb 2027[0m
                            [36m</td>[39m
                            [36m<td>[39m
                              [36m<span[39m
                                [33mclass[39m=[32m"table-badge table-badge--pending"[39m
                              [36m>[39m
                                [0mPENDING[0m
                              [36m</span>[39m
                            [36m</td>[39m
                            [36m<td>[39m
                              [36m<div[39m
                                [33mclass[39m=[32m"flex gap-2 flex-wrap"[39m
                              [36m>[39m
                                [36m<button[39m
                                  [33mclass[39m=[32m"table-action-link table-action-link--info"[39m
                                [36m>[39m
                                  [0mEdit[0m
                                [36m</button>[39m
                                [36m<button[39m
                                  [33mclass[39m=[32m"table-action-link table-action-link--success"[39m
                                [36m>[39m
                                  [0mMark Paid[0m
                                [36m</button>[39m
                                [36m<button[39m
                                  [33mclass[39m=[32m"table-action-link table-action-link--primary"[39m
                                [36m>[39m
                                  [0mWaive[0m
                                [36m</button>[39m
                                [36m<button[39m
                                  [33mclass[39m=[32m"table-action-link table-action-link--danger"[39m
                                [36m>[39m
                                  [0mDelete[0m
                                [36m</button>[39m
                              [36m</div>[39m
                            [36m</td>[39m
                          [36m</tr>[39m
                        [36m</tbody>[39m
                      [36m</table>[39m
                    [36m</div>[39m
                  [36m</div>[39m
                [36m</div>[39m
              [36m</div>[39m
            [36m</div>[39m
          [36m</div>[39m
        [36m</main>[39m
      [36m</div>[39m
    [36m</div>[39m
  [36m</body>[39m
[36m</html>[39m
 ❯ src/pages/FeesPage.test.tsx:199:35
    197|         ?.querySelector('.text-3xl');
    198|
    199|       expect(overdueCountElement).toHaveTextContent('3');
       |                                   ^
    200|     });
    201|   });
 ❯ runWithExpensiveErrorDiagnosticsDisabled node_modules/@testing-library/dom/dist/config.js:47:12
 ❯ checkCallback node_modules/@testing-library/dom/dist/wait-for.js:124:77
 ❯ Timeout.checkRealTimersCallback node_modules/@testing-library/dom/dist/wait-for.js:118:16

⎯⎯⎯⎯⎯⎯⎯⎯⎯⎯⎯⎯⎯⎯⎯⎯⎯⎯⎯⎯⎯[89/107]⎯

 FAIL  src/pages/FeesPage.test.tsx > FeesPage - Overdue Fee Auto-Detection > should display overdue fees with red indicator in the fee list (Requirement 12.3)
AssertionError: expected 'table-badge table-badge--overdue' to contain 'bg-red-100'

Ignored nodes: comments, script, style
[36m<html>[39m
  [36m<head />[39m
  [36m<body>[39m
    [36m<div>[39m
      [36m<div[39m
        [33mclass[39m=[32m"dashboard-layout"[39m
      [36m>[39m
        [36m<nav[39m
          [33mclass[39m=[32m"topnav"[39m
        [36m>[39m
          [36m<div[39m
            [33mclass[39m=[32m"topnav__container"[39m
          [36m>[39m
            [36m<a[39m
              [33mclass[39m=[32m"topnav__logo"[39m
              [33mdata-discover[39m=[32m"true"[39m
              [33mhref[39m=[32m"/"[39m
            [36m>[39m
              [36m<span[39m
                [33mclass[39m=[32m"topnav__logo-text"[39m
              [36m>[39m
                [0mLoveAll[0m
              [36m</span>[39m
            [36m</a>[39m
            [36m<div[39m
              [33mclass[39m=[32m"topnav__links-desktop"[39m
            [36m>[39m
              [36m<a[39m
                [33mclass[39m=[32m"topnav__link "[39m
                [33mdata-discover[39m=[32m"true"[39m
                [33mhref[39m=[32m"/student-dashboard"[39m
              [36m>[39m
                [0mDashboard[0m
              [36m</a>[39m
              [36m<a[39m
                [33mclass[39m=[32m"topnav__link "[39m
                [33mdata-discover[39m=[32m"true"[39m
                [33mhref[39m=[32m"/my-progress"[39m
              [36m>[39m
                [0mMy Progress[0m
              [36m</a>[39m
              [36m<a[39m
                [33mclass[39m=[32m"topnav__link "[39m
                [33mdata-discover[39m=[32m"true"[39m
                [33mhref[39m=[32m"/my-fees"[39m
              [36m>[39m
                [0mMy Fees[0m
              [36m</a>[39m
            [36m</div>[39m
            [36m<div[39m
              [33mclass[39m=[32m"topnav__right"[39m
            [36m>[39m
              [36m<div[39m
                [33mclass[39m=[32m"topnav__user-info"[39m
              [36m>[39m
                [36m<div[39m
                  [33mclass[39m=[32m"topnav__user-avatar"[39m
                [36m>[39m
                  [0mU[0m
                [36m</div>[39m
                [36m<div[39m
                  [33mclass[39m=[32m"topnav__user-details"[39m
                [36m>[39m
                  [36m<div[39m
                    [33mclass[39m=[32m"topnav__user-name"[39m
                  [36m>[39m
                    [0mUser[0m
                  [36m</div>[39m
                  [36m<div[39m
                    [33mclass[39m=[32m"topnav__user-role"[39m
                  [36m>[39m
                    [0mGuest[0m
                  [36m</div>[39m
                [36m</div>[39m
              [36m</div>[39m
              [36m<button[39m
                [33mclass[39m=[32m"btn-base btn-ghost btn-icon-only topnav__btn-signout"[39m
                [33mtitle[39m=[32m"Sign out"[39m
              [36m>[39m
                [36m<svg[39m
                  [33mclass[39m=[32m"topnav__icon"[39m
                  [33mfill[39m=[32m"none"[39m
                  [33mstroke[39m=[32m"currentColor"[39m
                  [33mstroke-width[39m=[32m"2"[39m
                  [33mviewBox[39m=[32m"0 0 24 24"[39m
                [36m>[39m
                  [36m<path[39m
                    [33md[39m=[32m"M9 21H5a2 2 0 0 1-2-2V5a2 2 0 0 1 2-2h4M16 17l5-5-5-5M21 12H9"[39m
                    [33mstroke-linecap[39m=[32m"round"[39m
                    [33mstroke-linejoin[39m=[32m"round"[39m
                  [36m/>[39m
                [36m</svg>[39m
              [36m</button>[39m
              [36m<button[39m
                [33mclass[39m=[32m"btn-base btn-ghost btn-icon-only topnav__btn-mobile"[39m
                [33mtitle[39m=[32m"Toggle menu"[39m
              [36m>[39m
                [36m<svg[39m
                  [33mclass[39m=[32m"topnav__icon"[39m
                  [33mfill[39m=[32m"none"[39m
                  [33mstroke[39m=[32m"currentColor"[39m
                  [33mstroke-linecap[39m=[32m"round"[39m
                  [33mstroke-linejoin[39m=[32m"round"[39m
                  [33mstroke-width[39m=[32m"2"[39m
                  [33mviewBox[39m=[32m"0 0 24 24"[39m
                [36m>[39m
                  [36m<line[39m
                    [33mx1[39m=[32m"3"[39m
                    [33mx2[39m=[32m"21"[39m
                    [33my1[39m=[32m"6"[39m
                    [33my2[39m=[32m"6"[39m
                  [36m/>[39m
                  [36m<line[39m
                    [33mx1[39m=[32m"3"[39m
                    [33mx2[39m=[32m"21"[39m
                    [33my1[39m=[32m"12"[39m
                    [33my2[39m=[32m"12"[39m
                  [36m/>[39m
                  [36m<line[39m
                    [33mx1[39m=[32m"3"[39m
                    [33mx2[39m=[32m"21"[39m
                    [33my1[39m=[32m"18"[39m
                    [33my2[39m=[32m"18"[39m
                  [36m/>[39m
                [36m</svg>[39m
              [36m</button>[39m
            [36m</div>[39m
          [36m</div>[39m
        [36m</nav>[39m
        [36m<main[39m
          [33mclass[39m=[32m"dashboard-content "[39m
        [36m>[39m
          [36m<div[39m
            [33mclass[39m=[32m"hc-dashboard"[39m
          [36m>[39m
            [36m<div[39m
              [33mclass[39m=[32m"hc-dashboard-content"[39m
            [36m>[39m
              [36m<div[39m
                [33mclass[39m=[32m"page-header"[39m
              [36m>[39m
                [36m<div>[39m
                  [36m<h1[39m
                    [33mclass[39m=[32m"page-header-title"[39m
                  [36m>[39m
                    [0mFee Management[0m
                  [36m</h1>[39m
                  [36m<p[39m
                    [33mclass[39m=[32m"page-header-subtitle"[39m
                  [36m>[39m
                    [0mTrack and manage student fee payments[0m
                  [36m</p>[39m
                [36m</div>[39m
                [36m<div[39m
                  [33mclass[39m=[32m"page-header-actions"[39m
                [36m>[39m
                  [36m<button[39m
                    [33maria-expanded[39m=[32m"false"[39m
                    [33maria-label[39m=[32m"Toggle filters"[39m
                    [33mclass[39m=[32m"filter-toggle-btn"[39m
                  [36m>[39m
                    [36m<svg[39m
                      [33mfill[39m=[32m"none"[39m
                      [33mheight[39m=[32m"14"[39m
                      [33mstroke[39m=[32m"currentColor"[39m
                      [33mstroke-width[39m=[32m"2"[39m
                      [33mviewBox[39m=[32m"0 0 24 24"[39m
                      [33mwidth[39m=[32m"14"[39m
                    [36m>[39m
                      [36m<path[39m
                        [33md[39m=[32m"M3 4a1 1 0 0 1 1-1h16a1 1 0 0 1 1 1v2.586a1 1 0 0 1-.293.707l-6.414 6.414a1 1 0 0 0-.293.707V17l-4 4v-6.586a1 1 0 0 0-.293-.707L3.293 7.293A1 1 0 0 1 3 6.586V4z"[39m
                      [36m/>[39m
                    [36m</svg>[39m
                  [36m</button>[39m
                  [36m<button[39m
                    [33mclass[39m=[32m"btn-create-fee"[39m
                    [33mtitle[39m=[32m"Create new fee"[39m
                  [36m>[39m
                    [36m<svg[39m
                      [33mfill[39m=[32m"none"[39m
                      [33mheight[39m=[32m"16"[39m
                      [33mstroke[39m=[32m"currentColor"[39m
                      [33mstroke-width[39m=[32m"2"[39m
                      [33mviewBox[39m=[32m"0 0 24 24"[39m
                      [33mwidth[39m=[32m"16"[39m
                    [36m>[39m
                      [36m<path[39m
                        [33md[39m=[32m"M12 5v14M5 12h14"[39m
                      [36m/>[39m
                    [36m</svg>[39m
                    [0mCreate Fee[0m
                  [36m</button>[39m
                [36m</div>[39m
              [36m</div>[39m
              [36m<div[39m
                [33mclass[39m=[32m"hc-stats-grid"[39m
              [36m>[39m
                [36m<div[39m
                  [33mclass[39m=[32m"stat-card stat-card--success "[39m
                [36m>[39m
                  [36m<div[39m
                    [33mclass[39m=[32m"stat-card__icon"[39m
                  [36m>[39m
                    [36m<svg[39m
                      [33mfill[39m=[32m"none"[39m
                      [33mstroke[39m=[32m"currentColor"[39m
                      [33mviewBox[39m=[32m"0 0 24 24"[39m
                    [36m>[39m
                      [36m<path[39m
                        [33md[39m=[32m"M9 12l2 2 4-4m6 2a9 9 0 11-18 0 9 9 0 0118 0z"[39m
                        [33mstroke-linecap[39m=[32m"round"[39m
                        [33mstroke-linejoin[39m=[32m"round"[39m
                        [33mstroke-width[39m=[32m"2"[39m
                      [36m/>[39m
                    [36m</svg>[39m
                  [36m</div>[39m
                  [36m<div[39m
                    [33mclass[39m=[32m"stat-card__content"[39m
                  [36m>[39m
                    [36m<h3[39m
                      [33mclass[39m=[32m"stat-card__title"[39m
                    [36m>[39m
                      [0mCollected This Month[0m
                    [36m</h3>[39m
                    [36m<div[39m
                      [33mclass[39m=[32m"stat-card__value"[39m
                    [36m>[39m
                      [0m₹0[0m
                    [36m</div>[39m
                    [36m<p[39m
                      [33mclass[39m=[32m"stat-card__label"[39m
                    [36m>[39m
                      [0mThis month[0m
                    [36m</p>[39m
                  [36m</div>[39m
                [36m</div>[39m
                [36m<div[39m
                  [33mclass[39m=[32m"stat-card stat-card--warning "[39m
                [36m>[39m
                  [36m<div[39m
                    [33mclass[39m=[32m"stat-card__icon"[39m
                  [36m>[39m
                    [36m<svg[39m
                      [33mfill[39m=[32m"none"[39m
                      [33mstroke[39m=[32m"currentColor"[39m
                      [33mviewBox[39m=[32m"0 0 24 24"[39m
                    [36m>[39m
                      [36m<path[39m
                        [33md[39m=[32m"M12 8v4l3 3m6-3a9 9 0 11-18 0 9 9 0 0118 0z"[39m
                        [33mstroke-linecap[39m=[32m"round"[39m
                        [33mstroke-linejoin[39m=[32m"round"[39m
                        [33mstroke-width[39m=[32m"2"[39m
                      [36m/>[39m
                    [36m</svg>[39m
                  [36m</div>[39m
                  [36m<div[39m
                    [33mclass[39m=[32m"stat-card__content"[39m
                  [36m>[39m
                    [36m<h3[39m
                      [33mclass[39m=[32m"stat-card__title"[39m
                    [36m>[39m
                      [0mOutstanding Balance[0m
                    [36m</h3>[39m
                    [36m<div[39m
                      [33mclass[39m=[32m"stat-card__value"[39m
                    [36m>[39m
                      [0m₹12,500[0m
                    [36m</div>[39m
                    [36m<p[39m
                      [33mclass[39m=[32m"stat-card__label"[39m
                    [36m>[39m
                      [0mPending payments[0m
                    [36m</p>[39m
                  [36m</div>[39m
                [36m</div>[39m
                [36m<div[39m
                  [33mclass[39m=[32m"stat-card stat-card--danger "[39m
                [36m>[39m
                  [36m<div[39m
                    [33mclass[39m=[32m"stat-card__icon"[39m
                  [36m>[39m
                    [36m<svg[39m
                      [33mfill[39m=[32m"none"[39m
                      [33mstroke[39m=[32m"currentColor"[39m
                      [33mviewBox[39m=[32m"0 0 24 24"[39m
                    [36m>[39m
                      [36m<path[39m
                        [33md[39m=[32m"M12 9v2m0 4h.01m-6.938 4h13.856c1.54 0 2.502-1.667 1.732-3L13.732 4c-.77-1.333-2.694-1.333-3.464 0L3.34 16c-.77 1.333.192 3 1.732 3z"[39m
                        [33mstroke-linecap[39m=[32m"round"[39m
                        [33mstroke-linejoin[39m=[32m"round"[39m
                        [33mstroke-width[39m=[32m"2"[39m
                      [36m/>[39m
                    [36m</svg>[39m
                  [36m</div>[39m
                  [36m<div[39m
                    [33mclass[39m=[32m"stat-card__content"[39m
                  [36m>[39m
                    [36m<h3[39m
                      [33mclass[39m=[32m"stat-card__title"[39m
                    [36m>[39m
                      [0mOverdue Fees[0m
                    [36m</h3>[39m
                    [36m<div[39m
                      [33mclass[39m=[32m"stat-card__value"[39m
                    [36m>[39m
                      [0m3[0m
                    [36m</div>[39m
                    [36m<p[39m
                      [33mclass[39m=[32m"stat-card__label"[39m
                    [36m>[39m
                      [0mNeed attention[0m
                    [36m</p>[39m
                  [36m</div>[39m
                [36m</div>[39m
              [36m</div>[39m
              [36m<div[39m
                [33mclass[39m=[32m"hc-overview"[39m
              [36m>[39m
                [36m<div[39m
                  [33mclass[39m=[32m"table-filter-section"[39m
                [36m>[39m
                  [36m<div[39m
                    [33mclass[39m=[32m"table-filter-section"[39m
                  [36m>[39m
                    [36m<div[39m
                      [33mclass[39m=[32m"table-container"[39m
                    [36m>[39m
                      [36m<table[39m
                        [33mclass[39m=[32m"table-styled"[39m
                      [36m>[39m
                        [36m<thead>[39m
                          [36m<tr>[39m
                            [36m<th>[39m
                              [0mStudent Name[0m
                            [36m</th>[39m
                            [36m<th>[39m
                              [0mMonth/Year[0m
                            [36m</th>[39m
                            [36m<th>[39m
                              [0mAmount[0m
                            [36m</th>[39m
                            [36m<th>[39m
                              [0mDue Date[0m
                            [36m</th>[39m
                            [36m<th>[39m
                              [0mStatus[0m
                            [36m</th>[39m
                            [36m<th>[39m
                              [0mActions[0m
                            [36m</th>[39m
                          [36m</tr>[39m
                        [36m</thead>[39m
                        [36m<tbody>[39m
                          [36m<tr>[39m
                            [36m<td[39m
                              [33mclass[39m=[32m"text-bold"[39m
                            [36m>[39m
                              [0mCharlie Brown[0m
                            [36m</td>[39m
                            [36m<td[39m
                              [33mclass[39m=[32m"text-muted"[39m
                            [36m>[39m
                              [0m2025-10[0m
                            [36m</td>[39m
                            [36m<td[39m
                              [33mclass[39m=[32m"text-bold"[39m
                            [36m>[39m
                              [0m₹3,000[0m
                            [36m</td>[39m
                            [36m<td[39m
                              [33mclass[39m=[32m"text-muted"[39m
                            [36m>[39m
                              [0m10 Oct 2025[0m
                            [36m</td>[39m
                            [36m<td>[39m
                              [36m<span[39m
                                [33mclass[39m=[32m"table-badge table-badge--overdue"[39m
                              [36m>[39m
                                [0mOVERDUE[0m
                              [36m</span>[39m
                            [36m</td>[39m
                            [36m<td>[39m
                              [36m<div[39m
                                [33mclass[39m=[32m"flex gap-2 flex-wrap"[39m
                              [36m>[39m
                                [36m<button[39m
                                  [33mclass[39m=[32m"table-action-link table-action-link--info"[39m
                                [36m>[39m
                                  [0mEdit[0m
                                [36m</button>[39m
                                [36m<button[39m
                                  [33mclass[39m=[32m"table-action-link table-action-link--success"[39m
                                [36m>[39m
                                  [0mMark Paid[0m
                                [36m</button>[39m
                                [36m<button[39m
                                  [33mclass[39m=[32m"table-action-link table-action-link--primary"[39m
                                [36m>[39m
                                  [0mWaive[0m
                                [36m</button>[39m
                              [36m</div>[39m
                            [36m</td>[39m
                          [36m</tr>[39m
                          [36m<tr>[39m
                            [36m<td[39m
                              [33mclass[39m=[32m"text-bold"[39m
                            [36m>[39m
                              [0mJane Smith[0m
                            [36m</td>[39m
                            [36m<td[39m
                              [33mclass[39m=[32m"text-muted"[39m
                            [36m>[39m
                              [0m2025-11[0m
                            [36m</td>[39m
                            [36m<td[39m
                              [33mclass[39m=[32m"text-bold"[39m
                            [36m>[39m
                              [0m₹3,000[0m
                            [36m</td>[39m
                            [36m<td[39m
                              [33mclass[39m=[32m"text-muted"[39m
                            [36m>[39m
                              [0m10 Nov 2025[0m
                            [36m</td>[39m
                            [36m<td>[39m
                              [36m<span[39m
                                [33mclass[39m=[32m"table-badge table-badge--overdue"[39m
                              [36m>[39m
                                [0mOVERDUE[0m
                              [36m</span>[39m
                            [36m</td>[39m
                            [36m<td>[39m
                              [36m<div[39m
                                [33mclass[39m=[32m"flex gap-2 flex-wrap"[39m
                              [36m>[39m
                                [36m<button[39m
                                  [33mclass[39m=[32m"table-action-link table-action-link--info"[39m
                                [36m>[39m
                                  [0mEdit[0m
                                [36m</button>[39m
                                [36m<button[39m
                                  [33mclass[39m=[32m"table-action-link table-action-link--success"[39m
                                [36m>[39m
                                  [0mMark Paid[0m
                                [36m</button>[39m
                                [36m<button[39m
                                  [33mclass[39m=[32m"table-action-link table-action-link--primary"[39m
                                [36m>[39m
                                  [0mWaive[0m
                                [36m</button>[39m
                              [36m</div>[39m
                            [36m</td>[39m
                          [36m</tr>[39m
                          [36m<tr>[39m
                            [36m<td[39m
                              [33mclass[39m=[32m"text-bold"[39m
                            [36m>[39m
                              [0mAlice Johnson[0m
                            [36m</td>[39m
                            [36m<td[39m
                              [33mclass[39m=[32m"text-muted"[39m
                            [36m>[39m
                              [0m2025-12[0m
                            [36m</td>[39m
                            [36m<td[39m
                              [33mclass[39m=[32m"text-bold"[39m
                            [36m>[39m
                              [0m₹3,500[0m
                            [36m</td>[39m
                            [36m<td[39m
                              [33mclass[39m=[32m"text-muted"[39m
                            [36m>[39m
                              [0m10 Dec 2025[0m
                            [36m</td>[39m
                            [36m<td>[39m
                              [36m<span[39m
                                [33mclass[39m=[32m"table-badge table-badge--overdue"[39m
                              [36m>[39m
                                [0mOVERDUE[0m
                              [36m</span>[39m
                            [36m</td>[39m
                            [36m<td>[39m
                              [36m<div[39m
                                [33mclass[39m=[32m"flex gap-2 flex-wrap"[39m
                              [36m>[39m
                                [36m<button[39m
                                  [33mclass[39m=[32m"table-action-link table-action-link--info"[39m
                                [36m>[39m
                                  [0mEdit[0m
                                [36m</button>[39m
                                [36m<button[39m
                                  [33mclass[39m=[32m"table-action-link table-action-link--success"[39m
                                [36m>[39m
                                  [0mMark Paid[0m
                                [36m</button>[39m
                                [36m<button[39m
                                  [33mclass[39m=[32m"table-action-link table-action-link--primary"[39m
                                [36m>[39m
                                  [0mWaive[0m
                                [36m</button>[39m
                              [36m</div>[39m
                            [36m</td>[39m
                          [36m</tr>[39m
                          [36m<tr>[39m
                            [36m<td[39m
                              [33mclass[39m=[32m"text-bold"[39m
                            [36m>[39m
                              [0mJohn Doe[0m
                            [36m</td>[39m
                            [36m<td[39m
                              [33mclass[39m=[32m"text-muted"[39m
                            [36m>[39m
                              [0m2026-01[0m
                            [36m</td>[39m
                            [36m<td[39m
                              [33mclass[39m=[32m"text-bold"[39m
                            [36m>[39m
                              [0m₹3,000[0m
                            [36m</td>[39m
                            [36m<td[39m
                              [33mclass[39m=[32m"text-muted"[39m
                            [36m>[39m
                              [0m10 Jan 2026[0m
                            [36m</td>[39m
                            [36m<td>[39m
                              [36m<span[39m
                                [33mclass[39m=[32m"table-badge table-badge--success"[39m
                              [36m>[39m
                                [0mPAID[0m
                              [36m</span>[39m
                            [36m</td>[39m
                            [36m<td>[39m
                              [36m<span[39m
                                [33mclass[39m=[32m"table-action-link table-action-link--muted"[39m
                              [36m>[39m
                                [0mPaid on [0m
                                [0m8 Jan 2026[0m
                              [36m</span>[39m
                            [36m</td>[39m
                          [36m</tr>[39m
                          [36m<tr>[39m
                            [36m<td[39m
                              [33mclass[39m=[32m"text-bold"[39m
                            [36m>[39m
                              [0mBob Wilson[0m
                            [36m</td>[39m
                            [36m<td[39m
                              [33mclass[39m=[32m"text-muted"[39m
                            [36m>[39m
                              [0m2027-02[0m
                            [36m</td>[39m
                            [36m<td[39m
                              [33mclass[39m=[32m"text-bold"[39m
                            [36m>[39m
                              [0m₹3,000[0m
                            [36m</td>[39m
                            [36m<td[39m
                              [33mclass[39m=[32m"text-muted"[39m
                            [36m>[39m
                              [0m10 Feb 2027[0m
                            [36m</td>[39m
                            [36m<td>[39m
                              [36m<span[39m
                                [33mclass[39m=[32m"table-badge table-badge--pending"[39m
                              [36m>[39m
                                [0mPENDING[0m
                              [36m</span>[39m
                            [36m</td>[39m
                            [36m<td>[39m
                              [36m<div[39m
                                [33mclass[39m=[32m"flex gap-2 flex-wrap"[39m
                              [36m>[39m
                                [36m<button[39m
                                  [33mclass[39m=[32m"table-action-link table-action-link--info"[39m
                                [36m>[39m
                                  [0mEdit[0m
                                [36m</button>[39m
                                [36m<button[39m
                                  [33mclass[39m=[32m"table-action-link table-action-link--success"[39m
                                [36m>[39m
                                  [0mMark Paid[0m
                                [36m</button>[39m
                                [36m<button[39m
                                  [33mclass[39m=[32m"table-action-link table-action-link--primary"[39m
                                [36m>[39m
                                  [0mWaive[0m
                                [36m</button>[39m
                                [36m<button[39m
                                  [33mclass[39m=[32m"table-action-link table-action-link--danger"[39m
                                [36m>[39m
                                  [0mDelete[0m
                                [36m</button>[39m
                              [36m</div>[39m
                            [36m</td>[39m
                          [36m</tr>[39m
                        [36m</tbody>[39m
                      [36m</table>[39m
                    [36m</div>[39m
                  [36m</div>[39m
                [36m</div>[39m
              [36m</div>[39m
            [36m</div>[39m
          [36m</div>[39m
        [36m</main>[39m
      [36m</div>[39m
    [36m</div>[39m
  [36m</body>[39m
[36m</html>[39m

Expected: "bg-red-100"
Received: "table-badge table-badge--overdue"

 ❯ src/pages/FeesPage.test.tsx:215:33
    213|       // Check that all overdue badges have red background
    214|       overdueBadges.forEach((badge) => {
    215|         expect(badge.className).toContain('bg-red-100');
       |                                 ^
    216|         expect(badge.className).toContain('text-red-800');
    217|       });
 ❯ src/pages/FeesPage.test.tsx:214:21
 ❯ runWithExpensiveErrorDiagnosticsDisabled node_modules/@testing-library/dom/dist/config.js:47:12
 ❯ checkCallback node_modules/@testing-library/dom/dist/wait-for.js:124:77
 ❯ Timeout.checkRealTimersCallback node_modules/@testing-library/dom/dist/wait-for.js:118:16

⎯⎯⎯⎯⎯⎯⎯⎯⎯⎯⎯⎯⎯⎯⎯⎯⎯⎯⎯⎯⎯[90/107]⎯

 FAIL  src/pages/FeesPage.test.tsx > FeesPage - Overdue Fee Auto-Detection > should keep PENDING fees with future due dates as PENDING
AssertionError: expected 'table-badge table-badge--pending' to contain 'bg-yellow-100'

Ignored nodes: comments, script, style
[36m<html>[39m
  [36m<head />[39m
  [36m<body>[39m
    [36m<div>[39m
      [36m<div[39m
        [33mclass[39m=[32m"dashboard-layout"[39m
      [36m>[39m
        [36m<nav[39m
          [33mclass[39m=[32m"topnav"[39m
        [36m>[39m
          [36m<div[39m
            [33mclass[39m=[32m"topnav__container"[39m
          [36m>[39m
            [36m<a[39m
              [33mclass[39m=[32m"topnav__logo"[39m
              [33mdata-discover[39m=[32m"true"[39m
              [33mhref[39m=[32m"/"[39m
            [36m>[39m
              [36m<span[39m
                [33mclass[39m=[32m"topnav__logo-text"[39m
              [36m>[39m
                [0mLoveAll[0m
              [36m</span>[39m
            [36m</a>[39m
            [36m<div[39m
              [33mclass[39m=[32m"topnav__links-desktop"[39m
            [36m>[39m
              [36m<a[39m
                [33mclass[39m=[32m"topnav__link "[39m
                [33mdata-discover[39m=[32m"true"[39m
                [33mhref[39m=[32m"/student-dashboard"[39m
              [36m>[39m
                [0mDashboard[0m
              [36m</a>[39m
              [36m<a[39m
                [33mclass[39m=[32m"topnav__link "[39m
                [33mdata-discover[39m=[32m"true"[39m
                [33mhref[39m=[32m"/my-progress"[39m
              [36m>[39m
                [0mMy Progress[0m
              [36m</a>[39m
              [36m<a[39m
                [33mclass[39m=[32m"topnav__link "[39m
                [33mdata-discover[39m=[32m"true"[39m
                [33mhref[39m=[32m"/my-fees"[39m
              [36m>[39m
                [0mMy Fees[0m
              [36m</a>[39m
            [36m</div>[39m
            [36m<div[39m
              [33mclass[39m=[32m"topnav__right"[39m
            [36m>[39m
              [36m<div[39m
                [33mclass[39m=[32m"topnav__user-info"[39m
              [36m>[39m
                [36m<div[39m
                  [33mclass[39m=[32m"topnav__user-avatar"[39m
                [36m>[39m
                  [0mU[0m
                [36m</div>[39m
                [36m<div[39m
                  [33mclass[39m=[32m"topnav__user-details"[39m
                [36m>[39m
                  [36m<div[39m
                    [33mclass[39m=[32m"topnav__user-name"[39m
                  [36m>[39m
                    [0mUser[0m
                  [36m</div>[39m
                  [36m<div[39m
                    [33mclass[39m=[32m"topnav__user-role"[39m
                  [36m>[39m
                    [0mGuest[0m
                  [36m</div>[39m
                [36m</div>[39m
              [36m</div>[39m
              [36m<button[39m
                [33mclass[39m=[32m"btn-base btn-ghost btn-icon-only topnav__btn-signout"[39m
                [33mtitle[39m=[32m"Sign out"[39m
              [36m>[39m
                [36m<svg[39m
                  [33mclass[39m=[32m"topnav__icon"[39m
                  [33mfill[39m=[32m"none"[39m
                  [33mstroke[39m=[32m"currentColor"[39m
                  [33mstroke-width[39m=[32m"2"[39m
                  [33mviewBox[39m=[32m"0 0 24 24"[39m
                [36m>[39m
                  [36m<path[39m
                    [33md[39m=[32m"M9 21H5a2 2 0 0 1-2-2V5a2 2 0 0 1 2-2h4M16 17l5-5-5-5M21 12H9"[39m
                    [33mstroke-linecap[39m=[32m"round"[39m
                    [33mstroke-linejoin[39m=[32m"round"[39m
                  [36m/>[39m
                [36m</svg>[39m
              [36m</button>[39m
              [36m<button[39m
                [33mclass[39m=[32m"btn-base btn-ghost btn-icon-only topnav__btn-mobile"[39m
                [33mtitle[39m=[32m"Toggle menu"[39m
              [36m>[39m
                [36m<svg[39m
                  [33mclass[39m=[32m"topnav__icon"[39m
                  [33mfill[39m=[32m"none"[39m
                  [33mstroke[39m=[32m"currentColor"[39m
                  [33mstroke-linecap[39m=[32m"round"[39m
                  [33mstroke-linejoin[39m=[32m"round"[39m
                  [33mstroke-width[39m=[32m"2"[39m
                  [33mviewBox[39m=[32m"0 0 24 24"[39m
                [36m>[39m
                  [36m<line[39m
                    [33mx1[39m=[32m"3"[39m
                    [33mx2[39m=[32m"21"[39m
                    [33my1[39m=[32m"6"[39m
                    [33my2[39m=[32m"6"[39m
                  [36m/>[39m
                  [36m<line[39m
                    [33mx1[39m=[32m"3"[39m
                    [33mx2[39m=[32m"21"[39m
                    [33my1[39m=[32m"12"[39m
                    [33my2[39m=[32m"12"[39m
                  [36m/>[39m
                  [36m<line[39m
                    [33mx1[39m=[32m"3"[39m
                    [33mx2[39m=[32m"21"[39m
                    [33my1[39m=[32m"18"[39m
                    [33my2[39m=[32m"18"[39m
                  [36m/>[39m
                [36m</svg>[39m
              [36m</button>[39m
            [36m</div>[39m
          [36m</div>[39m
        [36m</nav>[39m
        [36m<main[39m
          [33mclass[39m=[32m"dashboard-content "[39m
        [36m>[39m
          [36m<div[39m
            [33mclass[39m=[32m"hc-dashboard"[39m
          [36m>[39m
            [36m<div[39m
              [33mclass[39m=[32m"hc-dashboard-content"[39m
            [36m>[39m
              [36m<div[39m
                [33mclass[39m=[32m"page-header"[39m
              [36m>[39m
                [36m<div>[39m
                  [36m<h1[39m
                    [33mclass[39m=[32m"page-header-title"[39m
                  [36m>[39m
                    [0mFee Management[0m
                  [36m</h1>[39m
                  [36m<p[39m
                    [33mclass[39m=[32m"page-header-subtitle"[39m
                  [36m>[39m
                    [0mTrack and manage student fee payments[0m
                  [36m</p>[39m
                [36m</div>[39m
                [36m<div[39m
                  [33mclass[39m=[32m"page-header-actions"[39m
                [36m>[39m
                  [36m<button[39m
                    [33maria-expanded[39m=[32m"false"[39m
                    [33maria-label[39m=[32m"Toggle filters"[39m
                    [33mclass[39m=[32m"filter-toggle-btn"[39m
                  [36m>[39m
                    [36m<svg[39m
                      [33mfill[39m=[32m"none"[39m
                      [33mheight[39m=[32m"14"[39m
                      [33mstroke[39m=[32m"currentColor"[39m
                      [33mstroke-width[39m=[32m"2"[39m
                      [33mviewBox[39m=[32m"0 0 24 24"[39m
                      [33mwidth[39m=[32m"14"[39m
                    [36m>[39m
                      [36m<path[39m
                        [33md[39m=[32m"M3 4a1 1 0 0 1 1-1h16a1 1 0 0 1 1 1v2.586a1 1 0 0 1-.293.707l-6.414 6.414a1 1 0 0 0-.293.707V17l-4 4v-6.586a1 1 0 0 0-.293-.707L3.293 7.293A1 1 0 0 1 3 6.586V4z"[39m
                      [36m/>[39m
                    [36m</svg>[39m
                  [36m</button>[39m
                  [36m<button[39m
                    [33mclass[39m=[32m"btn-create-fee"[39m
                    [33mtitle[39m=[32m"Create new fee"[39m
                  [36m>[39m
                    [36m<svg[39m
                      [33mfill[39m=[32m"none"[39m
                      [33mheight[39m=[32m"16"[39m
                      [33mstroke[39m=[32m"currentColor"[39m
                      [33mstroke-width[39m=[32m"2"[39m
                      [33mviewBox[39m=[32m"0 0 24 24"[39m
                      [33mwidth[39m=[32m"16"[39m
                    [36m>[39m
                      [36m<path[39m
                        [33md[39m=[32m"M12 5v14M5 12h14"[39m
                      [36m/>[39m
                    [36m</svg>[39m
                    [0mCreate Fee[0m
                  [36m</button>[39m
                [36m</div>[39m
              [36m</div>[39m
              [36m<div[39m
                [33mclass[39m=[32m"hc-stats-grid"[39m
              [36m>[39m
                [36m<div[39m
                  [33mclass[39m=[32m"stat-card stat-card--success "[39m
                [36m>[39m
                  [36m<div[39m
                    [33mclass[39m=[32m"stat-card__icon"[39m
                  [36m>[39m
                    [36m<svg[39m
                      [33mfill[39m=[32m"none"[39m
                      [33mstroke[39m=[32m"currentColor"[39m
                      [33mviewBox[39m=[32m"0 0 24 24"[39m
                    [36m>[39m
                      [36m<path[39m
                        [33md[39m=[32m"M9 12l2 2 4-4m6 2a9 9 0 11-18 0 9 9 0 0118 0z"[39m
                        [33mstroke-linecap[39m=[32m"round"[39m
                        [33mstroke-linejoin[39m=[32m"round"[39m
                        [33mstroke-width[39m=[32m"2"[39m
                      [36m/>[39m
                    [36m</svg>[39m
                  [36m</div>[39m
                  [36m<div[39m
                    [33mclass[39m=[32m"stat-card__content"[39m
                  [36m>[39m
                    [36m<h3[39m
                      [33mclass[39m=[32m"stat-card__title"[39m
                    [36m>[39m
                      [0mCollected This Month[0m
                    [36m</h3>[39m
                    [36m<div[39m
                      [33mclass[39m=[32m"stat-card__value"[39m
                    [36m>[39m
                      [0m₹0[0m
                    [36m</div>[39m
                    [36m<p[39m
                      [33mclass[39m=[32m"stat-card__label"[39m
                    [36m>[39m
                      [0mThis month[0m
                    [36m</p>[39m
                  [36m</div>[39m
                [36m</div>[39m
                [36m<div[39m
                  [33mclass[39m=[32m"stat-card stat-card--warning "[39m
                [36m>[39m
                  [36m<div[39m
                    [33mclass[39m=[32m"stat-card__icon"[39m
                  [36m>[39m
                    [36m<svg[39m
                      [33mfill[39m=[32m"none"[39m
                      [33mstroke[39m=[32m"currentColor"[39m
                      [33mviewBox[39m=[32m"0 0 24 24"[39m
                    [36m>[39m
                      [36m<path[39m
                        [33md[39m=[32m"M12 8v4l3 3m6-3a9 9 0 11-18 0 9 9 0 0118 0z"[39m
                        [33mstroke-linecap[39m=[32m"round"[39m
                        [33mstroke-linejoin[39m=[32m"round"[39m
                        [33mstroke-width[39m=[32m"2"[39m
                      [36m/>[39m
                    [36m</svg>[39m
                  [36m</div>[39m
                  [36m<div[39m
                    [33mclass[39m=[32m"stat-card__content"[39m
                  [36m>[39m
                    [36m<h3[39m
                      [33mclass[39m=[32m"stat-card__title"[39m
                    [36m>[39m
                      [0mOutstanding Balance[0m
                    [36m</h3>[39m
                    [36m<div[39m
                      [33mclass[39m=[32m"stat-card__value"[39m
                    [36m>[39m
                      [0m₹12,500[0m
                    [36m</div>[39m
                    [36m<p[39m
                      [33mclass[39m=[32m"stat-card__label"[39m
                    [36m>[39m
                      [0mPending payments[0m
                    [36m</p>[39m
                  [36m</div>[39m
                [36m</div>[39m
                [36m<div[39m
                  [33mclass[39m=[32m"stat-card stat-card--danger "[39m
                [36m>[39m
                  [36m<div[39m
                    [33mclass[39m=[32m"stat-card__icon"[39m
                  [36m>[39m
                    [36m<svg[39m
                      [33mfill[39m=[32m"none"[39m
                      [33mstroke[39m=[32m"currentColor"[39m
                      [33mviewBox[39m=[32m"0 0 24 24"[39m
                    [36m>[39m
                      [36m<path[39m
                        [33md[39m=[32m"M12 9v2m0 4h.01m-6.938 4h13.856c1.54 0 2.502-1.667 1.732-3L13.732 4c-.77-1.333-2.694-1.333-3.464 0L3.34 16c-.77 1.333.192 3 1.732 3z"[39m
                        [33mstroke-linecap[39m=[32m"round"[39m
                        [33mstroke-linejoin[39m=[32m"round"[39m
                        [33mstroke-width[39m=[32m"2"[39m
                      [36m/>[39m
                    [36m</svg>[39m
                  [36m</div>[39m
                  [36m<div[39m
                    [33mclass[39m=[32m"stat-card__content"[39m
                  [36m>[39m
                    [36m<h3[39m
                      [33mclass[39m=[32m"stat-card__title"[39m
                    [36m>[39m
                      [0mOverdue Fees[0m
                    [36m</h3>[39m
                    [36m<div[39m
                      [33mclass[39m=[32m"stat-card__value"[39m
                    [36m>[39m
                      [0m3[0m
                    [36m</div>[39m
                    [36m<p[39m
                      [33mclass[39m=[32m"stat-card__label"[39m
                    [36m>[39m
                      [0mNeed attention[0m
                    [36m</p>[39m
                  [36m</div>[39m
                [36m</div>[39m
              [36m</div>[39m
              [36m<div[39m
                [33mclass[39m=[32m"hc-overview"[39m
              [36m>[39m
                [36m<div[39m
                  [33mclass[39m=[32m"table-filter-section"[39m
                [36m>[39m
                  [36m<div[39m
                    [33mclass[39m=[32m"table-filter-section"[39m
                  [36m>[39m
                    [36m<div[39m
                      [33mclass[39m=[32m"table-container"[39m
                    [36m>[39m
                      [36m<table[39m
                        [33mclass[39m=[32m"table-styled"[39m
                      [36m>[39m
                        [36m<thead>[39m
                          [36m<tr>[39m
                            [36m<th>[39m
                              [0mStudent Name[0m
                            [36m</th>[39m
                            [36m<th>[39m
                              [0mMonth/Year[0m
                            [36m</th>[39m
                            [36m<th>[39m
                              [0mAmount[0m
                            [36m</th>[39m
                            [36m<th>[39m
                              [0mDue Date[0m
                            [36m</th>[39m
                            [36m<th>[39m
                              [0mStatus[0m
                            [36m</th>[39m
                            [36m<th>[39m
                              [0mActions[0m
                            [36m</th>[39m
                          [36m</tr>[39m
                        [36m</thead>[39m
                        [36m<tbody>[39m
                          [36m<tr>[39m
                            [36m<td[39m
                              [33mclass[39m=[32m"text-bold"[39m
                            [36m>[39m
                              [0mCharlie Brown[0m
                            [36m</td>[39m
                            [36m<td[39m
                              [33mclass[39m=[32m"text-muted"[39m
                            [36m>[39m
                              [0m2025-10[0m
                            [36m</td>[39m
                            [36m<td[39m
                              [33mclass[39m=[32m"text-bold"[39m
                            [36m>[39m
                              [0m₹3,000[0m
                            [36m</td>[39m
                            [36m<td[39m
                              [33mclass[39m=[32m"text-muted"[39m
                            [36m>[39m
                              [0m10 Oct 2025[0m
                            [36m</td>[39m
                            [36m<td>[39m
                              [36m<span[39m
                                [33mclass[39m=[32m"table-badge table-badge--overdue"[39m
                              [36m>[39m
                                [0mOVERDUE[0m
                              [36m</span>[39m
                            [36m</td>[39m
                            [36m<td>[39m
                              [36m<div[39m
                                [33mclass[39m=[32m"flex gap-2 flex-wrap"[39m
                              [36m>[39m
                                [36m<button[39m
                                  [33mclass[39m=[32m"table-action-link table-action-link--info"[39m
                                [36m>[39m
                                  [0mEdit[0m
                                [36m</button>[39m
                                [36m<button[39m
                                  [33mclass[39m=[32m"table-action-link table-action-link--success"[39m
                                [36m>[39m
                                  [0mMark Paid[0m
                                [36m</button>[39m
                                [36m<button[39m
                                  [33mclass[39m=[32m"table-action-link table-action-link--primary"[39m
                                [36m>[39m
                                  [0mWaive[0m
                                [36m</button>[39m
                              [36m</div>[39m
                            [36m</td>[39m
                          [36m</tr>[39m
                          [36m<tr>[39m
                            [36m<td[39m
                              [33mclass[39m=[32m"text-bold"[39m
                            [36m>[39m
                              [0mJane Smith[0m
                            [36m</td>[39m
                            [36m<td[39m
                              [33mclass[39m=[32m"text-muted"[39m
                            [36m>[39m
                              [0m2025-11[0m
                            [36m</td>[39m
                            [36m<td[39m
                              [33mclass[39m=[32m"text-bold"[39m
                            [36m>[39m
                              [0m₹3,000[0m
                            [36m</td>[39m
                            [36m<td[39m
                              [33mclass[39m=[32m"text-muted"[39m
                            [36m>[39m
                              [0m10 Nov 2025[0m
                            [36m</td>[39m
                            [36m<td>[39m
                              [36m<span[39m
                                [33mclass[39m=[32m"table-badge table-badge--overdue"[39m
                              [36m>[39m
                                [0mOVERDUE[0m
                              [36m</span>[39m
                            [36m</td>[39m
                            [36m<td>[39m
                              [36m<div[39m
                                [33mclass[39m=[32m"flex gap-2 flex-wrap"[39m
                              [36m>[39m
                                [36m<button[39m
                                  [33mclass[39m=[32m"table-action-link table-action-link--info"[39m
                                [36m>[39m
                                  [0mEdit[0m
                                [36m</button>[39m
                                [36m<button[39m
                                  [33mclass[39m=[32m"table-action-link table-action-link--success"[39m
                                [36m>[39m
                                  [0mMark Paid[0m
                                [36m</button>[39m
                                [36m<button[39m
                                  [33mclass[39m=[32m"table-action-link table-action-link--primary"[39m
                                [36m>[39m
                                  [0mWaive[0m
                                [36m</button>[39m
                              [36m</div>[39m
                            [36m</td>[39m
                          [36m</tr>[39m
                          [36m<tr>[39m
                            [36m<td[39m
                              [33mclass[39m=[32m"text-bold"[39m
                            [36m>[39m
                              [0mAlice Johnson[0m
                            [36m</td>[39m
                            [36m<td[39m
                              [33mclass[39m=[32m"text-muted"[39m
                            [36m>[39m
                              [0m2025-12[0m
                            [36m</td>[39m
                            [36m<td[39m
                              [33mclass[39m=[32m"text-bold"[39m
                            [36m>[39m
                              [0m₹3,500[0m
                            [36m</td>[39m
                            [36m<td[39m
                              [33mclass[39m=[32m"text-muted"[39m
                            [36m>[39m
                              [0m10 Dec 2025[0m
                            [36m</td>[39m
                            [36m<td>[39m
                              [36m<span[39m
                                [33mclass[39m=[32m"table-badge table-badge--overdue"[39m
                              [36m>[39m
                                [0mOVERDUE[0m
                              [36m</span>[39m
                            [36m</td>[39m
                            [36m<td>[39m
                              [36m<div[39m
                                [33mclass[39m=[32m"flex gap-2 flex-wrap"[39m
                              [36m>[39m
                                [36m<button[39m
                                  [33mclass[39m=[32m"table-action-link table-action-link--info"[39m
                                [36m>[39m
                                  [0mEdit[0m
                                [36m</button>[39m
                                [36m<button[39m
                                  [33mclass[39m=[32m"table-action-link table-action-link--success"[39m
                                [36m>[39m
                                  [0mMark Paid[0m
                                [36m</button>[39m
                                [36m<button[39m
                                  [33mclass[39m=[32m"table-action-link table-action-link--primary"[39m
                                [36m>[39m
                                  [0mWaive[0m
                                [36m</button>[39m
                              [36m</div>[39m
                            [36m</td>[39m
                          [36m</tr>[39m
                          [36m<tr>[39m
                            [36m<td[39m
                              [33mclass[39m=[32m"text-bold"[39m
                            [36m>[39m
                              [0mJohn Doe[0m
                            [36m</td>[39m
                            [36m<td[39m
                              [33mclass[39m=[32m"text-muted"[39m
                            [36m>[39m
                              [0m2026-01[0m
                            [36m</td>[39m
                            [36m<td[39m
                              [33mclass[39m=[32m"text-bold"[39m
                            [36m>[39m
                              [0m₹3,000[0m
                            [36m</td>[39m
                            [36m<td[39m
                              [33mclass[39m=[32m"text-muted"[39m
                            [36m>[39m
                              [0m10 Jan 2026[0m
                            [36m</td>[39m
                            [36m<td>[39m
                              [36m<span[39m
                                [33mclass[39m=[32m"table-badge table-badge--success"[39m
                              [36m>[39m
                                [0mPAID[0m
                              [36m</span>[39m
                            [36m</td>[39m
                            [36m<td>[39m
                              [36m<span[39m
                                [33mclass[39m=[32m"table-action-link table-action-link--muted"[39m
                              [36m>[39m
                                [0mPaid on [0m
                                [0m8 Jan 2026[0m
                              [36m</span>[39m
                            [36m</td>[39m
                          [36m</tr>[39m
                          [36m<tr>[39m
                            [36m<td[39m
                              [33mclass[39m=[32m"text-bold"[39m
                            [36m>[39m
                              [0mBob Wilson[0m
                            [36m</td>[39m
                            [36m<td[39m
                              [33mclass[39m=[32m"text-muted"[39m
                            [36m>[39m
                              [0m2027-02[0m
                            [36m</td>[39m
                            [36m<td[39m
                              [33mclass[39m=[32m"text-bold"[39m
                            [36m>[39m
                              [0m₹3,000[0m
                            [36m</td>[39m
                            [36m<td[39m
                              [33mclass[39m=[32m"text-muted"[39m
                            [36m>[39m
                              [0m10 Feb 2027[0m
                            [36m</td>[39m
                            [36m<td>[39m
                              [36m<span[39m
                                [33mclass[39m=[32m"table-badge table-badge--pending"[39m
                              [36m>[39m
                                [0mPENDING[0m
                              [36m</span>[39m
                            [36m</td>[39m
                            [36m<td>[39m
                              [36m<div[39m
                                [33mclass[39m=[32m"flex gap-2 flex-wrap"[39m
                              [36m>[39m
                                [36m<button[39m
                                  [33mclass[39m=[32m"table-action-link table-action-link--info"[39m
                                [36m>[39m
                                  [0mEdit[0m
                                [36m</button>[39m
                                [36m<button[39m
                                  [33mclass[39m=[32m"table-action-link table-action-link--success"[39m
                                [36m>[39m
                                  [0mMark Paid[0m
                                [36m</button>[39m
                                [36m<button[39m
                                  [33mclass[39m=[32m"table-action-link table-action-link--primary"[39m
                                [36m>[39m
                                  [0mWaive[0m
                                [36m</button>[39m
                                [36m<button[39m
                                  [33mclass[39m=[32m"table-action-link table-action-link--danger"[39m
                                [36m>[39m
                                  [0mDelete[0m
                                [36m</button>[39m
                              [36m</div>[39m
                            [36m</td>[39m
                          [36m</tr>[39m
                        [36m</tbody>[39m
                      [36m</table>[39m
                    [36m</div>[39m
                  [36m</div>[39m
                [36m</div>[39m
              [36m</div>[39m
            [36m</div>[39m
          [36m</div>[39m
        [36m</main>[39m
      [36m</div>[39m
    [36m</div>[39m
  [36m</body>[39m
[36m</html>[39m

Expected: "bg-yellow-100"
Received: "table-badge table-badge--pending"

 ❯ src/pages/FeesPage.test.tsx:232:42
    230|
    231|       // Check that pending badge has yellow background
    232|       expect(pendingBadges[0].className).toContain('bg-yellow-100');
       |                                          ^
    233|     });
    234|   });
 ❯ runWithExpensiveErrorDiagnosticsDisabled node_modules/@testing-library/dom/dist/config.js:47:12
 ❯ checkCallback node_modules/@testing-library/dom/dist/wait-for.js:124:77
 ❯ Timeout.checkRealTimersCallback node_modules/@testing-library/dom/dist/wait-for.js:118:16

⎯⎯⎯⎯⎯⎯⎯⎯⎯⎯⎯⎯⎯⎯⎯⎯⎯⎯⎯⎯⎯[91/107]⎯

 FAIL  src/pages/FeesPage.test.tsx > FeesPage - Overdue Fee Auto-Detection > should calculate outstanding balance including overdue fees
Error: [2mexpect([22m[31mreceived[39m[2m).toHaveTextContent()[22m

[31mreceived[39m value must be a Node.
Received has type:  Null
Received has value: [31mnull[39m

Ignored nodes: comments, script, style
[36m<html>[39m
  [36m<head />[39m
  [36m<body>[39m
    [36m<div>[39m
      [36m<div[39m
        [33mclass[39m=[32m"dashboard-layout"[39m
      [36m>[39m
        [36m<nav[39m
          [33mclass[39m=[32m"topnav"[39m
        [36m>[39m
          [36m<div[39m
            [33mclass[39m=[32m"topnav__container"[39m
          [36m>[39m
            [36m<a[39m
              [33mclass[39m=[32m"topnav__logo"[39m
              [33mdata-discover[39m=[32m"true"[39m
              [33mhref[39m=[32m"/"[39m
            [36m>[39m
              [36m<span[39m
                [33mclass[39m=[32m"topnav__logo-text"[39m
              [36m>[39m
                [0mLoveAll[0m
              [36m</span>[39m
            [36m</a>[39m
            [36m<div[39m
              [33mclass[39m=[32m"topnav__links-desktop"[39m
            [36m>[39m
              [36m<a[39m
                [33mclass[39m=[32m"topnav__link "[39m
                [33mdata-discover[39m=[32m"true"[39m
                [33mhref[39m=[32m"/student-dashboard"[39m
              [36m>[39m
                [0mDashboard[0m
              [36m</a>[39m
              [36m<a[39m
                [33mclass[39m=[32m"topnav__link "[39m
                [33mdata-discover[39m=[32m"true"[39m
                [33mhref[39m=[32m"/my-progress"[39m
              [36m>[39m
                [0mMy Progress[0m
              [36m</a>[39m
              [36m<a[39m
                [33mclass[39m=[32m"topnav__link "[39m
                [33mdata-discover[39m=[32m"true"[39m
                [33mhref[39m=[32m"/my-fees"[39m
              [36m>[39m
                [0mMy Fees[0m
              [36m</a>[39m
            [36m</div>[39m
            [36m<div[39m
              [33mclass[39m=[32m"topnav__right"[39m
            [36m>[39m
              [36m<div[39m
                [33mclass[39m=[32m"topnav__user-info"[39m
              [36m>[39m
                [36m<div[39m
                  [33mclass[39m=[32m"topnav__user-avatar"[39m
                [36m>[39m
                  [0mU[0m
                [36m</div>[39m
                [36m<div[39m
                  [33mclass[39m=[32m"topnav__user-details"[39m
                [36m>[39m
                  [36m<div[39m
                    [33mclass[39m=[32m"topnav__user-name"[39m
                  [36m>[39m
                    [0mUser[0m
                  [36m</div>[39m
                  [36m<div[39m
                    [33mclass[39m=[32m"topnav__user-role"[39m
                  [36m>[39m
                    [0mGuest[0m
                  [36m</div>[39m
                [36m</div>[39m
              [36m</div>[39m
              [36m<button[39m
                [33mclass[39m=[32m"btn-base btn-ghost btn-icon-only topnav__btn-signout"[39m
                [33mtitle[39m=[32m"Sign out"[39m
              [36m>[39m
                [36m<svg[39m
                  [33mclass[39m=[32m"topnav__icon"[39m
                  [33mfill[39m=[32m"none"[39m
                  [33mstroke[39m=[32m"currentColor"[39m
                  [33mstroke-width[39m=[32m"2"[39m
                  [33mviewBox[39m=[32m"0 0 24 24"[39m
                [36m>[39m
                  [36m<path[39m
                    [33md[39m=[32m"M9 21H5a2 2 0 0 1-2-2V5a2 2 0 0 1 2-2h4M16 17l5-5-5-5M21 12H9"[39m
                    [33mstroke-linecap[39m=[32m"round"[39m
                    [33mstroke-linejoin[39m=[32m"round"[39m
                  [36m/>[39m
                [36m</svg>[39m
              [36m</button>[39m
              [36m<button[39m
                [33mclass[39m=[32m"btn-base btn-ghost btn-icon-only topnav__btn-mobile"[39m
                [33mtitle[39m=[32m"Toggle menu"[39m
              [36m>[39m
                [36m<svg[39m
                  [33mclass[39m=[32m"topnav__icon"[39m
                  [33mfill[39m=[32m"none"[39m
                  [33mstroke[39m=[32m"currentColor"[39m
                  [33mstroke-linecap[39m=[32m"round"[39m
                  [33mstroke-linejoin[39m=[32m"round"[39m
                  [33mstroke-width[39m=[32m"2"[39m
                  [33mviewBox[39m=[32m"0 0 24 24"[39m
                [36m>[39m
                  [36m<line[39m
                    [33mx1[39m=[32m"3"[39m
                    [33mx2[39m=[32m"21"[39m
                    [33my1[39m=[32m"6"[39m
                    [33my2[39m=[32m"6"[39m
                  [36m/>[39m
                  [36m<line[39m
                    [33mx1[39m=[32m"3"[39m
                    [33mx2[39m=[32m"21"[39m
                    [33my1[39m=[32m"12"[39m
                    [33my2[39m=[32m"12"[39m
                  [36m/>[39m
                  [36m<line[39m
                    [33mx1[39m=[32m"3"[39m
                    [33mx2[39m=[32m"21"[39m
                    [33my1[39m=[32m"18"[39m
                    [33my2[39m=[32m"18"[39m
                  [36m/>[39m
                [36m</svg>[39m
              [36m</button>[39m
            [36m</div>[39m
          [36m</div>[39m
        [36m</nav>[39m
        [36m<main[39m
          [33mclass[39m=[32m"dashboard-content "[39m
        [36m>[39m
          [36m<div[39m
            [33mclass[39m=[32m"hc-dashboard"[39m
          [36m>[39m
            [36m<div[39m
              [33mclass[39m=[32m"hc-dashboard-content"[39m
            [36m>[39m
              [36m<div[39m
                [33mclass[39m=[32m"page-header"[39m
              [36m>[39m
                [36m<div>[39m
                  [36m<h1[39m
                    [33mclass[39m=[32m"page-header-title"[39m
                  [36m>[39m
                    [0mFee Management[0m
                  [36m</h1>[39m
                  [36m<p[39m
                    [33mclass[39m=[32m"page-header-subtitle"[39m
                  [36m>[39m
                    [0mTrack and manage student fee payments[0m
                  [36m</p>[39m
                [36m</div>[39m
                [36m<div[39m
                  [33mclass[39m=[32m"page-header-actions"[39m
                [36m>[39m
                  [36m<button[39m
                    [33maria-expanded[39m=[32m"false"[39m
                    [33maria-label[39m=[32m"Toggle filters"[39m
                    [33mclass[39m=[32m"filter-toggle-btn"[39m
                  [36m>[39m
                    [36m<svg[39m
                      [33mfill[39m=[32m"none"[39m
                      [33mheight[39m=[32m"14"[39m
                      [33mstroke[39m=[32m"currentColor"[39m
                      [33mstroke-width[39m=[32m"2"[39m
                      [33mviewBox[39m=[32m"0 0 24 24"[39m
                      [33mwidth[39m=[32m"14"[39m
                    [36m>[39m
                      [36m<path[39m
                        [33md[39m=[32m"M3 4a1 1 0 0 1 1-1h16a1 1 0 0 1 1 1v2.586a1 1 0 0 1-.293.707l-6.414 6.414a1 1 0 0 0-.293.707V17l-4 4v-6.586a1 1 0 0 0-.293-.707L3.293 7.293A1 1 0 0 1 3 6.586V4z"[39m
                      [36m/>[39m
                    [36m</svg>[39m
                  [36m</button>[39m
                  [36m<button[39m
                    [33mclass[39m=[32m"btn-create-fee"[39m
                    [33mtitle[39m=[32m"Create new fee"[39m
                  [36m>[39m
                    [36m<svg[39m
                      [33mfill[39m=[32m"none"[39m
                      [33mheight[39m=[32m"16"[39m
                      [33mstroke[39m=[32m"currentColor"[39m
                      [33mstroke-width[39m=[32m"2"[39m
                      [33mviewBox[39m=[32m"0 0 24 24"[39m
                      [33mwidth[39m=[32m"16"[39m
                    [36m>[39m
                      [36m<path[39m
                        [33md[39m=[32m"M12 5v14M5 12h14"[39m
                      [36m/>[39m
                    [36m</svg>[39m
                    [0mCreate Fee[0m
                  [36m</button>[39m
                [36m</div>[39m
              [36m</div>[39m
              [36m<div[39m
                [33mclass[39m=[32m"hc-stats-grid"[39m
              [36m>[39m
                [36m<div[39m
                  [33mclass[39m=[32m"stat-card stat-card--success "[39m
                [36m>[39m
                  [36m<div[39m
                    [33mclass[39m=[32m"stat-card__icon"[39m
                  [36m>[39m
                    [36m<svg[39m
                      [33mfill[39m=[32m"none"[39m
                      [33mstroke[39m=[32m"currentColor"[39m
                      [33mviewBox[39m=[32m"0 0 24 24"[39m
                    [36m>[39m
                      [36m<path[39m
                        [33md[39m=[32m"M9 12l2 2 4-4m6 2a9 9 0 11-18 0 9 9 0 0118 0z"[39m
                        [33mstroke-linecap[39m=[32m"round"[39m
                        [33mstroke-linejoin[39m=[32m"round"[39m
                        [33mstroke-width[39m=[32m"2"[39m
                      [36m/>[39m
                    [36m</svg>[39m
                  [36m</div>[39m
                  [36m<div[39m
                    [33mclass[39m=[32m"stat-card__content"[39m
                  [36m>[39m
                    [36m<h3[39m
                      [33mclass[39m=[32m"stat-card__title"[39m
                    [36m>[39m
                      [0mCollected This Month[0m
                    [36m</h3>[39m
                    [36m<div[39m
                      [33mclass[39m=[32m"stat-card__value"[39m
                    [36m>[39m
                      [0m₹0[0m
                    [36m</div>[39m
                    [36m<p[39m
                      [33mclass[39m=[32m"stat-card__label"[39m
                    [36m>[39m
                      [0mThis month[0m
                    [36m</p>[39m
                  [36m</div>[39m
                [36m</div>[39m
                [36m<div[39m
                  [33mclass[39m=[32m"stat-card stat-card--warning "[39m
                [36m>[39m
                  [36m<div[39m
                    [33mclass[39m=[32m"stat-card__icon"[39m
                  [36m>[39m
                    [36m<svg[39m
                      [33mfill[39m=[32m"none"[39m
                      [33mstroke[39m=[32m"currentColor"[39m
                      [33mviewBox[39m=[32m"0 0 24 24"[39m
                    [36m>[39m
                      [36m<path[39m
                        [33md[39m=[32m"M12 8v4l3 3m6-3a9 9 0 11-18 0 9 9 0 0118 0z"[39m
                        [33mstroke-linecap[39m=[32m"round"[39m
                        [33mstroke-linejoin[39m=[32m"round"[39m
                        [33mstroke-width[39m=[32m"2"[39m
                      [36m/>[39m
                    [36m</svg>[39m
                  [36m</div>[39m
                  [36m<div[39m
                    [33mclass[39m=[32m"stat-card__content"[39m
                  [36m>[39m
                    [36m<h3[39m
                      [33mclass[39m=[32m"stat-card__title"[39m
                    [36m>[39m
                      [0mOutstanding Balance[0m
                    [36m</h3>[39m
                    [36m<div[39m
                      [33mclass[39m=[32m"stat-card__value"[39m
                    [36m>[39m
                      [0m₹12,500[0m
                    [36m</div>[39m
                    [36m<p[39m
                      [33mclass[39m=[32m"stat-card__label"[39m
                    [36m>[39m
                      [0mPending payments[0m
                    [36m</p>[39m
                  [36m</div>[39m
                [36m</div>[39m
                [36m<div[39m
                  [33mclass[39m=[32m"stat-card stat-card--danger "[39m
                [36m>[39m
                  [36m<div[39m
                    [33mclass[39m=[32m"stat-card__icon"[39m
                  [36m>[39m
                    [36m<svg[39m
                      [33mfill[39m=[32m"none"[39m
                      [33mstroke[39m=[32m"currentColor"[39m
                      [33mviewBox[39m=[32m"0 0 24 24"[39m
                    [36m>[39m
                      [36m<path[39m
                        [33md[39m=[32m"M12 9v2m0 4h.01m-6.938 4h13.856c1.54 0 2.502-1.667 1.732-3L13.732 4c-.77-1.333-2.694-1.333-3.464 0L3.34 16c-.77 1.333.192 3 1.732 3z"[39m
                        [33mstroke-linecap[39m=[32m"round"[39m
                        [33mstroke-linejoin[39m=[32m"round"[39m
                        [33mstroke-width[39m=[32m"2"[39m
                      [36m/>[39m
                    [36m</svg>[39m
                  [36m</div>[39m
                  [36m<div[39m
                    [33mclass[39m=[32m"stat-card__content"[39m
                  [36m>[39m
                    [36m<h3[39m
                      [33mclass[39m=[32m"stat-card__title"[39m
                    [36m>[39m
                      [0mOverdue Fees[0m
                    [36m</h3>[39m
                    [36m<div[39m
                      [33mclass[39m=[32m"stat-card__value"[39m
                    [36m>[39m
                      [0m3[0m
                    [36m</div>[39m
                    [36m<p[39m
                      [33mclass[39m=[32m"stat-card__label"[39m
                    [36m>[39m
                      [0mNeed attention[0m
                    [36m</p>[39m
                  [36m</div>[39m
                [36m</div>[39m
              [36m</div>[39m
              [36m<div[39m
                [33mclass[39m=[32m"hc-overview"[39m
              [36m>[39m
                [36m<div[39m
                  [33mclass[39m=[32m"table-filter-section"[39m
                [36m>[39m
                  [36m<div[39m
                    [33mclass[39m=[32m"table-filter-section"[39m
                  [36m>[39m
                    [36m<div[39m
                      [33mclass[39m=[32m"table-container"[39m
                    [36m>[39m
                      [36m<table[39m
                        [33mclass[39m=[32m"table-styled"[39m
                      [36m>[39m
                        [36m<thead>[39m
                          [36m<tr>[39m
                            [36m<th>[39m
                              [0mStudent Name[0m
                            [36m</th>[39m
                            [36m<th>[39m
                              [0mMonth/Year[0m
                            [36m</th>[39m
                            [36m<th>[39m
                              [0mAmount[0m
                            [36m</th>[39m
                            [36m<th>[39m
                              [0mDue Date[0m
                            [36m</th>[39m
                            [36m<th>[39m
                              [0mStatus[0m
                            [36m</th>[39m
                            [36m<th>[39m
                              [0mActions[0m
                            [36m</th>[39m
                          [36m</tr>[39m
                        [36m</thead>[39m
                        [36m<tbody>[39m
                          [36m<tr>[39m
                            [36m<td[39m
                              [33mclass[39m=[32m"text-bold"[39m
                            [36m>[39m
                              [0mCharlie Brown[0m
                            [36m</td>[39m
                            [36m<td[39m
                              [33mclass[39m=[32m"text-muted"[39m
                            [36m>[39m
                              [0m2025-10[0m
                            [36m</td>[39m
                            [36m<td[39m
                              [33mclass[39m=[32m"text-bold"[39m
                            [36m>[39m
                              [0m₹3,000[0m
                            [36m</td>[39m
                            [36m<td[39m
                              [33mclass[39m=[32m"text-muted"[39m
                            [36m>[39m
                              [0m10 Oct 2025[0m
                            [36m</td>[39m
                            [36m<td>[39m
                              [36m<span[39m
                                [33mclass[39m=[32m"table-badge table-badge--overdue"[39m
                              [36m>[39m
                                [0mOVERDUE[0m
                              [36m</span>[39m
                            [36m</td>[39m
                            [36m<td>[39m
                              [36m<div[39m
                                [33mclass[39m=[32m"flex gap-2 flex-wrap"[39m
                              [36m>[39m
                                [36m<button[39m
                                  [33mclass[39m=[32m"table-action-link table-action-link--info"[39m
                                [36m>[39m
                                  [0mEdit[0m
                                [36m</button>[39m
                                [36m<button[39m
                                  [33mclass[39m=[32m"table-action-link table-action-link--success"[39m
                                [36m>[39m
                                  [0mMark Paid[0m
                                [36m</button>[39m
                                [36m<button[39m
                                  [33mclass[39m=[32m"table-action-link table-action-link--primary"[39m
                                [36m>[39m
                                  [0mWaive[0m
                                [36m</button>[39m
                              [36m</div>[39m
                            [36m</td>[39m
                          [36m</tr>[39m
                          [36m<tr>[39m
                            [36m<td[39m
                              [33mclass[39m=[32m"text-bold"[39m
                            [36m>[39m
                              [0mJane Smith[0m
                            [36m</td>[39m
                            [36m<td[39m
                              [33mclass[39m=[32m"text-muted"[39m
                            [36m>[39m
                              [0m2025-11[0m
                            [36m</td>[39m
                            [36m<td[39m
                              [33mclass[39m=[32m"text-bold"[39m
                            [36m>[39m
                              [0m₹3,000[0m
                            [36m</td>[39m
                            [36m<td[39m
                              [33mclass[39m=[32m"text-muted"[39m
                            [36m>[39m
                              [0m10 Nov 2025[0m
                            [36m</td>[39m
                            [36m<td>[39m
                              [36m<span[39m
                                [33mclass[39m=[32m"table-badge table-badge--overdue"[39m
                              [36m>[39m
                                [0mOVERDUE[0m
                              [36m</span>[39m
                            [36m</td>[39m
                            [36m<td>[39m
                              [36m<div[39m
                                [33mclass[39m=[32m"flex gap-2 flex-wrap"[39m
                              [36m>[39m
                                [36m<button[39m
                                  [33mclass[39m=[32m"table-action-link table-action-link--info"[39m
                                [36m>[39m
                                  [0mEdit[0m
                                [36m</button>[39m
                                [36m<button[39m
                                  [33mclass[39m=[32m"table-action-link table-action-link--success"[39m
                                [36m>[39m
                                  [0mMark Paid[0m
                                [36m</button>[39m
                                [36m<button[39m
                                  [33mclass[39m=[32m"table-action-link table-action-link--primary"[39m
                                [36m>[39m
                                  [0mWaive[0m
                                [36m</button>[39m
                              [36m</div>[39m
                            [36m</td>[39m
                          [36m</tr>[39m
                          [36m<tr>[39m
                            [36m<td[39m
                              [33mclass[39m=[32m"text-bold"[39m
                            [36m>[39m
                              [0mAlice Johnson[0m
                            [36m</td>[39m
                            [36m<td[39m
                              [33mclass[39m=[32m"text-muted"[39m
                            [36m>[39m
                              [0m2025-12[0m
                            [36m</td>[39m
                            [36m<td[39m
                              [33mclass[39m=[32m"text-bold"[39m
                            [36m>[39m
                              [0m₹3,500[0m
                            [36m</td>[39m
                            [36m<td[39m
                              [33mclass[39m=[32m"text-muted"[39m
                            [36m>[39m
                              [0m10 Dec 2025[0m
                            [36m</td>[39m
                            [36m<td>[39m
                              [36m<span[39m
                                [33mclass[39m=[32m"table-badge table-badge--overdue"[39m
                              [36m>[39m
                                [0mOVERDUE[0m
                              [36m</span>[39m
                            [36m</td>[39m
                            [36m<td>[39m
                              [36m<div[39m
                                [33mclass[39m=[32m"flex gap-2 flex-wrap"[39m
                              [36m>[39m
                                [36m<button[39m
                                  [33mclass[39m=[32m"table-action-link table-action-link--info"[39m
                                [36m>[39m
                                  [0mEdit[0m
                                [36m</button>[39m
                                [36m<button[39m
                                  [33mclass[39m=[32m"table-action-link table-action-link--success"[39m
                                [36m>[39m
                                  [0mMark Paid[0m
                                [36m</button>[39m
                                [36m<button[39m
                                  [33mclass[39m=[32m"table-action-link table-action-link--primary"[39m
                                [36m>[39m
                                  [0mWaive[0m
                                [36m</button>[39m
                              [36m</div>[39m
                            [36m</td>[39m
                          [36m</tr>[39m
                          [36m<tr>[39m
                            [36m<td[39m
                              [33mclass[39m=[32m"text-bold"[39m
                            [36m>[39m
                              [0mJohn Doe[0m
                            [36m</td>[39m
                            [36m<td[39m
                              [33mclass[39m=[32m"text-muted"[39m
                            [36m>[39m
                              [0m2026-01[0m
                            [36m</td>[39m
                            [36m<td[39m
                              [33mclass[39m=[32m"text-bold"[39m
                            [36m>[39m
                              [0m₹3,000[0m
                            [36m</td>[39m
                            [36m<td[39m
                              [33mclass[39m=[32m"text-muted"[39m
                            [36m>[39m
                              [0m10 Jan 2026[0m
                            [36m</td>[39m
                            [36m<td>[39m
                              [36m<span[39m
                                [33mclass[39m=[32m"table-badge table-badge--success"[39m
                              [36m>[39m
                                [0mPAID[0m
                              [36m</span>[39m
                            [36m</td>[39m
                            [36m<td>[39m
                              [36m<span[39m
                                [33mclass[39m=[32m"table-action-link table-action-link--muted"[39m
                              [36m>[39m
                                [0mPaid on [0m
                                [0m8 Jan 2026[0m
                              [36m</span>[39m
                            [36m</td>[39m
                          [36m</tr>[39m
                          [36m<tr>[39m
                            [36m<td[39m
                              [33mclass[39m=[32m"text-bold"[39m
                            [36m>[39m
                              [0mBob Wilson[0m
                            [36m</td>[39m
                            [36m<td[39m
                              [33mclass[39m=[32m"text-muted"[39m
                            [36m>[39m
                              [0m2027-02[0m
                            [36m</td>[39m
                            [36m<td[39m
                              [33mclass[39m=[32m"text-bold"[39m
                            [36m>[39m
                              [0m₹3,000[0m
                            [36m</td>[39m
                            [36m<td[39m
                              [33mclass[39m=[32m"text-muted"[39m
                            [36m>[39m
                              [0m10 Feb 2027[0m
                            [36m</td>[39m
                            [36m<td>[39m
                              [36m<span[39m
                                [33mclass[39m=[32m"table-badge table-badge--pending"[39m
                              [36m>[39m
                                [0mPENDING[0m
                              [36m</span>[39m
                            [36m</td>[39m
                            [36m<td>[39m
                              [36m<div[39m
                                [33mclass[39m=[32m"flex gap-2 flex-wrap"[39m
                              [36m>[39m
                                [36m<button[39m
                                  [33mclass[39m=[32m"table-action-link table-action-link--info"[39m
                                [36m>[39m
                                  [0mEdit[0m
                                [36m</button>[39m
                                [36m<button[39m
                                  [33mclass[39m=[32m"table-action-link table-action-link--success"[39m
                                [36m>[39m
                                  [0mMark Paid[0m
                                [36m</button>[39m
                                [36m<button[39m
                                  [33mclass[39m=[32m"table-action-link table-action-link--primary"[39m
                                [36m>[39m
                                  [0mWaive[0m
                                [36m</button>[39m
                                [36m<button[39m
                                  [33mclass[39m=[32m"table-action-link table-action-link--danger"[39m
                                [36m>[39m
                                  [0mDelete[0m
                                [36m</button>[39m
                              [36m</div>[39m
                            [36m</td>[39m
                          [36m</tr>[39m
                        [36m</tbody>[39m
                      [36m</table>[39m
                    [36m</div>[39m
                  [36m</div>[39m
                [36m</div>[39m
              [36m</div>[39m
            [36m</div>[39m
          [36m</div>[39m
        [36m</main>[39m
      [36m</div>[39m
    [36m</div>[39m
  [36m</body>[39m
[36m</html>[39m
 ❯ src/pages/FeesPage.test.tsx:250:34
    248|         ?.querySelector('.text-3xl');
    249|
    250|       expect(outstandingElement).toHaveTextContent('₹12,500');
       |                                  ^
    251|     });
    252|   });
 ❯ runWithExpensiveErrorDiagnosticsDisabled node_modules/@testing-library/dom/dist/config.js:47:12
 ❯ checkCallback node_modules/@testing-library/dom/dist/wait-for.js:124:77
 ❯ Timeout.checkRealTimersCallback node_modules/@testing-library/dom/dist/wait-for.js:118:16

⎯⎯⎯⎯⎯⎯⎯⎯⎯⎯⎯⎯⎯⎯⎯⎯⎯⎯⎯⎯⎯[92/107]⎯

 FAIL  src/pages/FeesPage.test.tsx > FeesPage - Overdue Fee Auto-Detection > should allow filtering by OVERDUE status
TestingLibraryElementError: Unable to find a label with the text of: Filter by Status:

Ignored nodes: comments, script, style
[36m<body>[39m
  [36m<div>[39m
    [36m<div[39m
      [33mclass[39m=[32m"dashboard-layout"[39m
    [36m>[39m
      [36m<nav[39m
        [33mclass[39m=[32m"topnav"[39m
      [36m>[39m
        [36m<div[39m
          [33mclass[39m=[32m"topnav__container"[39m
        [36m>[39m
          [36m<a[39m
            [33mclass[39m=[32m"topnav__logo"[39m
            [33mdata-discover[39m=[32m"true"[39m
            [33mhref[39m=[32m"/"[39m
          [36m>[39m
            [36m<span[39m
              [33mclass[39m=[32m"topnav__logo-text"[39m
            [36m>[39m
              [0mLoveAll[0m
            [36m</span>[39m
          [36m</a>[39m
          [36m<div[39m
            [33mclass[39m=[32m"topnav__links-desktop"[39m
          [36m>[39m
            [36m<a[39m
              [33mclass[39m=[32m"topnav__link "[39m
              [33mdata-discover[39m=[32m"true"[39m
              [33mhref[39m=[32m"/student-dashboard"[39m
            [36m>[39m
              [0mDashboard[0m
            [36m</a>[39m
            [36m<a[39m
              [33mclass[39m=[32m"topnav__link "[39m
              [33mdata-discover[39m=[32m"true"[39m
              [33mhref[39m=[32m"/my-progress"[39m
            [36m>[39m
              [0mMy Progress[0m
            [36m</a>[39m
            [36m<a[39m
              [33mclass[39m=[32m"topnav__link "[39m
              [33mdata-discover[39m=[32m"true"[39m
              [33mhref[39m=[32m"/my-fees"[39m
            [36m>[39m
              [0mMy Fees[0m
            [36m</a>[39m
          [36m</div>[39m
          [36m<div[39m
            [33mclass[39m=[32m"topnav__right"[39m
          [36m>[39m
            [36m<div[39m
              [33mclass[39m=[32m"topnav__user-info"[39m
            [36m>[39m
              [36m<div[39m
                [33mclass[39m=[32m"topnav__user-avatar"[39m
              [36m>[39m
                [0mU[0m
              [36m</div>[39m
              [36m<div[39m
                [33mclass[39m=[32m"topnav__user-details"[39m
              [36m>[39m
                [36m<div[39m
                  [33mclass[39m=[32m"topnav__user-name"[39m
                [36m>[39m
                  [0mUser[0m
                [36m</div>[39m
                [36m<div[39m
                  [33mclass[39m=[32m"topnav__user-role"[39m
                [36m>[39m
                  [0mGuest[0m
                [36m</div>[39m
              [36m</div>[39m
            [36m</div>[39m
            [36m<button[39m
              [33mclass[39m=[32m"btn-base btn-ghost btn-icon-only topnav__btn-signout"[39m
              [33mtitle[39m=[32m"Sign out"[39m
            [36m>[39m
              [36m<svg[39m
                [33mclass[39m=[32m"topnav__icon"[39m
                [33mfill[39m=[32m"none"[39m
                [33mstroke[39m=[32m"currentColor"[39m
                [33mstroke-width[39m=[32m"2"[39m
                [33mviewBox[39m=[32m"0 0 24 24"[39m
              [36m>[39m
                [36m<path[39m
                  [33md[39m=[32m"M9 21H5a2 2 0 0 1-2-2V5a2 2 0 0 1 2-2h4M16 17l5-5-5-5M21 12H9"[39m
                  [33mstroke-linecap[39m=[32m"round"[39m
                  [33mstroke-linejoin[39m=[32m"round"[39m
                [36m/>[39m
              [36m</svg>[39m
            [36m</button>[39m
            [36m<button[39m
              [33mclass[39m=[32m"btn-base btn-ghost btn-icon-only topnav__btn-mobile"[39m
              [33mtitle[39m=[32m"Toggle menu"[39m
            [36m>[39m
              [36m<svg[39m
                [33mclass[39m=[32m"topnav__icon"[39m
                [33mfill[39m=[32m"none"[39m
                [33mstroke[39m=[32m"currentColor"[39m
                [33mstroke-linecap[39m=[32m"round"[39m
                [33mstroke-linejoin[39m=[32m"round"[39m
                [33mstroke-width[39m=[32m"2"[39m
                [33mviewBox[39m=[32m"0 0 24 24"[39m
              [36m>[39m
                [36m<line[39m
                  [33mx1[39m=[32m"3"[39m
                  [33mx2[39m=[32m"21"[39m
                  [33my1[39m=[32m"6"[39m
                  [33my2[39m=[32m"6"[39m
                [36m/>[39m
                [36m<line[39m
                  [33mx1[39m=[32m"3"[39m
                  [33mx2[39m=[32m"21"[39m
                  [33my1[39m=[32m"12"[39m
                  [33my2[39m=[32m"12"[39m
                [36m/>[39m
                [36m<line[39m
                  [33mx1[39m=[32m"3"[39m
                  [33mx2[39m=[32m"21"[39m
                  [33my1[39m=[32m"18"[39m
                  [33my2[39m=[32m"18"[39m
                [36m/>[39m
              [36m</svg>[39m
            [36m</button>[39m
          [36m</div>[39m
        [36m</div>[39m
      [36m</nav>[39m
      [36m<main[39m
        [33mclass[39m=[32m"dashboard-content "[39m
      [36m>[39m
        [36m<div[39m
          [33mclass[39m=[32m"hc-dashboard"[39m
        [36m>[39m
          [36m<div[39m
            [33mclass[39m=[32m"hc-dashboard-content"[39m
          [36m>[39m
            [36m<div[39m
              [33mclass[39m=[32m"page-header"[39m
            [36m>[39m
              [36m<div>[39m
                [36m<h1[39m
                  [33mclass[39m=[32m"page-header-title"[39m
                [36m>[39m
                  [0mFee Management[0m
                [36m</h1>[39m
                [36m<p[39m
                  [33mclass[39m=[32m"page-header-subtitle"[39m
                [36m>[39m
                  [0mTrack and manage student fee payments[0m
                [36m</p>[39m
              [36m</div>[39m
              [36m<div[39m
                [33mclass[39m=[32m"page-header-actions"[39m
              [36m>[39m
                [36m<button[39m
                  [33maria-expanded[39m=[32m"false"[39m
                  [33maria-label[39m=[32m"Toggle filters"[39m
                  [33mclass[39m=[32m"filter-toggle-btn"[39m
                [36m>[39m
                  [36m<svg[39m
                    [33mfill[39m=[32m"none"[39m
                    [33mheight[39m=[32m"14"[39m
                    [33mstroke[39m=[32m"currentColor"[39m
                    [33mstroke-width[39m=[32m"2"[39m
                    [33mviewBox[39m=[32m"0 0 24 24"[39m
                    [33mwidth[39m=[32m"14"[39m
                  [36m>[39m
                    [36m<path[39m
                      [33md[39m=[32m"M3 4a1 1 0 0 1 1-1h16a1 1 0 0 1 1 1v2.586a1 1 0 0 1-.293.707l-6.414 6.414a1 1 0 0 0-.293.707V17l-4 4v-6.586a1 1 0 0 0-.293-.707L3.293 7.293A1 1 0 0 1 3 6.586V4z"[39m
                    [36m/>[39m
                  [36m</svg>[39m
                [36m</button>[39m
                [36m<button[39m
                  [33mclass[39m=[32m"btn-create-fee"[39m
                  [33mtitle[39m=[32m"Create new fee"[39m
                [36m>[39m
                  [36m<svg[39m
                    [33mfill[39m=[32m"none"[39m
                    [33mheight[39m=[32m"16"[39m
                    [33mstroke[39m=[32m"currentColor"[39m
                    [33mstroke-width[39m=[32m"2"[39m
                    [33mviewBox[39m=[32m"0 0 24 24"[39m
                    [33mwidth[39m=[32m"16"[39m
                  [36m>[39m
                    [36m<path[39m
                      [33md[39m=[32m"M12 5v14M5 12h14"[39m
                    [36m/>[39m
                  [36m</svg>[39m
                  [0mCreate Fee[0m
                [36m</button>[39m
              [36m</div>[39m
            [36m</div>[39m
            [36m<div[39m
              [33mclass[39m=[32m"hc-stats-grid"[39m
            [36m>[39m
              [36m<div[39m
                [33mclass[39m=[32m"stat-card stat-card--success "[39m
              [36m>[39m
                [36m<div[39m
                  [33mclass[39m=[32m"stat-card__icon"[39m
                [36m>[39m
                  [36m<svg[39m
                    [33mfill[39m=[32m"none"[39m
                    [33mstroke[39m=[32m"currentColor"[39m
                    [33mviewBox[39m=[32m"0 0 24 24"[39m
                  [36m>[39m
                    [36m<path[39m
                      [33md[39m=[32m"M9 12l2 2 4-4m6 2a9 9 0 11-18 0 9 9 0 0118 0z"[39m
                      [33mstroke-linecap[39m=[32m"round"[39m
                      [33mstroke-linejoin[39m=[32m"round"[39m
                      [33mstroke-width[39m=[32m"2"[39m
                    [36m/>[39m
                  [36m</svg>[39m
                [36m</div>[39m
                [36m<div[39m
                  [33mclass[39m=[32m"stat-card__content"[39m
                [36m>[39m
                  [36m<h3[39m
                    [33mclass[39m=[32m"stat-card__title"[39m
                  [36m>[39m
                    [0mCollected This Month[0m
                  [36m</h3>[39m
                  [36m<div[39m
                    [33mclass[39m=[32m"stat-card__value"[39m
                  [36m>[39m
                    [0m₹0[0m
                  [36m</div>[39m
                  [36m<p[39m
                    [33mclass[39m=[32m"stat-card__label"[39m
                  [36m>[39m
                    [0mThis month[0m
                  [36m</p>[39m
                [36m</div>[39m
              [36m</div>[39m
              [36m<div[39m
                [33mclass[39m=[32m"stat-card stat-card--warning "[39m
              [36m>[39m
                [36m<div[39m
                  [33mclass[39m=[32m"stat-card__icon"[39m
                [36m>[39m
                  [36m<svg[39m
                    [33mfill[39m=[32m"none"[39m
                    [33mstroke[39m=[32m"currentColor"[39m
                    [33mviewBox[39m=[32m"0 0 24 24"[39m
                  [36m>[39m
                    [36m<path[39m
                      [33md[39m=[32m"M12 8v4l3 3m6-3a9 9 0 11-18 0 9 9 0 0118 0z"[39m
                      [33mstroke-linecap[39m=[32m"round"[39m
                      [33mstroke-linejoin[39m=[32m"round"[39m
                      [33mstroke-width[39m=[32m"2"[39m
                    [36m/>[39m
                  [36m</svg>[39m
                [36m</div>[39m
                [36m<div[39m
                  [33mclass[39m=[32m"stat-card__content"[39m
                [36m>[39m
                  [36m<h3[39m
                    [33mclass[39m=[32m"stat-card__title"[39m
                  [36m>[39m
                    [0mOutstanding Balance[0m
                  [36m</h3>[39m
                  [36m<div[39m
                    [33mclass[39m=[32m"stat-card__value"[39m
                  [36m>[39m
                    [0m₹12,500[0m
                  [36m</div>[39m
                  [36m<p[39m
                    [33mclass[39m=[32m"stat-card__label"[39m
                  [36m>[39m
                    [0mPending payments[0m
                  [36m</p>[39m
                [36m</div>[39m
              [36m</div>[39m
              [36m<div[39m
                [33mclass[39m=[32m"stat-card stat-card--danger "[39m
              [36m>[39m
                [36m<div[39m
                  [33mclass[39m=[32m"stat-card__icon"[39m
                [36m>[39m
                  [36m<svg[39m
                    [33mfill[39m=[32m"none"[39m
                    [33mstroke[39m=[32m"currentColor"[39m
                    [33mviewBox[39m=[32m"0 0 24 24"[39m
                  [36m>[39m
                    [36m<path[39m
                      [33md[39m=[32m"M12 9v2m0 4h.01m-6.938 4h13.856c1.54 0 2.502-1.667 1.732-3L13.732 4c-.77-1.333-2.694-1.333-3.464 0L3.34 16c-.77 1.333.192 3 1.732 3z"[39m
                      [33mstroke-linecap[39m=[32m"round"[39m
                      [33mstroke-linejoin[39m=[32m"round"[39m
                      [33mstroke-width[39m=[32m"2"[39m
                    [36m/>[39m
                  [36m</svg>[39m
                [36m</div>[39m
                [36m<div[39m
                  [33mclass[39m=[32m"stat-card__content"[39m
                [36m>[39m
                  [36m<h3[39m
                    [33mclass[39m=[32m"stat-card__title"[39m
                  [36m>[39m
                    [0mOverdue Fees[0m
                  [36m</h3>[39m
                  [36m<div[39m
                    [33mclass[39m=[32m"stat-card__value"[39m
                  [36m>[39m
                    [0m3[0m
                  [36m</div>[39m
                  [36m<p[39m
                    [33mclass[39m=[32m"stat-card__label"[39m
                  [36m>[39m
                    [0mNeed attention[0m
                  [36m</p>[39m
                [36m</div>[39m
              [36m</div>[39m
            [36m</div>[39m
            [36m<div[39m
              [33mclass[39m=[32m"hc-overview"[39m
            [36m>[39m
              [36m<div[39m
                [33mclass[39m=[32m"table-filter-section"[39m
              [36m>[39m
                [36m<div[39m
                  [33mclass[39m=[32m"table-filter-section"[39m
                [36m>[39m
                  [36m<div[39m
                    [33mclass[39m=[32m"table-container"[39m
                  [36m>[39m
                    [36m<table[39m
                      [33mclass[39m=[32m"table-styled"[39m
                    [36m>[39m
                      [36m<thead>[39m
                        [36m<tr>[39m
                          [36m<th>[39m
                            [0mStudent Name[0m
                          [36m</th>[39m
                          [36m<th>[39m
                            [0mMonth/Year[0m
                          [36m</th>[39m
                          [36m<th>[39m
                            [0mAmount[0m
                          [36m</th>[39m
                          [36m<th>[39m
                            [0mDue Date[0m
                          [36m</th>[39m
                          [36m<th>[39m
                            [0mStatus[0m
                          [36m</th>[39m
                          [36m<th>[39m
                            [0mActions[0m
                          [36m</th>[39m
                        [36m</tr>[39m
                      [36m</thead>[39m
                      [36m<tbody>[39m
                        [36m<tr>[39m
                          [36m<td[39m
                            [33mclass[39m=[32m"text-bold"[39m
                          [36m>[39m
                            [0mCharlie Brown[0m
                          [36m</td>[39m
                          [36m<td[39m
                            [33mclass[39m=[32m"text-muted"[39m
                          [36m>[39m
                            [0m2025-10[0m
                          [36m</td>[39m
                          [36m<td[39m
                            [33mclass[39m=[32m"text-bold"[39m
                          [36m>[39m
                            [0m₹3,000[0m
                          [36m</td>[39m
                          [36m<td[39m
                            [33mclass[39m=[32m"text-muted"[39m
                          [36m>[39m
                            [0m10 Oct 2025[0m
                          [36m</td>[39m
                          [36m<td>[39m
                            [36m<span[39m
                              [33mclass[39m=[32m"table-badge table-badge--overdue"[39m
                            [36m>[39m
                              [0mOVERDUE[0m
                            [36m</span>[39m
                          [36m</td>[39m
                          [36m<td>[39m
                            [36m<div[39m
                              [33mclass[39m=[32m"flex gap-2 flex-wrap"[39m
                            [36m>[39m
                              [36m<button[39m
                                [33mclass[39m=[32m"table-action-link table-action-link--info"[39m
                              [36m>[39m
                                [0mEdit[0m
                              [36m</button>[39m
                              [36m<button[39m
                                [33mclass[39m=[32m"table-action-link table-action-link--success"[39m
                              [36m>[39m
                                [0mMark Paid[0m
                              [36m</button>[39m
                              [36m<button[39m
                                [33mclass[39m=[32m"table-action-link table-action-link--primary"[39m
                              [36m>[39m
                                [0mWaive[0m
                              [36m</button>[39m
                            [36m</div>[39m
                          [36m</td>[39m
                        [36m</tr>[39m
                        [36m<tr>[39m
                          [36m<td[39m
                            [33mclass[39m=[32m"text-bold"[39m
                          [36m>[39m
                            [0mJane Smith[0m
                          [36m</td>[39m
                          [36m<td[39m
                            [33mclass[39m=[32m"text-muted"[39m
                          [36m>[39m
                            [0m2025-11[0m
                          [36m</td>[39m
                          [36m<td[39m
                            [33mclass[39m=[32m"text-bold"[39m
                          [36m>[39m
                            [0m₹3,000[0m
                          [36m</td>[39m
                          [36m<td[39m
                            [33mclass[39m=[32m"text-muted"[39m
                          [36m>[39m
                            [0m10 Nov 2025[0m
                          [36m</td>[39m
                          [36m<td>[39m
                            [36m<span[39m
                              [33mclass[39m=[32m"table-badge table-badge--overdue"[39m
                            [36m>[39m
                              [0mOVERDUE[0m
                            [36m</span>[39m
                          [36m</td>[39m
                          [36m<td>[39m
                            [36m<div[39m
                              [33mclass[39m=[32m"flex gap-2 flex-wrap"[39m
                            [36m>[39m
                              [36m<button[39m
                                [33mclass[39m=[32m"table-action-link table-action-link--info"[39m
                              [36m>[39m
                                [0mEdit[0m
                              [36m</button>[39m
                              [36m<button[39m
                                [33mclass[39m=[32m"table-action-link table-action-link--success"[39m
                              [36m>[39m
                                [0mMark Paid[0m
                              [36m</button>[39m
                              [36m<button[39m
                                [33mclass[39m=[32m"table-action-link table-action-link--primary"[39m
                              [36m>[39m
                                [0mWaive[0m
                              [36m</button>[39m
                            [36m</div>[39m
                          [36m</td>[39m
                        [36m</tr>[39m
                        [36m<tr>[39m
                          [36m<td[39m
                            [33mclass[39m=[32m"text-bold"[39m
                          [36m>[39m
                            [0mAlice Johnson[0m
                          [36m</td>[39m
                          [36m<td[39m
                            [33mclass[39m=[32m"text-muted"[39m
                          [36m>[39m
                            [0m2025-12[0m
                          [36m</td>[39m
                          [36m<td[39m
                            [33mclass[39m=[32m"text-bold"[39m
                          [36m>[39m
                            [0m₹3,500[0m
                          [36m</td>[39m
                          [36m<td[39m
                            [33mclass[39m=[32m"text-muted"[39m
                          [36m>[39m
                            [0m10 Dec 2025[0m
                          [36m</td>[39m
                          [36m<td>[39m
                            [36m<span[39m
                              [33mclass[39m=[32m"table-badge table-badge--overdue"[39m
                            [36m>[39m
                              [0mOVERDUE[0m
                            [36m</span>[39m
                          [36m</td>[39m
                          [36m<td>[39m
                            [36m<div[39m
                              [33mclass[39m=[32m"flex gap-2 flex-wrap"[39m
                            [36m>[39m
                              [36m<button[39m
                                [33mclass[39m=[32m"table-action-link table-action-link--info"[39m
                              [36m>[39m
                                [0mEdit[0m
                              [36m</button>[39m
                              [36m<button[39m
                                [33mclass[39m=[32m"table-action-link table-action-link--success"[39m
                              [36m>[39m
                                [0mMark Paid[0m
                              [36m</button>[39m
                              [36m<button[39m
                                [33mclass[39m=[32m"table-action-link table-action-link--primary"[39m
                              [36m>[39m
                                [0mWaive[0m
                              [36m</button>[39m
                            [36m</div>[39m
                          [36m</td>[39m
                        [36m</tr>[39m
                        [36m<tr>[39m
                          [36m<td[39m
                            [33mclass[39m=[32m"text-bold"[39m
                          [36m>[39m
                            [0mJohn Doe[0m
                          [36m</td>[39m
                          [36m<td[39m
                            [33mclass[39m=[32m"text-muted"[39m
                          [36m>[39m
                            [0m2026-01[0m
                          [36m</td>[39m
                          [36m<td[39m
                            [33mclass[39m=[32m"text-bold"[39m
                          [36m>[39m
                            [0m₹3,000[0m
                          [36m</td>[39m
                          [36m<td[39m
                            [33mclass[39m=[32m"text-muted"[39m
                          [36m>[39m
                            [0m10 Jan 2026[0m
                          [36m</td>[39m
                          [36m<td>[39m
                            [36m<span[39m
                              [33mclass[39m=[32m"table-badge table-badge--success"[39m
                            [36m>[39m
                              [0mPAID[0m
                            [36m</span>[39m
                          [36m</td>[39m
                          [36m<td>[39m
                            [36m<span[39m
                              [33mclass[39m=[32m"table-action-link table-action-link--muted"[39m
                            [36m>[39m
                              [0mPaid on [0m
                              [0m8 Jan 2026[0m
                            [36m</span>[39m
                          [36m</td>[39m
                        [36m</tr>[39m
                        [36m<tr>[39m
                          [36m<td[39m
                            [33mclass[39m=[32m"text-bold"[39m
                          [36m>[39m
                            [0mBob Wilson[0m
                          [36m</td>[39m
                          [36m<td[39m
                            [33mclass[39m=[32m"text-muted"[39m
                          [36m>[39m
                            [0m2027-02[0m
                          [36m</td>[39m
                          [36m<td[39m
                            [33mclass[39m=[32m"text-bold"[39m
                          [36m>[39m
                            [0m₹3,000[0m
                          [36m</td>[39m
                          [36m<td[39m
                            [33mclass[39m=[32m"text-muted"[39m
                          [36m>[39m
                            [0m10 Feb 2027[0m
                          [36m</td>[39m
                          [36m<td>[39m
                            [36m<span[39m
                              [33mclass[39m=[32m"table-badge table-badge--pending"[39m
                            [36m>[39m
                              [0mPENDING[0m
                            [36m</span>[39m
                          [36m</td>[39m
                          [36m<td>[39m
                            [36m<div[39m
                              [33mclass[39m=[32m"flex gap-2 flex-wrap"[39m
                            [36m>[39m
                              [36m<button[39m
                                [33mclass[39m=[32m"table-action-link table-action-link--info"[39m
                              [36m>[39m
                                [0mEdit[0m
                              [36m</button>[39m
                              [36m<button[39m
                                [33mclass[39m=[32m"table-action-link table-action-link--success"[39m
                              [36m>[39m
                                [0mMark Paid[0m
                              [36m</button>[39m
                              [36m<button[39m
                                [33mclass[39m=[32m"table-action-link table-action-link--primary"[39m
                              [36m>[39m
                                [0mWaive[0m
                              [36m</button>[39m
                              [36m<button[39m
                                [33mclass[39m=[32m"table-action-link table-action-link--danger"[39m
                              [36m>[39m
                                [0mDelete[0m
                              [36m</button>[39m
                            [36m</div>[39m
                          [36m</td>[39m
                        [36m</tr>[39m
                      [36m</tbody>[39m
                    [36m</table>[39m
                  [36m</div>[39m
                [36m</div>[39m
              [36m</div>[39m
            [36m</div>[39m
          [36m</div>[39m
        [36m</div>[39m
      [36m</main>[39m
    [36m</div>[39m
  [36m</div>[39m
[36m</body>[39m

Ignored nodes: comments, script, style
[36m<html>[39m
  [36m<head />[39m
  [36m<body>[39m
    [36m<div>[39m
      [36m<div[39m
        [33mclass[39m=[32m"dashboard-layout"[39m
      [36m>[39m
        [36m<nav[39m
          [33mclass[39m=[32m"topnav"[39m
        [36m>[39m
          [36m<div[39m
            [33mclass[39m=[32m"topnav__container"[39m
          [36m>[39m
            [36m<a[39m
              [33mclass[39m=[32m"topnav__logo"[39m
              [33mdata-discover[39m=[32m"true"[39m
              [33mhref[39m=[32m"/"[39m
            [36m>[39m
              [36m<span[39m
                [33mclass[39m=[32m"topnav__logo-text"[39m
              [36m>[39m
                [0mLoveAll[0m
              [36m</span>[39m
            [36m</a>[39m
            [36m<div[39m
              [33mclass[39m=[32m"topnav__links-desktop"[39m
            [36m>[39m
              [36m<a[39m
                [33mclass[39m=[32m"topnav__link "[39m
                [33mdata-discover[39m=[32m"true"[39m
                [33mhref[39m=[32m"/student-dashboard"[39m
              [36m>[39m
                [0mDashboard[0m
              [36m</a>[39m
              [36m<a[39m
                [33mclass[39m=[32m"topnav__link "[39m
                [33mdata-discover[39m=[32m"true"[39m
                [33mhref[39m=[32m"/my-progress"[39m
              [36m>[39m
                [0mMy Progress[0m
              [36m</a>[39m
              [36m<a[39m
                [33mclass[39m=[32m"topnav__link "[39m
                [33mdata-discover[39m=[32m"true"[39m
                [33mhref[39m=[32m"/my-fees"[39m
              [36m>[39m
                [0mMy Fees[0m
              [36m</a>[39m
            [36m</div>[39m
            [36m<div[39m
              [33mclass[39m=[32m"topnav__right"[39m
            [36m>[39m
              [36m<div[39m
                [33mclass[39m=[32m"topnav__user-info"[39m
              [36m>[39m
                [36m<div[39m
                  [33mclass[39m=[32m"topnav__user-avatar"[39m
                [36m>[39m
                  [0mU[0m
                [36m</div>[39m
                [36m<div[39m
                  [33mclass[39m=[32m"topnav__user-details"[39m
                [36m>[39m
                  [36m<div[39m
                    [33mclass[39m=[32m"topnav__user-name"[39m
                  [36m>[39m
                    [0mUser[0m
                  [36m</div>[39m
                  [36m<div[39m
                    [33mclass[39m=[32m"topnav__user-role"[39m
                  [36m>[39m
                    [0mGuest[0m
                  [36m</div>[39m
                [36m</div>[39m
              [36m</div>[39m
              [36m<button[39m
                [33mclass[39m=[32m"btn-base btn-ghost btn-icon-only topnav__btn-signout"[39m
                [33mtitle[39m=[32m"Sign out"[39m
              [36m>[39m
                [36m<svg[39m
                  [33mclass[39m=[32m"topnav__icon"[39m
                  [33mfill[39m=[32m"none"[39m
                  [33mstroke[39m=[32m"currentColor"[39m
                  [33mstroke-width[39m=[32m"2"[39m
                  [33mviewBox[39m=[32m"0 0 24 24"[39m
                [36m>[39m
                  [36m<path[39m
                    [33md[39m=[32m"M9 21H5a2 2 0 0 1-2-2V5a2 2 0 0 1 2-2h4M16 17l5-5-5-5M21 12H9"[39m
                    [33mstroke-linecap[39m=[32m"round"[39m
                    [33mstroke-linejoin[39m=[32m"round"[39m
                  [36m/>[39m
                [36m</svg>[39m
              [36m</button>[39m
              [36m<button[39m
                [33mclass[39m=[32m"btn-base btn-ghost btn-icon-only topnav__btn-mobile"[39m
                [33mtitle[39m=[32m"Toggle menu"[39m
              [36m>[39m
                [36m<svg[39m
                  [33mclass[39m=[32m"topnav__icon"[39m
                  [33mfill[39m=[32m"none"[39m
                  [33mstroke[39m=[32m"currentColor"[39m
                  [33mstroke-linecap[39m=[32m"round"[39m
                  [33mstroke-linejoin[39m=[32m"round"[39m
                  [33mstroke-width[39m=[32m"2"[39m
                  [33mviewBox[39m=[32m"0 0 24 24"[39m
                [36m>[39m
                  [36m<line[39m
                    [33mx1[39m=[32m"3"[39m
                    [33mx2[39m=[32m"21"[39m
                    [33my1[39m=[32m"6"[39m
                    [33my2[39m=[32m"6"[39m
                  [36m/>[39m
                  [36m<line[39m
                    [33mx1[39m=[32m"3"[39m
                    [33mx2[39m=[32m"21"[39m
                    [33my1[39m=[32m"12"[39m
                    [33my2[39m=[32m"12"[39m
                  [36m/>[39m
                  [36m<line[39m
                    [33mx1[39m=[32m"3"[39m
                    [33mx2[39m=[32m"21"[39m
                    [33my1[39m=[32m"18"[39m
                    [33my2[39m=[32m"18"[39m
                  [36m/>[39m
                [36m</svg>[39m
              [36m</button>[39m
            [36m</div>[39m
          [36m</div>[39m
        [36m</nav>[39m
        [36m<main[39m
          [33mclass[39m=[32m"dashboard-content "[39m
        [36m>[39m
          [36m<div[39m
            [33mclass[39m=[32m"hc-dashboard"[39m
          [36m>[39m
            [36m<div[39m
              [33mclass[39m=[32m"hc-dashboard-content"[39m
            [36m>[39m
              [36m<div[39m
                [33mclass[39m=[32m"page-header"[39m
              [36m>[39m
                [36m<div>[39m
                  [36m<h1[39m
                    [33mclass[39m=[32m"page-header-title"[39m
                  [36m>[39m
                    [0mFee Management[0m
                  [36m</h1>[39m
                  [36m<p[39m
                    [33mclass[39m=[32m"page-header-subtitle"[39m
                  [36m>[39m
                    [0mTrack and manage student fee payments[0m
                  [36m</p>[39m
                [36m</div>[39m
                [36m<div[39m
                  [33mclass[39m=[32m"page-header-actions"[39m
                [36m>[39m
                  [36m<button[39m
                    [33maria-expanded[39m=[32m"false"[39m
                    [33maria-label[39m=[32m"Toggle filters"[39m
                    [33mclass[39m=[32m"filter-toggle-btn"[39m
                  [36m>[39m
                    [36m<svg[39m
                      [33mfill[39m=[32m"none"[39m
                      [33mheight[39m=[32m"14"[39m
                      [33mstroke[39m=[32m"currentColor"[39m
                      [33mstroke-width[39m=[32m"2"[39m
                      [33mviewBox[39m=[32m"0 0 24 24"[39m
                      [33mwidth[39m=[32m"14"[39m
                    [36m>[39m
                      [36m<path[39m
                        [33md[39m=[32m"M3 4a1 1 0 0 1 1-1h16a1 1 0 0 1 1 1v2.586a1 1 0 0 1-.293.707l-6.414 6.414a1 1 0 0 0-.293.707V17l-4 4v-6.586a1 1 0 0 0-.293-.707L3.293 7.293A1 1 0 0 1 3 6.586V4z"[39m
                      [36m/>[39m
                    [36m</svg>[39m
                  [36m</button>[39m
                  [36m<button[39m
                    [33mclass[39m=[32m"btn-create-fee"[39m
                    [33mtitle[39m=[32m"Create new fee"[39m
                  [36m>[39m
                    [36m<svg[39m
                      [33mfill[39m=[32m"none"[39m
                      [33mheight[39m=[32m"16"[39m
                      [33mstroke[39m=[32m"currentColor"[39m
                      [33mstroke-width[39m=[32m"2"[39m
                      [33mviewBox[39m=[32m"0 0 24 24"[39m
                      [33mwidth[39m=[32m"16"[39m
                    [36m>[39m
                      [36m<path[39m
                        [33md[39m=[32m"M12 5v14M5 12h14"[39m
                      [36m/>[39m
                    [36m</svg>[39m
                    [0mCreate Fee[0m
                  [36m</button>[39m
                [36m</div>[39m
              [36m</div>[39m
              [36m<div[39m
                [33mclass[39m=[32m"hc-stats-grid"[39m
              [36m>[39m
                [36m<div[39m
                  [33mclass[39m=[32m"stat-card stat-card--success "[39m
                [36m>[39m
                  [36m<div[39m
                    [33mclass[39m=[32m"stat-card__icon"[39m
                  [36m>[39m
                    [36m<svg[39m
                      [33mfill[39m=[32m"none"[39m
                      [33mstroke[39m=[32m"currentColor"[39m
                      [33mviewBox[39m=[32m"0 0 24 24"[39m
                    [36m>[39m
                      [36m<path[39m
                        [33md[39m=[32m"M9 12l2 2 4-4m6 2a9 9 0 11-18 0 9 9 0 0118 0z"[39m
                        [33mstroke-linecap[39m=[32m"round"[39m
                        [33mstroke-linejoin[39m=[32m"round"[39m
                        [33mstroke-width[39m=[32m"2"[39m
                      [36m/>[39m
                    [36m</svg>[39m
                  [36m</div>[39m
                  [36m<div[39m
                    [33mclass[39m=[32m"stat-card__content"[39m
                  [36m>[39m
                    [36m<h3[39m
                      [33mclass[39m=[32m"stat-card__title"[39m
                    [36m>[39m
                      [0mCollected This Month[0m
                    [36m</h3>[39m
                    [36m<div[39m
                      [33mclass[39m=[32m"stat-card__value"[39m
                    [36m>[39m
                      [0m₹0[0m
                    [36m</div>[39m
                    [36m<p[39m
                      [33mclass[39m=[32m"stat-card__label"[39m
                    [36m>[39m
                      [0mThis month[0m
                    [36m</p>[39m
                  [36m</div>[39m
                [36m</div>[39m
                [36m<div[39m
                  [33mclass[39m=[32m"stat-card stat-card--warning "[39m
                [36m>[39m
                  [36m<div[39m
                    [33mclass[39m=[32m"stat-card__icon"[39m
                  [36m>[39m
                    [36m<svg[39m
                      [33mfill[39m=[32m"none"[39m
                      [33mstroke[39m=[32m"currentColor"[39m
                      [33mviewBox[39m=[32m"0 0 24 24"[39m
                    [36m>[39m
                      [36m<path[39m
                        [33md[39m=[32m"M12 8v4l3 3m6-3a9 9 0 11-18 0 9 9 0 0118 0z"[39m
                        [33mstroke-linecap[39m=[32m"round"[39m
                        [33mstroke-linejoin[39m=[32m"round"[39m
                        [33mstroke-width[39m=[32m"2"[39m
                      [36m/>[39m
                    [36m</svg>[39m
                  [36m</div>[39m
                  [36m<div[39m
                    [33mclass[39m=[32m"stat-card__content"[39m
                  [36m>[39m
                    [36m<h3[39m
                      [33mclass[39m=[32m"stat-card__title"[39m
                    [36m>[39m
                      [0mOutstanding Balance[0m
                    [36m</h3>[39m
                    [36m<div[39m
                      [33mclass[39m=[32m"stat-card__value"[39m
                    [36m>[39m
                      [0m₹12,500[0m
                    [36m</div>[39m
                    [36m<p[39m
                      [33mclass[39m=[32m"stat-card__label"[39m
                    [36m>[39m
                      [0mPending payments[0m
                    [36m</p>[39m
                  [36m</div>[39m
                [36m</div>[39m
                [36m<div[39m
                  [33mclass[39m=[32m"stat-card stat-card--danger "[39m
                [36m>[39m
                  [36m<div[39m
                    [33mclass[39m=[32m"stat-card__icon"[39m
                  [36m>[39m
                    [36m<svg[39m
                      [33mfill[39m=[32m"none"[39m
                      [33mstroke[39m=[32m"currentColor"[39m
                      [33mviewBox[39m=[32m"0 0 24 24"[39m
                    [36m>[39m
                      [36m<path[39m
                        [33md[39m=[32m"M12 9v2m0 4h.01m-6.938 4h13.856c1.54 0 2.502-1.667 1.732-3L13.732 4c-.77-1.333-2.694-1.333-3.464 0L3.34 16c-.77 1.333.192 3 1.732 3z"[39m
                        [33mstroke-linecap[39m=[32m"round"[39m
                        [33mstroke-linejoin[39m=[32m"round"[39m
                        [33mstroke-width[39m=[32m"2"[39m
                      [36m/>[39m
                    [36m</svg>[39m
                  [36m</div>[39m
                  [36m<div[39m
                    [33mclass[39m=[32m"stat-card__content"[39m
                  [36m>[39m
                    [36m<h3[39m
                      [33mclass[39m=[32m"stat-card__title"[39m
                    [36m>[39m
                      [0mOverdue Fees[0m
                    [36m</h3>[39m
                    [36m<div[39m
                      [33mclass[39m=[32m"stat-card__value"[39m
                    [36m>[39m
                      [0m3[0m
                    [36m</div>[39m
                    [36m<p[39m
                      [33mclass[39m=[32m"stat-card__label"[39m
                    [36m>[39m
                      [0mNeed attention[0m
                    [36m</p>[39m
                  [36m</div>[39m
                [36m</div>[39m
              [36m</div>[39m
              [36m<div[39m
                [33mclass[39m=[32m"hc-overview"[39m
              [36m>[39m
                [36m<div[39m
                  [33mclass[39m=[32m"table-filter-section"[39m
                [36m>[39m
                  [36m<div[39m
                    [33mclass[39m=[32m"table-filter-section"[39m
                  [36m>[39m
                    [36m<div[39m
                      [33mclass[39m=[32m"table-container"[39m
                    [36m>[39m
                      [36m<table[39m
                        [33mclass[39m=[32m"table-styled"[39m
                      [36m>[39m
                        [36m<thead>[39m
                          [36m<tr>[39m
                            [36m<th>[39m
                              [0mStudent Name[0m
                            [36m</th>[39m
                            [36m<th>[39m
                              [0mMonth/Year[0m
                            [36m</th>[39m
                            [36m<th>[39m
                              [0mAmount[0m
                            [36m</th>[39m
                            [36m<th>[39m
                              [0mDue Date[0m
                            [36m</th>[39m
                            [36m<th>[39m
                              [0mStatus[0m
                            [36m</th>[39m
                            [36m<th>[39m
                              [0mActions[0m
                            [36m</th>[39m
                          [36m</tr>[39m
                        [36m</thead>[39m
                        [36m<tbody>[39m
                          [36m<tr>[39m
                            [36m<td[39m
                              [33mclass[39m=[32m"text-bold"[39m
                            [36m>[39m
                              [0mCharlie Brown[0m
                            [36m</td>[39m
                            [36m<td[39m
                              [33mclass[39m=[32m"text-muted"[39m
                            [36m>[39m
                              [0m2025-10[0m
                            [36m</td>[39m
                            [36m<td[39m
                              [33mclass[39m=[32m"text-bold"[39m
                            [36m>[39m
                              [0m₹3,000[0m
                            [36m</td>[39m
                            [36m<td[39m
                              [33mclass[39m=[32m"text-muted"[39m
                            [36m>[39m
                              [0m10 Oct 2025[0m
                            [36m</td>[39m
                            [36m<td>[39m
                              [36m<span[39m
                                [33mclass[39m=[32m"table-badge table-badge--overdue"[39m
                              [36m>[39m
                                [0mOVERDUE[0m
                              [36m</span>[39m
                            [36m</td>[39m
                            [36m<td>[39m
                              [36m<div[39m
                                [33mclass[39m=[32m"flex gap-2 flex-wrap"[39m
                              [36m>[39m
                                [36m<button[39m
                                  [33mclass[39m=[32m"table-action-link table-action-link--info"[39m
                                [36m>[39m
                                  [0mEdit[0m
                                [36m</button>[39m
                                [36m<button[39m
                                  [33mclass[39m=[32m"table-action-link table-action-link--success"[39m
                                [36m>[39m
                                  [0mMark Paid[0m
                                [36m</button>[39m
                                [36m<button[39m
                                  [33mclass[39m=[32m"table-action-link table-action-link--primary"[39m
                                [36m>[39m
                                  [0mWaive[0m
                                [36m</button>[39m
                              [36m</div>[39m
                            [36m</td>[39m
                          [36m</tr>[39m
                          [36m<tr>[39m
                            [36m<td[39m
                              [33mclass[39m=[32m"text-bold"[39m
                            [36m>[39m
                              [0mJane Smith[0m
                            [36m</td>[39m
                            [36m<td[39m
                              [33mclass[39m=[32m"text-muted"[39m
                            [36m>[39m
                              [0m2025-11[0m
                            [36m</td>[39m
                            [36m<td[39m
                              [33mclass[39m=[32m"text-bold"[39m
                            [36m>[39m
                              [0m₹3,000[0m
                            [36m</td>[39m
                            [36m<td[39m
                              [33mclass[39m=[32m"text-muted"[39m
                            [36m>[39m
                              [0m10 Nov 2025[0m
                            [36m</td>[39m
                            [36m<td>[39m
                              [36m<span[39m
                                [33mclass[39m=[32m"table-badge table-badge--overdue"[39m
                              [36m>[39m
                                [0mOVERDUE[0m
                              [36m</span>[39m
                            [36m</td>[39m
                            [36m<td>[39m
                              [36m<div[39m
                                [33mclass[39m=[32m"flex gap-2 flex-wrap"[39m
                              [36m>[39m
                                [36m<button[39m
                                  [33mclass[39m=[32m"table-action-link table-action-link--info"[39m
                                [36m>[39m
                                  [0mEdit[0m
                                [36m</button>[39m
                                [36m<button[39m
                                  [33mclass[39m=[32m"table-action-link table-action-link--success"[39m
                                [36m>[39m
                                  [0mMark Paid[0m
                                [36m</button>[39m
                                [36m<button[39m
                                  [33mclass[39m=[32m"table-action-link table-action-link--primary"[39m
                                [36m>[39m
                                  [0mWaive[0m
                                [36m</button>[39m
                              [36m</div>[39m
                            [36m</td>[39m
                          [36m</tr>[39m
                          [36m<tr>[39m
                            [36m<td[39m
                              [33mclass[39m=[32m"text-bold"[39m
                            [36m>[39m
                              [0mAlice Johnson[0m
                            [36m</td>[39m
                            [36m<td[39m
                              [33mclass[39m=[32m"text-muted"[39m
                            [36m>[39m
                              [0m2025-12[0m
                            [36m</td>[39m
                            [36m<td[39m
                              [33mclass[39m=[32m"text-bold"[39m
                            [36m>[39m
                              [0m₹3,500[0m
                            [36m</td>[39m
                            [36m<td[39m
                              [33mclass[39m=[32m"text-muted"[39m
                            [36m>[39m
                              [0m10 Dec 2025[0m
                            [36m</td>[39m
                            [36m<td>[39m
                              [36m<span[39m
                                [33mclass[39m=[32m"table-badge table-badge--overdue"[39m
                              [36m>[39m
                                [0mOVERDUE[0m
                              [36m</span>[39m
                            [36m</td>[39m
                            [36m<td>[39m
                              [36m<div[39m
                                [33mclass[39m=[32m"flex gap-2 flex-wrap"[39m
                              [36m>[39m
                                [36m<button[39m
                                  [33mclass[39m=[32m"table-action-link table-action-link--info"[39m
                                [36m>[39m
                                  [0mEdit[0m
                                [36m</button>[39m
                                [36m<button[39m
                                  [33mclass[39m=[32m"table-action-link table-action-link--success"[39m
                                [36m>[39m
                                  [0mMark Paid[0m
                                [36m</button>[39m
                                [36m<button[39m
                                  [33mclass[39m=[32m"table-action-link table-action-link--primary"[39m
                                [36m>[39m
                                  [0mWaive[0m
                                [36m</button>[39m
                              [36m</div>[39m
                            [36m</td>[39m
                          [36m</tr>[39m
                          [36m<tr>[39m
                            [36m<td[39m
                              [33mclass[39m=[32m"text-bold"[39m
                            [36m>[39m
                              [0mJohn Doe[0m
                            [36m</td>[39m
                            [36m<td[39m
                              [33mclass[39m=[32m"text-muted"[39m
                            [36m>[39m
                              [0m2026-01[0m
                            [36m</td>[39m
                            [36m<td[39m
                              [33mclass[39m=[32m"text-bold"[39m
                            [36m>[39m
                              [0m₹3,000[0m
                            [36m</td>[39m
                            [36m<td[39m
                              [33mclass[39m=[32m"text-muted"[39m
                            [36m>[39m
                              [0m10 Jan 2026[0m
                            [36m</td>[39m
                            [36m<td>[39m
                              [36m<span[39m
                                [33mclass[39m=[32m"table-badge table-badge--success"[39m
                              [36m>[39m
                                [0mPAID[0m
                              [36m</span>[39m
                            [36m</td>[39m
                            [36m<td>[39m
                              [36m<span[39m
                                [33mclass[39m=[32m"table-action-link table-action-link--muted"[39m
                              [36m>[39m
                                [0mPaid on [0m
                                [0m8 Jan 2026[0m
                              [36m</span>[39m
                            [36m</td>[39m
                          [36m</tr>[39m
                          [36m<tr>[39m
                            [36m<td[39m
                              [33mclass[39m=[32m"text-bold"[39m
                            [36m>[39m
                              [0mBob Wilson[0m
                            [36m</td>[39m
                            [36m<td[39m
                              [33mclass[39m=[32m"text-muted"[39m
                            [36m>[39m
                              [0m2027-02[0m
                            [36m</td>[39m
                            [36m<td[39m
                              [33mclass[39m=[32m"text-bold"[39m
                            [36m>[39m
                              [0m₹3,000[0m
                            [36m</td>[39m
                            [36m<td[39m
                              [33mclass[39m=[32m"text-muted"[39m
                            [36m>[39m
                              [0m10 Feb 2027[0m
                            [36m</td>[39m
                            [36m<td>[39m
                              [36m<span[39m
                                [33mclass[39m=[32m"table-badge table-badge--pending"[39m
                              [36m>[39m
                                [0mPENDING[0m
                              [36m</span>[39m
                            [36m</td>[39m
                            [36m<td>[39m
                              [36m<div[39m
                                [33mclass[39m=[32m"flex gap-2 flex-wrap"[39m
                              [36m>[39m
                                [36m<button[39m
                                  [33mclass[39m=[32m"table-action-link table-action-link--info"[39m
                                [36m>[39m
                                  [0mEdit[0m
                                [36m</button>[39m
                                [36m<button[39m
                                  [33mclass[39m=[32m"table-action-link table-action-link--success"[39m
                                [36m>[39m
                                  [0mMark Paid[0m
                                [36m</button>[39m
                                [36m<button[39m
                                  [33mclass[39m=[32m"table-action-link table-action-link--primary"[39m
                                [36m>[39m
                                  [0mWaive[0m
                                [36m</button>[39m
                                [36m<button[39m
                                  [33mclass[39m=[32m"table-action-link table-action-link--danger"[39m
                                [36m>[39m
                                  [0mDelete[0m
                                [36m</button>[39m
                              [36m</div>[39m
                            [36m</td>[39m
                          [36m</tr>[39m
                        [36m</tbody>[39m
                      [36m</table>[39m
                    [36m</div>[39m
                  [36m</div>[39m
                [36m</div>[39m
              [36m</div>[39m
            [36m</div>[39m
          [36m</div>[39m
        [36m</main>[39m
      [36m</div>[39m
    [36m</div>[39m
  [36m</body>[39m
[36m</html>[39m
 ❯ Proxy.waitForWrapper node_modules/@testing-library/dom/dist/wait-for.js:163:27
 ❯ src/pages/FeesPage.test.tsx:257:11
    255|     renderFeesPage();
    256|
    257|     await waitFor(() => {
       |           ^
    258|       // Find the filter dropdown
    259|       const filterDropdown = screen.getByLabelText('Filter by Status:'…

⎯⎯⎯⎯⎯⎯⎯⎯⎯⎯⎯⎯⎯⎯⎯⎯⎯⎯⎯⎯⎯[93/107]⎯

 FAIL  src/pages/FeesPage.test.tsx > FeesPage - Overdue Fee Auto-Detection > should display fee stats with correct color coding (Requirement 10.2)
AssertionError: expected null to be truthy

Ignored nodes: comments, script, style
[36m<html>[39m
  [36m<head />[39m
  [36m<body>[39m
    [36m<div>[39m
      [36m<div[39m
        [33mclass[39m=[32m"dashboard-layout"[39m
      [36m>[39m
        [36m<nav[39m
          [33mclass[39m=[32m"topnav"[39m
        [36m>[39m
          [36m<div[39m
            [33mclass[39m=[32m"topnav__container"[39m
          [36m>[39m
            [36m<a[39m
              [33mclass[39m=[32m"topnav__logo"[39m
              [33mdata-discover[39m=[32m"true"[39m
              [33mhref[39m=[32m"/"[39m
            [36m>[39m
              [36m<span[39m
                [33mclass[39m=[32m"topnav__logo-text"[39m
              [36m>[39m
                [0mLoveAll[0m
              [36m</span>[39m
            [36m</a>[39m
            [36m<div[39m
              [33mclass[39m=[32m"topnav__links-desktop"[39m
            [36m>[39m
              [36m<a[39m
                [33mclass[39m=[32m"topnav__link "[39m
                [33mdata-discover[39m=[32m"true"[39m
                [33mhref[39m=[32m"/student-dashboard"[39m
              [36m>[39m
                [0mDashboard[0m
              [36m</a>[39m
              [36m<a[39m
                [33mclass[39m=[32m"topnav__link "[39m
                [33mdata-discover[39m=[32m"true"[39m
                [33mhref[39m=[32m"/my-progress"[39m
              [36m>[39m
                [0mMy Progress[0m
              [36m</a>[39m
              [36m<a[39m
                [33mclass[39m=[32m"topnav__link "[39m
                [33mdata-discover[39m=[32m"true"[39m
                [33mhref[39m=[32m"/my-fees"[39m
              [36m>[39m
                [0mMy Fees[0m
              [36m</a>[39m
            [36m</div>[39m
            [36m<div[39m
              [33mclass[39m=[32m"topnav__right"[39m
            [36m>[39m
              [36m<div[39m
                [33mclass[39m=[32m"topnav__user-info"[39m
              [36m>[39m
                [36m<div[39m
                  [33mclass[39m=[32m"topnav__user-avatar"[39m
                [36m>[39m
                  [0mU[0m
                [36m</div>[39m
                [36m<div[39m
                  [33mclass[39m=[32m"topnav__user-details"[39m
                [36m>[39m
                  [36m<div[39m
                    [33mclass[39m=[32m"topnav__user-name"[39m
                  [36m>[39m
                    [0mUser[0m
                  [36m</div>[39m
                  [36m<div[39m
                    [33mclass[39m=[32m"topnav__user-role"[39m
                  [36m>[39m
                    [0mGuest[0m
                  [36m</div>[39m
                [36m</div>[39m
              [36m</div>[39m
              [36m<button[39m
                [33mclass[39m=[32m"btn-base btn-ghost btn-icon-only topnav__btn-signout"[39m
                [33mtitle[39m=[32m"Sign out"[39m
              [36m>[39m
                [36m<svg[39m
                  [33mclass[39m=[32m"topnav__icon"[39m
                  [33mfill[39m=[32m"none"[39m
                  [33mstroke[39m=[32m"currentColor"[39m
                  [33mstroke-width[39m=[32m"2"[39m
                  [33mviewBox[39m=[32m"0 0 24 24"[39m
                [36m>[39m
                  [36m<path[39m
                    [33md[39m=[32m"M9 21H5a2 2 0 0 1-2-2V5a2 2 0 0 1 2-2h4M16 17l5-5-5-5M21 12H9"[39m
                    [33mstroke-linecap[39m=[32m"round"[39m
                    [33mstroke-linejoin[39m=[32m"round"[39m
                  [36m/>[39m
                [36m</svg>[39m
              [36m</button>[39m
              [36m<button[39m
                [33mclass[39m=[32m"btn-base btn-ghost btn-icon-only topnav__btn-mobile"[39m
                [33mtitle[39m=[32m"Toggle menu"[39m
              [36m>[39m
                [36m<svg[39m
                  [33mclass[39m=[32m"topnav__icon"[39m
                  [33mfill[39m=[32m"none"[39m
                  [33mstroke[39m=[32m"currentColor"[39m
                  [33mstroke-linecap[39m=[32m"round"[39m
                  [33mstroke-linejoin[39m=[32m"round"[39m
                  [33mstroke-width[39m=[32m"2"[39m
                  [33mviewBox[39m=[32m"0 0 24 24"[39m
                [36m>[39m
                  [36m<line[39m
                    [33mx1[39m=[32m"3"[39m
                    [33mx2[39m=[32m"21"[39m
                    [33my1[39m=[32m"6"[39m
                    [33my2[39m=[32m"6"[39m
                  [36m/>[39m
                  [36m<line[39m
                    [33mx1[39m=[32m"3"[39m
                    [33mx2[39m=[32m"21"[39m
                    [33my1[39m=[32m"12"[39m
                    [33my2[39m=[32m"12"[39m
                  [36m/>[39m
                  [36m<line[39m
                    [33mx1[39m=[32m"3"[39m
                    [33mx2[39m=[32m"21"[39m
                    [33my1[39m=[32m"18"[39m
                    [33my2[39m=[32m"18"[39m
                  [36m/>[39m
                [36m</svg>[39m
              [36m</button>[39m
            [36m</div>[39m
          [36m</div>[39m
        [36m</nav>[39m
        [36m<main[39m
          [33mclass[39m=[32m"dashboard-content "[39m
        [36m>[39m
          [36m<div[39m
            [33mclass[39m=[32m"hc-dashboard"[39m
          [36m>[39m
            [36m<div[39m
              [33mclass[39m=[32m"hc-dashboard-content"[39m
            [36m>[39m
              [36m<div[39m
                [33mclass[39m=[32m"page-header"[39m
              [36m>[39m
                [36m<div>[39m
                  [36m<h1[39m
                    [33mclass[39m=[32m"page-header-title"[39m
                  [36m>[39m
                    [0mFee Management[0m
                  [36m</h1>[39m
                  [36m<p[39m
                    [33mclass[39m=[32m"page-header-subtitle"[39m
                  [36m>[39m
                    [0mTrack and manage student fee payments[0m
                  [36m</p>[39m
                [36m</div>[39m
                [36m<div[39m
                  [33mclass[39m=[32m"page-header-actions"[39m
                [36m>[39m
                  [36m<button[39m
                    [33maria-expanded[39m=[32m"false"[39m
                    [33maria-label[39m=[32m"Toggle filters"[39m
                    [33mclass[39m=[32m"filter-toggle-btn"[39m
                  [36m>[39m
                    [36m<svg[39m
                      [33mfill[39m=[32m"none"[39m
                      [33mheight[39m=[32m"14"[39m
                      [33mstroke[39m=[32m"currentColor"[39m
                      [33mstroke-width[39m=[32m"2"[39m
                      [33mviewBox[39m=[32m"0 0 24 24"[39m
                      [33mwidth[39m=[32m"14"[39m
                    [36m>[39m
                      [36m<path[39m
                        [33md[39m=[32m"M3 4a1 1 0 0 1 1-1h16a1 1 0 0 1 1 1v2.586a1 1 0 0 1-.293.707l-6.414 6.414a1 1 0 0 0-.293.707V17l-4 4v-6.586a1 1 0 0 0-.293-.707L3.293 7.293A1 1 0 0 1 3 6.586V4z"[39m
                      [36m/>[39m
                    [36m</svg>[39m
                  [36m</button>[39m
                  [36m<button[39m
                    [33mclass[39m=[32m"btn-create-fee"[39m
                    [33mtitle[39m=[32m"Create new fee"[39m
                  [36m>[39m
                    [36m<svg[39m
                      [33mfill[39m=[32m"none"[39m
                      [33mheight[39m=[32m"16"[39m
                      [33mstroke[39m=[32m"currentColor"[39m
                      [33mstroke-width[39m=[32m"2"[39m
                      [33mviewBox[39m=[32m"0 0 24 24"[39m
                      [33mwidth[39m=[32m"16"[39m
                    [36m>[39m
                      [36m<path[39m
                        [33md[39m=[32m"M12 5v14M5 12h14"[39m
                      [36m/>[39m
                    [36m</svg>[39m
                    [0mCreate Fee[0m
                  [36m</button>[39m
                [36m</div>[39m
              [36m</div>[39m
              [36m<div[39m
                [33mclass[39m=[32m"hc-stats-grid"[39m
              [36m>[39m
                [36m<div[39m
                  [33mclass[39m=[32m"stat-card stat-card--success "[39m
                [36m>[39m
                  [36m<div[39m
                    [33mclass[39m=[32m"stat-card__icon"[39m
                  [36m>[39m
                    [36m<svg[39m
                      [33mfill[39m=[32m"none"[39m
                      [33mstroke[39m=[32m"currentColor"[39m
                      [33mviewBox[39m=[32m"0 0 24 24"[39m
                    [36m>[39m
                      [36m<path[39m
                        [33md[39m=[32m"M9 12l2 2 4-4m6 2a9 9 0 11-18 0 9 9 0 0118 0z"[39m
                        [33mstroke-linecap[39m=[32m"round"[39m
                        [33mstroke-linejoin[39m=[32m"round"[39m
                        [33mstroke-width[39m=[32m"2"[39m
                      [36m/>[39m
                    [36m</svg>[39m
                  [36m</div>[39m
                  [36m<div[39m
                    [33mclass[39m=[32m"stat-card__content"[39m
                  [36m>[39m
                    [36m<h3[39m
                      [33mclass[39m=[32m"stat-card__title"[39m
                    [36m>[39m
                      [0mCollected This Month[0m
                    [36m</h3>[39m
                    [36m<div[39m
                      [33mclass[39m=[32m"stat-card__value"[39m
                    [36m>[39m
                      [0m₹0[0m
                    [36m</div>[39m
                    [36m<p[39m
                      [33mclass[39m=[32m"stat-card__label"[39m
                    [36m>[39m
                      [0mThis month[0m
                    [36m</p>[39m
                  [36m</div>[39m
                [36m</div>[39m
                [36m<div[39m
                  [33mclass[39m=[32m"stat-card stat-card--warning "[39m
                [36m>[39m
                  [36m<div[39m
                    [33mclass[39m=[32m"stat-card__icon"[39m
                  [36m>[39m
                    [36m<svg[39m
                      [33mfill[39m=[32m"none"[39m
                      [33mstroke[39m=[32m"currentColor"[39m
                      [33mviewBox[39m=[32m"0 0 24 24"[39m
                    [36m>[39m
                      [36m<path[39m
                        [33md[39m=[32m"M12 8v4l3 3m6-3a9 9 0 11-18 0 9 9 0 0118 0z"[39m
                        [33mstroke-linecap[39m=[32m"round"[39m
                        [33mstroke-linejoin[39m=[32m"round"[39m
                        [33mstroke-width[39m=[32m"2"[39m
                      [36m/>[39m
                    [36m</svg>[39m
                  [36m</div>[39m
                  [36m<div[39m
                    [33mclass[39m=[32m"stat-card__content"[39m
                  [36m>[39m
                    [36m<h3[39m
                      [33mclass[39m=[32m"stat-card__title"[39m
                    [36m>[39m
                      [0mOutstanding Balance[0m
                    [36m</h3>[39m
                    [36m<div[39m
                      [33mclass[39m=[32m"stat-card__value"[39m
                    [36m>[39m
                      [0m₹12,500[0m
                    [36m</div>[39m
                    [36m<p[39m
                      [33mclass[39m=[32m"stat-card__label"[39m
                    [36m>[39m
                      [0mPending payments[0m
                    [36m</p>[39m
                  [36m</div>[39m
                [36m</div>[39m
                [36m<div[39m
                  [33mclass[39m=[32m"stat-card stat-card--danger "[39m
                [36m>[39m
                  [36m<div[39m
                    [33mclass[39m=[32m"stat-card__icon"[39m
                  [36m>[39m
                    [36m<svg[39m
                      [33mfill[39m=[32m"none"[39m
                      [33mstroke[39m=[32m"currentColor"[39m
                      [33mviewBox[39m=[32m"0 0 24 24"[39m
                    [36m>[39m
                      [36m<path[39m
                        [33md[39m=[32m"M12 9v2m0 4h.01m-6.938 4h13.856c1.54 0 2.502-1.667 1.732-3L13.732 4c-.77-1.333-2.694-1.333-3.464 0L3.34 16c-.77 1.333.192 3 1.732 3z"[39m
                        [33mstroke-linecap[39m=[32m"round"[39m
                        [33mstroke-linejoin[39m=[32m"round"[39m
                        [33mstroke-width[39m=[32m"2"[39m
                      [36m/>[39m
                    [36m</svg>[39m
                  [36m</div>[39m
                  [36m<div[39m
                    [33mclass[39m=[32m"stat-card__content"[39m
                  [36m>[39m
                    [36m<h3[39m
                      [33mclass[39m=[32m"stat-card__title"[39m
                    [36m>[39m
                      [0mOverdue Fees[0m
                    [36m</h3>[39m
                    [36m<div[39m
                      [33mclass[39m=[32m"stat-card__value"[39m
                    [36m>[39m
                      [0m3[0m
                    [36m</div>[39m
                    [36m<p[39m
                      [33mclass[39m=[32m"stat-card__label"[39m
                    [36m>[39m
                      [0mNeed attention[0m
                    [36m</p>[39m
                  [36m</div>[39m
                [36m</div>[39m
              [36m</div>[39m
              [36m<div[39m
                [33mclass[39m=[32m"hc-overview"[39m
              [36m>[39m
                [36m<div[39m
                  [33mclass[39m=[32m"table-filter-section"[39m
                [36m>[39m
                  [36m<div[39m
                    [33mclass[39m=[32m"table-filter-section"[39m
                  [36m>[39m
                    [36m<div[39m
                      [33mclass[39m=[32m"table-container"[39m
                    [36m>[39m
                      [36m<table[39m
                        [33mclass[39m=[32m"table-styled"[39m
                      [36m>[39m
                        [36m<thead>[39m
                          [36m<tr>[39m
                            [36m<th>[39m
                              [0mStudent Name[0m
                            [36m</th>[39m
                            [36m<th>[39m
                              [0mMonth/Year[0m
                            [36m</th>[39m
                            [36m<th>[39m
                              [0mAmount[0m
                            [36m</th>[39m
                            [36m<th>[39m
                              [0mDue Date[0m
                            [36m</th>[39m
                            [36m<th>[39m
                              [0mStatus[0m
                            [36m</th>[39m
                            [36m<th>[39m
                              [0mActions[0m
                            [36m</th>[39m
                          [36m</tr>[39m
                        [36m</thead>[39m
                        [36m<tbody>[39m
                          [36m<tr>[39m
                            [36m<td[39m
                              [33mclass[39m=[32m"text-bold"[39m
                            [36m>[39m
                              [0mCharlie Brown[0m
                            [36m</td>[39m
                            [36m<td[39m
                              [33mclass[39m=[32m"text-muted"[39m
                            [36m>[39m
                              [0m2025-10[0m
                            [36m</td>[39m
                            [36m<td[39m
                              [33mclass[39m=[32m"text-bold"[39m
                            [36m>[39m
                              [0m₹3,000[0m
                            [36m</td>[39m
                            [36m<td[39m
                              [33mclass[39m=[32m"text-muted"[39m
                            [36m>[39m
                              [0m10 Oct 2025[0m
                            [36m</td>[39m
                            [36m<td>[39m
                              [36m<span[39m
                                [33mclass[39m=[32m"table-badge table-badge--overdue"[39m
                              [36m>[39m
                                [0mOVERDUE[0m
                              [36m</span>[39m
                            [36m</td>[39m
                            [36m<td>[39m
                              [36m<div[39m
                                [33mclass[39m=[32m"flex gap-2 flex-wrap"[39m
                              [36m>[39m
                                [36m<button[39m
                                  [33mclass[39m=[32m"table-action-link table-action-link--info"[39m
                                [36m>[39m
                                  [0mEdit[0m
                                [36m</button>[39m
                                [36m<button[39m
                                  [33mclass[39m=[32m"table-action-link table-action-link--success"[39m
                                [36m>[39m
                                  [0mMark Paid[0m
                                [36m</button>[39m
                                [36m<button[39m
                                  [33mclass[39m=[32m"table-action-link table-action-link--primary"[39m
                                [36m>[39m
                                  [0mWaive[0m
                                [36m</button>[39m
                              [36m</div>[39m
                            [36m</td>[39m
                          [36m</tr>[39m
                          [36m<tr>[39m
                            [36m<td[39m
                              [33mclass[39m=[32m"text-bold"[39m
                            [36m>[39m
                              [0mJane Smith[0m
                            [36m</td>[39m
                            [36m<td[39m
                              [33mclass[39m=[32m"text-muted"[39m
                            [36m>[39m
                              [0m2025-11[0m
                            [36m</td>[39m
                            [36m<td[39m
                              [33mclass[39m=[32m"text-bold"[39m
                            [36m>[39m
                              [0m₹3,000[0m
                            [36m</td>[39m
                            [36m<td[39m
                              [33mclass[39m=[32m"text-muted"[39m
                            [36m>[39m
                              [0m10 Nov 2025[0m
                            [36m</td>[39m
                            [36m<td>[39m
                              [36m<span[39m
                                [33mclass[39m=[32m"table-badge table-badge--overdue"[39m
                              [36m>[39m
                                [0mOVERDUE[0m
                              [36m</span>[39m
                            [36m</td>[39m
                            [36m<td>[39m
                              [36m<div[39m
                                [33mclass[39m=[32m"flex gap-2 flex-wrap"[39m
                              [36m>[39m
                                [36m<button[39m
                                  [33mclass[39m=[32m"table-action-link table-action-link--info"[39m
                                [36m>[39m
                                  [0mEdit[0m
                                [36m</button>[39m
                                [36m<button[39m
                                  [33mclass[39m=[32m"table-action-link table-action-link--success"[39m
                                [36m>[39m
                                  [0mMark Paid[0m
                                [36m</button>[39m
                                [36m<button[39m
                                  [33mclass[39m=[32m"table-action-link table-action-link--primary"[39m
                                [36m>[39m
                                  [0mWaive[0m
                                [36m</button>[39m
                              [36m</div>[39m
                            [36m</td>[39m
                          [36m</tr>[39m
                          [36m<tr>[39m
                            [36m<td[39m
                              [33mclass[39m=[32m"text-bold"[39m
                            [36m>[39m
                              [0mAlice Johnson[0m
                            [36m</td>[39m
                            [36m<td[39m
                              [33mclass[39m=[32m"text-muted"[39m
                            [36m>[39m
                              [0m2025-12[0m
                            [36m</td>[39m
                            [36m<td[39m
                              [33mclass[39m=[32m"text-bold"[39m
                            [36m>[39m
                              [0m₹3,500[0m
                            [36m</td>[39m
                            [36m<td[39m
                              [33mclass[39m=[32m"text-muted"[39m
                            [36m>[39m
                              [0m10 Dec 2025[0m
                            [36m</td>[39m
                            [36m<td>[39m
                              [36m<span[39m
                                [33mclass[39m=[32m"table-badge table-badge--overdue"[39m
                              [36m>[39m
                                [0mOVERDUE[0m
                              [36m</span>[39m
                            [36m</td>[39m
                            [36m<td>[39m
                              [36m<div[39m
                                [33mclass[39m=[32m"flex gap-2 flex-wrap"[39m
                              [36m>[39m
                                [36m<button[39m
                                  [33mclass[39m=[32m"table-action-link table-action-link--info"[39m
                                [36m>[39m
                                  [0mEdit[0m
                                [36m</button>[39m
                                [36m<button[39m
                                  [33mclass[39m=[32m"table-action-link table-action-link--success"[39m
                                [36m>[39m
                                  [0mMark Paid[0m
                                [36m</button>[39m
                                [36m<button[39m
                                  [33mclass[39m=[32m"table-action-link table-action-link--primary"[39m
                                [36m>[39m
                                  [0mWaive[0m
                                [36m</button>[39m
                              [36m</div>[39m
                            [36m</td>[39m
                          [36m</tr>[39m
                          [36m<tr>[39m
                            [36m<td[39m
                              [33mclass[39m=[32m"text-bold"[39m
                            [36m>[39m
                              [0mJohn Doe[0m
                            [36m</td>[39m
                            [36m<td[39m
                              [33mclass[39m=[32m"text-muted"[39m
                            [36m>[39m
                              [0m2026-01[0m
                            [36m</td>[39m
                            [36m<td[39m
                              [33mclass[39m=[32m"text-bold"[39m
                            [36m>[39m
                              [0m₹3,000[0m
                            [36m</td>[39m
                            [36m<td[39m
                              [33mclass[39m=[32m"text-muted"[39m
                            [36m>[39m
                              [0m10 Jan 2026[0m
                            [36m</td>[39m
                            [36m<td>[39m
                              [36m<span[39m
                                [33mclass[39m=[32m"table-badge table-badge--success"[39m
                              [36m>[39m
                                [0mPAID[0m
                              [36m</span>[39m
                            [36m</td>[39m
                            [36m<td>[39m
                              [36m<span[39m
                                [33mclass[39m=[32m"table-action-link table-action-link--muted"[39m
                              [36m>[39m
                                [0mPaid on [0m
                                [0m8 Jan 2026[0m
                              [36m</span>[39m
                            [36m</td>[39m
                          [36m</tr>[39m
                          [36m<tr>[39m
                            [36m<td[39m
                              [33mclass[39m=[32m"text-bold"[39m
                            [36m>[39m
                              [0mBob Wilson[0m
                            [36m</td>[39m
                            [36m<td[39m
                              [33mclass[39m=[32m"text-muted"[39m
                            [36m>[39m
                              [0m2027-02[0m
                            [36m</td>[39m
                            [36m<td[39m
                              [33mclass[39m=[32m"text-bold"[39m
                            [36m>[39m
                              [0m₹3,000[0m
                            [36m</td>[39m
                            [36m<td[39m
                              [33mclass[39m=[32m"text-muted"[39m
                            [36m>[39m
                              [0m10 Feb 2027[0m
                            [36m</td>[39m
                            [36m<td>[39m
                              [36m<span[39m
                                [33mclass[39m=[32m"table-badge table-badge--pending"[39m
                              [36m>[39m
                                [0mPENDING[0m
                              [36m</span>[39m
                            [36m</td>[39m
                            [36m<td>[39m
                              [36m<div[39m
                                [33mclass[39m=[32m"flex gap-2 flex-wrap"[39m
                              [36m>[39m
                                [36m<button[39m
                                  [33mclass[39m=[32m"table-action-link table-action-link--info"[39m
                                [36m>[39m
                                  [0mEdit[0m
                                [36m</button>[39m
                                [36m<button[39m
                                  [33mclass[39m=[32m"table-action-link table-action-link--success"[39m
                                [36m>[39m
                                  [0mMark Paid[0m
                                [36m</button>[39m
                                [36m<button[39m
                                  [33mclass[39m=[32m"table-action-link table-action-link--primary"[39m
                                [36m>[39m
                                  [0mWaive[0m
                                [36m</button>[39m
                                [36m<button[39m
                                  [33mclass[39m=[32m"table-action-link table-action-link--danger"[39m
                                [36m>[39m
                                  [0mDelete[0m
                                [36m</button>[39m
                              [36m</div>[39m
                            [36m</td>[39m
                          [36m</tr>[39m
                        [36m</tbody>[39m
                      [36m</table>[39m
                    [36m</div>[39m
                  [36m</div>[39m
                [36m</div>[39m
              [36m</div>[39m
            [36m</div>[39m
          [36m</div>[39m
        [36m</main>[39m
      [36m</div>[39m
    [36m</div>[39m
  [36m</body>[39m
[36m</html>[39m

- Expected:
true

+ Received:
null

 ❯ src/pages/FeesPage.test.tsx:306:29
    304|
    305|       // Check color coding - cards should have the correct background…
    306|       expect(collectedCard).toBeTruthy();
       |                             ^
    307|       expect(outstandingCard).toBeTruthy();
    308|       expect(overdueCard).toBeTruthy();
 ❯ runWithExpensiveErrorDiagnosticsDisabled node_modules/@testing-library/dom/dist/config.js:47:12
 ❯ checkCallback node_modules/@testing-library/dom/dist/wait-for.js:124:77
 ❯ Timeout.checkRealTimersCallback node_modules/@testing-library/dom/dist/wait-for.js:118:16

⎯⎯⎯⎯⎯⎯⎯⎯⎯⎯⎯⎯⎯⎯⎯⎯⎯⎯⎯⎯⎯[94/107]⎯

 FAIL  src/pages/HeadCoachDashboard.test.tsx > HeadCoachDashboard - Review Reminder > renders the dashboard without errors
Error: [2mexpect([22m[31mreceived[39m[2m).toBeInTheDocument()[22m

[31mreceived[39m value must be an HTMLElement or an SVGElement.
Received has type:  Null
Received has value: [31mnull[39m
 ❯ src/pages/HeadCoachDashboard.test.tsx:108:62
    106|     const { container } = renderDashboard();
    107|
    108|     expect(container.querySelector('.head-coach-dashboard')).toBeInThe…
       |                                                              ^
    109|   });
    110|

⎯⎯⎯⎯⎯⎯⎯⎯⎯⎯⎯⎯⎯⎯⎯⎯⎯⎯⎯⎯⎯[95/107]⎯

 FAIL  src/pages/HeadCoachDashboard.test.tsx > HeadCoachDashboard - Review Reminder > displays section title "All Students"
TestingLibraryElementError: Unable to find an element with the text: All Students. This could be because the text is broken up by multiple elements. In this case, you can provide a function for your text matcher to make your matcher more flexible.

Ignored nodes: comments, script, style
[36m<body>[39m
  [36m<div>[39m
    [36m<div>[39m
      [36m<div[39m
        [33mclass[39m=[32m"hc-dashboard"[39m
      [36m>[39m
        [36m<div[39m
          [33mclass[39m=[32m"hc-dashboard-content"[39m
        [36m>[39m
          [36m<div[39m
            [33mclass[39m=[32m"hc-welcome"[39m
          [36m>[39m
            [36m<h1[39m
              [33mclass[39m=[32m"hc-welcome-title"[39m
            [36m>[39m
              [0mWelcome, [0m
              [0mTest Coach[0m
              [0m![0m
            [36m</h1>[39m
            [36m<p[39m
              [33mclass[39m=[32m"hc-welcome-subtitle"[39m
            [36m>[39m
              [0mHere's an overview of your coaching operations[0m
            [36m</p>[39m
          [36m</div>[39m
          [36m<div[39m
            [33mclass[39m=[32m"hc-stats-grid"[39m
          [36m>[39m
            [36m<div[39m
              [33mdata-testid[39m=[32m"stat-card"[39m
            [36m>[39m
              [36m<div[39m
                [33mdata-testid[39m=[32m"stat-title"[39m
              [36m>[39m
                [0mTotal Students[0m
              [36m</div>[39m
              [36m<div[39m
                [33mdata-testid[39m=[32m"stat-value"[39m
              [36m>[39m
                [0m10[0m
              [36m</div>[39m
              [36m<div[39m
                [33mdata-testid[39m=[32m"stat-label"[39m
              [36m>[39m
                [0mActive students[0m
              [36m</div>[39m
            [36m</div>[39m
            [36m<div[39m
              [33mdata-testid[39m=[32m"stat-card"[39m
            [36m>[39m
              [36m<div[39m
                [33mdata-testid[39m=[32m"stat-title"[39m
              [36m>[39m
                [0mBAID Registered[0m
              [36m</div>[39m
              [36m<div[39m
                [33mdata-testid[39m=[32m"stat-value"[39m
              [36m>[39m
                [0m8/10[0m
              [36m</div>[39m
              [36m<div[39m
                [33mdata-testid[39m=[32m"stat-label"[39m
              [36m>[39m
                [0m80% registered[0m
              [36m</div>[39m
            [36m</div>[39m
            [36m<div[39m
              [33mdata-testid[39m=[32m"stat-card"[39m
            [36m>[39m
              [36m<div[39m
                [33mdata-testid[39m=[32m"stat-title"[39m
              [36m>[39m
                [0mBatches[0m
              [36m</div>[39m
              [36m<div[39m
                [33mdata-testid[39m=[32m"stat-value"[39m
              [36m>[39m
                [0m3[0m
              [36m</div>[39m
              [36m<div[39m
                [33mdata-testid[39m=[32m"stat-label"[39m
              [36m>[39m
                [0mActive batches[0m
              [36m</div>[39m
            [36m</div>[39m
            [36m<div[39m
              [33mdata-testid[39m=[32m"stat-card"[39m
            [36m>[39m
              [36m<div[39m
                [33mdata-testid[39m=[32m"stat-title"[39m
              [36m>[39m
                [0mDue for Review[0m
              [36m</div>[39m
              [36m<div[39m
                [33mdata-testid[39m=[32m"stat-value"[39m
              [36m>[39m
                [0m10[0m
              [36m</div>[39m
              [36m<div[39m
                [33mdata-testid[39m=[32m"stat-label"[39m
              [36m>[39m
                [0m10 students need assessment[0m
              [36m</div>[39m
            [36m</div>[39m
          [36m</div>[39m
          [36m<div[39m
            [33mclass[39m=[32m"hc-review-section-header"[39m
          [36m>[39m
            [36m<h2[39m
              [33mclass[39m=[32m"hc-review-title"[39m
            [36m>[39m
              [0mStudents Due for Review ([0m
              [0m10[0m
              [0m)[0m
            [36m</h2>[39m
            [36m<p[39m
              [33mclass[39m=[32m"hc-review-subtitle"[39m
            [36m>[39m
              [0mStudents who need bi-monthly skill assessment (60+ days since last assessment)[0m
            [36m</p>[39m
          [36m</div>[39m
          [36m<div[39m
            [33mdata-testid[39m=[32m"student-grid"[39m
          [36m>[39m
            [0m10[0m
            [0m students[0m
          [36m</div>[39m
          [36m<div[39m
            [33mclass[39m=[32m"hc-overview"[39m
          [36m>[39m
            [36m<h2[39m
              [33mclass[39m=[32m"hc-overview-title"[39m
            [36m>[39m
              [0mDashboard Overview[0m
            [36m</h2>[39m
            [36m<div[39m
              [33mclass[39m=[32m"hc-overview-grid"[39m
            [36m>[39m
              [36m<div[39m
                [33mclass[39m=[32m"fee-alerts fee-alerts--danger"[39m
              [36m>[39m
                [36m<div[39m
                  [33mclass[39m=[32m"fee-alerts__container"[39m
                [36m>[39m
                  [36m<div[39m
                    [33mclass[39m=[32m"fee-alerts__icon-wrapper fee-alerts__icon-wrapper--danger"[39m
                  [36m>[39m
                    [36m<svg[39m
                      [33mclass[39m=[32m"fee-alerts__icon"[39m
                      [33mfill[39m=[32m"none"[39m
                      [33mstroke[39m=[32m"currentColor"[39m
                      [33mviewBox[39m=[32m"0 0 24 24"[39m
                    [36m>[39m
                      [36m<path[39m
                        [33md[39m=[32m"M12 9v2m0 4h.01m-6.938 4h13.856c1.54 0 2.502-1.667 1.732-3L13.732 4c-.77-1.333-2.694-1.333-3.464 0L3.34 16c-.77 1.333.192 3 1.732 3z"[39m
                        [33mstroke-linecap[39m=[32m"round"[39m
                        [33mstroke-linejoin[39m=[32m"round"[39m
                        [33mstroke-width[39m=[32m"2"[39m
                      [36m/>[39m
                    [36m</svg>[39m
                  [36m</div>[39m
                  [36m<div[39m
                    [33mclass[39m=[32m"fee-alerts__content"[39m
                  [36m>[39m
                    [36m<div[39m
                      [33mclass[39m=[32m"fee-alerts__header"[39m
                    [36m>[39m
                      [36m<h3[39m
                        [33mclass[39m=[32m"fee-alerts__title fee-alerts__title--danger"[39m
                      [36m>[39m
                        [0mFee Alerts[0m
                      [36m</h3>[39m
                      [36m<span[39m
                        [33mclass[39m=[32m"fee-alerts__count"[39m
                      [36m>[39m
                        [0m5[0m
                        [0m overdue[0m
                      [36m</span>[39m
                    [36m</div>[39m
                    [36m<p[39m
                      [33mclass[39m=...
 ❯ Object.getElementError node_modules/@testing-library/dom/dist/config.js:37:19
 ❯ node_modules/@testing-library/dom/dist/query-helpers.js:76:38
 ❯ node_modules/@testing-library/dom/dist/query-helpers.js:52:17
 ❯ node_modules/@testing-library/dom/dist/query-helpers.js:95:19
 ❯ src/pages/HeadCoachDashboard.test.tsx:139:19
    137|     renderDashboard();
    138|
    139|     expect(screen.getByText('All Students')).toBeInTheDocument();
       |                   ^
    140|   });
    141| });

⎯⎯⎯⎯⎯⎯⎯⎯⎯⎯⎯⎯⎯⎯⎯⎯⎯⎯⎯⎯⎯[96/107]⎯

 FAIL  src/pages/LoginPage.test.tsx > LoginPage Component > Invalid Credentials > should show error message for invalid username
TestingLibraryElementError: Unable to find an element with the text: /invalid username or password/i. This could be because the text is broken up by multiple elements. In this case, you can provide a function for your text matcher to make your matcher more flexible.

Ignored nodes: comments, script, style
[36m<body>[39m
  [36m<div>[39m
    [36m<div[39m
      [33mclass[39m=[32m"login-page"[39m
    [36m>[39m
      [36m<div[39m
        [33mclass[39m=[32m"login-page__container"[39m
      [36m>[39m
        [36m<div[39m
          [33mclass[39m=[32m"login-page__card"[39m
        [36m>[39m
          [36m<div[39m
            [33mclass[39m=[32m"login-page__header"[39m
          [36m>[39m
            [36m<h1[39m
              [33mclass[39m=[32m"login-page__title"[39m
            [36m>[39m
              [0mLoveAll[0m
            [36m</h1>[39m
            [36m<p[39m
              [33mclass[39m=[32m"login-page__subtitle"[39m
            [36m>[39m
              [0mBadminton Training Management[0m
            [36m</p>[39m
          [36m</div>[39m
          [36m<form[39m
            [33mclass[39m=[32m"login-page__form"[39m
            [33mnovalidate[39m=[32m""[39m
          [36m>[39m
            [36m<div[39m
              [33mclass[39m=[32m"alert-base alert--danger"[39m
              [33mrole[39m=[32m"alert"[39m
            [36m>[39m
              [36m<svg[39m
                [33maria-hidden[39m=[32m"true"[39m
                [33mclass[39m=[32m"alert-base__icon"[39m
                [33mfill[39m=[32m"none"[39m
                [33mheight[39m=[32m"20"[39m
                [33mviewBox[39m=[32m"0 0 20 20"[39m
                [33mwidth[39m=[32m"20"[39m
              [36m>[39m
                [36m<path[39m
                  [33md[39m=[32m"M10 18a8 8 0 100-16 8 8 0 000 16zM10 6v4m0 4h.01"[39m
                  [33mstroke[39m=[32m"currentColor"[39m
                  [33mstroke-linecap[39m=[32m"round"[39m
                  [33mstroke-linejoin[39m=[32m"round"[39m
                  [33mstroke-width[39m=[32m"2"[39m
                [36m/>[39m
              [36m</svg>[39m
              [36m<div[39m
                [33mclass[39m=[32m"alert-base__content"[39m
              [36m>[39m
                [36m<div[39m
                  [33mclass[39m=[32m"alert-base__title"[39m
                [36m>[39m
                  [0mRequest failed with status code 401[0m
                [36m</div>[39m
              [36m</div>[39m
            [36m</div>[39m
            [36m<div[39m
              [33mclass[39m=[32m"login-page__form-group"[39m
            [36m>[39m
              [36m<label[39m
                [33mclass[39m=[32m"label-base label-base--required"[39m
                [33mfor[39m=[32m"username"[39m
              [36m>[39m
                [0mUsername[0m
              [36m</label>[39m
              [36m<input[39m
                [33mautocomplete[39m=[32m"username"[39m
                [33mclass[39m=[32m"input-base "[39m
                [33mid[39m=[32m"username"[39m
                [33mplaceholder[39m=[32m"Enter your username"[39m
                [33mrequired[39m=[32m""[39m
                [33mtype[39m=[32m"text"[39m
                [33mvalue[39m=[32m"invalid_user"[39m
              [36m/>[39m
            [36m</div>[39m
            [36m<div[39m
              [33mclass[39m=[32m"login-page__form-group"[39m
            [36m>[39m
              [36m<label[39m
                [33mclass[39m=[32m"label-base label-base--required"[39m
                [33mfor[39m=[32m"password"[39m
              [36m>[39m
                [0mPassword[0m
              [36m</label>[39m
              [36m<input[39m
                [33mautocomplete[39m=[32m"current-password"[39m
                [33mclass[39m=[32m"input-base "[39m
                [33mid[39m=[32m"password"[39m
                [33mplaceholder[39m=[32m"Enter your password"[39m
                [33mrequired[39m=[32m""[39m
                [33mtype[39m=[32m"password"[39m
                [33mvalue[39m=[32m"password123"[39m
              [36m/>[39m
            [36m</div>[39m
            [36m<button[39m
              [33maria-busy[39m=[32m"false"[39m
              [33mclass[39m=[32m"btn-base btn--primary btn--md btn--full"[39m
              [33mtype[39m=[32m"submit"[39m
            [36m>[39m
              [0mSign In[0m
            [36m</button>[39m
          [36m</form>[39m
          [36m<div[39m
            [33mclass[39m=[32m"login-page__demo-credentials"[39m
          [36m>[39m
            [36m<p[39m
              [33mclass[39m=[32m"login-page__demo-title"[39m
            [36m>[39m
              [0mDemo Credentials[0m
            [36m</p>[39m
            [36m<div[39m
              [33mclass[39m=[32m"login-page__credential-list"[39m
            [36m>[39m
              [36m<div[39m
                [33mclass[39m=[32m"login-page__credential-item"[39m
              [36m>[39m
                [36m<span[39m
                  [33mclass[39m=[32m"login-page__credential-role"[39m
                [36m>[39m
                  [0mHead Coach:[0m
                [36m</span>[39m
                [36m<span[39m
                  [33mclass[39m=[32m"login-page__credential-value"[39m
                [36m>[39m
                  [0mheadcoach / password123[0m
                [36m</span>[39m
              [36m</div>[39m
              [36m<div[39m
                [33mclass[39m=[32m"login-page__credential-item"[39m
              [36m>[39m
                [36m<span[39m
                  [33mclass[39m=[32m"login-page__credential-role"[39m
                [36m>[39m
                  [0mAssistant Coach:[0m
                [36m</span>[39m
                [36m<span[39m
                  [33mclass[39m=[32m"login-page__credential-value"[39m
                [36m>[39m
                  [0massistant1 / password123[0m
                [36m</span>[39m
              [36m</div>[39m
              [36m<div[39m
                [33mclass[39m=[32m"login-page__credential-item"[39m
              [36m>[39m
                [36m<span[39m
                  [33mclass[39m=[32m"login-page__credential-role"[39m
                [36m>[39m
                  [0mStudent:[0m
                [36m</span>[39m
                [36m<span[39m
                  [33mclass[39m=[32m"login-page__credential-value"[39m
                [36m>[39m
                  [0maarav / password123[0m
                [36m</span>[39m
              [36m</div>[39m
            [36m</div>[39m
          [36m</div>[39m
        [36m</div>[39m
      [36m</div>[39m
    [36m</div>[39m
  [36m</div>[39m
[36m</body>[39m

Ignored nodes: comments, script, style
[36m<html>[39m
  [36m<head />[39m
  [36m<body>[39m
    [36m<div>[39m
      [36m<div[39m
        [33mclass[39m=[32m"login-page"[39m
      [36m>[39m
        [36m<div[39m
          [33mclass[39m=[32m"login-page__container"[39m
        [36m>[39m
          [36m<div[39m
            [33mclass[39m=[32m"login-page__card"[39m
          [36m>[39m
            [36m<div[39m
              [33mclass[39m=[32m"login-page__header"[39m
            [36m>[39m
              [36m<h1[39m
                [33mclass[39m=[32m"login-page__title"[39m
              [36m>[39m
                [0mLoveAll[0m
              [36m</h1>[39m
              [36m<p[39m
                [33mclass[39m=[32m"login-page__subtitle"[39m
              [36m>[39m
                [0mBadminton Training Management[0m
              [36m</p>[39m
            [36m</div>[39m
            [36m<form[39m
              [33mclass[39m=[32m"login-page__form"[39m
              [33mnovalidate[39m=[32m""[39m
            [36m>[39m
              [36m<div[39m
                [33mclass[39m=[32m"alert-base alert--danger"[39m
                [33mrole[39m=[32m"alert"[39m
              [36m>[39m
                [36m<svg[39m
                  [33maria-hidden[39m=[32m"true"[39m
                  [33mclass[39m=[32m"alert-base__icon"[39m
                  [33mfill[39m=[32m"none"[39m
                  [33mheight[39m=[32m"20"[39m
                  [33mviewBox[39m=[32m"0 0 20 20"[39m
                  [33mwidth[39m=[32m"20"[39m
                [36m>[39m
                  [36m<path[39m
                    [33md[39m=[32m"M10 18a8 8 0 100-16 8 8 0 000 16zM10 6v4m0 4h.01"[39m
                    [33mstroke[39m=[32m"currentColor"[39m
                    [33mstroke-linecap[39m=[32m"round"[39m
                    [33mstroke-linejoin[39m=[32m"round"[39m
                    [33mstroke-width[39m=[32m"2"[39m
                  [36m/>[39m
                [36m</svg>[39m
                [36m<div[39m
                  [33mclass[39m=[32m"alert-base__content"[39m
                [36m>[39m
                  [36m<div[39m
                    [33mclass[39m=[32m"alert-base__title"[39m
                  [36m>[39m
                    [0mRequest failed with status code 401[0m
                  [36m</div>[39m
                [36m</div>[39m
              [36m</div>[39m
              [36m<div[39m
                [33mclass[39m=[32m"login-page__form-group"[39m
              [36m>[39m
                [36m<label[39m
                  [33mclass[39m=[32m"label-base label-base--required"[39m
                  [33mfor[39m=[32m"username"[39m
                [36m>[39m
                  [0mUsername[0m
                [36m</label>[39m
                [36m<input[39m
                  [33mautocomplete[39m=[32m"username"[39m
                  [33mclass[39m=[32m"input-base "[39m
                  [33mid[39m=[32m"username"[39m
                  [33mplaceholder[39m=[32m"Enter your username"[39m
                  [33mrequired[39m=[32m""[39m
                  [33mtype[39m=[32m"text"[39m
                  [33mvalue[39m=[32m"invalid_user"[39m
                [36m/>[39m
              [36m</div>[39m
              [36m<div[39m
                [33mclass[39m=[32m"login-page__form-group"[39m
              [36m>[39m
                [36m<label[39m
                  [33mclass[39m=[32m"label-base label-base--required"[39m
                  [33mfor[39m=[32m"password"[39m
                [36m>[39m
                  [0mPassword[0m
                [36m</label>[39m
                [36m<input[39m
                  [33mautocomplete[39m=[32m"current-password"[39m
                  [33mclass[39m=[32m"input-base "[39m
                  [33mid[39m=[32m"password"[39m
                  [33mplaceholder[39m=[32m"Enter your password"[39m
                  [33mrequired[39m=[32m""[39m
                  [33mtype[39m=[32m"password"[39m
                  [33mvalue[39m=[32m"password123"[39m
                [36m/>[39m
              [36m</div>[39m
              [36m<button[39m
                [33maria-busy[39m=[32m"false"[39m
                [33mclass[39m=[32m"btn-base btn--primary btn--md btn--full"[39m
                [33mtype[39m=[32m"submit"[39m
              [36m>[39m
                [0mSign In[0m
              [36m</button>[39m
            [36m</form>[39m
            [36m<div[39m
              [33mclass[39m=[32m"login-page__demo-credentials"[39m
            [36m>[39m
              [36m<p[39m
                [33mclass[39m=[32m"login-page__demo-title"[39m
              [36m>[39m
                [0mDemo Credentials[0m
              [36m</p>[39m
              [36m<div[39m
                [33mclass[39m=[32m"login-page__credential-list"[39m
              [36m>[39m
                [36m<div[39m
                  [33mclass[39m=[32m"login-page__credential-item"[39m
                [36m>[39m
                  [36m<span[39m
                    [33mclass[39m=[32m"login-page__credential-role"[39m
                  [36m>[39m
                    [0mHead Coach:[0m
                  [36m</span>[39m
                  [36m<span[39m
                    [33mclass[39m=[32m"login-page__credential-value"[39m
                  [36m>[39m
                    [0mheadcoach / password123[0m
                  [36m</span>[39m
                [36m</div>[39m
                [36m<div[39m
                  [33mclass[39m=[32m"login-page__credential-item"[39m
                [36m>[39m
                  [36m<span[39m
                    [33mclass[39m=[32m"login-page__credential-role"[39m
                  [36m>[39m
                    [0mAssistant Coach:[0m
                  [36m</span>[39m
                  [36m<span[39m
                    [33mclass[39m=[32m"login-page__credential-value"[39m
                  [36m>[39m
                    [0massistant1 / password123[0m
                  [36m</span>[39m
                [36m</div>[39m
                [36m<div[39m
                  [33mclass[39m=[32m"login-page__credential-item"[39m
                [36m>[39m
                  [36m<span[39m
                    [33mclass[39m=[32m"login-page__credential-role"[39m
                  [36m>[39m
                    [0mStudent:[0m
                  [36m</span>[39m
                  [36m<span[39m
                    [33mclass[39m=[32m"login-page__credential-value"[39m
                  [36m>[39m
                    [0maarav / password123[0m
                  [36m</span>[39m
                [36m</div>[39m
              [36m</div>[39m
            [36m</div>[39m
          [36m</div>[39m
        [36m</div>[39m
      [36m</div>[39m
    [36m</div>[39m
  [36m</body>[39m
[36m</html>[39m
 ❯ waitForWrapper node_modules/@testing-library/dom/dist/wait-for.js:163:27
 ❯ src/pages/LoginPage.test.tsx:120:13
    118|       fireEvent.click(submitButton);
    119|
    120|       await waitFor(() => {
       |             ^
    121|         expect(screen.getByText(/invalid username or password/i)).toBe…
    122|       });

⎯⎯⎯⎯⎯⎯⎯⎯⎯⎯⎯⎯⎯⎯⎯⎯⎯⎯⎯⎯⎯[97/107]⎯

 FAIL  src/pages/LoginPage.test.tsx > LoginPage Component > Invalid Credentials > should show error message for invalid password
TestingLibraryElementError: Unable to find an element with the text: /invalid username or password/i. This could be because the text is broken up by multiple elements. In this case, you can provide a function for your text matcher to make your matcher more flexible.

Ignored nodes: comments, script, style
[36m<body>[39m
  [36m<div>[39m
    [36m<div[39m
      [33mclass[39m=[32m"login-page"[39m
    [36m>[39m
      [36m<div[39m
        [33mclass[39m=[32m"login-page__container"[39m
      [36m>[39m
        [36m<div[39m
          [33mclass[39m=[32m"login-page__card"[39m
        [36m>[39m
          [36m<div[39m
            [33mclass[39m=[32m"login-page__header"[39m
          [36m>[39m
            [36m<h1[39m
              [33mclass[39m=[32m"login-page__title"[39m
            [36m>[39m
              [0mLoveAll[0m
            [36m</h1>[39m
            [36m<p[39m
              [33mclass[39m=[32m"login-page__subtitle"[39m
            [36m>[39m
              [0mBadminton Training Management[0m
            [36m</p>[39m
          [36m</div>[39m
          [36m<form[39m
            [33mclass[39m=[32m"login-page__form"[39m
            [33mnovalidate[39m=[32m""[39m
          [36m>[39m
            [36m<div[39m
              [33mclass[39m=[32m"alert-base alert--danger"[39m
              [33mrole[39m=[32m"alert"[39m
            [36m>[39m
              [36m<svg[39m
                [33maria-hidden[39m=[32m"true"[39m
                [33mclass[39m=[32m"alert-base__icon"[39m
                [33mfill[39m=[32m"none"[39m
                [33mheight[39m=[32m"20"[39m
                [33mviewBox[39m=[32m"0 0 20 20"[39m
                [33mwidth[39m=[32m"20"[39m
              [36m>[39m
                [36m<path[39m
                  [33md[39m=[32m"M10 18a8 8 0 100-16 8 8 0 000 16zM10 6v4m0 4h.01"[39m
                  [33mstroke[39m=[32m"currentColor"[39m
                  [33mstroke-linecap[39m=[32m"round"[39m
                  [33mstroke-linejoin[39m=[32m"round"[39m
                  [33mstroke-width[39m=[32m"2"[39m
                [36m/>[39m
              [36m</svg>[39m
              [36m<div[39m
                [33mclass[39m=[32m"alert-base__content"[39m
              [36m>[39m
                [36m<div[39m
                  [33mclass[39m=[32m"alert-base__title"[39m
                [36m>[39m
                  [0mRequest failed with status code 401[0m
                [36m</div>[39m
              [36m</div>[39m
            [36m</div>[39m
            [36m<div[39m
              [33mclass[39m=[32m"login-page__form-group"[39m
            [36m>[39m
              [36m<label[39m
                [33mclass[39m=[32m"label-base label-base--required"[39m
                [33mfor[39m=[32m"username"[39m
              [36m>[39m
                [0mUsername[0m
              [36m</label>[39m
              [36m<input[39m
                [33mautocomplete[39m=[32m"username"[39m
                [33mclass[39m=[32m"input-base "[39m
                [33mid[39m=[32m"username"[39m
                [33mplaceholder[39m=[32m"Enter your username"[39m
                [33mrequired[39m=[32m""[39m
                [33mtype[39m=[32m"text"[39m
                [33mvalue[39m=[32m"head_coach"[39m
              [36m/>[39m
            [36m</div>[39m
            [36m<div[39m
              [33mclass[39m=[32m"login-page__form-group"[39m
            [36m>[39m
              [36m<label[39m
                [33mclass[39m=[32m"label-base label-base--required"[39m
                [33mfor[39m=[32m"password"[39m
              [36m>[39m
                [0mPassword[0m
              [36m</label>[39m
              [36m<input[39m
                [33mautocomplete[39m=[32m"current-password"[39m
                [33mclass[39m=[32m"input-base "[39m
                [33mid[39m=[32m"password"[39m
                [33mplaceholder[39m=[32m"Enter your password"[39m
                [33mrequired[39m=[32m""[39m
                [33mtype[39m=[32m"password"[39m
                [33mvalue[39m=[32m"wrongpassword"[39m
              [36m/>[39m
            [36m</div>[39m
            [36m<button[39m
              [33maria-busy[39m=[32m"false"[39m
              [33mclass[39m=[32m"btn-base btn--primary btn--md btn--full"[39m
              [33mtype[39m=[32m"submit"[39m
            [36m>[39m
              [0mSign In[0m
            [36m</button>[39m
          [36m</form>[39m
          [36m<div[39m
            [33mclass[39m=[32m"login-page__demo-credentials"[39m
          [36m>[39m
            [36m<p[39m
              [33mclass[39m=[32m"login-page__demo-title"[39m
            [36m>[39m
              [0mDemo Credentials[0m
            [36m</p>[39m
            [36m<div[39m
              [33mclass[39m=[32m"login-page__credential-list"[39m
            [36m>[39m
              [36m<div[39m
                [33mclass[39m=[32m"login-page__credential-item"[39m
              [36m>[39m
                [36m<span[39m
                  [33mclass[39m=[32m"login-page__credential-role"[39m
                [36m>[39m
                  [0mHead Coach:[0m
                [36m</span>[39m
                [36m<span[39m
                  [33mclass[39m=[32m"login-page__credential-value"[39m
                [36m>[39m
                  [0mheadcoach / password123[0m
                [36m</span>[39m
              [36m</div>[39m
              [36m<div[39m
                [33mclass[39m=[32m"login-page__credential-item"[39m
              [36m>[39m
                [36m<span[39m
                  [33mclass[39m=[32m"login-page__credential-role"[39m
                [36m>[39m
                  [0mAssistant Coach:[0m
                [36m</span>[39m
                [36m<span[39m
                  [33mclass[39m=[32m"login-page__credential-value"[39m
                [36m>[39m
                  [0massistant1 / password123[0m
                [36m</span>[39m
              [36m</div>[39m
              [36m<div[39m
                [33mclass[39m=[32m"login-page__credential-item"[39m
              [36m>[39m
                [36m<span[39m
                  [33mclass[39m=[32m"login-page__credential-role"[39m
                [36m>[39m
                  [0mStudent:[0m
                [36m</span>[39m
                [36m<span[39m
                  [33mclass[39m=[32m"login-page__credential-value"[39m
                [36m>[39m
                  [0maarav / password123[0m
                [36m</span>[39m
              [36m</div>[39m
            [36m</div>[39m
          [36m</div>[39m
        [36m</div>[39m
      [36m</div>[39m
    [36m</div>[39m
  [36m</div>[39m
[36m</body>[39m

Ignored nodes: comments, script, style
[36m<html>[39m
  [36m<head />[39m
  [36m<body>[39m
    [36m<div>[39m
      [36m<div[39m
        [33mclass[39m=[32m"login-page"[39m
      [36m>[39m
        [36m<div[39m
          [33mclass[39m=[32m"login-page__container"[39m
        [36m>[39m
          [36m<div[39m
            [33mclass[39m=[32m"login-page__card"[39m
          [36m>[39m
            [36m<div[39m
              [33mclass[39m=[32m"login-page__header"[39m
            [36m>[39m
              [36m<h1[39m
                [33mclass[39m=[32m"login-page__title"[39m
              [36m>[39m
                [0mLoveAll[0m
              [36m</h1>[39m
              [36m<p[39m
                [33mclass[39m=[32m"login-page__subtitle"[39m
              [36m>[39m
                [0mBadminton Training Management[0m
              [36m</p>[39m
            [36m</div>[39m
            [36m<form[39m
              [33mclass[39m=[32m"login-page__form"[39m
              [33mnovalidate[39m=[32m""[39m
            [36m>[39m
              [36m<div[39m
                [33mclass[39m=[32m"alert-base alert--danger"[39m
                [33mrole[39m=[32m"alert"[39m
              [36m>[39m
                [36m<svg[39m
                  [33maria-hidden[39m=[32m"true"[39m
                  [33mclass[39m=[32m"alert-base__icon"[39m
                  [33mfill[39m=[32m"none"[39m
                  [33mheight[39m=[32m"20"[39m
                  [33mviewBox[39m=[32m"0 0 20 20"[39m
                  [33mwidth[39m=[32m"20"[39m
                [36m>[39m
                  [36m<path[39m
                    [33md[39m=[32m"M10 18a8 8 0 100-16 8 8 0 000 16zM10 6v4m0 4h.01"[39m
                    [33mstroke[39m=[32m"currentColor"[39m
                    [33mstroke-linecap[39m=[32m"round"[39m
                    [33mstroke-linejoin[39m=[32m"round"[39m
                    [33mstroke-width[39m=[32m"2"[39m
                  [36m/>[39m
                [36m</svg>[39m
                [36m<div[39m
                  [33mclass[39m=[32m"alert-base__content"[39m
                [36m>[39m
                  [36m<div[39m
                    [33mclass[39m=[32m"alert-base__title"[39m
                  [36m>[39m
                    [0mRequest failed with status code 401[0m
                  [36m</div>[39m
                [36m</div>[39m
              [36m</div>[39m
              [36m<div[39m
                [33mclass[39m=[32m"login-page__form-group"[39m
              [36m>[39m
                [36m<label[39m
                  [33mclass[39m=[32m"label-base label-base--required"[39m
                  [33mfor[39m=[32m"username"[39m
                [36m>[39m
                  [0mUsername[0m
                [36m</label>[39m
                [36m<input[39m
                  [33mautocomplete[39m=[32m"username"[39m
                  [33mclass[39m=[32m"input-base "[39m
                  [33mid[39m=[32m"username"[39m
                  [33mplaceholder[39m=[32m"Enter your username"[39m
                  [33mrequired[39m=[32m""[39m
                  [33mtype[39m=[32m"text"[39m
                  [33mvalue[39m=[32m"head_coach"[39m
                [36m/>[39m
              [36m</div>[39m
              [36m<div[39m
                [33mclass[39m=[32m"login-page__form-group"[39m
              [36m>[39m
                [36m<label[39m
                  [33mclass[39m=[32m"label-base label-base--required"[39m
                  [33mfor[39m=[32m"password"[39m
                [36m>[39m
                  [0mPassword[0m
                [36m</label>[39m
                [36m<input[39m
                  [33mautocomplete[39m=[32m"current-password"[39m
                  [33mclass[39m=[32m"input-base "[39m
                  [33mid[39m=[32m"password"[39m
                  [33mplaceholder[39m=[32m"Enter your password"[39m
                  [33mrequired[39m=[32m""[39m
                  [33mtype[39m=[32m"password"[39m
                  [33mvalue[39m=[32m"wrongpassword"[39m
                [36m/>[39m
              [36m</div>[39m
              [36m<button[39m
                [33maria-busy[39m=[32m"false"[39m
                [33mclass[39m=[32m"btn-base btn--primary btn--md btn--full"[39m
                [33mtype[39m=[32m"submit"[39m
              [36m>[39m
                [0mSign In[0m
              [36m</button>[39m
            [36m</form>[39m
            [36m<div[39m
              [33mclass[39m=[32m"login-page__demo-credentials"[39m
            [36m>[39m
              [36m<p[39m
                [33mclass[39m=[32m"login-page__demo-title"[39m
              [36m>[39m
                [0mDemo Credentials[0m
              [36m</p>[39m
              [36m<div[39m
                [33mclass[39m=[32m"login-page__credential-list"[39m
              [36m>[39m
                [36m<div[39m
                  [33mclass[39m=[32m"login-page__credential-item"[39m
                [36m>[39m
                  [36m<span[39m
                    [33mclass[39m=[32m"login-page__credential-role"[39m
                  [36m>[39m
                    [0mHead Coach:[0m
                  [36m</span>[39m
                  [36m<span[39m
                    [33mclass[39m=[32m"login-page__credential-value"[39m
                  [36m>[39m
                    [0mheadcoach / password123[0m
                  [36m</span>[39m
                [36m</div>[39m
                [36m<div[39m
                  [33mclass[39m=[32m"login-page__credential-item"[39m
                [36m>[39m
                  [36m<span[39m
                    [33mclass[39m=[32m"login-page__credential-role"[39m
                  [36m>[39m
                    [0mAssistant Coach:[0m
                  [36m</span>[39m
                  [36m<span[39m
                    [33mclass[39m=[32m"login-page__credential-value"[39m
                  [36m>[39m
                    [0massistant1 / password123[0m
                  [36m</span>[39m
                [36m</div>[39m
                [36m<div[39m
                  [33mclass[39m=[32m"login-page__credential-item"[39m
                [36m>[39m
                  [36m<span[39m
                    [33mclass[39m=[32m"login-page__credential-role"[39m
                  [36m>[39m
                    [0mStudent:[0m
                  [36m</span>[39m
                  [36m<span[39m
                    [33mclass[39m=[32m"login-page__credential-value"[39m
                  [36m>[39m
                    [0maarav / password123[0m
                  [36m</span>[39m
                [36m</div>[39m
              [36m</div>[39m
            [36m</div>[39m
          [36m</div>[39m
        [36m</div>[39m
      [36m</div>[39m
    [36m</div>[39m
  [36m</body>[39m
[36m</html>[39m
 ❯ waitForWrapper node_modules/@testing-library/dom/dist/wait-for.js:163:27
 ❯ src/pages/LoginPage.test.tsx:136:13
    134|       fireEvent.click(submitButton);
    135|
    136|       await waitFor(() => {
       |             ^
    137|         expect(screen.getByText(/invalid username or password/i)).toBe…
    138|       });

⎯⎯⎯⎯⎯⎯⎯⎯⎯⎯⎯⎯⎯⎯⎯⎯⎯⎯⎯⎯⎯[98/107]⎯

 FAIL  src/pages/LoginPage.test.tsx > LoginPage Component > Invalid Credentials > should display error in a banner with red styling
Error: [2mexpect([22m[31melement[39m[2m).toHaveClass([22m[32m[32m"error-banner"[32m[39m[2m)[22m

Expected the element to have class:
[32m  error-banner[39m
Received:
[31m  alert-base alert--danger[39m

Ignored nodes: comments, script, style
[36m<html>[39m
  [36m<head />[39m
  [36m<body>[39m
    [36m<div>[39m
      [36m<div[39m
        [33mclass[39m=[32m"login-page"[39m
      [36m>[39m
        [36m<div[39m
          [33mclass[39m=[32m"login-page__container"[39m
        [36m>[39m
          [36m<div[39m
            [33mclass[39m=[32m"login-page__card"[39m
          [36m>[39m
            [36m<div[39m
              [33mclass[39m=[32m"login-page__header"[39m
            [36m>[39m
              [36m<h1[39m
                [33mclass[39m=[32m"login-page__title"[39m
              [36m>[39m
                [0mLoveAll[0m
              [36m</h1>[39m
              [36m<p[39m
                [33mclass[39m=[32m"login-page__subtitle"[39m
              [36m>[39m
                [0mBadminton Training Management[0m
              [36m</p>[39m
            [36m</div>[39m
            [36m<form[39m
              [33mclass[39m=[32m"login-page__form"[39m
              [33mnovalidate[39m=[32m""[39m
            [36m>[39m
              [36m<div[39m
                [33mclass[39m=[32m"alert-base alert--danger"[39m
                [33mrole[39m=[32m"alert"[39m
              [36m>[39m
                [36m<svg[39m
                  [33maria-hidden[39m=[32m"true"[39m
                  [33mclass[39m=[32m"alert-base__icon"[39m
                  [33mfill[39m=[32m"none"[39m
                  [33mheight[39m=[32m"20"[39m
                  [33mviewBox[39m=[32m"0 0 20 20"[39m
                  [33mwidth[39m=[32m"20"[39m
                [36m>[39m
                  [36m<path[39m
                    [33md[39m=[32m"M10 18a8 8 0 100-16 8 8 0 000 16zM10 6v4m0 4h.01"[39m
                    [33mstroke[39m=[32m"currentColor"[39m
                    [33mstroke-linecap[39m=[32m"round"[39m
                    [33mstroke-linejoin[39m=[32m"round"[39m
                    [33mstroke-width[39m=[32m"2"[39m
                  [36m/>[39m
                [36m</svg>[39m
                [36m<div[39m
                  [33mclass[39m=[32m"alert-base__content"[39m
                [36m>[39m
                  [36m<div[39m
                    [33mclass[39m=[32m"alert-base__title"[39m
                  [36m>[39m
                    [0mRequest failed with status code 400[0m
                  [36m</div>[39m
                [36m</div>[39m
              [36m</div>[39m
              [36m<div[39m
                [33mclass[39m=[32m"login-page__form-group"[39m
              [36m>[39m
                [36m<label[39m
                  [33mclass[39m=[32m"label-base label-base--required"[39m
                  [33mfor[39m=[32m"username"[39m
                [36m>[39m
                  [0mUsername[0m
                [36m</label>[39m
                [36m<input[39m
                  [33mautocomplete[39m=[32m"username"[39m
                  [33mclass[39m=[32m"input-base "[39m
                  [33mid[39m=[32m"username"[39m
                  [33mplaceholder[39m=[32m"Enter your username"[39m
                  [33mrequired[39m=[32m""[39m
                  [33mtype[39m=[32m"text"[39m
                  [33mvalue[39m=[32m"wrong"[39m
                [36m/>[39m
              [36m</div>[39m
              [36m<div[39m
                [33mclass[39m=[32m"login-page__form-group"[39m
              [36m>[39m
                [36m<label[39m
                  [33mclass[39m=[32m"label-base label-base--required"[39m
                  [33mfor[39m=[32m"password"[39m
                [36m>[39m
                  [0mPassword[0m
                [36m</label>[39m
                [36m<input[39m
                  [33mautocomplete[39m=[32m"current-password"[39m
                  [33mclass[39m=[32m"input-base "[39m
                  [33mid[39m=[32m"password"[39m
                  [33mplaceholder[39m=[32m"Enter your password"[39m
                  [33mrequired[39m=[32m""[39m
                  [33mtype[39m=[32m"password"[39m
                  [33mvalue[39m=[32m"wrong"[39m
                [36m/>[39m
              [36m</div>[39m
              [36m<button[39m
                [33maria-busy[39m=[32m"false"[39m
                [33mclass[39m=[32m"btn-base btn--primary btn--md btn--full"[39m
                [33mtype[39m=[32m"submit"[39m
              [36m>[39m
                [0mSign In[0m
              [36m</button>[39m
            [36m</form>[39m
            [36m<div[39m
              [33mclass[39m=[32m"login-page__demo-credentials"[39m
            [36m>[39m
              [36m<p[39m
                [33mclass[39m=[32m"login-page__demo-title"[39m
              [36m>[39m
                [0mDemo Credentials[0m
              [36m</p>[39m
              [36m<div[39m
                [33mclass[39m=[32m"login-page__credential-list"[39m
              [36m>[39m
                [36m<div[39m
                  [33mclass[39m=[32m"login-page__credential-item"[39m
                [36m>[39m
                  [36m<span[39m
                    [33mclass[39m=[32m"login-page__credential-role"[39m
                  [36m>[39m
                    [0mHead Coach:[0m
                  [36m</span>[39m
                  [36m<span[39m
                    [33mclass[39m=[32m"login-page__credential-value"[39m
                  [36m>[39m
                    [0mheadcoach / password123[0m
                  [36m</span>[39m
                [36m</div>[39m
                [36m<div[39m
                  [33mclass[39m=[32m"login-page__credential-item"[39m
                [36m>[39m
                  [36m<span[39m
                    [33mclass[39m=[32m"login-page__credential-role"[39m
                  [36m>[39m
                    [0mAssistant Coach:[0m
                  [36m</span>[39m
                  [36m<span[39m
                    [33mclass[39m=[32m"login-page__credential-value"[39m
                  [36m>[39m
                    [0massistant1 / password123[0m
                  [36m</span>[39m
                [36m</div>[39m
                [36m<div[39m
                  [33mclass[39m=[32m"login-page__credential-item"[39m
                [36m>[39m
                  [36m<span[39m
                    [33mclass[39m=[32m"login-page__credential-role"[39m
                  [36m>[39m
                    [0mStudent:[0m
                  [36m</span>[39m
                  [36m<span[39m
                    [33mclass[39m=[32m"login-page__credential-value"[39m
                  [36m>[39m
                    [0maarav / password123[0m
                  [36m</span>[39m
                [36m</div>[39m
              [36m</div>[39m
            [36m</div>[39m
          [36m</div>[39m
        [36m</div>[39m
      [36m</div>[39m
    [36m</div>[39m
  [36m</body>[39m
[36m</html>[39m
 ❯ src/pages/LoginPage.test.tsx:154:29
    152|       await waitFor(() => {
    153|         const errorBanner = screen.getByRole('alert');
    154|         expect(errorBanner).toHaveClass('error-banner');
       |                             ^
    155|         expect(errorBanner).toBeInTheDocument();
    156|       });
 ❯ runWithExpensiveErrorDiagnosticsDisabled node_modules/@testing-library/dom/dist/config.js:47:12
 ❯ checkCallback node_modules/@testing-library/dom/dist/wait-for.js:124:77
 ❯ Timeout.checkRealTimersCallback node_modules/@testing-library/dom/dist/wait-for.js:118:16

⎯⎯⎯⎯⎯⎯⎯⎯⎯⎯⎯⎯⎯⎯⎯⎯⎯⎯⎯⎯⎯[99/107]⎯

 FAIL  src/pages/LoginPage.test.tsx > LoginPage Component > Loading State > should show spinner during login
Error: [2mexpect([22m[31mreceived[39m[2m).toBeInTheDocument()[22m

[31mreceived[39m value must be an HTMLElement or an SVGElement.
Received has type:  Null
Received has value: [31mnull[39m

Ignored nodes: comments, script, style
[36m<html>[39m
  [36m<head />[39m
  [36m<body>[39m
    [36m<div>[39m
      [36m<div[39m
        [33mclass[39m=[32m"login-page"[39m
      [36m>[39m
        [36m<div[39m
          [33mclass[39m=[32m"login-page__container"[39m
        [36m>[39m
          [36m<div[39m
            [33mclass[39m=[32m"login-page__card"[39m
          [36m>[39m
            [36m<div[39m
              [33mclass[39m=[32m"login-page__header"[39m
            [36m>[39m
              [36m<h1[39m
                [33mclass[39m=[32m"login-page__title"[39m
              [36m>[39m
                [0mLoveAll[0m
              [36m</h1>[39m
              [36m<p[39m
                [33mclass[39m=[32m"login-page__subtitle"[39m
              [36m>[39m
                [0mBadminton Training Management[0m
              [36m</p>[39m
            [36m</div>[39m
            [36m<form[39m
              [33mclass[39m=[32m"login-page__form"[39m
              [33mnovalidate[39m=[32m""[39m
            [36m>[39m
              [36m<div[39m
                [33mclass[39m=[32m"alert-base alert--danger"[39m
                [33mrole[39m=[32m"alert"[39m
              [36m>[39m
                [36m<svg[39m
                  [33maria-hidden[39m=[32m"true"[39m
                  [33mclass[39m=[32m"alert-base__icon"[39m
                  [33mfill[39m=[32m"none"[39m
                  [33mheight[39m=[32m"20"[39m
                  [33mviewBox[39m=[32m"0 0 20 20"[39m
                  [33mwidth[39m=[32m"20"[39m
                [36m>[39m
                  [36m<path[39m
                    [33md[39m=[32m"M10 18a8 8 0 100-16 8 8 0 000 16zM10 6v4m0 4h.01"[39m
                    [33mstroke[39m=[32m"currentColor"[39m
                    [33mstroke-linecap[39m=[32m"round"[39m
                    [33mstroke-linejoin[39m=[32m"round"[39m
                    [33mstroke-width[39m=[32m"2"[39m
                  [36m/>[39m
                [36m</svg>[39m
                [36m<div[39m
                  [33mclass[39m=[32m"alert-base__content"[39m
                [36m>[39m
                  [36m<div[39m
                    [33mclass[39m=[32m"alert-base__title"[39m
                  [36m>[39m
                    [0mRequest failed with status code 401[0m
                  [36m</div>[39m
                [36m</div>[39m
              [36m</div>[39m
              [36m<div[39m
                [33mclass[39m=[32m"login-page__form-group"[39m
              [36m>[39m
                [36m<label[39m
                  [33mclass[39m=[32m"label-base label-base--required"[39m
                  [33mfor[39m=[32m"username"[39m
                [36m>[39m
                  [0mUsername[0m
                [36m</label>[39m
                [36m<input[39m
                  [33mautocomplete[39m=[32m"username"[39m
                  [33mclass[39m=[32m"input-base "[39m
                  [33mid[39m=[32m"username"[39m
                  [33mplaceholder[39m=[32m"Enter your username"[39m
                  [33mrequired[39m=[32m""[39m
                  [33mtype[39m=[32m"text"[39m
                  [33mvalue[39m=[32m"head_coach"[39m
                [36m/>[39m
              [36m</div>[39m
              [36m<div[39m
                [33mclass[39m=[32m"login-page__form-group"[39m
              [36m>[39m
                [36m<label[39m
                  [33mclass[39m=[32m"label-base label-base--required"[39m
                  [33mfor[39m=[32m"password"[39m
                [36m>[39m
                  [0mPassword[0m
                [36m</label>[39m
                [36m<input[39m
                  [33mautocomplete[39m=[32m"current-password"[39m
                  [33mclass[39m=[32m"input-base "[39m
                  [33mid[39m=[32m"password"[39m
                  [33mplaceholder[39m=[32m"Enter your password"[39m
                  [33mrequired[39m=[32m""[39m
                  [33mtype[39m=[32m"password"[39m
                  [33mvalue[39m=[32m"password123"[39m
                [36m/>[39m
              [36m</div>[39m
              [36m<button[39m
                [33maria-busy[39m=[32m"false"[39m
                [33mclass[39m=[32m"btn-base btn--primary btn--md btn--full"[39m
                [33mtype[39m=[32m"submit"[39m
              [36m>[39m
                [0mSign In[0m
              [36m</button>[39m
            [36m</form>[39m
            [36m<div[39m
              [33mclass[39m=[32m"login-page__demo-credentials"[39m
            [36m>[39m
              [36m<p[39m
                [33mclass[39m=[32m"login-page__demo-title"[39m
              [36m>[39m
                [0mDemo Credentials[0m
              [36m</p>[39m
              [36m<div[39m
                [33mclass[39m=[32m"login-page__credential-list"[39m
              [36m>[39m
                [36m<div[39m
                  [33mclass[39m=[32m"login-page__credential-item"[39m
                [36m>[39m
                  [36m<span[39m
                    [33mclass[39m=[32m"login-page__credential-role"[39m
                  [36m>[39m
                    [0mHead Coach:[0m
                  [36m</span>[39m
                  [36m<span[39m
                    [33mclass[39m=[32m"login-page__credential-value"[39m
                  [36m>[39m
                    [0mheadcoach / password123[0m
                  [36m</span>[39m
                [36m</div>[39m
                [36m<div[39m
                  [33mclass[39m=[32m"login-page__credential-item"[39m
                [36m>[39m
                  [36m<span[39m
                    [33mclass[39m=[32m"login-page__credential-role"[39m
                  [36m>[39m
                    [0mAssistant Coach:[0m
                  [36m</span>[39m
                  [36m<span[39m
                    [33mclass[39m=[32m"login-page__credential-value"[39m
                  [36m>[39m
                    [0massistant1 / password123[0m
                  [36m</span>[39m
                [36m</div>[39m
                [36m<div[39m
                  [33mclass[39m=[32m"login-page__credential-item"[39m
                [36m>[39m
                  [36m<span[39m
                    [33mclass[39m=[32m"login-page__credential-role"[39m
                  [36m>[39m
                    [0mStudent:[0m
                  [36m</span>[39m
                  [36m<span[39m
                    [33mclass[39m=[32m"login-page__credential-value"[39m
                  [36m>[39m
                    [0maarav / password123[0m
                  [36m</span>[39m
                [36m</div>[39m
              [36m</div>[39m
            [36m</div>[39m
          [36m</div>[39m
        [36m</div>[39m
      [36m</div>[39m
    [36m</div>[39m
  [36m</body>[39m
[36m</html>[39m
 ❯ src/pages/LoginPage.test.tsx:193:32
    191|       await waitFor(() => {
    192|         const spinnerElement = document.querySelector('.spinner');
    193|         expect(spinnerElement).toBeInTheDocument();
       |                                ^
    194|       });
    195|     });
 ❯ runWithExpensiveErrorDiagnosticsDisabled node_modules/@testing-library/dom/dist/config.js:47:12
 ❯ checkCallback node_modules/@testing-library/dom/dist/wait-for.js:124:77
 ❯ Timeout.checkRealTimersCallback node_modules/@testing-library/dom/dist/wait-for.js:118:16

⎯⎯⎯⎯⎯⎯⎯⎯⎯⎯⎯⎯⎯⎯⎯⎯⎯⎯⎯⎯[100/107]⎯

 FAIL  src/pages/LoginPage.test.tsx > LoginPage Component > Successful Login > should store auth token in localStorage on valid login
AssertionError: expected null to be truthy

Ignored nodes: comments, script, style
[36m<html>[39m
  [36m<head />[39m
  [36m<body>[39m
    [36m<div>[39m
      [36m<div[39m
        [33mclass[39m=[32m"login-page"[39m
      [36m>[39m
        [36m<div[39m
          [33mclass[39m=[32m"login-page__container"[39m
        [36m>[39m
          [36m<div[39m
            [33mclass[39m=[32m"login-page__card"[39m
          [36m>[39m
            [36m<div[39m
              [33mclass[39m=[32m"login-page__header"[39m
            [36m>[39m
              [36m<h1[39m
                [33mclass[39m=[32m"login-page__title"[39m
              [36m>[39m
                [0mLoveAll[0m
              [36m</h1>[39m
              [36m<p[39m
                [33mclass[39m=[32m"login-page__subtitle"[39m
              [36m>[39m
                [0mBadminton Training Management[0m
              [36m</p>[39m
            [36m</div>[39m
            [36m<form[39m
              [33mclass[39m=[32m"login-page__form"[39m
              [33mnovalidate[39m=[32m""[39m
            [36m>[39m
              [36m<div[39m
                [33mclass[39m=[32m"alert-base alert--danger"[39m
                [33mrole[39m=[32m"alert"[39m
              [36m>[39m
                [36m<svg[39m
                  [33maria-hidden[39m=[32m"true"[39m
                  [33mclass[39m=[32m"alert-base__icon"[39m
                  [33mfill[39m=[32m"none"[39m
                  [33mheight[39m=[32m"20"[39m
                  [33mviewBox[39m=[32m"0 0 20 20"[39m
                  [33mwidth[39m=[32m"20"[39m
                [36m>[39m
                  [36m<path[39m
                    [33md[39m=[32m"M10 18a8 8 0 100-16 8 8 0 000 16zM10 6v4m0 4h.01"[39m
                    [33mstroke[39m=[32m"currentColor"[39m
                    [33mstroke-linecap[39m=[32m"round"[39m
                    [33mstroke-linejoin[39m=[32m"round"[39m
                    [33mstroke-width[39m=[32m"2"[39m
                  [36m/>[39m
                [36m</svg>[39m
                [36m<div[39m
                  [33mclass[39m=[32m"alert-base__content"[39m
                [36m>[39m
                  [36m<div[39m
                    [33mclass[39m=[32m"alert-base__title"[39m
                  [36m>[39m
                    [0mRequest failed with status code 401[0m
                  [36m</div>[39m
                [36m</div>[39m
              [36m</div>[39m
              [36m<div[39m
                [33mclass[39m=[32m"login-page__form-group"[39m
              [36m>[39m
                [36m<label[39m
                  [33mclass[39m=[32m"label-base label-base--required"[39m
                  [33mfor[39m=[32m"username"[39m
                [36m>[39m
                  [0mUsername[0m
                [36m</label>[39m
                [36m<input[39m
                  [33mautocomplete[39m=[32m"username"[39m
                  [33mclass[39m=[32m"input-base "[39m
                  [33mid[39m=[32m"username"[39m
                  [33mplaceholder[39m=[32m"Enter your username"[39m
                  [33mrequired[39m=[32m""[39m
                  [33mtype[39m=[32m"text"[39m
                  [33mvalue[39m=[32m"head_coach"[39m
                [36m/>[39m
              [36m</div>[39m
              [36m<div[39m
                [33mclass[39m=[32m"login-page__form-group"[39m
              [36m>[39m
                [36m<label[39m
                  [33mclass[39m=[32m"label-base label-base--required"[39m
                  [33mfor[39m=[32m"password"[39m
                [36m>[39m
                  [0mPassword[0m
                [36m</label>[39m
                [36m<input[39m
                  [33mautocomplete[39m=[32m"current-password"[39m
                  [33mclass[39m=[32m"input-base "[39m
                  [33mid[39m=[32m"password"[39m
                  [33mplaceholder[39m=[32m"Enter your password"[39m
                  [33mrequired[39m=[32m""[39m
                  [33mtype[39m=[32m"password"[39m
                  [33mvalue[39m=[32m"password123"[39m
                [36m/>[39m
              [36m</div>[39m
              [36m<button[39m
                [33maria-busy[39m=[32m"false"[39m
                [33mclass[39m=[32m"btn-base btn--primary btn--md btn--full"[39m
                [33mtype[39m=[32m"submit"[39m
              [36m>[39m
                [0mSign In[0m
              [36m</button>[39m
            [36m</form>[39m
            [36m<div[39m
              [33mclass[39m=[32m"login-page__demo-credentials"[39m
            [36m>[39m
              [36m<p[39m
                [33mclass[39m=[32m"login-page__demo-title"[39m
              [36m>[39m
                [0mDemo Credentials[0m
              [36m</p>[39m
              [36m<div[39m
                [33mclass[39m=[32m"login-page__credential-list"[39m
              [36m>[39m
                [36m<div[39m
                  [33mclass[39m=[32m"login-page__credential-item"[39m
                [36m>[39m
                  [36m<span[39m
                    [33mclass[39m=[32m"login-page__credential-role"[39m
                  [36m>[39m
                    [0mHead Coach:[0m
                  [36m</span>[39m
                  [36m<span[39m
                    [33mclass[39m=[32m"login-page__credential-value"[39m
                  [36m>[39m
                    [0mheadcoach / password123[0m
                  [36m</span>[39m
                [36m</div>[39m
                [36m<div[39m
                  [33mclass[39m=[32m"login-page__credential-item"[39m
                [36m>[39m
                  [36m<span[39m
                    [33mclass[39m=[32m"login-page__credential-role"[39m
                  [36m>[39m
                    [0mAssistant Coach:[0m
                  [36m</span>[39m
                  [36m<span[39m
                    [33mclass[39m=[32m"login-page__credential-value"[39m
                  [36m>[39m
                    [0massistant1 / password123[0m
                  [36m</span>[39m
                [36m</div>[39m
                [36m<div[39m
                  [33mclass[39m=[32m"login-page__credential-item"[39m
                [36m>[39m
                  [36m<span[39m
                    [33mclass[39m=[32m"login-page__credential-role"[39m
                  [36m>[39m
                    [0mStudent:[0m
                  [36m</span>[39m
                  [36m<span[39m
                    [33mclass[39m=[32m"login-page__credential-value"[39m
                  [36m>[39m
                    [0maarav / password123[0m
                  [36m</span>[39m
                [36m</div>[39m
              [36m</div>[39m
            [36m</div>[39m
          [36m</div>[39m
        [36m</div>[39m
      [36m</div>[39m
    [36m</div>[39m
  [36m</body>[39m
[36m</html>[39m

- Expected:
true

+ Received:
null

 ❯ src/pages/LoginPage.test.tsx:211:52
    209|
    210|       await waitFor(() => {
    211|         expect(localStorage.getItem('auth_token')).toBeTruthy();
       |                                                    ^
    212|         expect(localStorage.getItem('auth_user')).toBeTruthy();
    213|         expect(localStorage.getItem('auth_role')).toBe('HEAD_COACH');
 ❯ runWithExpensiveErrorDiagnosticsDisabled node_modules/@testing-library/dom/dist/config.js:47:12
 ❯ checkCallback node_modules/@testing-library/dom/dist/wait-for.js:124:77
 ❯ Timeout.checkRealTimersCallback node_modules/@testing-library/dom/dist/wait-for.js:118:16

⎯⎯⎯⎯⎯⎯⎯⎯⎯⎯⎯⎯⎯⎯⎯⎯⎯⎯⎯⎯[101/107]⎯

 FAIL  src/pages/LoginPage.test.tsx > LoginPage Component > Successful Login > should store user info in localStorage
AssertionError: expected null to be truthy

Ignored nodes: comments, script, style
[36m<html>[39m
  [36m<head />[39m
  [36m<body>[39m
    [36m<div>[39m
      [36m<div[39m
        [33mclass[39m=[32m"login-page"[39m
      [36m>[39m
        [36m<div[39m
          [33mclass[39m=[32m"login-page__container"[39m
        [36m>[39m
          [36m<div[39m
            [33mclass[39m=[32m"login-page__card"[39m
          [36m>[39m
            [36m<div[39m
              [33mclass[39m=[32m"login-page__header"[39m
            [36m>[39m
              [36m<h1[39m
                [33mclass[39m=[32m"login-page__title"[39m
              [36m>[39m
                [0mLoveAll[0m
              [36m</h1>[39m
              [36m<p[39m
                [33mclass[39m=[32m"login-page__subtitle"[39m
              [36m>[39m
                [0mBadminton Training Management[0m
              [36m</p>[39m
            [36m</div>[39m
            [36m<form[39m
              [33mclass[39m=[32m"login-page__form"[39m
              [33mnovalidate[39m=[32m""[39m
            [36m>[39m
              [36m<div[39m
                [33mclass[39m=[32m"alert-base alert--danger"[39m
                [33mrole[39m=[32m"alert"[39m
              [36m>[39m
                [36m<svg[39m
                  [33maria-hidden[39m=[32m"true"[39m
                  [33mclass[39m=[32m"alert-base__icon"[39m
                  [33mfill[39m=[32m"none"[39m
                  [33mheight[39m=[32m"20"[39m
                  [33mviewBox[39m=[32m"0 0 20 20"[39m
                  [33mwidth[39m=[32m"20"[39m
                [36m>[39m
                  [36m<path[39m
                    [33md[39m=[32m"M10 18a8 8 0 100-16 8 8 0 000 16zM10 6v4m0 4h.01"[39m
                    [33mstroke[39m=[32m"currentColor"[39m
                    [33mstroke-linecap[39m=[32m"round"[39m
                    [33mstroke-linejoin[39m=[32m"round"[39m
                    [33mstroke-width[39m=[32m"2"[39m
                  [36m/>[39m
                [36m</svg>[39m
                [36m<div[39m
                  [33mclass[39m=[32m"alert-base__content"[39m
                [36m>[39m
                  [36m<div[39m
                    [33mclass[39m=[32m"alert-base__title"[39m
                  [36m>[39m
                    [0mRequest failed with status code 401[0m
                  [36m</div>[39m
                [36m</div>[39m
              [36m</div>[39m
              [36m<div[39m
                [33mclass[39m=[32m"login-page__form-group"[39m
              [36m>[39m
                [36m<label[39m
                  [33mclass[39m=[32m"label-base label-base--required"[39m
                  [33mfor[39m=[32m"username"[39m
                [36m>[39m
                  [0mUsername[0m
                [36m</label>[39m
                [36m<input[39m
                  [33mautocomplete[39m=[32m"username"[39m
                  [33mclass[39m=[32m"input-base "[39m
                  [33mid[39m=[32m"username"[39m
                  [33mplaceholder[39m=[32m"Enter your username"[39m
                  [33mrequired[39m=[32m""[39m
                  [33mtype[39m=[32m"text"[39m
                  [33mvalue[39m=[32m"head_coach"[39m
                [36m/>[39m
              [36m</div>[39m
              [36m<div[39m
                [33mclass[39m=[32m"login-page__form-group"[39m
              [36m>[39m
                [36m<label[39m
                  [33mclass[39m=[32m"label-base label-base--required"[39m
                  [33mfor[39m=[32m"password"[39m
                [36m>[39m
                  [0mPassword[0m
                [36m</label>[39m
                [36m<input[39m
                  [33mautocomplete[39m=[32m"current-password"[39m
                  [33mclass[39m=[32m"input-base "[39m
                  [33mid[39m=[32m"password"[39m
                  [33mplaceholder[39m=[32m"Enter your password"[39m
                  [33mrequired[39m=[32m""[39m
                  [33mtype[39m=[32m"password"[39m
                  [33mvalue[39m=[32m"password123"[39m
                [36m/>[39m
              [36m</div>[39m
              [36m<button[39m
                [33maria-busy[39m=[32m"false"[39m
                [33mclass[39m=[32m"btn-base btn--primary btn--md btn--full"[39m
                [33mtype[39m=[32m"submit"[39m
              [36m>[39m
                [0mSign In[0m
              [36m</button>[39m
            [36m</form>[39m
            [36m<div[39m
              [33mclass[39m=[32m"login-page__demo-credentials"[39m
            [36m>[39m
              [36m<p[39m
                [33mclass[39m=[32m"login-page__demo-title"[39m
              [36m>[39m
                [0mDemo Credentials[0m
              [36m</p>[39m
              [36m<div[39m
                [33mclass[39m=[32m"login-page__credential-list"[39m
              [36m>[39m
                [36m<div[39m
                  [33mclass[39m=[32m"login-page__credential-item"[39m
                [36m>[39m
                  [36m<span[39m
                    [33mclass[39m=[32m"login-page__credential-role"[39m
                  [36m>[39m
                    [0mHead Coach:[0m
                  [36m</span>[39m
                  [36m<span[39m
                    [33mclass[39m=[32m"login-page__credential-value"[39m
                  [36m>[39m
                    [0mheadcoach / password123[0m
                  [36m</span>[39m
                [36m</div>[39m
                [36m<div[39m
                  [33mclass[39m=[32m"login-page__credential-item"[39m
                [36m>[39m
                  [36m<span[39m
                    [33mclass[39m=[32m"login-page__credential-role"[39m
                  [36m>[39m
                    [0mAssistant Coach:[0m
                  [36m</span>[39m
                  [36m<span[39m
                    [33mclass[39m=[32m"login-page__credential-value"[39m
                  [36m>[39m
                    [0massistant1 / password123[0m
                  [36m</span>[39m
                [36m</div>[39m
                [36m<div[39m
                  [33mclass[39m=[32m"login-page__credential-item"[39m
                [36m>[39m
                  [36m<span[39m
                    [33mclass[39m=[32m"login-page__credential-role"[39m
                  [36m>[39m
                    [0mStudent:[0m
                  [36m</span>[39m
                  [36m<span[39m
                    [33mclass[39m=[32m"login-page__credential-value"[39m
                  [36m>[39m
                    [0maarav / password123[0m
                  [36m</span>[39m
                [36m</div>[39m
              [36m</div>[39m
            [36m</div>[39m
          [36m</div>[39m
        [36m</div>[39m
      [36m</div>[39m
    [36m</div>[39m
  [36m</body>[39m
[36m</html>[39m

- Expected:
true

+ Received:
null

 ❯ src/pages/LoginPage.test.tsx:230:25
    228|       await waitFor(() => {
    229|         const userStr = localStorage.getItem('auth_user');
    230|         expect(userStr).toBeTruthy();
       |                         ^
    231|         const user = JSON.parse(userStr!);
    232|         expect(user.name).toBe('Sumit Dali');
 ❯ runWithExpensiveErrorDiagnosticsDisabled node_modules/@testing-library/dom/dist/config.js:47:12
 ❯ checkCallback node_modules/@testing-library/dom/dist/wait-for.js:124:77
 ❯ Timeout.checkRealTimersCallback node_modules/@testing-library/dom/dist/wait-for.js:118:16

⎯⎯⎯⎯⎯⎯⎯⎯⎯⎯⎯⎯⎯⎯⎯⎯⎯⎯⎯⎯[102/107]⎯

 FAIL  src/components/__tests__/CoachPaymentsTab.DeleteExpense.test.tsx > CoachPaymentsTab - Delete Expense Integration > Delete Button Visibility > should not show delete button for ASSISTANT_COACH
TestingLibraryElementError: Unable to find an accessible element with the role "button"

Here are the accessible roles:

  heading:

  Name "Payment Records & Expenses":
  [36m<h3[39m
    [33mclass[39m=[32m"tab-title"[39m
  [36m/>[39m

  Name "Income Records":
  [36m<h4[39m
    [33mclass[39m=[32m"section-title"[39m
  [36m/>[39m

  Name "Expense Records":
  [36m<h4[39m
    [33mclass[39m=[32m"ledger-title"[39m
  [36m/>[39m

  --------------------------------------------------
  region:

  Name "Payment transaction filters":
  [36m<section[39m
    [33maria-label[39m=[32m"Payment transaction filters"[39m
    [33mclass[39m=[32m"filters-section"[39m
  [36m/>[39m

  Name "Income records":
  [36m<section[39m
    [33maria-label[39m=[32m"Income records"[39m
    [33mclass[39m=[32m"payment-section"[39m
  [36m/>[39m

  Name "Expense records":
  [36m<section[39m
    [33maria-label[39m=[32m"Expense records"[39m
    [33mclass[39m=[32m"payment-section"[39m
  [36m/>[39m

  --------------------------------------------------
  combobox:

  Name "Filter transactions by student":
  [36m<select[39m
    [33maria-label[39m=[32m"Filter transactions by student"[39m
    [33mclass[39m=[32m"filter-select"[39m
    [33mid[39m=[32m"student"[39m
  [36m/>[39m

  Name "Filter transactions by batch":
  [36m<select[39m
    [33maria-label[39m=[32m"Filter transactions by batch"[39m
    [33mclass[39m=[32m"filter-select"[39m
    [33mid[39m=[32m"batch"[39m
  [36m/>[39m

  Name "Filter transactions by payment method":
  [36m<select[39m
    [33maria-label[39m=[32m"Filter transactions by payment method"[39m
    [33mclass[39m=[32m"filter-select"[39m
    [33mid[39m=[32m"paymentMethod"[39m
  [36m/>[39m

  Name "Filter transactions by expense type":
  [36m<select[39m
    [33maria-label[39m=[32m"Filter transactions by expense type"[39m
    [33mclass[39m=[32m"filter-select"[39m
    [33mid[39m=[32m"expenseType"[39m
  [36m/>[39m

  --------------------------------------------------
  option:

  Name "All Students":
  [36m<option[39m
    [33mvalue[39m=[32m""[39m
  [36m/>[39m

  Name "Arjun Verma":
  [36m<option[39m
    [33mvalue[39m=[32m"student-001"[39m
  [36m/>[39m

  Name "All Batches":
  [36m<option[39m
    [33mvalue[39m=[32m""[39m
  [36m/>[39m

  Name "batch-001":
  [36m<option[39m
    [33mvalue[39m=[32m"batch-001"[39m
  [36m/>[39m

  Name "All Methods":
  [36m<option[39m
    [33mvalue[39m=[32m""[39m
  [36m/>[39m

  Name "UPI":
  [36m<option[39m
    [33mvalue[39m=[32m"UPI"[39m
  [36m/>[39m

  Name "All Types":
  [36m<option[39m
    [33mvalue[39m=[32m""[39m
  [36m/>[39m

  Name "SHUTTLE":
  [36m<option[39m
    [33mvalue[39m=[32m"SHUTTLE"[39m
  [36m/>[39m

  Name "SUPPLIES":
  [36m<option[39m
    [33mvalue[39m=[32m"SUPPLIES"[39m
  [36m/>[39m

  --------------------------------------------------
  table:

  Name "Student fee income transactions":
  [36m<table[39m
    [33maria-label[39m=[32m"Student fee income transactions"[39m
    [33mclass[39m=[32m"payment-table"[39m
  [36m/>[39m

  Name "":
  [36m<table[39m
    [33mclass[39m=[32m"ledger-table"[39m
  [36m/>[39m

  --------------------------------------------------
  rowgroup:

  Name "":
  [36m<thead />[39m

  Name "":
  [36m<tbody />[39m

  Name "":
  [36m<thead />[39m

  Name "":
  [36m<tbody />[39m

  --------------------------------------------------
  row:

  Name "Type Student Name Amount Date Details Status":
  [36m<tr />[39m

  Name "Income Arjun Vermaarjun@example.com ₹1,000 10 Jan 2026 January 2026Ref: UPI001 Paid":
  [36m<tr[39m
    [33mclass[39m=[32m"row-fee"[39m
  [36m/>[39m

  Name "Type Amount Date Description Created By":
  [36m<tr />[39m

  Name "Supplies ₹300 10 Jan 2026 Training equipment coach-001":
  [36m<tr[39m
    [33mclass[39m=[32m"ledger-row"[39m
  [36m/>[39m

  Name "Shuttle ₹500 5 Jan 2026 Shuttle for training coach-001":
  [36m<tr[39m
    [33mclass[39m=[32m"ledger-row"[39m
  [36m/>[39m

  --------------------------------------------------
  columnheader:

  Name "Type":
  [36m<th[39m
    [33mscope[39m=[32m"col"[39m
  [36m/>[39m

  Name "Student Name":
  [36m<th[39m
    [33mscope[39m=[32m"col"[39m
  [36m/>[39m

  Name "Amount":
  [36m<th[39m
    [33mscope[39m=[32m"col"[39m
  [36m/>[39m

  Name "Date":
  [36m<th[39m
    [33mscope[39m=[32m"col"[39m
  [36m/>[39m

  Name "Details":
  [36m<th[39m
    [33mscope[39m=[32m"col"[39m
  [36m/>[39m

  Name "Status":
  [36m<th[39m
    [33mscope[39m=[32m"col"[39m
  [36m/>[39m

  Name "Type":
  [36m<th[39m
    [33mclass[39m=[32m"col-type"[39m
  [36m/>[39m

  Name "Amount":
  [36m<th[39m
    [33mclass[39m=[32m"col-amount"[39m
  [36m/>[39m

  Name "Date":
  [36m<th[39m
    [33mclass[39m=[32m"col-date"[39m
  [36m/>[39m

  Name "Description":
  [36m<th[39m
    [33mclass[39m=[32m"col-description"[39m
  [36m/>[39m

  Name "Created By":
  [36m<th[39m
    [33mclass[39m=[32m"col-created-by"[39m
  [36m/>[39m

  --------------------------------------------------
  cell:

  Name "Income":
  [36m<td[39m
    [33mclass[39m=[32m"cell-type"[39m
  [36m/>[39m

  Name "Arjun Vermaarjun@example.com":
  [36m<td[39m
    [33mclass[39m=[32m"cell-student"[39m
  [36m/>[39m

  Name "₹1,000":
  [36m<td[39m
    [33mclass[39m=[32m"cell-amount"[39m
  [36m/>[39m

  Name "10 Jan 2026":
  [36m<td[39m
    [33mclass[39m=[32m"cell-date"[39m
  [36m/>[39m

  Name "January 2026Ref: UPI001":
  [36m<td[39m
    [33mclass[39m=[32m"cell-details"[39m
  [36m/>[39m

  Name "Paid":
  [36m<td[39m
    [33mclass[39m=[32m"cell-status"[39m
  [36m/>[39m

  Name "Supplies":
  [36m<td[39m
    [33mclass[39m=[32m"col-type"[39m
  [36m/>[39m

  Name "₹300":
  [36m<td[39m
    [33mclass[39m=[32m"col-amount"[39m
  [36m/>[39m

  Name "10 Jan 2026":
  [36m<td[39m
    [33mclass[39m=[32m"col-date"[39m
  [36m/>[39m

  Name "Training equipment":
  [36m<td[39m
    [33mclass[39m=[32m"col-description"[39m
  [36m/>[39m

  Name "coach-001":
  [36m<td[39m
    [33mclass[39m=[32m"col-created-by"[39m
  [36m/>[39m

  Name "Shuttle":
  [36m<td[39m
    [33mclass[39m=[32m"col-type"[39m
  [36m/>[39m

  Name "₹500":
  [36m<td[39m
    [33mclass[39m=[32m"col-amount"[39m
  [36m/>[39m

  Name "5 Jan 2026":
  [36m<td[39m
    [33mclass[39m=[32m"col-date"[39m
  [36m/>[39m

  Name "Shuttle for training":
  [36m<td[39m
    [33mclass[39m=[32m"col-description"[39m
  [36m/>[39m

  Name "coach-001":
  [36m<td[39m
    [33mclass[39m=[32m"col-created-by"[39m
  [36m/>[39m

  --------------------------------------------------

Ignored nodes: comments, script, style
[36m<body>[39m
  [36m<div>[39m
    [36m<div[39m
      [33mclass[39m=[32m"coach-profile-tab-content"[39m
    [36m>[39m
      [36m<div[39m
        [33mclass[39m=[32m"tab-header"[39m
      [36m>[39m
        [36m<h3[39m
          [33mclass[39m=[32m"tab-title"[39m
        [36m>[39m
          [0mPayment Records & Expenses[0m
        [36m</h3>[39m
      [36m</div>[39m
      [36m<section[39m
        [33maria-label[39m=[32m"Payment transaction filters"[39m
        [33mclass[39m=[32m"filters-section"[39m
      [36m>[39m
        [36m<div[39m
          [33mclass[39m=[32m"filters-container"[39m
        [36m>[39m
          [36m<div[39m
            [33mclass[39m=[32m"filter-group"[39m
          [36m>[39m
            [36m<label[39m
              [33mclass[39m=[32m"filter-label"[39m
              [33mfor[39m=[32m"dateFrom"[39m
            [36m>[39m
              [0mFrom Date[0m
            [36m</label>[39m
            [36m<input[39m
              [33maria-label[39m=[32m"Filter transactions from date"[39m
              [33mclass[39m=[32m"filter-input"[39m
              [33mid[39m=[32m"dateFrom"[39m
              [33mtype[39m=[32m"date"[39m
              [33mvalue[39m=[32m""[39m
            [36m/>[39m
          [36m</div>[39m
          [36m<div[39m
            [33mclass[39m=[32m"filter-group"[39m
          [36m>[39m
            [36m<label[39m
              [33mclass[39m=[32m"filter-label"[39m
              [33mfor[39m=[32m"dateTo"[39m
            [36m>[39m
              [0mTo Date[0m
            [36m</label>[39m
            [36m<input[39m
              [33maria-label[39m=[32m"Filter transactions to date"[39m
              [33mclass[39m=[32m"filter-input"[39m
              [33mid[39m=[32m"dateTo"[39m
              [33mtype[39m=[32m"date"[39m
              [33mvalue[39m=[32m""[39m
            [36m/>[39m
          [36m</div>[39m
          [36m<div[39m
            [33mclass[39m=[32m"filter-group"[39m
          [36m>[39m
            [36m<label[39m
              [33mclass[39m=[32m"filter-label"[39m
              [33mfor[39m=[32m"student"[39m
            [36m>[39m
              [0mStudent[0m
            [36m</label>[39m
            [36m<select[39m
              [33maria-label[39m=[32m"Filter transactions by student"[39m
              [33mclass[39m=[32m"filter-select"[39m
              [33mid[39m=[32m"student"[39m
            [36m>[39m
              [36m<option[39m
                [33mvalue[39m=[32m""[39m
              [36m>[39m
                [0mAll Students[0m
              [36m</option>[39m
              [36m<option[39m
                [33mvalue[39m=[32m"student-001"[39m
              [36m>[39m
                [0mArjun Verma[0m
              [36m</option>[39m
            [36m</select>[39m
          [36m</div>[39m
          [36m<div[39m
            [33mclass[39m=[32m"filter-group"[39m
          [36m>[39m
            [36m<label[39m
              [33mclass[39m=[32m"filter-label"[39m
              [33mfor[39m=[32m"batch"[39m
            [36m>[39m
              [0mBatch[0m
            [36m</label>[39m
            [36m<select[39m
              [33maria-label[39m=[32m"Filter transactions by batch"[39m
              [33mclass[39m=[32m"filter-select"[39m
              [33mid[39m=[32m"batch"[39m
            [36m>[39m
              [36m<option[39m
                [33mvalue[39m=[32m""[39m
              [36m>[39m
                [0mAll Batches[0m
              [36m</option>[39m
              [36m<option[39m
                [33mvalue[39m=[32m"batch-001"[39m
              [36m>[39m
                [0mbatch-001[0m
              [36m</option>[39m
            [36m</select>[39m
          [36m</div>[39m
          [36m<div[39m
            [33mclass[39m=[32m"filter-group"[39m
          [36m>[39m
            [36m<label[39m
              [33mclass[39m=[32m"filter-label"[39m
              [33mfor[39m=[32m"paymentMethod"[39m
            [36m>[39m
              [0mPayment Method[0m
            [36m</label>[39m
            [36m<select[39m
              [33maria-label[39m=[32m"Filter transactions by payment method"[39m
              [33mclass[39m=[32m"filter-select"[39m
              [33mid[39m=[32m"paymentMethod"[39m
            [36m>[39m
              [36m<option[39m
                [33mvalue[39m=[32m""[39m
              [36m>[39m
                [0mAll Methods[0m
              [36m</option>[39m
              [36m<option[39m
                [33mvalue[39m=[32m"UPI"[39m
              [36m>[39m
                [0mUPI[0m
              [36m</option>[39m
            [36m</select>[39m
          [36m</div>[39m
          [36m<div[39m
            [33mclass[39m=[32m"filter-group"[39m
          [36m>[39m
            [36m<label[39m
              [33mclass[39m=[32m"filter-label"[39m
              [33mfor[39m=[32m"expenseType"[39m
            [36m>[39m
              [0mExpense Type[0m
            [36m</label>[39m
            [36m<select[39m
              [33maria-label[39m=[32m"Filter transactions by expense type"[39m
              [33mclass[39m=[32m"filter-select"[39m
              [33mid[39m=[32m"expenseType"[39m
            [36m>[39m
              [36m<option[39m
                [33mvalue[39m=[32m""[39m
              [36m>[39m
                [0mAll Types[0m
              [36m</option>[39m
              [36m<option[39m
                [33mvalue[39m=[32m"SHUTTLE"[39m
              [36m>[39m
                [0mSHUTTLE[0m
              [36m</option>[39m
              [36m<option[39m
                [33mvalue[39m=[32m"SUPPLIES"[39m
              [36m>[39m
                [0mSUPPLIES[0m
              [36m</option>[39m
            [36m</select>[39m
          [36m</div>[39m
        [36m</div>[39m
        [36m<div[39m
          [33mclass[39m=[32m"filter-result-info"[39m
        [36m>[39m
          [0mShowing [0m
          [0m3[0m
          [0m transaction[0m
          [0ms[0m
        [36m</div>[39m
      [36m</section>[39m
      [36m<div[39m
        [33mclass[39m=[32m"payment-stats-grid"[39m
      [36m>[39m
        [36m<div[39m
          [33mclass[39m=[32m"stat-card"[39m
        [36m>[39m
          [36m<div[39m
            [33mclass[39m=[32m"stat-label"[39m
          [36m>[39m
            [0mTotal Income[0m
          [36m</div>[39m
          [36m<div[39m
            [33mclass[39m=[32m"stat-value"[39m
          [36m>[39m
            [0m₹1,000[0m
          [36m</div>[39m
        [36m</div>[39m
        [36m<div[39m
          [33mclass[39m=[32m"stat-card"[39m
        [36m>[39m
          [36m<div[39m
            [33mclass[39m=[32m"stat-label"[39m
          [36m>[39m
            [0mTotal Expenses[0m
          [36m</div>[39m
          [36m<div[39m
            [33mclass[39m=[32m"stat-value"[39m
          [36m>[39m
            [0m₹800[0m
          [36m</div>[39m
        [36m</div>[39m
        [36m<div[39m
          [33mclass[39m=[32m"stat-card"[39m
        [36m>[39m
          [36m<div[39m
            [33mclass[39m=[32m"stat-label"[39m
          [36m>[39m
            [0mNet Balance[0m
          [36m</div>[39m
          [36m<div[39m
            [33mclass[39m=[32m"stat-value positive"[39m
          [36m>[39m
            [0m₹200[0m
          [36m</div>[39m
        [36m</div>[39m
        [36m<div[39m
          [33mclass[39m=[32m"stat-card stat-card--success"[39m
        [36m>[39m
          [36m<div[39m
            [33mclass[39m=[32m"stat-label"[39m
          [36m>[39m
            [0mPaid[0m
          [36m</div>[39m
          [36m<div[39m
            [33mclass[39m=[32m"stat-value"[39m
          [36m>[39m
            [0m₹1,000[0m
          [36m</div>[39m
        [36m</div>[39m
        [36m<div[39m
          [33mclass[39m=[32m"stat-card stat-card--warning"[39m
        [36m>[39m
          [36m<div[39m
            [33mclass[39m=[32m"stat-label"[39m
          [36m>[39m
            [0mPending[0m
          [36m</div>[39m
          [36m<div[39m
            [33mclass[39m=[32m"stat-value"[39m
          [36m>[39m
            [0m₹0[0m
          [36m</div>[39m
        [36m</div>[39m
        [36m<div[39m
          [33mclass[39m=[32m"stat-card stat-card--danger"[39m
        [36m>[39m
          [36m<div[39m
            [33mclass[39m=[32m"stat-label"[39m
          [36m>[39m
            [0mOverdue[0m
          [36m</div>[39m
          [36m<div[39m
            [33mclass[39m=[32m"stat-value"[39m
          [36m>[39m
            [0m₹0[0m
          [36m</div>[39m
        [36m</div>[39m
      [36m</div>[39m
      [36m<section[39m
        [33maria-label[39m=[32m"Income records"[39m
        [33mclass[39m=[32m"payment-section"[39m
      [36m>[39m
        [36m<h4[39m
          [33mclass[39m=[32m"section-title"[39m
        [36m>[39m
          [0mIncome Records[0m
        [36m</h4>[39m
        [36m<div[39m
          [33mclass[39m=[32m"payment-table-container"[39m
        [36m>[39m
          [36m<table[39m
            [33maria-label[39m=[32m"Student fee income transactions"[39m
            [33mclass[39m=[32m"payment-table"[39m
          [36m>[39m
            [36m<thead>[39m
              [36m<tr>[39m
                [36m<th[39m
                  [33mscope[39m=[32m"col"[39m
                [36m>[39m
                  [0mType[0m
                [36m</th>[39m
                [36m<th[39m
                  [33mscope[39m=[32m"col"[39m
                [36m>[39m
                  [0mStudent Name[0m
                [36m</th>[39m
                [36m<th[39m
                  [33mscope[39m=[32m"col"[39m
                [36m>[39m
                  [0mAmount[0m
                [36m</th>[39m
                [36m<th[39m
                  [33mscope[39m=[32m"col"[39m
                [36m>[39m
                  [0mDate[0m
                [36m</th>[39m
                [36m<th[39m
                  [33mscope[39m=[32m"col"[39m
                [36m>[39m
                  [0mDetails[0m
                [36m</th>[39m
                [36m<th[39m
                  [33mscope[39m=[32m"col"[39m
                [36m>[39m
                  [0mStatus[0m
                [36m</th>[39m
              [36m</tr>[39m
            [36m</thead>[39m
            [36m<tbody>[39m
              [36m<tr[39m
                [33mclass[39m=[32m"row-fee"[39m
              [36m>[39m
                [36m<td[39m
                  [33mclass[39m=[32m"cell-type"[39m
                [36m>[39m
                  [36m<span[39m
                    [33mclass[39m=[32m"type-badge type-badge--income"[39m
                  [36m>[39m
                    [0mIncome[0m
                  [36m</span>[39m
                [36m</td>[39m
                [36m<td[39m
                  [33mclass[39m=[32m"cell-student"[39m
                [36m>[39m
                  [36m<div[39m
                    [33mclass[39m=[32m"student-cell"[39m
                  [36m>[39m
                    [36m<span[39m
                      [33mclass[39m=[32m"student-name"[39m
                    [36m>[39m
                      [0mArjun Verma[0m
                    [36m</span>[39m
                    [36m<span[39m
                      [33mclass[39m=[32m"student-email"[39m
                    [36m>[39m
                      [0marjun@example.com[0m
                    [36m</span>[39m
                  [36m</div>[39m
                [36m</td>[39m
                [36m<td[39m
                  [33mclass[39m=[32m"cell-amount"[39m
                [36m>[39m
                  [0m₹1,000[0m
                [36m</td>[39m
                [36m<td[39m
                  [33mclass[39m=[32m"cell-date"[39m
                [36m>[39m
                  [0m10 Jan 2026[0m
                [36m</td>[39m
                [36m<td[39m
                  [33mclass[39m=[32m"cell-details"[39m
                [36m>[39m
                  [36m<span[39m
                    [33mclass[39m=[32m"detail-month"[39m
                  [36m>[39m
                    [0mJanuary 2026[0m
                  [36m</span>[39m
                  [36m<span[39m
                    [33mclass[39m=[32m"detail-ref"[39m
                  [36m>[39m
                    [0mRef: [0m
                    [0mUPI001[0m
                  [36m</span>[39m
                [36m</td>[39m
                [36m<td[39m
                  [33mclass[39m=[32m"cell-status"[39m
                [36m>[39m
                  [36m<span[39m
                    [33mclass[39m=[32m"badge badge--success"[39m
                  [36m>[39m
                    [0mPaid[0m
                  [36m</span>[39m
                [36m</td>[39m
              [36m</tr>[39m
            [36m</tbody>[39m
          [36m</table>[39m
        [36m</div>[39m
      [36m</section>[39m
      [36m<section[39m
        [33maria-label[39m=[32m"Expense records"[39m
        [33mclass[39m=[32m"payment-section"[39m
      [36m>[39m
        [36m<div[39m
          [33mclass[39m=[32m"expense-ledger"[39m
        [36m>[39m
          [36m<div[39m
            [33mclass[39m=[32m"expense-ledger-header"[39m
          [36m>[39m
            [36m<h4[39m
              [33mclass[39m=[32m"ledger-title"[39m
            [36m>[39m
              [0mExpense Records[0m
            [36m</h4>[39m
            [36m<span[39m
              [33mclass[39m=[32m"ledger-count"[39m
            [36m>[39m
              [0m2[0m
              [0m [0m
              [0mrecords[0m
            [36m</span>[39m
          [36m</div>[39m
          [36m<div[39m
            [33mclass[39m=[32m"ledger-table-container"[39m
          [36m>[39m
            [36m<table[39m
              [33mclass[39m=[32m"ledger-table"[39m
            [36m>[39m
              [36m<thead>[39m
                [36m<tr>[39m
                  [36m<th[39m
                    [33mclass[39m=[32m"col-type"[39m
                  [36m>[39m
                    [0mType[0m
                  [36m</th>[39m
                  [36m<th[39m
                    [33mclass[39m=[32m"col-amount"[39m
                  [36m>[39m
                    [0mAmount[0m
                  [36m</th>[39m
                  [36m<th[39m
                    [33mclass[39m=[32m"col-date"[39m
                  [36m>[39m
                    [0mDate[0m
                  [36m</th>[39m
                  [36m<th[39m
                    [33mclass[39m=[32m"col-description"[39m
                  [36m>[39m
                    [0mDescription[0m
                  [36m</th>[39m
                  [36m<th[39m
                    [33mclass[39m=[32m"col-created-by"[39m
                  [36m>[39m
                    [0mCreated By[0m
                  [36m</th>[39m
                [36m</tr>[39m
              [36m</thead>[39m
              [36m<tbody>[39m
                [36m<tr[39m
                  [33mclass[39m=[32m"ledger-row"[39m
                [36m>[39m
                  [36m<td[39m
                    [33mclass[39m=[32m"col-type"[39m
                  [36m>[39m
                    [36m<span[39m
                      [33mclass[39m=[32m"expense-type-badge"[39m
                    [36m>[39m
                      [0mSupplies[0m
                    [36m</span>[39m
                  [36m</td>[39m
                  [36m<td[39m
                    [33mclass[39m=[32m"col-amount"[39m
                  [36m>[39m
                    [36m<span[39m
                      [33mclass[39m=[32m"amount-value"[39m
                    [36m>[39m
                      [0m₹300[0m
                    [36m</span>[39m
                  [36m</td>[39m
                  [36m<td[39m
                    [33mclass[39m=[32m"col-date"[39m
                  [36m>[39m
                    [36m<span[39m
                      [33mclass[39m=[32m"date-value"[39m
                    [36m>[39m
                      [0m10 Jan 2026[0m
                    [36m</span>[39m
                  [36m</td>[39m
                  [36m<td[39m
                    [33mclass[39m=[32m"col-description"[39m
                  [36m>[39m
                    [36m<span[39m
                      [33mclass[39m=[32m"description-value"[39m
                      [33mtitle[39m=[32m"Training equipment"[39m
                    [36m>[39m
                      [0mTraining equipment[0m
                    [36m</span>[39m
                  [36m</td>[39m
                  [36m<td[39m
                    [33mclass[39m=[32m"col-created-by"[39m
                  [36m>[39m
                    [36m<span[39m
                      [33mclass[39m=[32m"created-by-value"[39m
                    [36m>[39m
                      [0mcoach-001[0m
                    [36m</span>[39m
                  [36m</td>[39m
                [36m</tr>[39m
                [36m<tr[39m
                  [33mclass[39m=[32m"ledger-row"[39m
                [36m>[39m
                  [36m<td[39m
                    [33mclass[39m=[32m"col-type"[39m
                  [36m>[39m
                    [36m<span[39m
                      [33mclass[39m=[32m"expense-type-badge"[39m
                    [36m>[39m
                      [0mShuttle[0m
                    [36m</span>[39m
                  [36m</td>[39m
                  [36m<td[39m
                    [33mclass[39m=[32m"col-amount"[39m
                  [36m>[39m
                    [36m<span[39m
                      [33mclass[39m=[32m"amount-value"[39m
                    [36m>[39m
                      [0m₹500[0m
                    [36m</span>[39m
                  [36m</td>[39m
                  [36m<td[39m
                    [33mclass[39m=[32m"col-date"[39m
                  [36m>[39m
                    [36m<span[39m
                      [33mclass[39m=[32m"date-value"[39m
                    [36m>[39m
                      [0m5 Jan 2026[0m
                    [36m</span>[39m
                  [36m</td>[39m
                  [36m<td[39m
                    [33mclass[39m=[32m"col-description"[39m
                  [36m>[39m
                    [36m<span[39m
                      [33mclass[39m=[32m"description-value"[39m
                      [33mtitle[39m=[32m"Shuttle for training"[39m
                    [36m>[39m
                      [0mShuttle for training[0m
                    [36m</span>[39m
                  [36m</td>[39m
                  [36m<td[39m
                    [33mclass[39m=[32m"col-created-by"[39m
                  [36m>[39m
                    [36m<span[39m
                      [33mclass[39m=[32m"created-by-value"[39m
                    [36m>[39m
                      [0mcoach-001[0m
                    [36m</span>[39m
                  [36m</td>[39m
                [36m</tr>[39m
              [36m</tbody>[39m
            [36m</table>[39m
          [36m</div>[39m
        [36m</div>[39m
      [36m</section>[39m
    [36m</div>[39m
  [36m</div>[39m
[36m</body>[39m
 ❯ Object.getElementError node_modules/@testing-library/dom/dist/config.js:37:19
 ❯ node_modules/@testing-library/dom/dist/query-helpers.js:76:38
 ❯ node_modules/@testing-library/dom/dist/query-helpers.js:109:15
 ❯ src/components/__tests__/CoachPaymentsTab.DeleteExpense.test.tsx:108:30
    106|       // For ASSISTANT_COACH, canEdit should be false
    107|       // So no delete/edit buttons should be rendered in the table
    108|       const buttons = screen.getAllByRole('button');
       |                              ^
    109|       const actionButtons = buttons.filter(b =>
    110|         b.getAttribute('aria-label')?.includes('Delete') || b.getAttri…

⎯⎯⎯⎯⎯⎯⎯⎯⎯⎯⎯⎯⎯⎯⎯⎯⎯⎯⎯⎯[103/107]⎯

 FAIL  src/components/__tests__/CoachPaymentsTab.DeleteExpense.test.tsx > CoachPaymentsTab - Delete Expense Integration > Delete Confirmation Actions > should call onExpenseDeleted callback when Delete button is clicked
TestingLibraryElementError: Unable to find an accessible element with the role "button" and name `/^delete$/i`

Here are the accessible roles:

  heading:

  Name "Payment Records & Expenses":
  [36m<h3[39m
    [33mclass[39m=[32m"tab-title"[39m
  [36m/>[39m

  Name "Income Records":
  [36m<h4[39m
    [33mclass[39m=[32m"section-title"[39m
  [36m/>[39m

  Name "Expense Records":
  [36m<h4[39m
    [33mclass[39m=[32m"ledger-title"[39m
  [36m/>[39m

  Name "Delete Expense?":
  [36m<h2[39m
    [33mclass[39m=[32m"dialog-title"[39m
    [33mid[39m=[32m"delete-dialog-title"[39m
  [36m/>[39m

  --------------------------------------------------
  region:

  Name "Payment transaction filters":
  [36m<section[39m
    [33maria-label[39m=[32m"Payment transaction filters"[39m
    [33mclass[39m=[32m"filters-section"[39m
  [36m/>[39m

  Name "Income records":
  [36m<section[39m
    [33maria-label[39m=[32m"Income records"[39m
    [33mclass[39m=[32m"payment-section"[39m
  [36m/>[39m

  Name "Expense records":
  [36m<section[39m
    [33maria-label[39m=[32m"Expense records"[39m
    [33mclass[39m=[32m"payment-section"[39m
  [36m/>[39m

  --------------------------------------------------
  combobox:

  Name "Filter transactions by student":
  [36m<select[39m
    [33maria-label[39m=[32m"Filter transactions by student"[39m
    [33mclass[39m=[32m"filter-select"[39m
    [33mid[39m=[32m"student"[39m
  [36m/>[39m

  Name "Filter transactions by batch":
  [36m<select[39m
    [33maria-label[39m=[32m"Filter transactions by batch"[39m
    [33mclass[39m=[32m"filter-select"[39m
    [33mid[39m=[32m"batch"[39m
  [36m/>[39m

  Name "Filter transactions by payment method":
  [36m<select[39m
    [33maria-label[39m=[32m"Filter transactions by payment method"[39m
    [33mclass[39m=[32m"filter-select"[39m
    [33mid[39m=[32m"paymentMethod"[39m
  [36m/>[39m

  Name "Filter transactions by expense type":
  [36m<select[39m
    [33maria-label[39m=[32m"Filter transactions by expense type"[39m
    [33mclass[39m=[32m"filter-select"[39m
    [33mid[39m=[32m"expenseType"[39m
  [36m/>[39m

  --------------------------------------------------
  option:

  Name "All Students":
  [36m<option[39m
    [33mvalue[39m=[32m""[39m
  [36m/>[39m

  Name "Arjun Verma":
  [36m<option[39m
    [33mvalue[39m=[32m"student-001"[39m
  [36m/>[39m

  Name "All Batches":
  [36m<option[39m
    [33mvalue[39m=[32m""[39m
  [36m/>[39m

  Name "batch-001":
  [36m<option[39m
    [33mvalue[39m=[32m"batch-001"[39m
  [36m/>[39m

  Name "All Methods":
  [36m<option[39m
    [33mvalue[39m=[32m""[39m
  [36m/>[39m

  Name "UPI":
  [36m<option[39m
    [33mvalue[39m=[32m"UPI"[39m
  [36m/>[39m

  Name "All Types":
  [36m<option[39m
    [33mvalue[39m=[32m""[39m
  [36m/>[39m

  Name "SHUTTLE":
  [36m<option[39m
    [33mvalue[39m=[32m"SHUTTLE"[39m
  [36m/>[39m

  Name "SUPPLIES":
  [36m<option[39m
    [33mvalue[39m=[32m"SUPPLIES"[39m
  [36m/>[39m

  --------------------------------------------------
  table:

  Name "Student fee income transactions":
  [36m<table[39m
    [33maria-label[39m=[32m"Student fee income transactions"[39m
    [33mclass[39m=[32m"payment-table"[39m
  [36m/>[39m

  Name "":
  [36m<table[39m
    [33mclass[39m=[32m"ledger-table"[39m
  [36m/>[39m

  --------------------------------------------------
  rowgroup:

  Name "":
  [36m<thead />[39m

  Name "":
  [36m<tbody />[39m

  Name "":
  [36m<thead />[39m

  Name "":
  [36m<tbody />[39m

  --------------------------------------------------
  row:

  Name "Type Student Name Amount Date Details Status":
  [36m<tr />[39m

  Name "Income Arjun Vermaarjun@example.com ₹1,000 10 Jan 2026 January 2026Ref: UPI001 Paid":
  [36m<tr[39m
    [33mclass[39m=[32m"row-fee"[39m
  [36m/>[39m

  Name "Type Amount Date Description Created By Actions":
  [36m<tr />[39m

  Name "Supplies ₹300 10 Jan 2026 Training equipment coach-001 Edit Delete":
  [36m<tr[39m
    [33mclass[39m=[32m"ledger-row"[39m
  [36m/>[39m

  Name "Shuttle ₹500 5 Jan 2026 Shuttle for training coach-001 Edit Delete":
  [36m<tr[39m
    [33mclass[39m=[32m"ledger-row"[39m
  [36m/>[39m

  --------------------------------------------------
  columnheader:

  Name "Type":
  [36m<th[39m
    [33mscope[39m=[32m"col"[39m
  [36m/>[39m

  Name "Student Name":
  [36m<th[39m
    [33mscope[39m=[32m"col"[39m
  [36m/>[39m

  Name "Amount":
  [36m<th[39m
    [33mscope[39m=[32m"col"[39m
  [36m/>[39m

  Name "Date":
  [36m<th[39m
    [33mscope[39m=[32m"col"[39m
  [36m/>[39m

  Name "Details":
  [36m<th[39m
    [33mscope[39m=[32m"col"[39m
  [36m/>[39m

  Name "Status":
  [36m<th[39m
    [33mscope[39m=[32m"col"[39m
  [36m/>[39m

  Name "Type":
  [36m<th[39m
    [33mclass[39m=[32m"col-type"[39m
  [36m/>[39m

  Name "Amount":
  [36m<th[39m
    [33mclass[39m=[32m"col-amount"[39m
  [36m/>[39m

  Name "Date":
  [36m<th[39m
    [33mclass[39m=[32m"col-date"[39m
  [36m/>[39m

  Name "Description":
  [36m<th[39m
    [33mclass[39m=[32m"col-description"[39m
  [36m/>[39m

  Name "Created By":
  [36m<th[39m
    [33mclass[39m=[32m"col-created-by"[39m
  [36m/>[39m

  Name "Actions":
  [36m<th[39m
    [33mclass[39m=[32m"col-actions"[39m
  [36m/>[39m

  --------------------------------------------------
  cell:

  Name "Income":
  [36m<td[39m
    [33mclass[39m=[32m"cell-type"[39m
  [36m/>[39m

  Name "Arjun Vermaarjun@example.com":
  [36m<td[39m
    [33mclass[39m=[32m"cell-student"[39m
  [36m/>[39m

  Name "₹1,000":
  [36m<td[39m
    [33mclass[39m=[32m"cell-amount"[39m
  [36m/>[39m

  Name "10 Jan 2026":
  [36m<td[39m
    [33mclass[39m=[32m"cell-date"[39m
  [36m/>[39m

  Name "January 2026Ref: UPI001":
  [36m<td[39m
    [33mclass[39m=[32m"cell-details"[39m
  [36m/>[39m

  Name "Paid":
  [36m<td[39m
    [33mclass[39m=[32m"cell-status"[39m
  [36m/>[39m

  Name "Supplies":
  [36m<td[39m
    [33mclass[39m=[32m"col-type"[39m
  [36m/>[39m

  Name "₹300":
  [36m<td[39m
    [33mclass[39m=[32m"col-amount"[39m
  [36m/>[39m

  Name "10 Jan 2026":
  [36m<td[39m
    [33mclass[39m=[32m"col-date"[39m
  [36m/>[39m

  Name "Training equipment":
  [36m<td[39m
    [33mclass[39m=[32m"col-description"[39m
  [36m/>[39m

  Name "coach-001":
  [36m<td[39m
    [33mclass[39m=[32m"col-created-by"[39m
  [36m/>[39m

  Name "Edit Delete":
  [36m<td[39m
    [33mclass[39m=[32m"col-actions"[39m
  [36m/>[39m

  Name "Shuttle":
  [36m<td[39m
    [33mclass[39m=[32m"col-type"[39m
  [36m/>[39m

  Name "₹500":
  [36m<td[39m
    [33mclass[39m=[32m"col-amount"[39m
  [36m/>[39m

  Name "5 Jan 2026":
  [36m<td[39m
    [33mclass[39m=[32m"col-date"[39m
  [36m/>[39m

  Name "Shuttle for training":
  [36m<td[39m
    [33mclass[39m=[32m"col-description"[39m
  [36m/>[39m

  Name "coach-001":
  [36m<td[39m
    [33mclass[39m=[32m"col-created-by"[39m
  [36m/>[39m

  Name "Edit Delete":
  [36m<td[39m
    [33mclass[39m=[32m"col-actions"[39m
  [36m/>[39m

  --------------------------------------------------
  button:

  Name "Edit expense: Training equipment":
  [36m<button[39m
    [33maria-label[39m=[32m"Edit expense: Training equipment"[39m
    [33mclass[39m=[32m"btn-action btn-edit"[39m
    [33mtitle[39m=[32m"Edit expense"[39m
    [33mtype[39m=[32m"button"[39m
  [36m/>[39m

  Name "Delete expense: Training equipment":
  [36m<button[39m
    [33maria-label[39m=[32m"Delete expense: Training equipment"[39m
    [33mclass[39m=[32m"btn-action btn-delete"[39m
    [33mtitle[39m=[32m"Delete expense"[39m
    [33mtype[39m=[32m"button"[39m
  [36m/>[39m

  Name "Edit expense: Shuttle for training":
  [36m<button[39m
    [33maria-label[39m=[32m"Edit expense: Shuttle for training"[39m
    [33mclass[39m=[32m"btn-action btn-edit"[39m
    [33mtitle[39m=[32m"Edit expense"[39m
    [33mtype[39m=[32m"button"[39m
  [36m/>[39m

  Name "Delete expense: Shuttle for training":
  [36m<button[39m
    [33maria-label[39m=[32m"Delete expense: Shuttle for training"[39m
    [33mclass[39m=[32m"btn-action btn-delete"[39m
    [33mtitle[39m=[32m"Delete expense"[39m
    [33mtype[39m=[32m"button"[39m
  [36m/>[39m

  Name "Cancel expense deletion":
  [36m<button[39m
    [33maria-label[39m=[32m"Cancel expense deletion"[39m
    [33mclass[39m=[32m"btn btn-secondary"[39m
    [33mtype[39m=[32m"button"[39m
  [36m/>[39m

  Name "Confirm expense deletion":
  [36m<button[39m
    [33maria-label[39m=[32m"Confirm expense deletion"[39m
    [33mclass[39m=[32m"btn btn-danger"[39m
    [33mtype[39m=[32m"button"[39m
  [36m/>[39m

  --------------------------------------------------
  presentation:

  Name "":
  [36m<div[39m
    [33mclass[39m=[32m"dialog-overlay"[39m
    [33mrole[39m=[32m"presentation"[39m
  [36m/>[39m

  --------------------------------------------------
  alertdialog:

  Name "Delete Expense?":
  [36m<div[39m
    [33maria-describedby[39m=[32m"delete-dialog-description"[39m
    [33maria-labelledby[39m=[32m"delete-dialog-title"[39m
    [33mclass[39m=[32m"dialog-content"[39m
    [33mrole[39m=[32m"alertdialog"[39m
  [36m/>[39m

  --------------------------------------------------
  paragraph:

  Name "":
  [36m<p[39m
    [33mclass[39m=[32m"dialog-message"[39m
    [33mid[39m=[32m"delete-dialog-description"[39m
  [36m/>[39m

  --------------------------------------------------

Ignored nodes: comments, script, style
[36m<body>[39m
  [36m<div>[39m
    [36m<div[39m
      [33mclass[39m=[32m"coach-profile-tab-content"[39m
    [36m>[39m
      [36m<div[39m
        [33mclass[39m=[32m"tab-header"[39m
      [36m>[39m
        [36m<h3[39m
          [33mclass[39m=[32m"tab-title"[39m
        [36m>[39m
          [0mPayment Records & Expenses[0m
        [36m</h3>[39m
      [36m</div>[39m
      [36m<section[39m
        [33maria-label[39m=[32m"Payment transaction filters"[39m
        [33mclass[39m=[32m"filters-section"[39m
      [36m>[39m
        [36m<div[39m
          [33mclass[39m=[32m"filters-container"[39m
        [36m>[39m
          [36m<div[39m
            [33mclass[39m=[32m"filter-group"[39m
          [36m>[39m
            [36m<label[39m
              [33mclass[39m=[32m"filter-label"[39m
              [33mfor[39m=[32m"dateFrom"[39m
            [36m>[39m
              [0mFrom Date[0m
            [36m</label>[39m
            [36m<input[39m
              [33maria-label[39m=[32m"Filter transactions from date"[39m
              [33mclass[39m=[32m"filter-input"[39m
              [33mid[39m=[32m"dateFrom"[39m
              [33mtype[39m=[32m"date"[39m
              [33mvalue[39m=[32m""[39m
            [36m/>[39m
          [36m</div>[39m
          [36m<div[39m
            [33mclass[39m=[32m"filter-group"[39m
          [36m>[39m
            [36m<label[39m
              [33mclass[39m=[32m"filter-label"[39m
              [33mfor[39m=[32m"dateTo"[39m
            [36m>[39m
              [0mTo Date[0m
            [36m</label>[39m
            [36m<input[39m
              [33maria-label[39m=[32m"Filter transactions to date"[39m
              [33mclass[39m=[32m"filter-input"[39m
              [33mid[39m=[32m"dateTo"[39m
              [33mtype[39m=[32m"date"[39m
              [33mvalue[39m=[32m""[39m
            [36m/>[39m
          [36m</div>[39m
          [36m<div[39m
            [33mclass[39m=[32m"filter-group"[39m
          [36m>[39m
            [36m<label[39m
              [33mclass[39m=[32m"filter-label"[39m
              [33mfor[39m=[32m"student"[39m
            [36m>[39m
              [0mStudent[0m
            [36m</label>[39m
            [36m<select[39m
              [33maria-label[39m=[32m"Filter transactions by student"[39m
              [33mclass[39m=[32m"filter-select"[39m
              [33mid[39m=[32m"student"[39m
            [36m>[39m
              [36m<option[39m
                [33mvalue[39m=[32m""[39m
              [36m>[39m
                [0mAll Students[0m
              [36m</option>[39m
              [36m<option[39m
                [33mvalue[39m=[32m"student-001"[39m
              [36m>[39m
                [0mArjun Verma[0m
              [36m</option>[39m
            [36m</select>[39m
          [36m</div>[39m
          [36m<div[39m
            [33mclass[39m=[32m"filter-group"[39m
          [36m>[39m
            [36m<label[39m
              [33mclass[39m=[32m"filter-label"[39m
              [33mfor[39m=[32m"batch"[39m
            [36m>[39m
              [0mBatch[0m
            [36m</label>[39m
            [36m<select[39m
              [33maria-label[39m=[32m"Filter transactions by batch"[39m
              [33mclass[39m=[32m"filter-select"[39m
              [33mid[39m=[32m"batch"[39m
            [36m>[39m
              [36m<option[39m
                [33mvalue[39m=[32m""[39m
              [36m>[39m
                [0mAll Batches[0m
              [36m</option>[39m
              [36m<option[39m
                [33mvalue[39m=[32m"batch-001"[39m
              [36m>[39m
                [0mbatch-001[0m
              [36m</option>[39m
            [36m</select>[39m
          [36m</div>[39m
          [36m<div[39m
            [33mclass[39m=[32m"filter-group"[39m
          [36m>[39m
            [36m<label[39m
              [33mclass[39m=[32m"filter-label"[39m
              [33mfor[39m=[32m"paymentMethod"[39m
            [36m>[39m
              [0mPayment Method[0m
            [36m</label>[39m
            [36m<select[39m
              [33maria-label[39m=[32m"Filter transactions by payment method"[39m
              [33mclass[39m=[32m"filter-select"[39m
              [33mid[39m=[32m"paymentMethod"[39m
            [36m>[39m
              [36m<option[39m
                [33mvalue[39m=[32m""[39m
              [36m>[39m
                [0mAll Methods[0m
              [36m</option>[39m
              [36m<option[39m
                [33mvalue[39m=[32m"UPI"[39m
              [36m>[39m
                [0mUPI[0m
              [36m</option>[39m
            [36m</select>[39m
          [36m</div>[39m
          [36m<div[39m
            [33mclass[39m=[32m"filter-group"[39m
          [36m>[39m
            [36m<label[39m
              [33mclass[39m=[32m"filter-label"[39m
              [33mfor[39m=[32m"expenseType"[39m
            [36m>[39m
              [0mExpense Type[0m
            [36m</label>[39m
            [36m<select[39m
              [33maria-label[39m=[32m"Filter transactions by expense type"[39m
              [33mclass[39m=[32m"filter-select"[39m
              [33mid[39m=[32m"expenseType"[39m
            [36m>[39m
              [36m<option[39m
                [33mvalue[39m=[32m""[39m
              [36m>[39m
                [0mAll Types[0m
              [36m</option>[39m
              [36m<option[39m
                [33mvalue[39m=[32m"SHUTTLE"[39m
              [36m>[39m
                [0mSHUTTLE[0m
              [36m</option>[39m
              [36m<option[39m
                [33mvalue[39m=[32m"SUPPLIES"[39m
              [36m>[39m
                [0mSUPPLIES[0m
              [36m</option>[39m
            [36m</select>[39m
          [36m</div>[39m
        [36m</div>[39m
        [36m<div[39m
          [33mclass[39m=[32m"filter-result-info"[39m
        [36m>[39m
          [0mShowing [0m
          [0m3[0m
          [0m transaction[0m
          [0ms[0m
        [36m</div>[39m
      [36m</section>[39m
      [36m<div[39m
        [33mclass[39m=[32m"payment-stats-grid"[39m
      [36m>[39m
        [36m<div[39m
          [33mclass[39m=[32m"stat-card"[39m
        [36m>[39m
          [36m<div[39m
            [33mclass[39m=[32m"stat-label"[39m
          [36m>[39m
            [0mTotal Income[0m
          [36m</div>[39m
          [36m<div[39m
            [33mclass[39m=[32m"stat-value"[39m
          [36m>[39m
            [0m₹1,000[0m
          [36m</div>[39m
        [36m</div>[39m
        [36m<div[39m
          [33mclass[39m=[32m"stat-card"[39m
        [36m>[39m
          [36m<div[39m
            [33mclass[39m=[32m"stat-...
 ❯ Object.getElementError node_modules/@testing-library/dom/dist/config.js:37:19
 ❯ node_modules/@testing-library/dom/dist/query-helpers.js:76:38
 ❯ node_modules/@testing-library/dom/dist/query-helpers.js:52:17
 ❯ node_modules/@testing-library/dom/dist/query-helpers.js:95:19
 ❯ src/components/__tests__/CoachPaymentsTab.DeleteExpense.test.tsx:281:42
    279|
    280|       // Click Delete confirmation button
    281|       const deleteConfirmButton = screen.getByRole('button', { name: /…
       |                                          ^
    282|       fireEvent.click(deleteConfirmButton);
    283|

⎯⎯⎯⎯⎯⎯⎯⎯⎯⎯⎯⎯⎯⎯⎯⎯⎯⎯⎯⎯[104/107]⎯

 FAIL  src/components/__tests__/CoachPaymentsTab.DeleteExpense.test.tsx > CoachPaymentsTab - Delete Expense Integration > Delete Error Handling > should show loading state while deleting
TestingLibraryElementError: Unable to find an accessible element with the role "button" and name `/^delete$/i`

Here are the accessible roles:

  heading:

  Name "Payment Records & Expenses":
  [36m<h3[39m
    [33mclass[39m=[32m"tab-title"[39m
  [36m/>[39m

  Name "Income Records":
  [36m<h4[39m
    [33mclass[39m=[32m"section-title"[39m
  [36m/>[39m

  Name "Expense Records":
  [36m<h4[39m
    [33mclass[39m=[32m"ledger-title"[39m
  [36m/>[39m

  Name "Delete Expense?":
  [36m<h2[39m
    [33mclass[39m=[32m"dialog-title"[39m
    [33mid[39m=[32m"delete-dialog-title"[39m
  [36m/>[39m

  --------------------------------------------------
  region:

  Name "Payment transaction filters":
  [36m<section[39m
    [33maria-label[39m=[32m"Payment transaction filters"[39m
    [33mclass[39m=[32m"filters-section"[39m
  [36m/>[39m

  Name "Income records":
  [36m<section[39m
    [33maria-label[39m=[32m"Income records"[39m
    [33mclass[39m=[32m"payment-section"[39m
  [36m/>[39m

  Name "Expense records":
  [36m<section[39m
    [33maria-label[39m=[32m"Expense records"[39m
    [33mclass[39m=[32m"payment-section"[39m
  [36m/>[39m

  --------------------------------------------------
  combobox:

  Name "Filter transactions by student":
  [36m<select[39m
    [33maria-label[39m=[32m"Filter transactions by student"[39m
    [33mclass[39m=[32m"filter-select"[39m
    [33mid[39m=[32m"student"[39m
  [36m/>[39m

  Name "Filter transactions by batch":
  [36m<select[39m
    [33maria-label[39m=[32m"Filter transactions by batch"[39m
    [33mclass[39m=[32m"filter-select"[39m
    [33mid[39m=[32m"batch"[39m
  [36m/>[39m

  Name "Filter transactions by payment method":
  [36m<select[39m
    [33maria-label[39m=[32m"Filter transactions by payment method"[39m
    [33mclass[39m=[32m"filter-select"[39m
    [33mid[39m=[32m"paymentMethod"[39m
  [36m/>[39m

  Name "Filter transactions by expense type":
  [36m<select[39m
    [33maria-label[39m=[32m"Filter transactions by expense type"[39m
    [33mclass[39m=[32m"filter-select"[39m
    [33mid[39m=[32m"expenseType"[39m
  [36m/>[39m

  --------------------------------------------------
  option:

  Name "All Students":
  [36m<option[39m
    [33mvalue[39m=[32m""[39m
  [36m/>[39m

  Name "Arjun Verma":
  [36m<option[39m
    [33mvalue[39m=[32m"student-001"[39m
  [36m/>[39m

  Name "All Batches":
  [36m<option[39m
    [33mvalue[39m=[32m""[39m
  [36m/>[39m

  Name "batch-001":
  [36m<option[39m
    [33mvalue[39m=[32m"batch-001"[39m
  [36m/>[39m

  Name "All Methods":
  [36m<option[39m
    [33mvalue[39m=[32m""[39m
  [36m/>[39m

  Name "UPI":
  [36m<option[39m
    [33mvalue[39m=[32m"UPI"[39m
  [36m/>[39m

  Name "All Types":
  [36m<option[39m
    [33mvalue[39m=[32m""[39m
  [36m/>[39m

  Name "SHUTTLE":
  [36m<option[39m
    [33mvalue[39m=[32m"SHUTTLE"[39m
  [36m/>[39m

  Name "SUPPLIES":
  [36m<option[39m
    [33mvalue[39m=[32m"SUPPLIES"[39m
  [36m/>[39m

  --------------------------------------------------
  table:

  Name "Student fee income transactions":
  [36m<table[39m
    [33maria-label[39m=[32m"Student fee income transactions"[39m
    [33mclass[39m=[32m"payment-table"[39m
  [36m/>[39m

  Name "":
  [36m<table[39m
    [33mclass[39m=[32m"ledger-table"[39m
  [36m/>[39m

  --------------------------------------------------
  rowgroup:

  Name "":
  [36m<thead />[39m

  Name "":
  [36m<tbody />[39m

  Name "":
  [36m<thead />[39m

  Name "":
  [36m<tbody />[39m

  --------------------------------------------------
  row:

  Name "Type Student Name Amount Date Details Status":
  [36m<tr />[39m

  Name "Income Arjun Vermaarjun@example.com ₹1,000 10 Jan 2026 January 2026Ref: UPI001 Paid":
  [36m<tr[39m
    [33mclass[39m=[32m"row-fee"[39m
  [36m/>[39m

  Name "Type Amount Date Description Created By Actions":
  [36m<tr />[39m

  Name "Supplies ₹300 10 Jan 2026 Training equipment coach-001 Edit Delete":
  [36m<tr[39m
    [33mclass[39m=[32m"ledger-row"[39m
  [36m/>[39m

  Name "Shuttle ₹500 5 Jan 2026 Shuttle for training coach-001 Edit Delete":
  [36m<tr[39m
    [33mclass[39m=[32m"ledger-row"[39m
  [36m/>[39m

  --------------------------------------------------
  columnheader:

  Name "Type":
  [36m<th[39m
    [33mscope[39m=[32m"col"[39m
  [36m/>[39m

  Name "Student Name":
  [36m<th[39m
    [33mscope[39m=[32m"col"[39m
  [36m/>[39m

  Name "Amount":
  [36m<th[39m
    [33mscope[39m=[32m"col"[39m
  [36m/>[39m

  Name "Date":
  [36m<th[39m
    [33mscope[39m=[32m"col"[39m
  [36m/>[39m

  Name "Details":
  [36m<th[39m
    [33mscope[39m=[32m"col"[39m
  [36m/>[39m

  Name "Status":
  [36m<th[39m
    [33mscope[39m=[32m"col"[39m
  [36m/>[39m

  Name "Type":
  [36m<th[39m
    [33mclass[39m=[32m"col-type"[39m
  [36m/>[39m

  Name "Amount":
  [36m<th[39m
    [33mclass[39m=[32m"col-amount"[39m
  [36m/>[39m

  Name "Date":
  [36m<th[39m
    [33mclass[39m=[32m"col-date"[39m
  [36m/>[39m

  Name "Description":
  [36m<th[39m
    [33mclass[39m=[32m"col-description"[39m
  [36m/>[39m

  Name "Created By":
  [36m<th[39m
    [33mclass[39m=[32m"col-created-by"[39m
  [36m/>[39m

  Name "Actions":
  [36m<th[39m
    [33mclass[39m=[32m"col-actions"[39m
  [36m/>[39m

  --------------------------------------------------
  cell:

  Name "Income":
  [36m<td[39m
    [33mclass[39m=[32m"cell-type"[39m
  [36m/>[39m

  Name "Arjun Vermaarjun@example.com":
  [36m<td[39m
    [33mclass[39m=[32m"cell-student"[39m
  [36m/>[39m

  Name "₹1,000":
  [36m<td[39m
    [33mclass[39m=[32m"cell-amount"[39m
  [36m/>[39m

  Name "10 Jan 2026":
  [36m<td[39m
    [33mclass[39m=[32m"cell-date"[39m
  [36m/>[39m

  Name "January 2026Ref: UPI001":
  [36m<td[39m
    [33mclass[39m=[32m"cell-details"[39m
  [36m/>[39m

  Name "Paid":
  [36m<td[39m
    [33mclass[39m=[32m"cell-status"[39m
  [36m/>[39m

  Name "Supplies":
  [36m<td[39m
    [33mclass[39m=[32m"col-type"[39m
  [36m/>[39m

  Name "₹300":
  [36m<td[39m
    [33mclass[39m=[32m"col-amount"[39m
  [36m/>[39m

  Name "10 Jan 2026":
  [36m<td[39m
    [33mclass[39m=[32m"col-date"[39m
  [36m/>[39m

  Name "Training equipment":
  [36m<td[39m
    [33mclass[39m=[32m"col-description"[39m
  [36m/>[39m

  Name "coach-001":
  [36m<td[39m
    [33mclass[39m=[32m"col-created-by"[39m
  [36m/>[39m

  Name "Edit Delete":
  [36m<td[39m
    [33mclass[39m=[32m"col-actions"[39m
  [36m/>[39m

  Name "Shuttle":
  [36m<td[39m
    [33mclass[39m=[32m"col-type"[39m
  [36m/>[39m

  Name "₹500":
  [36m<td[39m
    [33mclass[39m=[32m"col-amount"[39m
  [36m/>[39m

  Name "5 Jan 2026":
  [36m<td[39m
    [33mclass[39m=[32m"col-date"[39m
  [36m/>[39m

  Name "Shuttle for training":
  [36m<td[39m
    [33mclass[39m=[32m"col-description"[39m
  [36m/>[39m

  Name "coach-001":
  [36m<td[39m
    [33mclass[39m=[32m"col-created-by"[39m
  [36m/>[39m

  Name "Edit Delete":
  [36m<td[39m
    [33mclass[39m=[32m"col-actions"[39m
  [36m/>[39m

  --------------------------------------------------
  button:

  Name "Edit expense: Training equipment":
  [36m<button[39m
    [33maria-label[39m=[32m"Edit expense: Training equipment"[39m
    [33mclass[39m=[32m"btn-action btn-edit"[39m
    [33mtitle[39m=[32m"Edit expense"[39m
    [33mtype[39m=[32m"button"[39m
  [36m/>[39m

  Name "Delete expense: Training equipment":
  [36m<button[39m
    [33maria-label[39m=[32m"Delete expense: Training equipment"[39m
    [33mclass[39m=[32m"btn-action btn-delete"[39m
    [33mtitle[39m=[32m"Delete expense"[39m
    [33mtype[39m=[32m"button"[39m
  [36m/>[39m

  Name "Edit expense: Shuttle for training":
  [36m<button[39m
    [33maria-label[39m=[32m"Edit expense: Shuttle for training"[39m
    [33mclass[39m=[32m"btn-action btn-edit"[39m
    [33mtitle[39m=[32m"Edit expense"[39m
    [33mtype[39m=[32m"button"[39m
  [36m/>[39m

  Name "Delete expense: Shuttle for training":
  [36m<button[39m
    [33maria-label[39m=[32m"Delete expense: Shuttle for training"[39m
    [33mclass[39m=[32m"btn-action btn-delete"[39m
    [33mtitle[39m=[32m"Delete expense"[39m
    [33mtype[39m=[32m"button"[39m
  [36m/>[39m

  Name "Cancel expense deletion":
  [36m<button[39m
    [33maria-label[39m=[32m"Cancel expense deletion"[39m
    [33mclass[39m=[32m"btn btn-secondary"[39m
    [33mtype[39m=[32m"button"[39m
  [36m/>[39m

  Name "Confirm expense deletion":
  [36m<button[39m
    [33maria-label[39m=[32m"Confirm expense deletion"[39m
    [33mclass[39m=[32m"btn btn-danger"[39m
    [33mtype[39m=[32m"button"[39m
  [36m/>[39m

  --------------------------------------------------
  presentation:

  Name "":
  [36m<div[39m
    [33mclass[39m=[32m"dialog-overlay"[39m
    [33mrole[39m=[32m"presentation"[39m
  [36m/>[39m

  --------------------------------------------------
  alertdialog:

  Name "Delete Expense?":
  [36m<div[39m
    [33maria-describedby[39m=[32m"delete-dialog-description"[39m
    [33maria-labelledby[39m=[32m"delete-dialog-title"[39m
    [33mclass[39m=[32m"dialog-content"[39m
    [33mrole[39m=[32m"alertdialog"[39m
  [36m/>[39m

  --------------------------------------------------
  paragraph:

  Name "":
  [36m<p[39m
    [33mclass[39m=[32m"dialog-message"[39m
    [33mid[39m=[32m"delete-dialog-description"[39m
  [36m/>[39m

  --------------------------------------------------

Ignored nodes: comments, script, style
[36m<body>[39m
  [36m<div>[39m
    [36m<div[39m
      [33mclass[39m=[32m"coach-profile-tab-content"[39m
    [36m>[39m
      [36m<div[39m
        [33mclass[39m=[32m"tab-header"[39m
      [36m>[39m
        [36m<h3[39m
          [33mclass[39m=[32m"tab-title"[39m
        [36m>[39m
          [0mPayment Records & Expenses[0m
        [36m</h3>[39m
      [36m</div>[39m
      [36m<section[39m
        [33maria-label[39m=[32m"Payment transaction filters"[39m
        [33mclass[39m=[32m"filters-section"[39m
      [36m>[39m
        [36m<div[39m
          [33mclass[39m=[32m"filters-container"[39m
        [36m>[39m
          [36m<div[39m
            [33mclass[39m=[32m"filter-group"[39m
          [36m>[39m
            [36m<label[39m
              [33mclass[39m=[32m"filter-label"[39m
              [33mfor[39m=[32m"dateFrom"[39m
            [36m>[39m
              [0mFrom Date[0m
            [36m</label>[39m
            [36m<input[39m
              [33maria-label[39m=[32m"Filter transactions from date"[39m
              [33mclass[39m=[32m"filter-input"[39m
              [33mid[39m=[32m"dateFrom"[39m
              [33mtype[39m=[32m"date"[39m
              [33mvalue[39m=[32m""[39m
            [36m/>[39m
          [36m</div>[39m
          [36m<div[39m
            [33mclass[39m=[32m"filter-group"[39m
          [36m>[39m
            [36m<label[39m
              [33mclass[39m=[32m"filter-label"[39m
              [33mfor[39m=[32m"dateTo"[39m
            [36m>[39m
              [0mTo Date[0m
            [36m</label>[39m
            [36m<input[39m
              [33maria-label[39m=[32m"Filter transactions to date"[39m
              [33mclass[39m=[32m"filter-input"[39m
              [33mid[39m=[32m"dateTo"[39m
              [33mtype[39m=[32m"date"[39m
              [33mvalue[39m=[32m""[39m
            [36m/>[39m
          [36m</div>[39m
          [36m<div[39m
            [33mclass[39m=[32m"filter-group"[39m
          [36m>[39m
            [36m<label[39m
              [33mclass[39m=[32m"filter-label"[39m
              [33mfor[39m=[32m"student"[39m
            [36m>[39m
              [0mStudent[0m
            [36m</label>[39m
            [36m<select[39m
              [33maria-label[39m=[32m"Filter transactions by student"[39m
              [33mclass[39m=[32m"filter-select"[39m
              [33mid[39m=[32m"student"[39m
            [36m>[39m
              [36m<option[39m
                [33mvalue[39m=[32m""[39m
              [36m>[39m
                [0mAll Students[0m
              [36m</option>[39m
              [36m<option[39m
                [33mvalue[39m=[32m"student-001"[39m
              [36m>[39m
                [0mArjun Verma[0m
              [36m</option>[39m
            [36m</select>[39m
          [36m</div>[39m
          [36m<div[39m
            [33mclass[39m=[32m"filter-group"[39m
          [36m>[39m
            [36m<label[39m
              [33mclass[39m=[32m"filter-label"[39m
              [33mfor[39m=[32m"batch"[39m
            [36m>[39m
              [0mBatch[0m
            [36m</label>[39m
            [36m<select[39m
              [33maria-label[39m=[32m"Filter transactions by batch"[39m
              [33mclass[39m=[32m"filter-select"[39m
              [33mid[39m=[32m"batch"[39m
            [36m>[39m
              [36m<option[39m
                [33mvalue[39m=[32m""[39m
              [36m>[39m
                [0mAll Batches[0m
              [36m</option>[39m
              [36m<option[39m
                [33mvalue[39m=[32m"batch-001"[39m
              [36m>[39m
                [0mbatch-001[0m
              [36m</option>[39m
            [36m</select>[39m
          [36m</div>[39m
          [36m<div[39m
            [33mclass[39m=[32m"filter-group"[39m
          [36m>[39m
            [36m<label[39m
              [33mclass[39m=[32m"filter-label"[39m
              [33mfor[39m=[32m"paymentMethod"[39m
            [36m>[39m
              [0mPayment Method[0m
            [36m</label>[39m
            [36m<select[39m
              [33maria-label[39m=[32m"Filter transactions by payment method"[39m
              [33mclass[39m=[32m"filter-select"[39m
              [33mid[39m=[32m"paymentMethod"[39m
            [36m>[39m
              [36m<option[39m
                [33mvalue[39m=[32m""[39m
              [36m>[39m
                [0mAll Methods[0m
              [36m</option>[39m
              [36m<option[39m
                [33mvalue[39m=[32m"UPI"[39m
              [36m>[39m
                [0mUPI[0m
              [36m</option>[39m
            [36m</select>[39m
          [36m</div>[39m
          [36m<div[39m
            [33mclass[39m=[32m"filter-group"[39m
          [36m>[39m
            [36m<label[39m
              [33mclass[39m=[32m"filter-label"[39m
              [33mfor[39m=[32m"expenseType"[39m
            [36m>[39m
              [0mExpense Type[0m
            [36m</label>[39m
            [36m<select[39m
              [33maria-label[39m=[32m"Filter transactions by expense type"[39m
              [33mclass[39m=[32m"filter-select"[39m
              [33mid[39m=[32m"expenseType"[39m
            [36m>[39m
              [36m<option[39m
                [33mvalue[39m=[32m""[39m
              [36m>[39m
                [0mAll Types[0m
              [36m</option>[39m
              [36m<option[39m
                [33mvalue[39m=[32m"SHUTTLE"[39m
              [36m>[39m
                [0mSHUTTLE[0m
              [36m</option>[39m
              [36m<option[39m
                [33mvalue[39m=[32m"SUPPLIES"[39m
              [36m>[39m
                [0mSUPPLIES[0m
              [36m</option>[39m
            [36m</select>[39m
          [36m</div>[39m
        [36m</div>[39m
        [36m<div[39m
          [33mclass[39m=[32m"filter-result-info"[39m
        [36m>[39m
          [0mShowing [0m
          [0m3[0m
          [0m transaction[0m
          [0ms[0m
        [36m</div>[39m
      [36m</section>[39m
      [36m<div[39m
        [33mclass[39m=[32m"payment-stats-grid"[39m
      [36m>[39m
        [36m<div[39m
          [33mclass[39m=[32m"stat-card"[39m
        [36m>[39m
          [36m<div[39m
            [33mclass[39m=[32m"stat-label"[39m
          [36m>[39m
            [0mTotal Income[0m
          [36m</div>[39m
          [36m<div[39m
            [33mclass[39m=[32m"stat-value"[39m
          [36m>[39m
            [0m₹1,000[0m
          [36m</div>[39m
        [36m</div>[39m
        [36m<div[39m
          [33mclass[39m=[32m"stat-card"[39m
        [36m>[39m
          [36m<div[39m
            [33mclass[39m=[32m"stat-...
 ❯ Object.getElementError node_modules/@testing-library/dom/dist/config.js:37:19
 ❯ node_modules/@testing-library/dom/dist/query-helpers.js:76:38
 ❯ node_modules/@testing-library/dom/dist/query-helpers.js:52:17
 ❯ node_modules/@testing-library/dom/dist/query-helpers.js:95:19
 ❯ src/components/__tests__/CoachPaymentsTab.DeleteExpense.test.tsx:323:42
    321|
    322|       // Click Delete
    323|       const deleteConfirmButton = screen.getByRole('button', { name: /…
       |                                          ^
    324|       fireEvent.click(deleteConfirmButton);
    325|

⎯⎯⎯⎯⎯⎯⎯⎯⎯⎯⎯⎯⎯⎯⎯⎯⎯⎯⎯⎯[105/107]⎯

 FAIL  src/components/__tests__/CoachPaymentsTab.DeleteExpense.test.tsx > CoachPaymentsTab - Delete Expense Integration > Multiple Expenses > should delete correct expense when multiple are present
TestingLibraryElementError: Unable to find an accessible element with the role "button" and name `/^delete$/i`

Here are the accessible roles:

  heading:

  Name "Payment Records & Expenses":
  [36m<h3[39m
    [33mclass[39m=[32m"tab-title"[39m
  [36m/>[39m

  Name "Income Records":
  [36m<h4[39m
    [33mclass[39m=[32m"section-title"[39m
  [36m/>[39m

  Name "Expense Records":
  [36m<h4[39m
    [33mclass[39m=[32m"ledger-title"[39m
  [36m/>[39m

  Name "Delete Expense?":
  [36m<h2[39m
    [33mclass[39m=[32m"dialog-title"[39m
    [33mid[39m=[32m"delete-dialog-title"[39m
  [36m/>[39m

  --------------------------------------------------
  region:

  Name "Payment transaction filters":
  [36m<section[39m
    [33maria-label[39m=[32m"Payment transaction filters"[39m
    [33mclass[39m=[32m"filters-section"[39m
  [36m/>[39m

  Name "Income records":
  [36m<section[39m
    [33maria-label[39m=[32m"Income records"[39m
    [33mclass[39m=[32m"payment-section"[39m
  [36m/>[39m

  Name "Expense records":
  [36m<section[39m
    [33maria-label[39m=[32m"Expense records"[39m
    [33mclass[39m=[32m"payment-section"[39m
  [36m/>[39m

  --------------------------------------------------
  combobox:

  Name "Filter transactions by student":
  [36m<select[39m
    [33maria-label[39m=[32m"Filter transactions by student"[39m
    [33mclass[39m=[32m"filter-select"[39m
    [33mid[39m=[32m"student"[39m
  [36m/>[39m

  Name "Filter transactions by batch":
  [36m<select[39m
    [33maria-label[39m=[32m"Filter transactions by batch"[39m
    [33mclass[39m=[32m"filter-select"[39m
    [33mid[39m=[32m"batch"[39m
  [36m/>[39m

  Name "Filter transactions by payment method":
  [36m<select[39m
    [33maria-label[39m=[32m"Filter transactions by payment method"[39m
    [33mclass[39m=[32m"filter-select"[39m
    [33mid[39m=[32m"paymentMethod"[39m
  [36m/>[39m

  Name "Filter transactions by expense type":
  [36m<select[39m
    [33maria-label[39m=[32m"Filter transactions by expense type"[39m
    [33mclass[39m=[32m"filter-select"[39m
    [33mid[39m=[32m"expenseType"[39m
  [36m/>[39m

  --------------------------------------------------
  option:

  Name "All Students":
  [36m<option[39m
    [33mvalue[39m=[32m""[39m
  [36m/>[39m

  Name "Arjun Verma":
  [36m<option[39m
    [33mvalue[39m=[32m"student-001"[39m
  [36m/>[39m

  Name "All Batches":
  [36m<option[39m
    [33mvalue[39m=[32m""[39m
  [36m/>[39m

  Name "batch-001":
  [36m<option[39m
    [33mvalue[39m=[32m"batch-001"[39m
  [36m/>[39m

  Name "All Methods":
  [36m<option[39m
    [33mvalue[39m=[32m""[39m
  [36m/>[39m

  Name "UPI":
  [36m<option[39m
    [33mvalue[39m=[32m"UPI"[39m
  [36m/>[39m

  Name "All Types":
  [36m<option[39m
    [33mvalue[39m=[32m""[39m
  [36m/>[39m

  Name "SHUTTLE":
  [36m<option[39m
    [33mvalue[39m=[32m"SHUTTLE"[39m
  [36m/>[39m

  Name "SUPPLIES":
  [36m<option[39m
    [33mvalue[39m=[32m"SUPPLIES"[39m
  [36m/>[39m

  --------------------------------------------------
  table:

  Name "Student fee income transactions":
  [36m<table[39m
    [33maria-label[39m=[32m"Student fee income transactions"[39m
    [33mclass[39m=[32m"payment-table"[39m
  [36m/>[39m

  Name "":
  [36m<table[39m
    [33mclass[39m=[32m"ledger-table"[39m
  [36m/>[39m

  --------------------------------------------------
  rowgroup:

  Name "":
  [36m<thead />[39m

  Name "":
  [36m<tbody />[39m

  Name "":
  [36m<thead />[39m

  Name "":
  [36m<tbody />[39m

  --------------------------------------------------
  row:

  Name "Type Student Name Amount Date Details Status":
  [36m<tr />[39m

  Name "Income Arjun Vermaarjun@example.com ₹1,000 10 Jan 2026 January 2026Ref: UPI001 Paid":
  [36m<tr[39m
    [33mclass[39m=[32m"row-fee"[39m
  [36m/>[39m

  Name "Type Amount Date Description Created By Actions":
  [36m<tr />[39m

  Name "Supplies ₹300 10 Jan 2026 Training equipment coach-001 Edit Delete":
  [36m<tr[39m
    [33mclass[39m=[32m"ledger-row"[39m
  [36m/>[39m

  Name "Shuttle ₹500 5 Jan 2026 Shuttle for training coach-001 Edit Delete":
  [36m<tr[39m
    [33mclass[39m=[32m"ledger-row"[39m
  [36m/>[39m

  --------------------------------------------------
  columnheader:

  Name "Type":
  [36m<th[39m
    [33mscope[39m=[32m"col"[39m
  [36m/>[39m

  Name "Student Name":
  [36m<th[39m
    [33mscope[39m=[32m"col"[39m
  [36m/>[39m

  Name "Amount":
  [36m<th[39m
    [33mscope[39m=[32m"col"[39m
  [36m/>[39m

  Name "Date":
  [36m<th[39m
    [33mscope[39m=[32m"col"[39m
  [36m/>[39m

  Name "Details":
  [36m<th[39m
    [33mscope[39m=[32m"col"[39m
  [36m/>[39m

  Name "Status":
  [36m<th[39m
    [33mscope[39m=[32m"col"[39m
  [36m/>[39m

  Name "Type":
  [36m<th[39m
    [33mclass[39m=[32m"col-type"[39m
  [36m/>[39m

  Name "Amount":
  [36m<th[39m
    [33mclass[39m=[32m"col-amount"[39m
  [36m/>[39m

  Name "Date":
  [36m<th[39m
    [33mclass[39m=[32m"col-date"[39m
  [36m/>[39m

  Name "Description":
  [36m<th[39m
    [33mclass[39m=[32m"col-description"[39m
  [36m/>[39m

  Name "Created By":
  [36m<th[39m
    [33mclass[39m=[32m"col-created-by"[39m
  [36m/>[39m

  Name "Actions":
  [36m<th[39m
    [33mclass[39m=[32m"col-actions"[39m
  [36m/>[39m

  --------------------------------------------------
  cell:

  Name "Income":
  [36m<td[39m
    [33mclass[39m=[32m"cell-type"[39m
  [36m/>[39m

  Name "Arjun Vermaarjun@example.com":
  [36m<td[39m
    [33mclass[39m=[32m"cell-student"[39m
  [36m/>[39m

  Name "₹1,000":
  [36m<td[39m
    [33mclass[39m=[32m"cell-amount"[39m
  [36m/>[39m

  Name "10 Jan 2026":
  [36m<td[39m
    [33mclass[39m=[32m"cell-date"[39m
  [36m/>[39m

  Name "January 2026Ref: UPI001":
  [36m<td[39m
    [33mclass[39m=[32m"cell-details"[39m
  [36m/>[39m

  Name "Paid":
  [36m<td[39m
    [33mclass[39m=[32m"cell-status"[39m
  [36m/>[39m

  Name "Supplies":
  [36m<td[39m
    [33mclass[39m=[32m"col-type"[39m
  [36m/>[39m

  Name "₹300":
  [36m<td[39m
    [33mclass[39m=[32m"col-amount"[39m
  [36m/>[39m

  Name "10 Jan 2026":
  [36m<td[39m
    [33mclass[39m=[32m"col-date"[39m
  [36m/>[39m

  Name "Training equipment":
  [36m<td[39m
    [33mclass[39m=[32m"col-description"[39m
  [36m/>[39m

  Name "coach-001":
  [36m<td[39m
    [33mclass[39m=[32m"col-created-by"[39m
  [36m/>[39m

  Name "Edit Delete":
  [36m<td[39m
    [33mclass[39m=[32m"col-actions"[39m
  [36m/>[39m

  Name "Shuttle":
  [36m<td[39m
    [33mclass[39m=[32m"col-type"[39m
  [36m/>[39m

  Name "₹500":
  [36m<td[39m
    [33mclass[39m=[32m"col-amount"[39m
  [36m/>[39m

  Name "5 Jan 2026":
  [36m<td[39m
    [33mclass[39m=[32m"col-date"[39m
  [36m/>[39m

  Name "Shuttle for training":
  [36m<td[39m
    [33mclass[39m=[32m"col-description"[39m
  [36m/>[39m

  Name "coach-001":
  [36m<td[39m
    [33mclass[39m=[32m"col-created-by"[39m
  [36m/>[39m

  Name "Edit Delete":
  [36m<td[39m
    [33mclass[39m=[32m"col-actions"[39m
  [36m/>[39m

  --------------------------------------------------
  button:

  Name "Edit expense: Training equipment":
  [36m<button[39m
    [33maria-label[39m=[32m"Edit expense: Training equipment"[39m
    [33mclass[39m=[32m"btn-action btn-edit"[39m
    [33mtitle[39m=[32m"Edit expense"[39m
    [33mtype[39m=[32m"button"[39m
  [36m/>[39m

  Name "Delete expense: Training equipment":
  [36m<button[39m
    [33maria-label[39m=[32m"Delete expense: Training equipment"[39m
    [33mclass[39m=[32m"btn-action btn-delete"[39m
    [33mtitle[39m=[32m"Delete expense"[39m
    [33mtype[39m=[32m"button"[39m
  [36m/>[39m

  Name "Edit expense: Shuttle for training":
  [36m<button[39m
    [33maria-label[39m=[32m"Edit expense: Shuttle for training"[39m
    [33mclass[39m=[32m"btn-action btn-edit"[39m
    [33mtitle[39m=[32m"Edit expense"[39m
    [33mtype[39m=[32m"button"[39m
  [36m/>[39m

  Name "Delete expense: Shuttle for training":
  [36m<button[39m
    [33maria-label[39m=[32m"Delete expense: Shuttle for training"[39m
    [33mclass[39m=[32m"btn-action btn-delete"[39m
    [33mtitle[39m=[32m"Delete expense"[39m
    [33mtype[39m=[32m"button"[39m
  [36m/>[39m

  Name "Cancel expense deletion":
  [36m<button[39m
    [33maria-label[39m=[32m"Cancel expense deletion"[39m
    [33mclass[39m=[32m"btn btn-secondary"[39m
    [33mtype[39m=[32m"button"[39m
  [36m/>[39m

  Name "Confirm expense deletion":
  [36m<button[39m
    [33maria-label[39m=[32m"Confirm expense deletion"[39m
    [33mclass[39m=[32m"btn btn-danger"[39m
    [33mtype[39m=[32m"button"[39m
  [36m/>[39m

  --------------------------------------------------
  presentation:

  Name "":
  [36m<div[39m
    [33mclass[39m=[32m"dialog-overlay"[39m
    [33mrole[39m=[32m"presentation"[39m
  [36m/>[39m

  --------------------------------------------------
  alertdialog:

  Name "Delete Expense?":
  [36m<div[39m
    [33maria-describedby[39m=[32m"delete-dialog-description"[39m
    [33maria-labelledby[39m=[32m"delete-dialog-title"[39m
    [33mclass[39m=[32m"dialog-content"[39m
    [33mrole[39m=[32m"alertdialog"[39m
  [36m/>[39m

  --------------------------------------------------
  paragraph:

  Name "":
  [36m<p[39m
    [33mclass[39m=[32m"dialog-message"[39m
    [33mid[39m=[32m"delete-dialog-description"[39m
  [36m/>[39m

  --------------------------------------------------

Ignored nodes: comments, script, style
[36m<body>[39m
  [36m<div>[39m
    [36m<div[39m
      [33mclass[39m=[32m"coach-profile-tab-content"[39m
    [36m>[39m
      [36m<div[39m
        [33mclass[39m=[32m"tab-header"[39m
      [36m>[39m
        [36m<h3[39m
          [33mclass[39m=[32m"tab-title"[39m
        [36m>[39m
          [0mPayment Records & Expenses[0m
        [36m</h3>[39m
      [36m</div>[39m
      [36m<section[39m
        [33maria-label[39m=[32m"Payment transaction filters"[39m
        [33mclass[39m=[32m"filters-section"[39m
      [36m>[39m
        [36m<div[39m
          [33mclass[39m=[32m"filters-container"[39m
        [36m>[39m
          [36m<div[39m
            [33mclass[39m=[32m"filter-group"[39m
          [36m>[39m
            [36m<label[39m
              [33mclass[39m=[32m"filter-label"[39m
              [33mfor[39m=[32m"dateFrom"[39m
            [36m>[39m
              [0mFrom Date[0m
            [36m</label>[39m
            [36m<input[39m
              [33maria-label[39m=[32m"Filter transactions from date"[39m
              [33mclass[39m=[32m"filter-input"[39m
              [33mid[39m=[32m"dateFrom"[39m
              [33mtype[39m=[32m"date"[39m
              [33mvalue[39m=[32m""[39m
            [36m/>[39m
          [36m</div>[39m
          [36m<div[39m
            [33mclass[39m=[32m"filter-group"[39m
          [36m>[39m
            [36m<label[39m
              [33mclass[39m=[32m"filter-label"[39m
              [33mfor[39m=[32m"dateTo"[39m
            [36m>[39m
              [0mTo Date[0m
            [36m</label>[39m
            [36m<input[39m
              [33maria-label[39m=[32m"Filter transactions to date"[39m
              [33mclass[39m=[32m"filter-input"[39m
              [33mid[39m=[32m"dateTo"[39m
              [33mtype[39m=[32m"date"[39m
              [33mvalue[39m=[32m""[39m
            [36m/>[39m
          [36m</div>[39m
          [36m<div[39m
            [33mclass[39m=[32m"filter-group"[39m
          [36m>[39m
            [36m<label[39m
              [33mclass[39m=[32m"filter-label"[39m
              [33mfor[39m=[32m"student"[39m
            [36m>[39m
              [0mStudent[0m
            [36m</label>[39m
            [36m<select[39m
              [33maria-label[39m=[32m"Filter transactions by student"[39m
              [33mclass[39m=[32m"filter-select"[39m
              [33mid[39m=[32m"student"[39m
            [36m>[39m
              [36m<option[39m
                [33mvalue[39m=[32m""[39m
              [36m>[39m
                [0mAll Students[0m
              [36m</option>[39m
              [36m<option[39m
                [33mvalue[39m=[32m"student-001"[39m
              [36m>[39m
                [0mArjun Verma[0m
              [36m</option>[39m
            [36m</select>[39m
          [36m</div>[39m
          [36m<div[39m
            [33mclass[39m=[32m"filter-group"[39m
          [36m>[39m
            [36m<label[39m
              [33mclass[39m=[32m"filter-label"[39m
              [33mfor[39m=[32m"batch"[39m
            [36m>[39m
              [0mBatch[0m
            [36m</label>[39m
            [36m<select[39m
              [33maria-label[39m=[32m"Filter transactions by batch"[39m
              [33mclass[39m=[32m"filter-select"[39m
              [33mid[39m=[32m"batch"[39m
            [36m>[39m
              [36m<option[39m
                [33mvalue[39m=[32m""[39m
              [36m>[39m
                [0mAll Batches[0m
              [36m</option>[39m
              [36m<option[39m
                [33mvalue[39m=[32m"batch-001"[39m
              [36m>[39m
                [0mbatch-001[0m
              [36m</option>[39m
            [36m</select>[39m
          [36m</div>[39m
          [36m<div[39m
            [33mclass[39m=[32m"filter-group"[39m
          [36m>[39m
            [36m<label[39m
              [33mclass[39m=[32m"filter-label"[39m
              [33mfor[39m=[32m"paymentMethod"[39m
            [36m>[39m
              [0mPayment Method[0m
            [36m</label>[39m
            [36m<select[39m
              [33maria-label[39m=[32m"Filter transactions by payment method"[39m
              [33mclass[39m=[32m"filter-select"[39m
              [33mid[39m=[32m"paymentMethod"[39m
            [36m>[39m
              [36m<option[39m
                [33mvalue[39m=[32m""[39m
              [36m>[39m
                [0mAll Methods[0m
              [36m</option>[39m
              [36m<option[39m
                [33mvalue[39m=[32m"UPI"[39m
              [36m>[39m
                [0mUPI[0m
              [36m</option>[39m
            [36m</select>[39m
          [36m</div>[39m
          [36m<div[39m
            [33mclass[39m=[32m"filter-group"[39m
          [36m>[39m
            [36m<label[39m
              [33mclass[39m=[32m"filter-label"[39m
              [33mfor[39m=[32m"expenseType"[39m
            [36m>[39m
              [0mExpense Type[0m
            [36m</label>[39m
            [36m<select[39m
              [33maria-label[39m=[32m"Filter transactions by expense type"[39m
              [33mclass[39m=[32m"filter-select"[39m
              [33mid[39m=[32m"expenseType"[39m
            [36m>[39m
              [36m<option[39m
                [33mvalue[39m=[32m""[39m
              [36m>[39m
                [0mAll Types[0m
              [36m</option>[39m
              [36m<option[39m
                [33mvalue[39m=[32m"SHUTTLE"[39m
              [36m>[39m
                [0mSHUTTLE[0m
              [36m</option>[39m
              [36m<option[39m
                [33mvalue[39m=[32m"SUPPLIES"[39m
              [36m>[39m
                [0mSUPPLIES[0m
              [36m</option>[39m
            [36m</select>[39m
          [36m</div>[39m
        [36m</div>[39m
        [36m<div[39m
          [33mclass[39m=[32m"filter-result-info"[39m
        [36m>[39m
          [0mShowing [0m
          [0m3[0m
          [0m transaction[0m
          [0ms[0m
        [36m</div>[39m
      [36m</section>[39m
      [36m<div[39m
        [33mclass[39m=[32m"payment-stats-grid"[39m
      [36m>[39m
        [36m<div[39m
          [33mclass[39m=[32m"stat-card"[39m
        [36m>[39m
          [36m<div[39m
            [33mclass[39m=[32m"stat-label"[39m
          [36m>[39m
            [0mTotal Income[0m
          [36m</div>[39m
          [36m<div[39m
            [33mclass[39m=[32m"stat-value"[39m
          [36m>[39m
            [0m₹1,000[0m
          [36m</div>[39m
        [36m</div>[39m
        [36m<div[39m
          [33mclass[39m=[32m"stat-card"[39m
        [36m>[39m
          [36m<div[39m
            [33mclass[39m=[32m"stat-...
 ❯ Object.getElementError node_modules/@testing-library/dom/dist/config.js:37:19
 ❯ node_modules/@testing-library/dom/dist/query-helpers.js:76:38
 ❯ node_modules/@testing-library/dom/dist/query-helpers.js:52:17
 ❯ node_modules/@testing-library/dom/dist/query-helpers.js:95:19
 ❯ src/components/__tests__/CoachPaymentsTab.DeleteExpense.test.tsx:365:42
    363|
    364|       // Click Delete
    365|       const deleteConfirmButton = screen.getByRole('button', { name: /…
       |                                          ^
    366|       fireEvent.click(deleteConfirmButton);
    367|

⎯⎯⎯⎯⎯⎯⎯⎯⎯⎯⎯⎯⎯⎯⎯⎯⎯⎯⎯⎯[106/107]⎯

 FAIL  src/components/__tests__/CoachPaymentsTab.DeleteExpense.test.tsx > CoachPaymentsTab - Delete Expense Integration > Delete Dialog Accessibility > should have accessible buttons in delete dialog
TestingLibraryElementError: Unable to find an accessible element with the role "button" and name `/^delete$/i`

Here are the accessible roles:

  heading:

  Name "Payment Records & Expenses":
  [36m<h3[39m
    [33mclass[39m=[32m"tab-title"[39m
  [36m/>[39m

  Name "Income Records":
  [36m<h4[39m
    [33mclass[39m=[32m"section-title"[39m
  [36m/>[39m

  Name "Expense Records":
  [36m<h4[39m
    [33mclass[39m=[32m"ledger-title"[39m
  [36m/>[39m

  Name "Delete Expense?":
  [36m<h2[39m
    [33mclass[39m=[32m"dialog-title"[39m
    [33mid[39m=[32m"delete-dialog-title"[39m
  [36m/>[39m

  --------------------------------------------------
  region:

  Name "Payment transaction filters":
  [36m<section[39m
    [33maria-label[39m=[32m"Payment transaction filters"[39m
    [33mclass[39m=[32m"filters-section"[39m
  [36m/>[39m

  Name "Income records":
  [36m<section[39m
    [33maria-label[39m=[32m"Income records"[39m
    [33mclass[39m=[32m"payment-section"[39m
  [36m/>[39m

  Name "Expense records":
  [36m<section[39m
    [33maria-label[39m=[32m"Expense records"[39m
    [33mclass[39m=[32m"payment-section"[39m
  [36m/>[39m

  --------------------------------------------------
  combobox:

  Name "Filter transactions by student":
  [36m<select[39m
    [33maria-label[39m=[32m"Filter transactions by student"[39m
    [33mclass[39m=[32m"filter-select"[39m
    [33mid[39m=[32m"student"[39m
  [36m/>[39m

  Name "Filter transactions by batch":
  [36m<select[39m
    [33maria-label[39m=[32m"Filter transactions by batch"[39m
    [33mclass[39m=[32m"filter-select"[39m
    [33mid[39m=[32m"batch"[39m
  [36m/>[39m

  Name "Filter transactions by payment method":
  [36m<select[39m
    [33maria-label[39m=[32m"Filter transactions by payment method"[39m
    [33mclass[39m=[32m"filter-select"[39m
    [33mid[39m=[32m"paymentMethod"[39m
  [36m/>[39m

  Name "Filter transactions by expense type":
  [36m<select[39m
    [33maria-label[39m=[32m"Filter transactions by expense type"[39m
    [33mclass[39m=[32m"filter-select"[39m
    [33mid[39m=[32m"expenseType"[39m
  [36m/>[39m

  --------------------------------------------------
  option:

  Name "All Students":
  [36m<option[39m
    [33mvalue[39m=[32m""[39m
  [36m/>[39m

  Name "Arjun Verma":
  [36m<option[39m
    [33mvalue[39m=[32m"student-001"[39m
  [36m/>[39m

  Name "All Batches":
  [36m<option[39m
    [33mvalue[39m=[32m""[39m
  [36m/>[39m

  Name "batch-001":
  [36m<option[39m
    [33mvalue[39m=[32m"batch-001"[39m
  [36m/>[39m

  Name "All Methods":
  [36m<option[39m
    [33mvalue[39m=[32m""[39m
  [36m/>[39m

  Name "UPI":
  [36m<option[39m
    [33mvalue[39m=[32m"UPI"[39m
  [36m/>[39m

  Name "All Types":
  [36m<option[39m
    [33mvalue[39m=[32m""[39m
  [36m/>[39m

  Name "SHUTTLE":
  [36m<option[39m
    [33mvalue[39m=[32m"SHUTTLE"[39m
  [36m/>[39m

  Name "SUPPLIES":
  [36m<option[39m
    [33mvalue[39m=[32m"SUPPLIES"[39m
  [36m/>[39m

  --------------------------------------------------
  table:

  Name "Student fee income transactions":
  [36m<table[39m
    [33maria-label[39m=[32m"Student fee income transactions"[39m
    [33mclass[39m=[32m"payment-table"[39m
  [36m/>[39m

  Name "":
  [36m<table[39m
    [33mclass[39m=[32m"ledger-table"[39m
  [36m/>[39m

  --------------------------------------------------
  rowgroup:

  Name "":
  [36m<thead />[39m

  Name "":
  [36m<tbody />[39m

  Name "":
  [36m<thead />[39m

  Name "":
  [36m<tbody />[39m

  --------------------------------------------------
  row:

  Name "Type Student Name Amount Date Details Status":
  [36m<tr />[39m

  Name "Income Arjun Vermaarjun@example.com ₹1,000 10 Jan 2026 January 2026Ref: UPI001 Paid":
  [36m<tr[39m
    [33mclass[39m=[32m"row-fee"[39m
  [36m/>[39m

  Name "Type Amount Date Description Created By Actions":
  [36m<tr />[39m

  Name "Supplies ₹300 10 Jan 2026 Training equipment coach-001 Edit Delete":
  [36m<tr[39m
    [33mclass[39m=[32m"ledger-row"[39m
  [36m/>[39m

  Name "Shuttle ₹500 5 Jan 2026 Shuttle for training coach-001 Edit Delete":
  [36m<tr[39m
    [33mclass[39m=[32m"ledger-row"[39m
  [36m/>[39m

  --------------------------------------------------
  columnheader:

  Name "Type":
  [36m<th[39m
    [33mscope[39m=[32m"col"[39m
  [36m/>[39m

  Name "Student Name":
  [36m<th[39m
    [33mscope[39m=[32m"col"[39m
  [36m/>[39m

  Name "Amount":
  [36m<th[39m
    [33mscope[39m=[32m"col"[39m
  [36m/>[39m

  Name "Date":
  [36m<th[39m
    [33mscope[39m=[32m"col"[39m
  [36m/>[39m

  Name "Details":
  [36m<th[39m
    [33mscope[39m=[32m"col"[39m
  [36m/>[39m

  Name "Status":
  [36m<th[39m
    [33mscope[39m=[32m"col"[39m
  [36m/>[39m

  Name "Type":
  [36m<th[39m
    [33mclass[39m=[32m"col-type"[39m
  [36m/>[39m

  Name "Amount":
  [36m<th[39m
    [33mclass[39m=[32m"col-amount"[39m
  [36m/>[39m

  Name "Date":
  [36m<th[39m
    [33mclass[39m=[32m"col-date"[39m
  [36m/>[39m

  Name "Description":
  [36m<th[39m
    [33mclass[39m=[32m"col-description"[39m
  [36m/>[39m

  Name "Created By":
  [36m<th[39m
    [33mclass[39m=[32m"col-created-by"[39m
  [36m/>[39m

  Name "Actions":
  [36m<th[39m
    [33mclass[39m=[32m"col-actions"[39m
  [36m/>[39m

  --------------------------------------------------
  cell:

  Name "Income":
  [36m<td[39m
    [33mclass[39m=[32m"cell-type"[39m
  [36m/>[39m

  Name "Arjun Vermaarjun@example.com":
  [36m<td[39m
    [33mclass[39m=[32m"cell-student"[39m
  [36m/>[39m

  Name "₹1,000":
  [36m<td[39m
    [33mclass[39m=[32m"cell-amount"[39m
  [36m/>[39m

  Name "10 Jan 2026":
  [36m<td[39m
    [33mclass[39m=[32m"cell-date"[39m
  [36m/>[39m

  Name "January 2026Ref: UPI001":
  [36m<td[39m
    [33mclass[39m=[32m"cell-details"[39m
  [36m/>[39m

  Name "Paid":
  [36m<td[39m
    [33mclass[39m=[32m"cell-status"[39m
  [36m/>[39m

  Name "Supplies":
  [36m<td[39m
    [33mclass[39m=[32m"col-type"[39m
  [36m/>[39m

  Name "₹300":
  [36m<td[39m
    [33mclass[39m=[32m"col-amount"[39m
  [36m/>[39m

  Name "10 Jan 2026":
  [36m<td[39m
    [33mclass[39m=[32m"col-date"[39m
  [36m/>[39m

  Name "Training equipment":
  [36m<td[39m
    [33mclass[39m=[32m"col-description"[39m
  [36m/>[39m

  Name "coach-001":
  [36m<td[39m
    [33mclass[39m=[32m"col-created-by"[39m
  [36m/>[39m

  Name "Edit Delete":
  [36m<td[39m
    [33mclass[39m=[32m"col-actions"[39m
  [36m/>[39m

  Name "Shuttle":
  [36m<td[39m
    [33mclass[39m=[32m"col-type"[39m
  [36m/>[39m

  Name "₹500":
  [36m<td[39m
    [33mclass[39m=[32m"col-amount"[39m
  [36m/>[39m

  Name "5 Jan 2026":
  [36m<td[39m
    [33mclass[39m=[32m"col-date"[39m
  [36m/>[39m

  Name "Shuttle for training":
  [36m<td[39m
    [33mclass[39m=[32m"col-description"[39m
  [36m/>[39m

  Name "coach-001":
  [36m<td[39m
    [33mclass[39m=[32m"col-created-by"[39m
  [36m/>[39m

  Name "Edit Delete":
  [36m<td[39m
    [33mclass[39m=[32m"col-actions"[39m
  [36m/>[39m

  --------------------------------------------------
  button:

  Name "Edit expense: Training equipment":
  [36m<button[39m
    [33maria-label[39m=[32m"Edit expense: Training equipment"[39m
    [33mclass[39m=[32m"btn-action btn-edit"[39m
    [33mtitle[39m=[32m"Edit expense"[39m
    [33mtype[39m=[32m"button"[39m
  [36m/>[39m

  Name "Delete expense: Training equipment":
  [36m<button[39m
    [33maria-label[39m=[32m"Delete expense: Training equipment"[39m
    [33mclass[39m=[32m"btn-action btn-delete"[39m
    [33mtitle[39m=[32m"Delete expense"[39m
    [33mtype[39m=[32m"button"[39m
  [36m/>[39m

  Name "Edit expense: Shuttle for training":
  [36m<button[39m
    [33maria-label[39m=[32m"Edit expense: Shuttle for training"[39m
    [33mclass[39m=[32m"btn-action btn-edit"[39m
    [33mtitle[39m=[32m"Edit expense"[39m
    [33mtype[39m=[32m"button"[39m
  [36m/>[39m

  Name "Delete expense: Shuttle for training":
  [36m<button[39m
    [33maria-label[39m=[32m"Delete expense: Shuttle for training"[39m
    [33mclass[39m=[32m"btn-action btn-delete"[39m
    [33mtitle[39m=[32m"Delete expense"[39m
    [33mtype[39m=[32m"button"[39m
  [36m/>[39m

  Name "Cancel expense deletion":
  [36m<button[39m
    [33maria-label[39m=[32m"Cancel expense deletion"[39m
    [33mclass[39m=[32m"btn btn-secondary"[39m
    [33mtype[39m=[32m"button"[39m
  [36m/>[39m

  Name "Confirm expense deletion":
  [36m<button[39m
    [33maria-label[39m=[32m"Confirm expense deletion"[39m
    [33mclass[39m=[32m"btn btn-danger"[39m
    [33mtype[39m=[32m"button"[39m
  [36m/>[39m

  --------------------------------------------------
  presentation:

  Name "":
  [36m<div[39m
    [33mclass[39m=[32m"dialog-overlay"[39m
    [33mrole[39m=[32m"presentation"[39m
  [36m/>[39m

  --------------------------------------------------
  alertdialog:

  Name "Delete Expense?":
  [36m<div[39m
    [33maria-describedby[39m=[32m"delete-dialog-description"[39m
    [33maria-labelledby[39m=[32m"delete-dialog-title"[39m
    [33mclass[39m=[32m"dialog-content"[39m
    [33mrole[39m=[32m"alertdialog"[39m
  [36m/>[39m

  --------------------------------------------------
  paragraph:

  Name "":
  [36m<p[39m
    [33mclass[39m=[32m"dialog-message"[39m
    [33mid[39m=[32m"delete-dialog-description"[39m
  [36m/>[39m

  --------------------------------------------------

Ignored nodes: comments, script, style
[36m<body>[39m
  [36m<div>[39m
    [36m<div[39m
      [33mclass[39m=[32m"coach-profile-tab-content"[39m
    [36m>[39m
      [36m<div[39m
        [33mclass[39m=[32m"tab-header"[39m
      [36m>[39m
        [36m<h3[39m
          [33mclass[39m=[32m"tab-title"[39m
        [36m>[39m
          [0mPayment Records & Expenses[0m
        [36m</h3>[39m
      [36m</div>[39m
      [36m<section[39m
        [33maria-label[39m=[32m"Payment transaction filters"[39m
        [33mclass[39m=[32m"filters-section"[39m
      [36m>[39m
        [36m<div[39m
          [33mclass[39m=[32m"filters-container"[39m
        [36m>[39m
          [36m<div[39m
            [33mclass[39m=[32m"filter-group"[39m
          [36m>[39m
            [36m<label[39m
              [33mclass[39m=[32m"filter-label"[39m
              [33mfor[39m=[32m"dateFrom"[39m
            [36m>[39m
              [0mFrom Date[0m
            [36m</label>[39m
            [36m<input[39m
              [33maria-label[39m=[32m"Filter transactions from date"[39m
              [33mclass[39m=[32m"filter-input"[39m
              [33mid[39m=[32m"dateFrom"[39m
              [33mtype[39m=[32m"date"[39m
              [33mvalue[39m=[32m""[39m
            [36m/>[39m
          [36m</div>[39m
          [36m<div[39m
            [33mclass[39m=[32m"filter-group"[39m
          [36m>[39m
            [36m<label[39m
              [33mclass[39m=[32m"filter-label"[39m
              [33mfor[39m=[32m"dateTo"[39m
            [36m>[39m
              [0mTo Date[0m
            [36m</label>[39m
            [36m<input[39m
              [33maria-label[39m=[32m"Filter transactions to date"[39m
              [33mclass[39m=[32m"filter-input"[39m
              [33mid[39m=[32m"dateTo"[39m
              [33mtype[39m=[32m"date"[39m
              [33mvalue[39m=[32m""[39m
            [36m/>[39m
          [36m</div>[39m
          [36m<div[39m
            [33mclass[39m=[32m"filter-group"[39m
          [36m>[39m
            [36m<label[39m
              [33mclass[39m=[32m"filter-label"[39m
              [33mfor[39m=[32m"student"[39m
            [36m>[39m
              [0mStudent[0m
            [36m</label>[39m
            [36m<select[39m
              [33maria-label[39m=[32m"Filter transactions by student"[39m
              [33mclass[39m=[32m"filter-select"[39m
              [33mid[39m=[32m"student"[39m
            [36m>[39m
              [36m<option[39m
                [33mvalue[39m=[32m""[39m
              [36m>[39m
                [0mAll Students[0m
              [36m</option>[39m
              [36m<option[39m
                [33mvalue[39m=[32m"student-001"[39m
              [36m>[39m
                [0mArjun Verma[0m
              [36m</option>[39m
            [36m</select>[39m
          [36m</div>[39m
          [36m<div[39m
            [33mclass[39m=[32m"filter-group"[39m
          [36m>[39m
            [36m<label[39m
              [33mclass[39m=[32m"filter-label"[39m
              [33mfor[39m=[32m"batch"[39m
            [36m>[39m
              [0mBatch[0m
            [36m</label>[39m
            [36m<select[39m
              [33maria-label[39m=[32m"Filter transactions by batch"[39m
              [33mclass[39m=[32m"filter-select"[39m
              [33mid[39m=[32m"batch"[39m
            [36m>[39m
              [36m<option[39m
                [33mvalue[39m=[32m""[39m
              [36m>[39m
                [0mAll Batches[0m
              [36m</option>[39m
              [36m<option[39m
                [33mvalue[39m=[32m"batch-001"[39m
              [36m>[39m
                [0mbatch-001[0m
              [36m</option>[39m
            [36m</select>[39m
          [36m</div>[39m
          [36m<div[39m
            [33mclass[39m=[32m"filter-group"[39m
          [36m>[39m
            [36m<label[39m
              [33mclass[39m=[32m"filter-label"[39m
              [33mfor[39m=[32m"paymentMethod"[39m
            [36m>[39m
              [0mPayment Method[0m
            [36m</label>[39m
            [36m<select[39m
              [33maria-label[39m=[32m"Filter transactions by payment method"[39m
              [33mclass[39m=[32m"filter-select"[39m
              [33mid[39m=[32m"paymentMethod"[39m
            [36m>[39m
              [36m<option[39m
                [33mvalue[39m=[32m""[39m
              [36m>[39m
                [0mAll Methods[0m
              [36m</option>[39m
              [36m<option[39m
                [33mvalue[39m=[32m"UPI"[39m
              [36m>[39m
                [0mUPI[0m
              [36m</option>[39m
            [36m</select>[39m
          [36m</div>[39m
          [36m<div[39m
            [33mclass[39m=[32m"filter-group"[39m
          [36m>[39m
            [36m<label[39m
              [33mclass[39m=[32m"filter-label"[39m
              [33mfor[39m=[32m"expenseType"[39m
            [36m>[39m
              [0mExpense Type[0m
            [36m</label>[39m
            [36m<select[39m
              [33maria-label[39m=[32m"Filter transactions by expense type"[39m
              [33mclass[39m=[32m"filter-select"[39m
              [33mid[39m=[32m"expenseType"[39m
            [36m>[39m
              [36m<option[39m
                [33mvalue[39m=[32m""[39m
              [36m>[39m
                [0mAll Types[0m
              [36m</option>[39m
              [36m<option[39m
                [33mvalue[39m=[32m"SHUTTLE"[39m
              [36m>[39m
                [0mSHUTTLE[0m
              [36m</option>[39m
              [36m<option[39m
                [33mvalue[39m=[32m"SUPPLIES"[39m
              [36m>[39m
                [0mSUPPLIES[0m
              [36m</option>[39m
            [36m</select>[39m
          [36m</div>[39m
        [36m</div>[39m
        [36m<div[39m
          [33mclass[39m=[32m"filter-result-info"[39m
        [36m>[39m
          [0mShowing [0m
          [0m3[0m
          [0m transaction[0m
          [0ms[0m
        [36m</div>[39m
      [36m</section>[39m
      [36m<div[39m
        [33mclass[39m=[32m"payment-stats-grid"[39m
      [36m>[39m
        [36m<div[39m
          [33mclass[39m=[32m"stat-card"[39m
        [36m>[39m
          [36m<div[39m
            [33mclass[39m=[32m"stat-label"[39m
          [36m>[39m
            [0mTotal Income[0m
          [36m</div>[39m
          [36m<div[39m
            [33mclass[39m=[32m"stat-value"[39m
          [36m>[39m
            [0m₹1,000[0m
          [36m</div>[39m
        [36m</div>[39m
        [36m<div[39m
          [33mclass[39m=[32m"stat-card"[39m
        [36m>[39m
          [36m<div[39m
            [33mclass[39m=[32m"stat-...
 ❯ Object.getElementError node_modules/@testing-library/dom/dist/config.js:37:19
 ❯ node_modules/@testing-library/dom/dist/query-helpers.js:76:38
 ❯ node_modules/@testing-library/dom/dist/query-helpers.js:52:17
 ❯ node_modules/@testing-library/dom/dist/query-helpers.js:95:19
 ❯ src/components/__tests__/CoachPaymentsTab.DeleteExpense.test.tsx:406:35
    404|       // Verify buttons are properly labeled
    405|       const cancelButton = screen.getByRole('button', { name: /cancel/…
    406|       const deleteButton = screen.getByRole('button', { name: /^delete…
       |                                   ^
    407|
    408|       expect(cancelButton).toBeInTheDocument();

⎯⎯⎯⎯⎯⎯⎯⎯⎯⎯⎯⎯⎯⎯⎯⎯⎯⎯⎯⎯[107/107]⎯

⎯⎯⎯⎯⎯⎯ Unhandled Errors ⎯⎯⎯⎯⎯⎯

Vitest caught 26 unhandled errors during the test run.
This might cause false positive tests. Resolve unhandled errors to make sure your tests are not affected.

⎯⎯⎯⎯ Unhandled Rejection ⎯⎯⎯⎯⎯
AxiosError: Request failed with status code 401
 ❯ settle node_modules/axios/lib/core/settle.js:19:12
 ❯ XMLHttpRequest.onloadend node_modules/axios/lib/adapters/xhr.js:63:9
 ❯ XMLHttpRequest.invokeTheCallbackFunction node_modules/jsdom/lib/generated/idl/EventHandlerNonNull.js:14:28
 ❯ XMLHttpRequest.<anonymous> node_modules/jsdom/lib/jsdom/living/helpers/create-event-accessor.js:57:32
 ❯ innerInvokeEventListeners node_modules/jsdom/lib/jsdom/living/events/EventTarget-impl.js:360:16
 ❯ invokeEventListeners node_modules/jsdom/lib/jsdom/living/events/EventTarget-impl.js:296:3
 ❯ XMLHttpRequestImpl._dispatch node_modules/jsdom/lib/jsdom/living/events/EventTarget-impl.js:243:9
 ❯ fireAnEvent node_modules/jsdom/lib/jsdom/living/helpers/events.js:18:36
 ❯ node_modules/jsdom/lib/jsdom/living/xhr/XMLHttpRequest-impl.js:860:11
 ❯ processTicksAndRejections node:internal/process/task_queues:103:5
 ❯ Axios.request node_modules/axios/lib/core/Axios.js:46:41
 ❯ processTicksAndRejections node:internal/process/task_queues:103:5
 ❯ Object.login src/contexts/AuthContext.tsx:70:24
     68|     try {
     69|       // Call API login endpoint
     70|       const response = await apiClient.post<LoginResponse>('/auth/logi…
       |                        ^
     71|         username,
     72|         password,

⎯⎯⎯⎯⎯⎯⎯⎯⎯⎯⎯⎯⎯⎯⎯⎯⎯⎯⎯⎯⎯⎯⎯⎯⎯⎯⎯⎯⎯⎯
Serialized Error: { description: undefined, number: undefined, config: { transitional: { silentJSONParsing: true, forcedJSONParsing: true, clarifyTimeoutError: false, legacyInterceptorReqResOrdering: true, advertiseZstdAcceptEncoding: false, validateStatusUndefinedResolves: true }, adapter: [ 'xhr', 'http', 'fetch' ], transformRequest: [ 'Function<transformRequest>' ], transformResponse: [ 'Function<transformResponse>' ], timeout: 30000, xsrfCookieName: 'XSRF-TOKEN', xsrfHeaderName: 'X-XSRF-TOKEN', maxContentLength: -1, maxBodyLength: -1, env: { FormData: 'Function<FormData>', Blob: 'Function<Blob>' }, validateStatus: 'Function<validateStatus>', headers: { Accept: 'application/json, text/plain, */*', 'Content-Type': 'application/json' }, baseURL: 'http://localhost:5000/api', method: 'post', url: '/auth/login', data: '{"username":"head_coach","password":"password123"}', allowAbsoluteUrls: true }, code: 'ERR_BAD_REQUEST', status: 401 }
This error originated in "src/contexts/AuthContext.property.test.tsx" test file. It doesn't mean the error was thrown inside the file itself, but while it was running.
The latest test that might've caused the error is "Property: AuthProvider completes loading and renders children in all scenarios". It might mean one of the following:
- The error was thrown, while Vitest was running this test.
- If the error occurred after the test had been completed, this was the last documented test before it was thrown.

⎯⎯⎯⎯ Unhandled Rejection ⎯⎯⎯⎯⎯
AxiosError: Request failed with status code 401
 ❯ settle node_modules/axios/lib/core/settle.js:19:12
 ❯ XMLHttpRequest.onloadend node_modules/axios/lib/adapters/xhr.js:63:9
 ❯ XMLHttpRequest.invokeTheCallbackFunction node_modules/jsdom/lib/generated/idl/EventHandlerNonNull.js:14:28
 ❯ XMLHttpRequest.<anonymous> node_modules/jsdom/lib/jsdom/living/helpers/create-event-accessor.js:57:32
 ❯ innerInvokeEventListeners node_modules/jsdom/lib/jsdom/living/events/EventTarget-impl.js:360:16
 ❯ invokeEventListeners node_modules/jsdom/lib/jsdom/living/events/EventTarget-impl.js:296:3
 ❯ XMLHttpRequestImpl._dispatch node_modules/jsdom/lib/jsdom/living/events/EventTarget-impl.js:243:9
 ❯ fireAnEvent node_modules/jsdom/lib/jsdom/living/helpers/events.js:18:36
 ❯ node_modules/jsdom/lib/jsdom/living/xhr/XMLHttpRequest-impl.js:860:11
 ❯ processTicksAndRejections node:internal/process/task_queues:103:5
 ❯ Axios.request node_modules/axios/lib/core/Axios.js:46:41
 ❯ processTicksAndRejections node:internal/process/task_queues:103:5
 ❯ Object.createStudent src/hooks/useStudents.ts:146:26
    144|         };
    145|
    146|         const response = await apiClient.post<Student>('/students', pa…
       |                          ^
    147|         const newStudent = parseStudentDates(response.data as unknown …
    148|

⎯⎯⎯⎯⎯⎯⎯⎯⎯⎯⎯⎯⎯⎯⎯⎯⎯⎯⎯⎯⎯⎯⎯⎯⎯⎯⎯⎯⎯⎯
Serialized Error: { description: undefined, number: undefined, config: { transitional: { silentJSONParsing: true, forcedJSONParsing: true, clarifyTimeoutError: false, legacyInterceptorReqResOrdering: true, advertiseZstdAcceptEncoding: false, validateStatusUndefinedResolves: true }, adapter: [ 'xhr', 'http', 'fetch' ], transformRequest: [ 'Function<transformRequest>' ], transformResponse: [ 'Function<transformResponse>' ], timeout: 30000, xsrfCookieName: 'XSRF-TOKEN', xsrfHeaderName: 'X-XSRF-TOKEN', maxContentLength: -1, maxBodyLength: -1, env: { FormData: 'Function<FormData>', Blob: 'Function<Blob>' }, validateStatus: 'Function<validateStatus>', headers: { Accept: 'application/json, text/plain, */*', 'Content-Type': 'application/json' }, baseURL: 'http://localhost:5000/api', method: 'post', url: '/students', data: '{"fullName":"Test Student","dateOfBirth":"2010-06-15","gender":"Male","contactPhone":"9876500000","email":"test@example.com","height":160,"weight":55,"skillLevel":"Beginner","strengths":["Speed"],"weaknesses":["Power"]}', allowAbsoluteUrls: true }, code: 'ERR_BAD_REQUEST', status: 401 }
This error originated in "src/hooks/useStudents.test.ts" test file. It doesn't mean the error was thrown inside the file itself, but while it was running.

⎯⎯⎯⎯ Unhandled Rejection ⎯⎯⎯⎯⎯
AxiosError: Request failed with status code 401
 ❯ settle node_modules/axios/lib/core/settle.js:19:12
 ❯ XMLHttpRequest.onloadend node_modules/axios/lib/adapters/xhr.js:63:9
 ❯ XMLHttpRequest.invokeTheCallbackFunction node_modules/jsdom/lib/generated/idl/EventHandlerNonNull.js:14:28
 ❯ XMLHttpRequest.<anonymous> node_modules/jsdom/lib/jsdom/living/helpers/create-event-accessor.js:57:32
 ❯ innerInvokeEventListeners node_modules/jsdom/lib/jsdom/living/events/EventTarget-impl.js:360:16
 ❯ invokeEventListeners node_modules/jsdom/lib/jsdom/living/events/EventTarget-impl.js:296:3
 ❯ XMLHttpRequestImpl._dispatch node_modules/jsdom/lib/jsdom/living/events/EventTarget-impl.js:243:9
 ❯ fireAnEvent node_modules/jsdom/lib/jsdom/living/helpers/events.js:18:36
 ❯ node_modules/jsdom/lib/jsdom/living/xhr/XMLHttpRequest-impl.js:860:11
 ❯ processTicksAndRejections node:internal/process/task_queues:103:5
 ❯ Axios.request node_modules/axios/lib/core/Axios.js:46:41
 ❯ processTicksAndRejections node:internal/process/task_queues:103:5
 ❯ Object.createStudent src/hooks/useStudents.ts:146:26
    144|         };
    145|
    146|         const response = await apiClient.post<Student>('/students', pa…
       |                          ^
    147|         const newStudent = parseStudentDates(response.data as unknown …
    148|

⎯⎯⎯⎯⎯⎯⎯⎯⎯⎯⎯⎯⎯⎯⎯⎯⎯⎯⎯⎯⎯⎯⎯⎯⎯⎯⎯⎯⎯⎯
Serialized Error: { description: undefined, number: undefined, config: { transitional: { silentJSONParsing: true, forcedJSONParsing: true, clarifyTimeoutError: false, legacyInterceptorReqResOrdering: true, advertiseZstdAcceptEncoding: false, validateStatusUndefinedResolves: true }, adapter: [ 'xhr', 'http', 'fetch' ], transformRequest: [ 'Function<transformRequest>' ], transformResponse: [ 'Function<transformResponse>' ], timeout: 30000, xsrfCookieName: 'XSRF-TOKEN', xsrfHeaderName: 'X-XSRF-TOKEN', maxContentLength: -1, maxBodyLength: -1, env: { FormData: 'Function<FormData>', Blob: 'Function<Blob>' }, validateStatus: 'Function<validateStatus>', headers: { Accept: 'application/json, text/plain, */*', 'Content-Type': 'application/json' }, baseURL: 'http://localhost:5000/api', method: 'post', url: '/students', data: '{"fullName":"Test Student","dateOfBirth":"2010-06-15","gender":"Male","contactPhone":"9876500000","email":"test@example.com","height":160,"weight":55,"skillLevel":"Beginner","strengths":["Speed"],"weaknesses":["Power"]}', allowAbsoluteUrls: true }, code: 'ERR_BAD_REQUEST', status: 401 }
This error originated in "src/hooks/useStudents.test.ts" test file. It doesn't mean the error was thrown inside the file itself, but while it was running.

⎯⎯⎯⎯ Unhandled Rejection ⎯⎯⎯⎯⎯
AxiosError: Request failed with status code 401
 ❯ settle node_modules/axios/lib/core/settle.js:19:12
 ❯ XMLHttpRequest.onloadend node_modules/axios/lib/adapters/xhr.js:63:9
 ❯ XMLHttpRequest.invokeTheCallbackFunction node_modules/jsdom/lib/generated/idl/EventHandlerNonNull.js:14:28
 ❯ XMLHttpRequest.<anonymous> node_modules/jsdom/lib/jsdom/living/helpers/create-event-accessor.js:57:32
 ❯ innerInvokeEventListeners node_modules/jsdom/lib/jsdom/living/events/EventTarget-impl.js:360:16
 ❯ invokeEventListeners node_modules/jsdom/lib/jsdom/living/events/EventTarget-impl.js:296:3
 ❯ XMLHttpRequestImpl._dispatch node_modules/jsdom/lib/jsdom/living/events/EventTarget-impl.js:243:9
 ❯ fireAnEvent node_modules/jsdom/lib/jsdom/living/helpers/events.js:18:36
 ❯ node_modules/jsdom/lib/jsdom/living/xhr/XMLHttpRequest-impl.js:860:11
 ❯ processTicksAndRejections node:internal/process/task_queues:103:5
 ❯ Axios.request node_modules/axios/lib/core/Axios.js:46:41
 ❯ processTicksAndRejections node:internal/process/task_queues:103:5
 ❯ Object.createStudent src/hooks/useStudents.ts:146:26
    144|         };
    145|
    146|         const response = await apiClient.post<Student>('/students', pa…
       |                          ^
    147|         const newStudent = parseStudentDates(response.data as unknown …
    148|

⎯⎯⎯⎯⎯⎯⎯⎯⎯⎯⎯⎯⎯⎯⎯⎯⎯⎯⎯⎯⎯⎯⎯⎯⎯⎯⎯⎯⎯⎯
Serialized Error: { description: undefined, number: undefined, config: { transitional: { silentJSONParsing: true, forcedJSONParsing: true, clarifyTimeoutError: false, legacyInterceptorReqResOrdering: true, advertiseZstdAcceptEncoding: false, validateStatusUndefinedResolves: true }, adapter: [ 'xhr', 'http', 'fetch' ], transformRequest: [ 'Function<transformRequest>' ], transformResponse: [ 'Function<transformResponse>' ], timeout: 30000, xsrfCookieName: 'XSRF-TOKEN', xsrfHeaderName: 'X-XSRF-TOKEN', maxContentLength: -1, maxBodyLength: -1, env: { FormData: 'Function<FormData>', Blob: 'Function<Blob>' }, validateStatus: 'Function<validateStatus>', headers: { Accept: 'application/json, text/plain, */*', 'Content-Type': 'application/json' }, baseURL: 'http://localhost:5000/api', method: 'post', url: '/students', data: '{"fullName":"Another Student","dateOfBirth":"2010-06-15","gender":"Male","contactPhone":"9876500000","email":"test@example.com","height":160,"weight":55,"skillLevel":"Beginner","strengths":["Speed"],"weaknesses":["Power"]}', allowAbsoluteUrls: true }, code: 'ERR_BAD_REQUEST', status: 401 }
This error originated in "src/hooks/useStudents.test.ts" test file. It doesn't mean the error was thrown inside the file itself, but while it was running.

⎯⎯⎯⎯ Unhandled Rejection ⎯⎯⎯⎯⎯
AxiosError: Request failed with status code 401
 ❯ settle node_modules/axios/lib/core/settle.js:19:12
 ❯ XMLHttpRequest.onloadend node_modules/axios/lib/adapters/xhr.js:63:9
 ❯ XMLHttpRequest.invokeTheCallbackFunction node_modules/jsdom/lib/generated/idl/EventHandlerNonNull.js:14:28
 ❯ XMLHttpRequest.<anonymous> node_modules/jsdom/lib/jsdom/living/helpers/create-event-accessor.js:57:32
 ❯ innerInvokeEventListeners node_modules/jsdom/lib/jsdom/living/events/EventTarget-impl.js:360:16
 ❯ invokeEventListeners node_modules/jsdom/lib/jsdom/living/events/EventTarget-impl.js:296:3
 ❯ XMLHttpRequestImpl._dispatch node_modules/jsdom/lib/jsdom/living/events/EventTarget-impl.js:243:9
 ❯ fireAnEvent node_modules/jsdom/lib/jsdom/living/helpers/events.js:18:36
 ❯ node_modules/jsdom/lib/jsdom/living/xhr/XMLHttpRequest-impl.js:860:11
 ❯ processTicksAndRejections node:internal/process/task_queues:103:5
 ❯ Axios.request node_modules/axios/lib/core/Axios.js:46:41
 ❯ processTicksAndRejections node:internal/process/task_queues:103:5
 ❯ Object.createStudent src/hooks/useStudents.ts:146:26
    144|         };
    145|
    146|         const response = await apiClient.post<Student>('/students', pa…
       |                          ^
    147|         const newStudent = parseStudentDates(response.data as unknown …
    148|

⎯⎯⎯⎯⎯⎯⎯⎯⎯⎯⎯⎯⎯⎯⎯⎯⎯⎯⎯⎯⎯⎯⎯⎯⎯⎯⎯⎯⎯⎯
Serialized Error: { description: undefined, number: undefined, config: { transitional: { silentJSONParsing: true, forcedJSONParsing: true, clarifyTimeoutError: false, legacyInterceptorReqResOrdering: true, advertiseZstdAcceptEncoding: false, validateStatusUndefinedResolves: true }, adapter: [ 'xhr', 'http', 'fetch' ], transformRequest: [ 'Function<transformRequest>' ], transformResponse: [ 'Function<transformResponse>' ], timeout: 30000, xsrfCookieName: 'XSRF-TOKEN', xsrfHeaderName: 'X-XSRF-TOKEN', maxContentLength: -1, maxBodyLength: -1, env: { FormData: 'Function<FormData>', Blob: 'Function<Blob>' }, validateStatus: 'Function<validateStatus>', headers: { Accept: 'application/json, text/plain, */*', 'Content-Type': 'application/json' }, baseURL: 'http://localhost:5000/api', method: 'post', url: '/students', data: '{"fullName":"Test Student","dateOfBirth":"2010-06-15","gender":"Male","contactPhone":"9876500000","email":"test@example.com","height":160,"weight":55,"skillLevel":"Beginner","strengths":["Speed"],"weaknesses":["Power"]}', allowAbsoluteUrls: true }, code: 'ERR_BAD_REQUEST', status: 401 }
This error originated in "src/hooks/useStudents.test.ts" test file. It doesn't mean the error was thrown inside the file itself, but while it was running.

⎯⎯⎯⎯ Unhandled Rejection ⎯⎯⎯⎯⎯
AxiosError: Request failed with status code 401
 ❯ settle node_modules/axios/lib/core/settle.js:19:12
 ❯ XMLHttpRequest.onloadend node_modules/axios/lib/adapters/xhr.js:63:9
 ❯ XMLHttpRequest.invokeTheCallbackFunction node_modules/jsdom/lib/generated/idl/EventHandlerNonNull.js:14:28
 ❯ XMLHttpRequest.<anonymous> node_modules/jsdom/lib/jsdom/living/helpers/create-event-accessor.js:57:32
 ❯ innerInvokeEventListeners node_modules/jsdom/lib/jsdom/living/events/EventTarget-impl.js:360:16
 ❯ invokeEventListeners node_modules/jsdom/lib/jsdom/living/events/EventTarget-impl.js:296:3
 ❯ XMLHttpRequestImpl._dispatch node_modules/jsdom/lib/jsdom/living/events/EventTarget-impl.js:243:9
 ❯ fireAnEvent node_modules/jsdom/lib/jsdom/living/helpers/events.js:18:36
 ❯ node_modules/jsdom/lib/jsdom/living/xhr/XMLHttpRequest-impl.js:860:11
 ❯ processTicksAndRejections node:internal/process/task_queues:103:5
 ❯ Axios.request node_modules/axios/lib/core/Axios.js:46:41
 ❯ processTicksAndRejections node:internal/process/task_queues:103:5
 ❯ Object.createStudent src/hooks/useStudents.ts:146:26
    144|         };
    145|
    146|         const response = await apiClient.post<Student>('/students', pa…
       |                          ^
    147|         const newStudent = parseStudentDates(response.data as unknown …
    148|

⎯⎯⎯⎯⎯⎯⎯⎯⎯⎯⎯⎯⎯⎯⎯⎯⎯⎯⎯⎯⎯⎯⎯⎯⎯⎯⎯⎯⎯⎯
Serialized Error: { description: undefined, number: undefined, config: { transitional: { silentJSONParsing: true, forcedJSONParsing: true, clarifyTimeoutError: false, legacyInterceptorReqResOrdering: true, advertiseZstdAcceptEncoding: false, validateStatusUndefinedResolves: true }, adapter: [ 'xhr', 'http', 'fetch' ], transformRequest: [ 'Function<transformRequest>' ], transformResponse: [ 'Function<transformResponse>' ], timeout: 30000, xsrfCookieName: 'XSRF-TOKEN', xsrfHeaderName: 'X-XSRF-TOKEN', maxContentLength: -1, maxBodyLength: -1, env: { FormData: 'Function<FormData>', Blob: 'Function<Blob>' }, validateStatus: 'Function<validateStatus>', headers: { Accept: 'application/json, text/plain, */*', 'Content-Type': 'application/json' }, baseURL: 'http://localhost:5000/api', method: 'post', url: '/students', data: '{"fullName":"Test Student","dateOfBirth":"2010-06-15","gender":"Male","contactPhone":"9876500000","email":"test@example.com","height":160,"weight":55,"skillLevel":"Beginner","strengths":["Speed"],"weaknesses":["Power"]}', allowAbsoluteUrls: true }, code: 'ERR_BAD_REQUEST', status: 401 }
This error originated in "src/hooks/useStudents.test.ts" test file. It doesn't mean the error was thrown inside the file itself, but while it was running.

⎯⎯⎯⎯ Unhandled Rejection ⎯⎯⎯⎯⎯
AxiosError: Request failed with status code 401
 ❯ settle node_modules/axios/lib/core/settle.js:19:12
 ❯ XMLHttpRequest.onloadend node_modules/axios/lib/adapters/xhr.js:63:9
 ❯ XMLHttpRequest.invokeTheCallbackFunction node_modules/jsdom/lib/generated/idl/EventHandlerNonNull.js:14:28
 ❯ XMLHttpRequest.<anonymous> node_modules/jsdom/lib/jsdom/living/helpers/create-event-accessor.js:57:32
 ❯ innerInvokeEventListeners node_modules/jsdom/lib/jsdom/living/events/EventTarget-impl.js:360:16
 ❯ invokeEventListeners node_modules/jsdom/lib/jsdom/living/events/EventTarget-impl.js:296:3
 ❯ XMLHttpRequestImpl._dispatch node_modules/jsdom/lib/jsdom/living/events/EventTarget-impl.js:243:9
 ❯ fireAnEvent node_modules/jsdom/lib/jsdom/living/helpers/events.js:18:36
 ❯ node_modules/jsdom/lib/jsdom/living/xhr/XMLHttpRequest-impl.js:860:11
 ❯ processTicksAndRejections node:internal/process/task_queues:103:5
 ❯ Axios.request node_modules/axios/lib/core/Axios.js:46:41
 ❯ processTicksAndRejections node:internal/process/task_queues:103:5
 ❯ Object.createStudent src/hooks/useStudents.ts:146:26
    144|         };
    145|
    146|         const response = await apiClient.post<Student>('/students', pa…
       |                          ^
    147|         const newStudent = parseStudentDates(response.data as unknown …
    148|

⎯⎯⎯⎯⎯⎯⎯⎯⎯⎯⎯⎯⎯⎯⎯⎯⎯⎯⎯⎯⎯⎯⎯⎯⎯⎯⎯⎯⎯⎯
Serialized Error: { description: undefined, number: undefined, config: { transitional: { silentJSONParsing: true, forcedJSONParsing: true, clarifyTimeoutError: false, legacyInterceptorReqResOrdering: true, advertiseZstdAcceptEncoding: false, validateStatusUndefinedResolves: true }, adapter: [ 'xhr', 'http', 'fetch' ], transformRequest: [ 'Function<transformRequest>' ], transformResponse: [ 'Function<transformResponse>' ], timeout: 30000, xsrfCookieName: 'XSRF-TOKEN', xsrfHeaderName: 'X-XSRF-TOKEN', maxContentLength: -1, maxBodyLength: -1, env: { FormData: 'Function<FormData>', Blob: 'Function<Blob>' }, validateStatus: 'Function<validateStatus>', headers: { Accept: 'application/json, text/plain, */*', 'Content-Type': 'application/json' }, baseURL: 'http://localhost:5000/api', method: 'post', url: '/students', data: '{"fullName":"Test Student","dateOfBirth":"2010-06-15","gender":"Male","contactPhone":"9876500000","email":"test@example.com","skillLevel":"Beginner","strengths":["Speed"],"weaknesses":["Power"]}', allowAbsoluteUrls: true }, code: 'ERR_BAD_REQUEST', status: 401 }
This error originated in "src/hooks/useStudents.test.ts" test file. It doesn't mean the error was thrown inside the file itself, but while it was running.

⎯⎯⎯⎯ Unhandled Rejection ⎯⎯⎯⎯⎯
AxiosError: Request failed with status code 401
 ❯ settle node_modules/axios/lib/core/settle.js:19:12
 ❯ XMLHttpRequest.onloadend node_modules/axios/lib/adapters/xhr.js:63:9
 ❯ XMLHttpRequest.invokeTheCallbackFunction node_modules/jsdom/lib/generated/idl/EventHandlerNonNull.js:14:28
 ❯ XMLHttpRequest.<anonymous> node_modules/jsdom/lib/jsdom/living/helpers/create-event-accessor.js:57:32
 ❯ innerInvokeEventListeners node_modules/jsdom/lib/jsdom/living/events/EventTarget-impl.js:360:16
 ❯ invokeEventListeners node_modules/jsdom/lib/jsdom/living/events/EventTarget-impl.js:296:3
 ❯ XMLHttpRequestImpl._dispatch node_modules/jsdom/lib/jsdom/living/events/EventTarget-impl.js:243:9
 ❯ fireAnEvent node_modules/jsdom/lib/jsdom/living/helpers/events.js:18:36
 ❯ node_modules/jsdom/lib/jsdom/living/xhr/XMLHttpRequest-impl.js:860:11
 ❯ processTicksAndRejections node:internal/process/task_queues:103:5
 ❯ Axios.request node_modules/axios/lib/core/Axios.js:46:41
 ❯ processTicksAndRejections node:internal/process/task_queues:103:5
 ❯ Object.createStudent src/hooks/useStudents.ts:146:26
    144|         };
    145|
    146|         const response = await apiClient.post<Student>('/students', pa…
       |                          ^
    147|         const newStudent = parseStudentDates(response.data as unknown …
    148|

⎯⎯⎯⎯⎯⎯⎯⎯⎯⎯⎯⎯⎯⎯⎯⎯⎯⎯⎯⎯⎯⎯⎯⎯⎯⎯⎯⎯⎯⎯
Serialized Error: { description: undefined, number: undefined, config: { transitional: { silentJSONParsing: true, forcedJSONParsing: true, clarifyTimeoutError: false, legacyInterceptorReqResOrdering: true, advertiseZstdAcceptEncoding: false, validateStatusUndefinedResolves: true }, adapter: [ 'xhr', 'http', 'fetch' ], transformRequest: [ 'Function<transformRequest>' ], transformResponse: [ 'Function<transformResponse>' ], timeout: 30000, xsrfCookieName: 'XSRF-TOKEN', xsrfHeaderName: 'X-XSRF-TOKEN', maxContentLength: -1, maxBodyLength: -1, env: { FormData: 'Function<FormData>', Blob: 'Function<Blob>' }, validateStatus: 'Function<validateStatus>', headers: { Accept: 'application/json, text/plain, */*', 'Content-Type': 'application/json' }, baseURL: 'http://localhost:5000/api', method: 'post', url: '/students', data: '{"fullName":"Test Student","dateOfBirth":"2010-06-15","gender":"Male","contactPhone":"9876500000","email":"test@example.com","height":160,"weight":55,"skillLevel":"Beginner","strengths":["Speed"],"weaknesses":["Power"]}', allowAbsoluteUrls: true }, code: 'ERR_BAD_REQUEST', status: 401 }
This error originated in "src/hooks/useStudents.test.ts" test file. It doesn't mean the error was thrown inside the file itself, but while it was running.

⎯⎯⎯⎯ Unhandled Rejection ⎯⎯⎯⎯⎯
AxiosError: Request failed with status code 401
 ❯ settle node_modules/axios/lib/core/settle.js:19:12
 ❯ XMLHttpRequest.onloadend node_modules/axios/lib/adapters/xhr.js:63:9
 ❯ XMLHttpRequest.invokeTheCallbackFunction node_modules/jsdom/lib/generated/idl/EventHandlerNonNull.js:14:28
 ❯ XMLHttpRequest.<anonymous> node_modules/jsdom/lib/jsdom/living/helpers/create-event-accessor.js:57:32
 ❯ innerInvokeEventListeners node_modules/jsdom/lib/jsdom/living/events/EventTarget-impl.js:360:16
 ❯ invokeEventListeners node_modules/jsdom/lib/jsdom/living/events/EventTarget-impl.js:296:3
 ❯ XMLHttpRequestImpl._dispatch node_modules/jsdom/lib/jsdom/living/events/EventTarget-impl.js:243:9
 ❯ fireAnEvent node_modules/jsdom/lib/jsdom/living/helpers/events.js:18:36
 ❯ node_modules/jsdom/lib/jsdom/living/xhr/XMLHttpRequest-impl.js:860:11
 ❯ processTicksAndRejections node:internal/process/task_queues:103:5
 ❯ Axios.request node_modules/axios/lib/core/Axios.js:46:41
 ❯ processTicksAndRejections node:internal/process/task_queues:103:5
 ❯ Object.createStudent src/hooks/useStudents.ts:146:26
    144|         };
    145|
    146|         const response = await apiClient.post<Student>('/students', pa…
       |                          ^
    147|         const newStudent = parseStudentDates(response.data as unknown …
    148|

⎯⎯⎯⎯⎯⎯⎯⎯⎯⎯⎯⎯⎯⎯⎯⎯⎯⎯⎯⎯⎯⎯⎯⎯⎯⎯⎯⎯⎯⎯
Serialized Error: { description: undefined, number: undefined, config: { transitional: { silentJSONParsing: true, forcedJSONParsing: true, clarifyTimeoutError: false, legacyInterceptorReqResOrdering: true, advertiseZstdAcceptEncoding: false, validateStatusUndefinedResolves: true }, adapter: [ 'xhr', 'http', 'fetch' ], transformRequest: [ 'Function<transformRequest>' ], transformResponse: [ 'Function<transformResponse>' ], timeout: 30000, xsrfCookieName: 'XSRF-TOKEN', xsrfHeaderName: 'X-XSRF-TOKEN', maxContentLength: -1, maxBodyLength: -1, env: { FormData: 'Function<FormData>', Blob: 'Function<Blob>' }, validateStatus: 'Function<validateStatus>', headers: { Accept: 'application/json, text/plain, */*', 'Content-Type': 'application/json' }, baseURL: 'http://localhost:5000/api', method: 'post', url: '/students', data: '{"fullName":"Test Student","dateOfBirth":"2010-06-15","gender":"Male","contactPhone":"9876500000","email":"test@example.com","height":160,"weight":55,"skillLevel":"Beginner","strengths":["Speed"],"weaknesses":["Power"]}', allowAbsoluteUrls: true }, code: 'ERR_BAD_REQUEST', status: 401 }
This error originated in "src/hooks/useStudents.test.ts" test file. It doesn't mean the error was thrown inside the file itself, but while it was running.

⎯⎯⎯⎯ Unhandled Rejection ⎯⎯⎯⎯⎯
AxiosError: Request failed with status code 401
 ❯ settle node_modules/axios/lib/core/settle.js:19:12
 ❯ XMLHttpRequest.onloadend node_modules/axios/lib/adapters/xhr.js:63:9
 ❯ XMLHttpRequest.invokeTheCallbackFunction node_modules/jsdom/lib/generated/idl/EventHandlerNonNull.js:14:28
 ❯ XMLHttpRequest.<anonymous> node_modules/jsdom/lib/jsdom/living/helpers/create-event-accessor.js:57:32
 ❯ innerInvokeEventListeners node_modules/jsdom/lib/jsdom/living/events/EventTarget-impl.js:360:16
 ❯ invokeEventListeners node_modules/jsdom/lib/jsdom/living/events/EventTarget-impl.js:296:3
 ❯ XMLHttpRequestImpl._dispatch node_modules/jsdom/lib/jsdom/living/events/EventTarget-impl.js:243:9
 ❯ fireAnEvent node_modules/jsdom/lib/jsdom/living/helpers/events.js:18:36
 ❯ node_modules/jsdom/lib/jsdom/living/xhr/XMLHttpRequest-impl.js:860:11
 ❯ processTicksAndRejections node:internal/process/task_queues:103:5
 ❯ Axios.request node_modules/axios/lib/core/Axios.js:46:41
 ❯ processTicksAndRejections node:internal/process/task_queues:103:5
 ❯ Object.createStudent src/hooks/useStudents.ts:146:26
    144|         };
    145|
    146|         const response = await apiClient.post<Student>('/students', pa…
       |                          ^
    147|         const newStudent = parseStudentDates(response.data as unknown …
    148|

⎯⎯⎯⎯⎯⎯⎯⎯⎯⎯⎯⎯⎯⎯⎯⎯⎯⎯⎯⎯⎯⎯⎯⎯⎯⎯⎯⎯⎯⎯
Serialized Error: { description: undefined, number: undefined, config: { transitional: { silentJSONParsing: true, forcedJSONParsing: true, clarifyTimeoutError: false, legacyInterceptorReqResOrdering: true, advertiseZstdAcceptEncoding: false, validateStatusUndefinedResolves: true }, adapter: [ 'xhr', 'http', 'fetch' ], transformRequest: [ 'Function<transformRequest>' ], transformResponse: [ 'Function<transformResponse>' ], timeout: 30000, xsrfCookieName: 'XSRF-TOKEN', xsrfHeaderName: 'X-XSRF-TOKEN', maxContentLength: -1, maxBodyLength: -1, env: { FormData: 'Function<FormData>', Blob: 'Function<Blob>' }, validateStatus: 'Function<validateStatus>', headers: { Accept: 'application/json, text/plain, */*', 'Content-Type': 'application/json' }, baseURL: 'http://localhost:5000/api', method: 'post', url: '/students', data: '{"fullName":"Test Student","dateOfBirth":"2010-06-15","gender":"Male","contactPhone":"9876500000","email":"test@example.com","height":160,"weight":55,"strengths":["Speed"],"weaknesses":["Power"]}', allowAbsoluteUrls: true }, code: 'ERR_BAD_REQUEST', status: 401 }
This error originated in "src/hooks/useStudents.test.ts" test file. It doesn't mean the error was thrown inside the file itself, but while it was running.

⎯⎯⎯⎯ Unhandled Rejection ⎯⎯⎯⎯⎯
AxiosError: Request failed with status code 401
 ❯ settle node_modules/axios/lib/core/settle.js:19:12
 ❯ XMLHttpRequest.onloadend node_modules/axios/lib/adapters/xhr.js:63:9
 ❯ XMLHttpRequest.invokeTheCallbackFunction node_modules/jsdom/lib/generated/idl/EventHandlerNonNull.js:14:28
 ❯ XMLHttpRequest.<anonymous> node_modules/jsdom/lib/jsdom/living/helpers/create-event-accessor.js:57:32
 ❯ innerInvokeEventListeners node_modules/jsdom/lib/jsdom/living/events/EventTarget-impl.js:360:16
 ❯ invokeEventListeners node_modules/jsdom/lib/jsdom/living/events/EventTarget-impl.js:296:3
 ❯ XMLHttpRequestImpl._dispatch node_modules/jsdom/lib/jsdom/living/events/EventTarget-impl.js:243:9
 ❯ fireAnEvent node_modules/jsdom/lib/jsdom/living/helpers/events.js:18:36
 ❯ node_modules/jsdom/lib/jsdom/living/xhr/XMLHttpRequest-impl.js:860:11
 ❯ processTicksAndRejections node:internal/process/task_queues:103:5
 ❯ Axios.request node_modules/axios/lib/core/Axios.js:46:41
 ❯ processTicksAndRejections node:internal/process/task_queues:103:5
 ❯ Object.createStudent src/hooks/useStudents.ts:146:26
    144|         };
    145|
    146|         const response = await apiClient.post<Student>('/students', pa…
       |                          ^
    147|         const newStudent = parseStudentDates(response.data as unknown …
    148|

⎯⎯⎯⎯⎯⎯⎯⎯⎯⎯⎯⎯⎯⎯⎯⎯⎯⎯⎯⎯⎯⎯⎯⎯⎯⎯⎯⎯⎯⎯
Serialized Error: { description: undefined, number: undefined, config: { transitional: { silentJSONParsing: true, forcedJSONParsing: true, clarifyTimeoutError: false, legacyInterceptorReqResOrdering: true, advertiseZstdAcceptEncoding: false, validateStatusUndefinedResolves: true }, adapter: [ 'xhr', 'http', 'fetch' ], transformRequest: [ 'Function<transformRequest>' ], transformResponse: [ 'Function<transformResponse>' ], timeout: 30000, xsrfCookieName: 'XSRF-TOKEN', xsrfHeaderName: 'X-XSRF-TOKEN', maxContentLength: -1, maxBodyLength: -1, env: { FormData: 'Function<FormData>', Blob: 'Function<Blob>' }, validateStatus: 'Function<validateStatus>', headers: { Accept: 'application/json, text/plain, */*', 'Content-Type': 'application/json' }, baseURL: 'http://localhost:5000/api', method: 'post', url: '/students', data: '{"fullName":"","dateOfBirth":"2010-06-15","gender":"Male","contactPhone":"9876500000","email":"test@example.com","height":160,"weight":55,"skillLevel":"Beginner","strengths":["Speed"],"weaknesses":["Power"]}', allowAbsoluteUrls: true }, code: 'ERR_BAD_REQUEST', status: 401 }
This error originated in "src/hooks/useStudents.test.ts" test file. It doesn't mean the error was thrown inside the file itself, but while it was running.

⎯⎯⎯⎯ Unhandled Rejection ⎯⎯⎯⎯⎯
AxiosError: Request failed with status code 401
 ❯ settle node_modules/axios/lib/core/settle.js:19:12
 ❯ XMLHttpRequest.onloadend node_modules/axios/lib/adapters/xhr.js:63:9
 ❯ XMLHttpRequest.invokeTheCallbackFunction node_modules/jsdom/lib/generated/idl/EventHandlerNonNull.js:14:28
 ❯ XMLHttpRequest.<anonymous> node_modules/jsdom/lib/jsdom/living/helpers/create-event-accessor.js:57:32
 ❯ innerInvokeEventListeners node_modules/jsdom/lib/jsdom/living/events/EventTarget-impl.js:360:16
 ❯ invokeEventListeners node_modules/jsdom/lib/jsdom/living/events/EventTarget-impl.js:296:3
 ❯ XMLHttpRequestImpl._dispatch node_modules/jsdom/lib/jsdom/living/events/EventTarget-impl.js:243:9
 ❯ fireAnEvent node_modules/jsdom/lib/jsdom/living/helpers/events.js:18:36
 ❯ node_modules/jsdom/lib/jsdom/living/xhr/XMLHttpRequest-impl.js:860:11
 ❯ processTicksAndRejections node:internal/process/task_queues:103:5
 ❯ Axios.request node_modules/axios/lib/core/Axios.js:46:41
 ❯ processTicksAndRejections node:internal/process/task_queues:103:5
 ❯ Object.createStudent src/hooks/useStudents.ts:146:26
    144|         };
    145|
    146|         const response = await apiClient.post<Student>('/students', pa…
       |                          ^
    147|         const newStudent = parseStudentDates(response.data as unknown …
    148|

⎯⎯⎯⎯⎯⎯⎯⎯⎯⎯⎯⎯⎯⎯⎯⎯⎯⎯⎯⎯⎯⎯⎯⎯⎯⎯⎯⎯⎯⎯
Serialized Error: { description: undefined, number: undefined, config: { transitional: { silentJSONParsing: true, forcedJSONParsing: true, clarifyTimeoutError: false, legacyInterceptorReqResOrdering: true, advertiseZstdAcceptEncoding: false, validateStatusUndefinedResolves: true }, adapter: [ 'xhr', 'http', 'fetch' ], transformRequest: [ 'Function<transformRequest>' ], transformResponse: [ 'Function<transformResponse>' ], timeout: 30000, xsrfCookieName: 'XSRF-TOKEN', xsrfHeaderName: 'X-XSRF-TOKEN', maxContentLength: -1, maxBodyLength: -1, env: { FormData: 'Function<FormData>', Blob: 'Function<Blob>' }, validateStatus: 'Function<validateStatus>', headers: { Accept: 'application/json, text/plain, */*', 'Content-Type': 'application/json' }, baseURL: 'http://localhost:5000/api', method: 'post', url: '/students', data: '{"fullName":"Test Student","dateOfBirth":"","gender":"Male","contactPhone":"9876500000","email":"test@example.com","height":160,"weight":55,"skillLevel":"Beginner","strengths":["Speed"],"weaknesses":["Power"]}', allowAbsoluteUrls: true }, code: 'ERR_BAD_REQUEST', status: 401 }
This error originated in "src/hooks/useStudents.test.ts" test file. It doesn't mean the error was thrown inside the file itself, but while it was running.

⎯⎯⎯⎯ Unhandled Rejection ⎯⎯⎯⎯⎯
AxiosError: Request failed with status code 401
 ❯ settle node_modules/axios/lib/core/settle.js:19:12
 ❯ XMLHttpRequest.onloadend node_modules/axios/lib/adapters/xhr.js:63:9
 ❯ XMLHttpRequest.invokeTheCallbackFunction node_modules/jsdom/lib/generated/idl/EventHandlerNonNull.js:14:28
 ❯ XMLHttpRequest.<anonymous> node_modules/jsdom/lib/jsdom/living/helpers/create-event-accessor.js:57:32
 ❯ innerInvokeEventListeners node_modules/jsdom/lib/jsdom/living/events/EventTarget-impl.js:360:16
 ❯ invokeEventListeners node_modules/jsdom/lib/jsdom/living/events/EventTarget-impl.js:296:3
 ❯ XMLHttpRequestImpl._dispatch node_modules/jsdom/lib/jsdom/living/events/EventTarget-impl.js:243:9
 ❯ fireAnEvent node_modules/jsdom/lib/jsdom/living/helpers/events.js:18:36
 ❯ node_modules/jsdom/lib/jsdom/living/xhr/XMLHttpRequest-impl.js:860:11
 ❯ processTicksAndRejections node:internal/process/task_queues:103:5
 ❯ Axios.request node_modules/axios/lib/core/Axios.js:46:41
 ❯ processTicksAndRejections node:internal/process/task_queues:103:5
 ❯ Object.createStudent src/hooks/useStudents.ts:146:26
    144|         };
    145|
    146|         const response = await apiClient.post<Student>('/students', pa…
       |                          ^
    147|         const newStudent = parseStudentDates(response.data as unknown …
    148|

⎯⎯⎯⎯⎯⎯⎯⎯⎯⎯⎯⎯⎯⎯⎯⎯⎯⎯⎯⎯⎯⎯⎯⎯⎯⎯⎯⎯⎯⎯
Serialized Error: { description: undefined, number: undefined, config: { transitional: { silentJSONParsing: true, forcedJSONParsing: true, clarifyTimeoutError: false, legacyInterceptorReqResOrdering: true, advertiseZstdAcceptEncoding: false, validateStatusUndefinedResolves: true }, adapter: [ 'xhr', 'http', 'fetch' ], transformRequest: [ 'Function<transformRequest>' ], transformResponse: [ 'Function<transformResponse>' ], timeout: 30000, xsrfCookieName: 'XSRF-TOKEN', xsrfHeaderName: 'X-XSRF-TOKEN', maxContentLength: -1, maxBodyLength: -1, env: { FormData: 'Function<FormData>', Blob: 'Function<Blob>' }, validateStatus: 'Function<validateStatus>', headers: { Accept: 'application/json, text/plain, */*', 'Content-Type': 'application/json' }, baseURL: 'http://localhost:5000/api', method: 'post', url: '/students', data: '{"fullName":"Test Student","dateOfBirth":"2010-06-15","gender":"","contactPhone":"9876500000","email":"test@example.com","height":160,"weight":55,"skillLevel":"Beginner","strengths":["Speed"],"weaknesses":["Power"]}', allowAbsoluteUrls: true }, code: 'ERR_BAD_REQUEST', status: 401 }
This error originated in "src/hooks/useStudents.test.ts" test file. It doesn't mean the error was thrown inside the file itself, but while it was running.

⎯⎯⎯⎯ Unhandled Rejection ⎯⎯⎯⎯⎯
AxiosError: Request failed with status code 401
 ❯ settle node_modules/axios/lib/core/settle.js:19:12
 ❯ XMLHttpRequest.onloadend node_modules/axios/lib/adapters/xhr.js:63:9
 ❯ XMLHttpRequest.invokeTheCallbackFunction node_modules/jsdom/lib/generated/idl/EventHandlerNonNull.js:14:28
 ❯ XMLHttpRequest.<anonymous> node_modules/jsdom/lib/jsdom/living/helpers/create-event-accessor.js:57:32
 ❯ innerInvokeEventListeners node_modules/jsdom/lib/jsdom/living/events/EventTarget-impl.js:360:16
 ❯ invokeEventListeners node_modules/jsdom/lib/jsdom/living/events/EventTarget-impl.js:296:3
 ❯ XMLHttpRequestImpl._dispatch node_modules/jsdom/lib/jsdom/living/events/EventTarget-impl.js:243:9
 ❯ fireAnEvent node_modules/jsdom/lib/jsdom/living/helpers/events.js:18:36
 ❯ node_modules/jsdom/lib/jsdom/living/xhr/XMLHttpRequest-impl.js:860:11
 ❯ processTicksAndRejections node:internal/process/task_queues:103:5
 ❯ Axios.request node_modules/axios/lib/core/Axios.js:46:41
 ❯ processTicksAndRejections node:internal/process/task_queues:103:5
 ❯ Object.createStudent src/hooks/useStudents.ts:146:26
    144|         };
    145|
    146|         const response = await apiClient.post<Student>('/students', pa…
       |                          ^
    147|         const newStudent = parseStudentDates(response.data as unknown …
    148|

⎯⎯⎯⎯⎯⎯⎯⎯⎯⎯⎯⎯⎯⎯⎯⎯⎯⎯⎯⎯⎯⎯⎯⎯⎯⎯⎯⎯⎯⎯
Serialized Error: { description: undefined, number: undefined, config: { transitional: { silentJSONParsing: true, forcedJSONParsing: true, clarifyTimeoutError: false, legacyInterceptorReqResOrdering: true, advertiseZstdAcceptEncoding: false, validateStatusUndefinedResolves: true }, adapter: [ 'xhr', 'http', 'fetch' ], transformRequest: [ 'Function<transformRequest>' ], transformResponse: [ 'Function<transformResponse>' ], timeout: 30000, xsrfCookieName: 'XSRF-TOKEN', xsrfHeaderName: 'X-XSRF-TOKEN', maxContentLength: -1, maxBodyLength: -1, env: { FormData: 'Function<FormData>', Blob: 'Function<Blob>' }, validateStatus: 'Function<validateStatus>', headers: { Accept: 'application/json, text/plain, */*', 'Content-Type': 'application/json' }, baseURL: 'http://localhost:5000/api', method: 'post', url: '/students', data: '{"fullName":"Test Student","dateOfBirth":"2010-06-15","gender":"Male","contactPhone":"","email":"test@example.com","height":160,"weight":55,"skillLevel":"Beginner","strengths":["Speed"],"weaknesses":["Power"]}', allowAbsoluteUrls: true }, code: 'ERR_BAD_REQUEST', status: 401 }
This error originated in "src/hooks/useStudents.test.ts" test file. It doesn't mean the error was thrown inside the file itself, but while it was running.

⎯⎯⎯⎯ Unhandled Rejection ⎯⎯⎯⎯⎯
AxiosError: Request failed with status code 401
 ❯ settle node_modules/axios/lib/core/settle.js:19:12
 ❯ XMLHttpRequest.onloadend node_modules/axios/lib/adapters/xhr.js:63:9
 ❯ XMLHttpRequest.invokeTheCallbackFunction node_modules/jsdom/lib/generated/idl/EventHandlerNonNull.js:14:28
 ❯ XMLHttpRequest.<anonymous> node_modules/jsdom/lib/jsdom/living/helpers/create-event-accessor.js:57:32
 ❯ innerInvokeEventListeners node_modules/jsdom/lib/jsdom/living/events/EventTarget-impl.js:360:16
 ❯ invokeEventListeners node_modules/jsdom/lib/jsdom/living/events/EventTarget-impl.js:296:3
 ❯ XMLHttpRequestImpl._dispatch node_modules/jsdom/lib/jsdom/living/events/EventTarget-impl.js:243:9
 ❯ fireAnEvent node_modules/jsdom/lib/jsdom/living/helpers/events.js:18:36
 ❯ node_modules/jsdom/lib/jsdom/living/xhr/XMLHttpRequest-impl.js:860:11
 ❯ processTicksAndRejections node:internal/process/task_queues:103:5
 ❯ Axios.request node_modules/axios/lib/core/Axios.js:46:41
 ❯ processTicksAndRejections node:internal/process/task_queues:103:5
 ❯ Object.createStudent src/hooks/useStudents.ts:146:26
    144|         };
    145|
    146|         const response = await apiClient.post<Student>('/students', pa…
       |                          ^
    147|         const newStudent = parseStudentDates(response.data as unknown …
    148|

⎯⎯⎯⎯⎯⎯⎯⎯⎯⎯⎯⎯⎯⎯⎯⎯⎯⎯⎯⎯⎯⎯⎯⎯⎯⎯⎯⎯⎯⎯
Serialized Error: { description: undefined, number: undefined, config: { transitional: { silentJSONParsing: true, forcedJSONParsing: true, clarifyTimeoutError: false, legacyInterceptorReqResOrdering: true, advertiseZstdAcceptEncoding: false, validateStatusUndefinedResolves: true }, adapter: [ 'xhr', 'http', 'fetch' ], transformRequest: [ 'Function<transformRequest>' ], transformResponse: [ 'Function<transformResponse>' ], timeout: 30000, xsrfCookieName: 'XSRF-TOKEN', xsrfHeaderName: 'X-XSRF-TOKEN', maxContentLength: -1, maxBodyLength: -1, env: { FormData: 'Function<FormData>', Blob: 'Function<Blob>' }, validateStatus: 'Function<validateStatus>', headers: { Accept: 'application/json, text/plain, */*', 'Content-Type': 'application/json' }, baseURL: 'http://localhost:5000/api', method: 'post', url: '/students', data: '{"fullName":"Test Student","dateOfBirth":"2010-06-15","gender":"Male","contactPhone":"9876500000","email":"test@example.com","height":160,"weight":55,"skillLevel":"Beginner","strengths":["Speed"],"weaknesses":["Power"]}', allowAbsoluteUrls: true }, code: 'ERR_BAD_REQUEST', status: 401 }
This error originated in "src/hooks/useStudents.test.ts" test file. It doesn't mean the error was thrown inside the file itself, but while it was running.

⎯⎯⎯⎯ Unhandled Rejection ⎯⎯⎯⎯⎯
AxiosError: Request failed with status code 401
 ❯ settle node_modules/axios/lib/core/settle.js:19:12
 ❯ XMLHttpRequest.onloadend node_modules/axios/lib/adapters/xhr.js:63:9
 ❯ XMLHttpRequest.invokeTheCallbackFunction node_modules/jsdom/lib/generated/idl/EventHandlerNonNull.js:14:28
 ❯ XMLHttpRequest.<anonymous> node_modules/jsdom/lib/jsdom/living/helpers/create-event-accessor.js:57:32
 ❯ innerInvokeEventListeners node_modules/jsdom/lib/jsdom/living/events/EventTarget-impl.js:360:16
 ❯ invokeEventListeners node_modules/jsdom/lib/jsdom/living/events/EventTarget-impl.js:296:3
 ❯ XMLHttpRequestImpl._dispatch node_modules/jsdom/lib/jsdom/living/events/EventTarget-impl.js:243:9
 ❯ fireAnEvent node_modules/jsdom/lib/jsdom/living/helpers/events.js:18:36
 ❯ node_modules/jsdom/lib/jsdom/living/xhr/XMLHttpRequest-impl.js:860:11
 ❯ processTicksAndRejections node:internal/process/task_queues:103:5
 ❯ Axios.request node_modules/axios/lib/core/Axios.js:46:41
 ❯ processTicksAndRejections node:internal/process/task_queues:103:5
 ❯ Object.updateStudent src/hooks/useStudents.ts:177:26
    175|         };
    176|
    177|         const response = await apiClient.patch<Student>(`/students/${i…
       |                          ^
    178|         const updatedStudent = parseStudentDates(response.data as unkn…
    179|

⎯⎯⎯⎯⎯⎯⎯⎯⎯⎯⎯⎯⎯⎯⎯⎯⎯⎯⎯⎯⎯⎯⎯⎯⎯⎯⎯⎯⎯⎯
Serialized Error: { description: undefined, number: undefined, config: { transitional: { silentJSONParsing: true, forcedJSONParsing: true, clarifyTimeoutError: false, legacyInterceptorReqResOrdering: true, advertiseZstdAcceptEncoding: false, validateStatusUndefinedResolves: true }, adapter: [ 'xhr', 'http', 'fetch' ], transformRequest: [ 'Function<transformRequest>' ], transformResponse: [ 'Function<transformResponse>' ], timeout: 30000, xsrfCookieName: 'XSRF-TOKEN', xsrfHeaderName: 'X-XSRF-TOKEN', maxContentLength: -1, maxBodyLength: -1, env: { FormData: 'Function<FormData>', Blob: 'Function<Blob>' }, validateStatus: 'Function<validateStatus>', headers: { Accept: 'application/json, text/plain, */*', 'Content-Type': 'application/json' }, baseURL: 'http://localhost:5000/api', method: 'patch', url: '/students/student-001', data: '{"fullName":"Arjun Updated"}', allowAbsoluteUrls: true }, code: 'ERR_BAD_REQUEST', status: 401 }
This error originated in "src/hooks/useStudents.test.ts" test file. It doesn't mean the error was thrown inside the file itself, but while it was running.

⎯⎯⎯⎯ Unhandled Rejection ⎯⎯⎯⎯⎯
AxiosError: Request failed with status code 401
 ❯ settle node_modules/axios/lib/core/settle.js:19:12
 ❯ XMLHttpRequest.onloadend node_modules/axios/lib/adapters/xhr.js:63:9
 ❯ XMLHttpRequest.invokeTheCallbackFunction node_modules/jsdom/lib/generated/idl/EventHandlerNonNull.js:14:28
 ❯ XMLHttpRequest.<anonymous> node_modules/jsdom/lib/jsdom/living/helpers/create-event-accessor.js:57:32
 ❯ innerInvokeEventListeners node_modules/jsdom/lib/jsdom/living/events/EventTarget-impl.js:360:16
 ❯ invokeEventListeners node_modules/jsdom/lib/jsdom/living/events/EventTarget-impl.js:296:3
 ❯ XMLHttpRequestImpl._dispatch node_modules/jsdom/lib/jsdom/living/events/EventTarget-impl.js:243:9
 ❯ fireAnEvent node_modules/jsdom/lib/jsdom/living/helpers/events.js:18:36
 ❯ node_modules/jsdom/lib/jsdom/living/xhr/XMLHttpRequest-impl.js:860:11
 ❯ processTicksAndRejections node:internal/process/task_queues:103:5
 ❯ Axios.request node_modules/axios/lib/core/Axios.js:46:41
 ❯ processTicksAndRejections node:internal/process/task_queues:103:5
 ❯ Object.updateStudent src/hooks/useStudents.ts:177:26
    175|         };
    176|
    177|         const response = await apiClient.patch<Student>(`/students/${i…
       |                          ^
    178|         const updatedStudent = parseStudentDates(response.data as unkn…
    179|

⎯⎯⎯⎯⎯⎯⎯⎯⎯⎯⎯⎯⎯⎯⎯⎯⎯⎯⎯⎯⎯⎯⎯⎯⎯⎯⎯⎯⎯⎯
Serialized Error: { description: undefined, number: undefined, config: { transitional: { silentJSONParsing: true, forcedJSONParsing: true, clarifyTimeoutError: false, legacyInterceptorReqResOrdering: true, advertiseZstdAcceptEncoding: false, validateStatusUndefinedResolves: true }, adapter: [ 'xhr', 'http', 'fetch' ], transformRequest: [ 'Function<transformRequest>' ], transformResponse: [ 'Function<transformResponse>' ], timeout: 30000, xsrfCookieName: 'XSRF-TOKEN', xsrfHeaderName: 'X-XSRF-TOKEN', maxContentLength: -1, maxBodyLength: -1, env: { FormData: 'Function<FormData>', Blob: 'Function<Blob>' }, validateStatus: 'Function<validateStatus>', headers: { Accept: 'application/json, text/plain, */*', 'Content-Type': 'application/json' }, baseURL: 'http://localhost:5000/api', method: 'patch', url: '/students/student-002', data: '{"fullName":"Neha Updated"}', allowAbsoluteUrls: true }, code: 'ERR_BAD_REQUEST', status: 401 }
This error originated in "src/hooks/useStudents.test.ts" test file. It doesn't mean the error was thrown inside the file itself, but while it was running.

⎯⎯⎯⎯ Unhandled Rejection ⎯⎯⎯⎯⎯
AxiosError: Request failed with status code 401
 ❯ settle node_modules/axios/lib/core/settle.js:19:12
 ❯ XMLHttpRequest.onloadend node_modules/axios/lib/adapters/xhr.js:63:9
 ❯ XMLHttpRequest.invokeTheCallbackFunction node_modules/jsdom/lib/generated/idl/EventHandlerNonNull.js:14:28
 ❯ XMLHttpRequest.<anonymous> node_modules/jsdom/lib/jsdom/living/helpers/create-event-accessor.js:57:32
 ❯ innerInvokeEventListeners node_modules/jsdom/lib/jsdom/living/events/EventTarget-impl.js:360:16
 ❯ invokeEventListeners node_modules/jsdom/lib/jsdom/living/events/EventTarget-impl.js:296:3
 ❯ XMLHttpRequestImpl._dispatch node_modules/jsdom/lib/jsdom/living/events/EventTarget-impl.js:243:9
 ❯ fireAnEvent node_modules/jsdom/lib/jsdom/living/helpers/events.js:18:36
 ❯ node_modules/jsdom/lib/jsdom/living/xhr/XMLHttpRequest-impl.js:860:11
 ❯ processTicksAndRejections node:internal/process/task_queues:103:5
 ❯ Axios.request node_modules/axios/lib/core/Axios.js:46:41
 ❯ processTicksAndRejections node:internal/process/task_queues:103:5
 ❯ Object.updateStudent src/hooks/useStudents.ts:177:26
    175|         };
    176|
    177|         const response = await apiClient.patch<Student>(`/students/${i…
       |                          ^
    178|         const updatedStudent = parseStudentDates(response.data as unkn…
    179|

⎯⎯⎯⎯⎯⎯⎯⎯⎯⎯⎯⎯⎯⎯⎯⎯⎯⎯⎯⎯⎯⎯⎯⎯⎯⎯⎯⎯⎯⎯
Serialized Error: { description: undefined, number: undefined, config: { transitional: { silentJSONParsing: true, forcedJSONParsing: true, clarifyTimeoutError: false, legacyInterceptorReqResOrdering: true, advertiseZstdAcceptEncoding: false, validateStatusUndefinedResolves: true }, adapter: [ 'xhr', 'http', 'fetch' ], transformRequest: [ 'Function<transformRequest>' ], transformResponse: [ 'Function<transformResponse>' ], timeout: 30000, xsrfCookieName: 'XSRF-TOKEN', xsrfHeaderName: 'X-XSRF-TOKEN', maxContentLength: -1, maxBodyLength: -1, env: { FormData: 'Function<FormData>', Blob: 'Function<Blob>' }, validateStatus: 'Function<validateStatus>', headers: { Accept: 'application/json, text/plain, */*', 'Content-Type': 'application/json' }, baseURL: 'http://localhost:5000/api', method: 'patch', url: '/students/student-001', data: '{"dateOfBirth":"2015-01-01"}', allowAbsoluteUrls: true }, code: 'ERR_BAD_REQUEST', status: 401 }
This error originated in "src/hooks/useStudents.test.ts" test file. It doesn't mean the error was thrown inside the file itself, but while it was running.

⎯⎯⎯⎯ Unhandled Rejection ⎯⎯⎯⎯⎯
AxiosError: Request failed with status code 401
 ❯ settle node_modules/axios/lib/core/settle.js:19:12
 ❯ XMLHttpRequest.onloadend node_modules/axios/lib/adapters/xhr.js:63:9
 ❯ XMLHttpRequest.invokeTheCallbackFunction node_modules/jsdom/lib/generated/idl/EventHandlerNonNull.js:14:28
 ❯ XMLHttpRequest.<anonymous> node_modules/jsdom/lib/jsdom/living/helpers/create-event-accessor.js:57:32
 ❯ innerInvokeEventListeners node_modules/jsdom/lib/jsdom/living/events/EventTarget-impl.js:360:16
 ❯ invokeEventListeners node_modules/jsdom/lib/jsdom/living/events/EventTarget-impl.js:296:3
 ❯ XMLHttpRequestImpl._dispatch node_modules/jsdom/lib/jsdom/living/events/EventTarget-impl.js:243:9
 ❯ fireAnEvent node_modules/jsdom/lib/jsdom/living/helpers/events.js:18:36
 ❯ node_modules/jsdom/lib/jsdom/living/xhr/XMLHttpRequest-impl.js:860:11
 ❯ processTicksAndRejections node:internal/process/task_queues:103:5
 ❯ Axios.request node_modules/axios/lib/core/Axios.js:46:41
 ❯ processTicksAndRejections node:internal/process/task_queues:103:5
 ❯ Object.updateStudent src/hooks/useStudents.ts:177:26
    175|         };
    176|
    177|         const response = await apiClient.patch<Student>(`/students/${i…
       |                          ^
    178|         const updatedStudent = parseStudentDates(response.data as unkn…
    179|

⎯⎯⎯⎯⎯⎯⎯⎯⎯⎯⎯⎯⎯⎯⎯⎯⎯⎯⎯⎯⎯⎯⎯⎯⎯⎯⎯⎯⎯⎯
Serialized Error: { description: undefined, number: undefined, config: { transitional: { silentJSONParsing: true, forcedJSONParsing: true, clarifyTimeoutError: false, legacyInterceptorReqResOrdering: true, advertiseZstdAcceptEncoding: false, validateStatusUndefinedResolves: true }, adapter: [ 'xhr', 'http', 'fetch' ], transformRequest: [ 'Function<transformRequest>' ], transformResponse: [ 'Function<transformResponse>' ], timeout: 30000, xsrfCookieName: 'XSRF-TOKEN', xsrfHeaderName: 'X-XSRF-TOKEN', maxContentLength: -1, maxBodyLength: -1, env: { FormData: 'Function<FormData>', Blob: 'Function<Blob>' }, validateStatus: 'Function<validateStatus>', headers: { Accept: 'application/json, text/plain, */*', 'Content-Type': 'application/json' }, baseURL: 'http://localhost:5000/api', method: 'patch', url: '/students/student-001', data: '{"height":170}', allowAbsoluteUrls: true }, code: 'ERR_BAD_REQUEST', status: 401 }
This error originated in "src/hooks/useStudents.test.ts" test file. It doesn't mean the error was thrown inside the file itself, but while it was running.

⎯⎯⎯⎯ Unhandled Rejection ⎯⎯⎯⎯⎯
AxiosError: Request failed with status code 401
 ❯ settle node_modules/axios/lib/core/settle.js:19:12
 ❯ XMLHttpRequest.onloadend node_modules/axios/lib/adapters/xhr.js:63:9
 ❯ XMLHttpRequest.invokeTheCallbackFunction node_modules/jsdom/lib/generated/idl/EventHandlerNonNull.js:14:28
 ❯ XMLHttpRequest.<anonymous> node_modules/jsdom/lib/jsdom/living/helpers/create-event-accessor.js:57:32
 ❯ innerInvokeEventListeners node_modules/jsdom/lib/jsdom/living/events/EventTarget-impl.js:360:16
 ❯ invokeEventListeners node_modules/jsdom/lib/jsdom/living/events/EventTarget-impl.js:296:3
 ❯ XMLHttpRequestImpl._dispatch node_modules/jsdom/lib/jsdom/living/events/EventTarget-impl.js:243:9
 ❯ fireAnEvent node_modules/jsdom/lib/jsdom/living/helpers/events.js:18:36
 ❯ node_modules/jsdom/lib/jsdom/living/xhr/XMLHttpRequest-impl.js:860:11
 ❯ processTicksAndRejections node:internal/process/task_queues:103:5
 ❯ Axios.request node_modules/axios/lib/core/Axios.js:46:41
 ❯ processTicksAndRejections node:internal/process/task_queues:103:5
 ❯ Object.updateStudent src/hooks/useStudents.ts:177:26
    175|         };
    176|
    177|         const response = await apiClient.patch<Student>(`/students/${i…
       |                          ^
    178|         const updatedStudent = parseStudentDates(response.data as unkn…
    179|

⎯⎯⎯⎯⎯⎯⎯⎯⎯⎯⎯⎯⎯⎯⎯⎯⎯⎯⎯⎯⎯⎯⎯⎯⎯⎯⎯⎯⎯⎯
Serialized Error: { description: undefined, number: undefined, config: { transitional: { silentJSONParsing: true, forcedJSONParsing: true, clarifyTimeoutError: false, legacyInterceptorReqResOrdering: true, advertiseZstdAcceptEncoding: false, validateStatusUndefinedResolves: true }, adapter: [ 'xhr', 'http', 'fetch' ], transformRequest: [ 'Function<transformRequest>' ], transformResponse: [ 'Function<transformResponse>' ], timeout: 30000, xsrfCookieName: 'XSRF-TOKEN', xsrfHeaderName: 'X-XSRF-TOKEN', maxContentLength: -1, maxBodyLength: -1, env: { FormData: 'Function<FormData>', Blob: 'Function<Blob>' }, validateStatus: 'Function<validateStatus>', headers: { Accept: 'application/json, text/plain, */*', 'Content-Type': 'application/json' }, baseURL: 'http://localhost:5000/api', method: 'patch', url: '/students/student-001', data: '{"weight":60}', allowAbsoluteUrls: true }, code: 'ERR_BAD_REQUEST', status: 401 }
This error originated in "src/hooks/useStudents.test.ts" test file. It doesn't mean the error was thrown inside the file itself, but while it was running.

⎯⎯⎯⎯ Unhandled Rejection ⎯⎯⎯⎯⎯
AxiosError: Request failed with status code 401
 ❯ settle node_modules/axios/lib/core/settle.js:19:12
 ❯ XMLHttpRequest.onloadend node_modules/axios/lib/adapters/xhr.js:63:9
 ❯ XMLHttpRequest.invokeTheCallbackFunction node_modules/jsdom/lib/generated/idl/EventHandlerNonNull.js:14:28
 ❯ XMLHttpRequest.<anonymous> node_modules/jsdom/lib/jsdom/living/helpers/create-event-accessor.js:57:32
 ❯ innerInvokeEventListeners node_modules/jsdom/lib/jsdom/living/events/EventTarget-impl.js:360:16
 ❯ invokeEventListeners node_modules/jsdom/lib/jsdom/living/events/EventTarget-impl.js:296:3
 ❯ XMLHttpRequestImpl._dispatch node_modules/jsdom/lib/jsdom/living/events/EventTarget-impl.js:243:9
 ❯ fireAnEvent node_modules/jsdom/lib/jsdom/living/helpers/events.js:18:36
 ❯ node_modules/jsdom/lib/jsdom/living/xhr/XMLHttpRequest-impl.js:860:11
 ❯ processTicksAndRejections node:internal/process/task_queues:103:5
 ❯ Axios.request node_modules/axios/lib/core/Axios.js:46:41
 ❯ processTicksAndRejections node:internal/process/task_queues:103:5
 ❯ Object.updateStudent src/hooks/useStudents.ts:177:26
    175|         };
    176|
    177|         const response = await apiClient.patch<Student>(`/students/${i…
       |                          ^
    178|         const updatedStudent = parseStudentDates(response.data as unkn…
    179|

⎯⎯⎯⎯⎯⎯⎯⎯⎯⎯⎯⎯⎯⎯⎯⎯⎯⎯⎯⎯⎯⎯⎯⎯⎯⎯⎯⎯⎯⎯
Serialized Error: { description: undefined, number: undefined, config: { transitional: { silentJSONParsing: true, forcedJSONParsing: true, clarifyTimeoutError: false, legacyInterceptorReqResOrdering: true, advertiseZstdAcceptEncoding: false, validateStatusUndefinedResolves: true }, adapter: [ 'xhr', 'http', 'fetch' ], transformRequest: [ 'Function<transformRequest>' ], transformResponse: [ 'Function<transformResponse>' ], timeout: 30000, xsrfCookieName: 'XSRF-TOKEN', xsrfHeaderName: 'X-XSRF-TOKEN', maxContentLength: -1, maxBodyLength: -1, env: { FormData: 'Function<FormData>', Blob: 'Function<Blob>' }, validateStatus: 'Function<validateStatus>', headers: { Accept: 'application/json, text/plain, */*', 'Content-Type': 'application/json' }, baseURL: 'http://localhost:5000/api', method: 'patch', url: '/students/student-001', data: '{"fullName":"Updated Name"}', allowAbsoluteUrls: true }, code: 'ERR_BAD_REQUEST', status: 401 }
This error originated in "src/hooks/useStudents.test.ts" test file. It doesn't mean the error was thrown inside the file itself, but while it was running.

⎯⎯⎯⎯ Unhandled Rejection ⎯⎯⎯⎯⎯
AxiosError: Request failed with status code 401
 ❯ settle node_modules/axios/lib/core/settle.js:19:12
 ❯ XMLHttpRequest.onloadend node_modules/axios/lib/adapters/xhr.js:63:9
 ❯ XMLHttpRequest.invokeTheCallbackFunction node_modules/jsdom/lib/generated/idl/EventHandlerNonNull.js:14:28
 ❯ XMLHttpRequest.<anonymous> node_modules/jsdom/lib/jsdom/living/helpers/create-event-accessor.js:57:32
 ❯ innerInvokeEventListeners node_modules/jsdom/lib/jsdom/living/events/EventTarget-impl.js:360:16
 ❯ invokeEventListeners node_modules/jsdom/lib/jsdom/living/events/EventTarget-impl.js:296:3
 ❯ XMLHttpRequestImpl._dispatch node_modules/jsdom/lib/jsdom/living/events/EventTarget-impl.js:243:9
 ❯ fireAnEvent node_modules/jsdom/lib/jsdom/living/helpers/events.js:18:36
 ❯ node_modules/jsdom/lib/jsdom/living/xhr/XMLHttpRequest-impl.js:860:11
 ❯ processTicksAndRejections node:internal/process/task_queues:103:5
 ❯ Axios.request node_modules/axios/lib/core/Axios.js:46:41
 ❯ processTicksAndRejections node:internal/process/task_queues:103:5
 ❯ Object.updateStudent src/hooks/useStudents.ts:177:26
    175|         };
    176|
    177|         const response = await apiClient.patch<Student>(`/students/${i…
       |                          ^
    178|         const updatedStudent = parseStudentDates(response.data as unkn…
    179|

⎯⎯⎯⎯⎯⎯⎯⎯⎯⎯⎯⎯⎯⎯⎯⎯⎯⎯⎯⎯⎯⎯⎯⎯⎯⎯⎯⎯⎯⎯
Serialized Error: { description: undefined, number: undefined, config: { transitional: { silentJSONParsing: true, forcedJSONParsing: true, clarifyTimeoutError: false, legacyInterceptorReqResOrdering: true, advertiseZstdAcceptEncoding: false, validateStatusUndefinedResolves: true }, adapter: [ 'xhr', 'http', 'fetch' ], transformRequest: [ 'Function<transformRequest>' ], transformResponse: [ 'Function<transformResponse>' ], timeout: 30000, xsrfCookieName: 'XSRF-TOKEN', xsrfHeaderName: 'X-XSRF-TOKEN', maxContentLength: -1, maxBodyLength: -1, env: { FormData: 'Function<FormData>', Blob: 'Function<Blob>' }, validateStatus: 'Function<validateStatus>', headers: { Accept: 'application/json, text/plain, */*', 'Content-Type': 'application/json' }, baseURL: 'http://localhost:5000/api', method: 'patch', url: '/students/student-001', data: '{"fullName":"Persisted Name"}', allowAbsoluteUrls: true }, code: 'ERR_BAD_REQUEST', status: 401 }
This error originated in "src/hooks/useStudents.test.ts" test file. It doesn't mean the error was thrown inside the file itself, but while it was running.

⎯⎯⎯⎯ Unhandled Rejection ⎯⎯⎯⎯⎯
AxiosError: Request failed with status code 401
 ❯ settle node_modules/axios/lib/core/settle.js:19:12
 ❯ XMLHttpRequest.onloadend node_modules/axios/lib/adapters/xhr.js:63:9
 ❯ XMLHttpRequest.invokeTheCallbackFunction node_modules/jsdom/lib/generated/idl/EventHandlerNonNull.js:14:28
 ❯ XMLHttpRequest.<anonymous> node_modules/jsdom/lib/jsdom/living/helpers/create-event-accessor.js:57:32
 ❯ innerInvokeEventListeners node_modules/jsdom/lib/jsdom/living/events/EventTarget-impl.js:360:16
 ❯ invokeEventListeners node_modules/jsdom/lib/jsdom/living/events/EventTarget-impl.js:296:3
 ❯ XMLHttpRequestImpl._dispatch node_modules/jsdom/lib/jsdom/living/events/EventTarget-impl.js:243:9
 ❯ fireAnEvent node_modules/jsdom/lib/jsdom/living/helpers/events.js:18:36
 ❯ node_modules/jsdom/lib/jsdom/living/xhr/XMLHttpRequest-impl.js:860:11
 ❯ processTicksAndRejections node:internal/process/task_queues:103:5
 ❯ Axios.request node_modules/axios/lib/core/Axios.js:46:41
 ❯ processTicksAndRejections node:internal/process/task_queues:103:5
 ❯ Object.updateStudent src/hooks/useStudents.ts:177:26
    175|         };
    176|
    177|         const response = await apiClient.patch<Student>(`/students/${i…
       |                          ^
    178|         const updatedStudent = parseStudentDates(response.data as unkn…
    179|

⎯⎯⎯⎯⎯⎯⎯⎯⎯⎯⎯⎯⎯⎯⎯⎯⎯⎯⎯⎯⎯⎯⎯⎯⎯⎯⎯⎯⎯⎯
Serialized Error: { description: undefined, number: undefined, config: { transitional: { silentJSONParsing: true, forcedJSONParsing: true, clarifyTimeoutError: false, legacyInterceptorReqResOrdering: true, advertiseZstdAcceptEncoding: false, validateStatusUndefinedResolves: true }, adapter: [ 'xhr', 'http', 'fetch' ], transformRequest: [ 'Function<transformRequest>' ], transformResponse: [ 'Function<transformResponse>' ], timeout: 30000, xsrfCookieName: 'XSRF-TOKEN', xsrfHeaderName: 'X-XSRF-TOKEN', maxContentLength: -1, maxBodyLength: -1, env: { FormData: 'Function<FormData>', Blob: 'Function<Blob>' }, validateStatus: 'Function<validateStatus>', headers: { Accept: 'application/json, text/plain, */*', 'Content-Type': 'application/json' }, baseURL: 'http://localhost:5000/api', method: 'patch', url: '/students/non-existent', data: '{"fullName":"Test"}', allowAbsoluteUrls: true }, code: 'ERR_BAD_REQUEST', status: 401 }
This error originated in "src/hooks/useStudents.test.ts" test file. It doesn't mean the error was thrown inside the file itself, but while it was running.

⎯⎯⎯⎯ Unhandled Rejection ⎯⎯⎯⎯⎯
AxiosError: Request failed with status code 401
 ❯ settle node_modules/axios/lib/core/settle.js:19:12
 ❯ XMLHttpRequest.onloadend node_modules/axios/lib/adapters/xhr.js:63:9
 ❯ XMLHttpRequest.invokeTheCallbackFunction node_modules/jsdom/lib/generated/idl/EventHandlerNonNull.js:14:28
 ❯ XMLHttpRequest.<anonymous> node_modules/jsdom/lib/jsdom/living/helpers/create-event-accessor.js:57:32
 ❯ innerInvokeEventListeners node_modules/jsdom/lib/jsdom/living/events/EventTarget-impl.js:360:16
 ❯ invokeEventListeners node_modules/jsdom/lib/jsdom/living/events/EventTarget-impl.js:296:3
 ❯ XMLHttpRequestImpl._dispatch node_modules/jsdom/lib/jsdom/living/events/EventTarget-impl.js:243:9
 ❯ fireAnEvent node_modules/jsdom/lib/jsdom/living/helpers/events.js:18:36
 ❯ node_modules/jsdom/lib/jsdom/living/xhr/XMLHttpRequest-impl.js:860:11
 ❯ processTicksAndRejections node:internal/process/task_queues:103:5
 ❯ Axios.request node_modules/axios/lib/core/Axios.js:46:41
 ❯ processTicksAndRejections node:internal/process/task_queues:103:5
 ❯ Object.updateStudent src/hooks/useStudents.ts:177:26
    175|         };
    176|
    177|         const response = await apiClient.patch<Student>(`/students/${i…
       |                          ^
    178|         const updatedStudent = parseStudentDates(response.data as unkn…
    179|

⎯⎯⎯⎯⎯⎯⎯⎯⎯⎯⎯⎯⎯⎯⎯⎯⎯⎯⎯⎯⎯⎯⎯⎯⎯⎯⎯⎯⎯⎯
Serialized Error: { description: undefined, number: undefined, config: { transitional: { silentJSONParsing: true, forcedJSONParsing: true, clarifyTimeoutError: false, legacyInterceptorReqResOrdering: true, advertiseZstdAcceptEncoding: false, validateStatusUndefinedResolves: true }, adapter: [ 'xhr', 'http', 'fetch' ], transformRequest: [ 'Function<transformRequest>' ], transformResponse: [ 'Function<transformResponse>' ], timeout: 30000, xsrfCookieName: 'XSRF-TOKEN', xsrfHeaderName: 'X-XSRF-TOKEN', maxContentLength: -1, maxBodyLength: -1, env: { FormData: 'Function<FormData>', Blob: 'Function<Blob>' }, validateStatus: 'Function<validateStatus>', headers: { Accept: 'application/json, text/plain, */*', 'Content-Type': 'application/json' }, baseURL: 'http://localhost:5000/api', method: 'patch', url: '/students/student-001', data: '{"fullName":""}', allowAbsoluteUrls: true }, code: 'ERR_BAD_REQUEST', status: 401 }
This error originated in "src/hooks/useStudents.test.ts" test file. It doesn't mean the error was thrown inside the file itself, but while it was running.

⎯⎯⎯⎯ Unhandled Rejection ⎯⎯⎯⎯⎯
AxiosError: Request failed with status code 401
 ❯ settle node_modules/axios/lib/core/settle.js:19:12
 ❯ XMLHttpRequest.onloadend node_modules/axios/lib/adapters/xhr.js:63:9
 ❯ XMLHttpRequest.invokeTheCallbackFunction node_modules/jsdom/lib/generated/idl/EventHandlerNonNull.js:14:28
 ❯ XMLHttpRequest.<anonymous> node_modules/jsdom/lib/jsdom/living/helpers/create-event-accessor.js:57:32
 ❯ innerInvokeEventListeners node_modules/jsdom/lib/jsdom/living/events/EventTarget-impl.js:360:16
 ❯ invokeEventListeners node_modules/jsdom/lib/jsdom/living/events/EventTarget-impl.js:296:3
 ❯ XMLHttpRequestImpl._dispatch node_modules/jsdom/lib/jsdom/living/events/EventTarget-impl.js:243:9
 ❯ fireAnEvent node_modules/jsdom/lib/jsdom/living/helpers/events.js:18:36
 ❯ node_modules/jsdom/lib/jsdom/living/xhr/XMLHttpRequest-impl.js:860:11
 ❯ processTicksAndRejections node:internal/process/task_queues:103:5
 ❯ Axios.request node_modules/axios/lib/core/Axios.js:46:41
 ❯ processTicksAndRejections node:internal/process/task_queues:103:5
 ❯ Object.updateStudent src/hooks/useStudents.ts:177:26
    175|         };
    176|
    177|         const response = await apiClient.patch<Student>(`/students/${i…
       |                          ^
    178|         const updatedStudent = parseStudentDates(response.data as unkn…
    179|

⎯⎯⎯⎯⎯⎯⎯⎯⎯⎯⎯⎯⎯⎯⎯⎯⎯⎯⎯⎯⎯⎯⎯⎯⎯⎯⎯⎯⎯⎯
Serialized Error: { description: undefined, number: undefined, config: { transitional: { silentJSONParsing: true, forcedJSONParsing: true, clarifyTimeoutError: false, legacyInterceptorReqResOrdering: true, advertiseZstdAcceptEncoding: false, validateStatusUndefinedResolves: true }, adapter: [ 'xhr', 'http', 'fetch' ], transformRequest: [ 'Function<transformRequest>' ], transformResponse: [ 'Function<transformResponse>' ], timeout: 30000, xsrfCookieName: 'XSRF-TOKEN', xsrfHeaderName: 'X-XSRF-TOKEN', maxContentLength: -1, maxBodyLength: -1, env: { FormData: 'Function<FormData>', Blob: 'Function<Blob>' }, validateStatus: 'Function<validateStatus>', headers: { Accept: 'application/json, text/plain, */*', 'Content-Type': 'application/json' }, baseURL: 'http://localhost:5000/api', method: 'patch', url: '/students/student-001', data: '{"contactPhone":""}', allowAbsoluteUrls: true }, code: 'ERR_BAD_REQUEST', status: 401 }
This error originated in "src/hooks/useStudents.test.ts" test file. It doesn't mean the error was thrown inside the file itself, but while it was running.

⎯⎯⎯⎯ Unhandled Rejection ⎯⎯⎯⎯⎯
AxiosError: Request failed with status code 401
 ❯ settle node_modules/axios/lib/core/settle.js:19:12
 ❯ XMLHttpRequest.onloadend node_modules/axios/lib/adapters/xhr.js:63:9
 ❯ XMLHttpRequest.invokeTheCallbackFunction node_modules/jsdom/lib/generated/idl/EventHandlerNonNull.js:14:28
 ❯ XMLHttpRequest.<anonymous> node_modules/jsdom/lib/jsdom/living/helpers/create-event-accessor.js:57:32
 ❯ innerInvokeEventListeners node_modules/jsdom/lib/jsdom/living/events/EventTarget-impl.js:360:16
 ❯ invokeEventListeners node_modules/jsdom/lib/jsdom/living/events/EventTarget-impl.js:296:3
 ❯ XMLHttpRequestImpl._dispatch node_modules/jsdom/lib/jsdom/living/events/EventTarget-impl.js:243:9
 ❯ fireAnEvent node_modules/jsdom/lib/jsdom/living/helpers/events.js:18:36
 ❯ node_modules/jsdom/lib/jsdom/living/xhr/XMLHttpRequest-impl.js:860:11
 ❯ processTicksAndRejections node:internal/process/task_queues:103:5
 ❯ Axios.request node_modules/axios/lib/core/Axios.js:46:41
 ❯ processTicksAndRejections node:internal/process/task_queues:103:5
 ❯ Object.updateStudent src/hooks/useStudents.ts:177:26
    175|         };
    176|
    177|         const response = await apiClient.patch<Student>(`/students/${i…
       |                          ^
    178|         const updatedStudent = parseStudentDates(response.data as unkn…
    179|

⎯⎯⎯⎯⎯⎯⎯⎯⎯⎯⎯⎯⎯⎯⎯⎯⎯⎯⎯⎯⎯⎯⎯⎯⎯⎯⎯⎯⎯⎯
Serialized Error: { description: undefined, number: undefined, config: { transitional: { silentJSONParsing: true, forcedJSONParsing: true, clarifyTimeoutError: false, legacyInterceptorReqResOrdering: true, advertiseZstdAcceptEncoding: false, validateStatusUndefinedResolves: true }, adapter: [ 'xhr', 'http', 'fetch' ], transformRequest: [ 'Function<transformRequest>' ], transformResponse: [ 'Function<transformResponse>' ], timeout: 30000, xsrfCookieName: 'XSRF-TOKEN', xsrfHeaderName: 'X-XSRF-TOKEN', maxContentLength: -1, maxBodyLength: -1, env: { FormData: 'Function<FormData>', Blob: 'Function<Blob>' }, validateStatus: 'Function<validateStatus>', headers: { Accept: 'application/json, text/plain, */*', 'Content-Type': 'application/json' }, baseURL: 'http://localhost:5000/api', method: 'patch', url: '/students/student-001', data: '{"fullName":"Persisted Update"}', allowAbsoluteUrls: true }, code: 'ERR_BAD_REQUEST', status: 401 }
This error originated in "src/hooks/useStudents.test.ts" test file. It doesn't mean the error was thrown inside the file itself, but while it was running.
⎯⎯⎯⎯⎯⎯⎯⎯⎯⎯⎯⎯⎯⎯⎯⎯⎯⎯⎯⎯⎯⎯⎯⎯⎯⎯⎯⎯⎯⎯


 Test Files  21 failed | 59 passed (80)
      Tests  107 failed | 1333 passed | 1 skipped (1441)
     Errors  26 errors
   Start at  09:36:43
   Duration  13.01s (transform 3.42s, setup 12.79s, import 8.51s, tests 38.10s, environment 67.11s)

